-- Found ament_cmake: 1.3.14 (/opt/ros/humble/share/ament_cmake/cmake)
-- Found rclcpp: 16.0.21 (/opt/ros/humble/share/rclcpp/cmake)
-- Found rosidl_generator_c: 3.1.9 (/opt/ros/humble/share/rosidl_generator_c/cmake)
-- Found rosidl_adapter: 3.1.9 (/opt/ros/humble/share/rosidl_adapter/cmake)
-- Found rosidl_generator_cpp: 3.1.9 (/opt/ros/humble/share/rosidl_generator_cpp/cmake)
-- Using all available rosidl_typesupport_c: rosidl_typesupport_fastrtps_c;rosidl_typesupport_introspection_c
-- Using all available rosidl_typesupport_cpp: rosidl_typesupport_fastrtps_cpp;rosidl_typesupport_introspection_cpp
-- Found rmw_implementation_cmake: 6.1.4 (/opt/ros/humble/share/rmw_implementation_cmake/cmake)
-- Found rmw_fastrtps_cpp: 6.2.10 (/opt/ros/humble/share/rmw_fastrtps_cpp/cmake)
-- Using RMW implementation 'rmw_fastrtps_cpp' as default
-- Eigen found (include: /usr/include/eigen3, version: 3.4.0)
-- FLANN found (include: /usr/include, lib: /usr/lib/x86_64-linux-gnu/libflann_cpp.so)
-- OpenNI found (version: 1.5.4.0, include: /usr/include/ni, lib: /usr/lib/libOpenNI.so;libusb::libusb)
-- OpenNI2 found (version: 2.2.0.33, include: /usr/include/openni2, lib: /usr/lib/x86_64-linux-gnu/libOpenNI2.so;libusb::libusb)
[0m** WARNING ** io features related to pcap will be disabled[0m
-- Eigen found (include: /usr/include/eigen3, version: 3.4.0)
-- OpenNI found (version: 1.5.4.0, include: /usr/include/ni, lib: /usr/lib/libOpenNI.so;libusb::libusb)
-- OpenNI2 found (version: 2.2.0.33, include: /usr/include/openni2, lib: /usr/lib/x86_64-linux-gnu/libOpenNI2.so;libusb::libusb)
-- Found Qhull version 8.0.2
-- OpenNI found (version: 1.5.4.0, include: /usr/include/ni, lib: /usr/lib/libOpenNI.so;libusb::libusb)
-- looking for PCL_COMMON
-- looking for PCL_KDTREE
-- looking for PCL_OCTREE
-- looking for PCL_SEARCH
-- looking for PCL_SAMPLE_CONSENSUS
-- looking for PCL_FILTERS
-- looking for PCL_2D
-- looking for PCL_GEOMETRY
-- looking for PCL_IO
-- looking for PCL_FEATURES
-- looking for PCL_ML
-- looking for PCL_SEGMENTATION
-- looking for PCL_VISUALIZATION
-- looking for PCL_SURFACE
-- looking for PCL_REGISTRATION
-- looking for PCL_KEYPOINTS
-- looking for PCL_TRACKING
-- looking for PCL_RECOGNITION
-- looking for PCL_STEREO
-- looking for PCL_APPS
-- looking for PCL_IN_HAND_SCANNER
-- looking for PCL_MODELER
-- looking for PCL_POINT_CLOUD_EDITOR
-- looking for PCL_OUTOFCORE
-- looking for PCL_PEOPLE
-- Configuring done
-- Generating done
-- Build files have been written to: /home/slam/r2_ws/lidar_ws/build/basic
[35m[1mConsolidate compiler generated dependencies of target basic[0m
[100%] Built target basic
-- Install configuration: "Release"
-- Up-to-date: /home/slam/r2_ws/lidar_ws/install/basic/lib/libbasic.so
-- Up-to-date: /home/slam/r2_ws/lidar_ws/install/basic/include
-- Up-to-date: /home/slam/r2_ws/lidar_ws/install/basic/include/basic
-- Up-to-date: /home/slam/r2_ws/lidar_ws/install/basic/include/basic/Manifold.h
-- Up-to-date: /home/slam/r2_ws/lidar_ws/install/basic/include/basic/alias.h
-- Up-to-date: /home/slam/r2_ws/lidar_ws/install/basic/include/basic/math.h
-- Up-to-date: /home/slam/r2_ws/lidar_ws/install/basic/include/basic/ds.h
-- Up-to-date: /home/slam/r2_ws/lidar_ws/install/basic/include/basic/buffer
-- Up-to-date: /home/slam/r2_ws/lidar_ws/install/basic/include/basic/buffer/LatestOnlyBuffer.hpp
-- Up-to-date: /home/slam/r2_ws/lidar_ws/install/basic/include/basic/buffer/MultiSourceLatestBuffer.hpp
-- Up-to-date: /home/slam/r2_ws/lidar_ws/install/basic/include/basic/buffer/RingBuffer.hpp
-- Up-to-date: /home/slam/r2_ws/lidar_ws/install/basic/include/basic/logs.h
-- Up-to-date: /home/slam/r2_ws/lidar_ws/install/basic/share/basic/environment/library_path.sh
-- Installing: /home/slam/r2_ws/lidar_ws/install/basic/share/basic/environment/library_path.dsv
-- Up-to-date: /home/slam/r2_ws/lidar_ws/install/basic/share/ament_index/resource_index/package_run_dependencies/basic
-- Up-to-date: /home/slam/r2_ws/lidar_ws/install/basic/share/ament_index/resource_index/parent_prefix_path/basic
-- Up-to-date: /home/slam/r2_ws/lidar_ws/install/basic/share/basic/environment/ament_prefix_path.sh
-- Installing: /home/slam/r2_ws/lidar_ws/install/basic/share/basic/environment/ament_prefix_path.dsv
-- Up-to-date: /home/slam/r2_ws/lidar_ws/install/basic/share/basic/environment/path.sh
-- Installing: /home/slam/r2_ws/lidar_ws/install/basic/share/basic/environment/path.dsv
-- Up-to-date: /home/slam/r2_ws/lidar_ws/install/basic/share/basic/local_setup.bash
-- Up-to-date: /home/slam/r2_ws/lidar_ws/install/basic/share/basic/local_setup.sh
-- Up-to-date: /home/slam/r2_ws/lidar_ws/install/basic/share/basic/local_setup.zsh
-- Installing: /home/slam/r2_ws/lidar_ws/install/basic/share/basic/local_setup.dsv
-- Installing: /home/slam/r2_ws/lidar_ws/install/basic/share/basic/package.dsv
-- Up-to-date: /home/slam/r2_ws/lidar_ws/install/basic/share/ament_index/resource_index/packages/basic
-- Up-to-date: /home/slam/r2_ws/lidar_ws/install/basic/share/basic/cmake/export_basicExport.cmake
-- Up-to-date: /home/slam/r2_ws/lidar_ws/install/basic/share/basic/cmake/export_basicExport-release.cmake
-- Up-to-date: /home/slam/r2_ws/lidar_ws/install/basic/share/basic/cmake/ament_cmake_export_targets-extras.cmake
-- Up-to-date: /home/slam/r2_ws/lidar_ws/install/basic/share/basic/cmake/ament_cmake_export_dependencies-extras.cmake
-- Up-to-date: /home/slam/r2_ws/lidar_ws/install/basic/share/basic/cmake/ament_cmake_export_include_directories-extras.cmake
-- Up-to-date: /home/slam/r2_ws/lidar_ws/install/basic/share/basic/cmake/ament_cmake_export_libraries-extras.cmake
-- Up-to-date: /home/slam/r2_ws/lidar_ws/install/basic/share/basic/cmake/basicConfig.cmake
-- Up-to-date: /home/slam/r2_ws/lidar_ws/install/basic/share/basic/cmake/basicConfig-version.cmake
-- Up-to-date: /home/slam/r2_ws/lidar_ws/install/basic/share/basic/package.xml
