[0.015s] Invoking command in '/home/slam/r2_ws/lidar_ws/build/basic': CMAKE_PREFIX_PATH=${CMAKE_PREFIX_PATH}:/opt/ros/humble /usr/bin/cmake /home/slam/r2_ws/lidar_ws/src/Super-LIO/src/basic -DCMAKE_INSTALL_PREFIX=/home/slam/r2_ws/lidar_ws/install/basic
[0.042s] -- Found ament_cmake: 1.3.14 (/opt/ros/humble/share/ament_cmake/cmake)
[0.154s] -- Found rclcpp: 16.0.21 (/opt/ros/humble/share/rclcpp/cmake)
[0.188s] -- Found rosidl_generator_c: 3.1.9 (/opt/ros/humble/share/rosidl_generator_c/cmake)
[0.191s] -- Found rosidl_adapter: 3.1.9 (/opt/ros/humble/share/rosidl_adapter/cmake)
[0.197s] -- Found rosidl_generator_cpp: 3.1.9 (/opt/ros/humble/share/rosidl_generator_cpp/cmake)
[0.206s] -- Using all available rosidl_typesupport_c: rosidl_typesupport_fastrtps_c;rosidl_typesupport_introspection_c
[0.217s] -- Using all available rosidl_typesupport_cpp: rosidl_typesupport_fastrtps_cpp;rosidl_typesupport_introspection_cpp
[0.249s] -- Found rmw_implementation_cmake: 6.1.4 (/opt/ros/humble/share/rmw_implementation_cmake/cmake)
[0.250s] -- Found rmw_fastrtps_cpp: 6.2.10 (/opt/ros/humble/share/rmw_fastrtps_cpp/cmake)
[0.331s] -- Using RMW implementation 'rmw_fastrtps_cpp' as default
[0.389s] -- Eigen found (include: /usr/include/eigen3, version: 3.4.0)
[0.417s] -- FLANN found (include: /usr/include, lib: /usr/lib/x86_64-linux-gnu/libflann_cpp.so)
[0.711s] -- OpenNI found (version: 1.5.4.0, include: /usr/include/ni, lib: /usr/lib/libOpenNI.so;libusb::libusb)
[0.717s] -- OpenNI2 found (version: 2.2.0.33, include: /usr/include/openni2, lib: /usr/lib/x86_64-linux-gnu/libOpenNI2.so;libusb::libusb)
[0.717s] [0m** WARNING ** io features related to pcap will be disabled[0m
[0.837s] -- Eigen found (include: /usr/include/eigen3, version: 3.4.0)
[0.841s] -- OpenNI found (version: 1.5.4.0, include: /usr/include/ni, lib: /usr/lib/libOpenNI.so;libusb::libusb)
[0.847s] -- OpenNI2 found (version: 2.2.0.33, include: /usr/include/openni2, lib: /usr/lib/x86_64-linux-gnu/libOpenNI2.so;libusb::libusb)
[0.962s] -- Found Qhull version 8.0.2
[1.078s] -- OpenNI found (version: 1.5.4.0, include: /usr/include/ni, lib: /usr/lib/libOpenNI.so;libusb::libusb)
[1.205s] -- looking for PCL_COMMON
[1.205s] -- looking for PCL_KDTREE
[1.205s] -- looking for PCL_OCTREE
[1.206s] -- looking for PCL_SEARCH
[1.206s] -- looking for PCL_SAMPLE_CONSENSUS
[1.206s] -- looking for PCL_FILTERS
[1.206s] -- looking for PCL_2D
[1.206s] -- looking for PCL_GEOMETRY
[1.207s] -- looking for PCL_IO
[1.207s] -- looking for PCL_FEATURES
[1.207s] -- looking for PCL_ML
[1.207s] -- looking for PCL_SEGMENTATION
[1.208s] -- looking for PCL_VISUALIZATION
[1.208s] -- looking for PCL_SURFACE
[1.208s] -- looking for PCL_REGISTRATION
[1.209s] -- looking for PCL_KEYPOINTS
[1.209s] -- looking for PCL_TRACKING
[1.209s] -- looking for PCL_RECOGNITION
[1.210s] -- looking for PCL_STEREO
[1.210s] -- looking for PCL_APPS
[1.210s] -- looking for PCL_IN_HAND_SCANNER
[1.211s] -- looking for PCL_MODELER
[1.211s] -- looking for PCL_POINT_CLOUD_EDITOR
[1.211s] -- looking for PCL_OUTOFCORE
[1.211s] -- looking for PCL_PEOPLE
[1.265s] -- Configuring done
[1.291s] -- Generating done
[1.297s] -- Build files have been written to: /home/slam/r2_ws/lidar_ws/build/basic
[1.308s] Invoked command in '/home/slam/r2_ws/lidar_ws/build/basic' returned '0': CMAKE_PREFIX_PATH=${CMAKE_PREFIX_PATH}:/opt/ros/humble /usr/bin/cmake /home/slam/r2_ws/lidar_ws/src/Super-LIO/src/basic -DCMAKE_INSTALL_PREFIX=/home/slam/r2_ws/lidar_ws/install/basic
[1.311s] Invoking command in '/home/slam/r2_ws/lidar_ws/build/basic': CMAKE_PREFIX_PATH=${CMAKE_PREFIX_PATH}:/opt/ros/humble /usr/bin/cmake --build /home/slam/r2_ws/lidar_ws/build/basic -- -j10 -l10
[1.349s] [35m[1mConsolidate compiler generated dependencies of target basic[0m
[1.373s] [100%] Built target basic
[1.384s] Invoked command in '/home/slam/r2_ws/lidar_ws/build/basic' returned '0': CMAKE_PREFIX_PATH=${CMAKE_PREFIX_PATH}:/opt/ros/humble /usr/bin/cmake --build /home/slam/r2_ws/lidar_ws/build/basic -- -j10 -l10
[1.386s] Invoking command in '/home/slam/r2_ws/lidar_ws/build/basic': CMAKE_PREFIX_PATH=${CMAKE_PREFIX_PATH}:/opt/ros/humble /usr/bin/cmake --install /home/slam/r2_ws/lidar_ws/build/basic
[1.392s] -- Install configuration: "Release"
[1.393s] -- Up-to-date: /home/slam/r2_ws/lidar_ws/install/basic/lib/libbasic.so
[1.393s] -- Up-to-date: /home/slam/r2_ws/lidar_ws/install/basic/include
[1.393s] -- Up-to-date: /home/slam/r2_ws/lidar_ws/install/basic/include/basic
[1.393s] -- Up-to-date: /home/slam/r2_ws/lidar_ws/install/basic/include/basic/Manifold.h
[1.393s] -- Up-to-date: /home/slam/r2_ws/lidar_ws/install/basic/include/basic/alias.h
[1.393s] -- Up-to-date: /home/slam/r2_ws/lidar_ws/install/basic/include/basic/math.h
[1.393s] -- Up-to-date: /home/slam/r2_ws/lidar_ws/install/basic/include/basic/ds.h
[1.393s] -- Up-to-date: /home/slam/r2_ws/lidar_ws/install/basic/include/basic/buffer
[1.393s] -- Up-to-date: /home/slam/r2_ws/lidar_ws/install/basic/include/basic/buffer/LatestOnlyBuffer.hpp
[1.394s] -- Up-to-date: /home/slam/r2_ws/lidar_ws/install/basic/include/basic/buffer/MultiSourceLatestBuffer.hpp
[1.394s] -- Up-to-date: /home/slam/r2_ws/lidar_ws/install/basic/include/basic/buffer/RingBuffer.hpp
[1.394s] -- Up-to-date: /home/slam/r2_ws/lidar_ws/install/basic/include/basic/logs.h
[1.394s] -- Up-to-date: /home/slam/r2_ws/lidar_ws/install/basic/share/basic/environment/library_path.sh
[1.394s] -- Installing: /home/slam/r2_ws/lidar_ws/install/basic/share/basic/environment/library_path.dsv
[1.394s] -- Up-to-date: /home/slam/r2_ws/lidar_ws/install/basic/share/ament_index/resource_index/package_run_dependencies/basic
[1.394s] -- Up-to-date: /home/slam/r2_ws/lidar_ws/install/basic/share/ament_index/resource_index/parent_prefix_path/basic
[1.394s] -- Up-to-date: /home/slam/r2_ws/lidar_ws/install/basic/share/basic/environment/ament_prefix_path.sh
[1.395s] -- Installing: /home/slam/r2_ws/lidar_ws/install/basic/share/basic/environment/ament_prefix_path.dsv
[1.395s] -- Up-to-date: /home/slam/r2_ws/lidar_ws/install/basic/share/basic/environment/path.sh
[1.395s] -- Installing: /home/slam/r2_ws/lidar_ws/install/basic/share/basic/environment/path.dsv
[1.395s] -- Up-to-date: /home/slam/r2_ws/lidar_ws/install/basic/share/basic/local_setup.bash
[1.396s] -- Up-to-date: /home/slam/r2_ws/lidar_ws/install/basic/share/basic/local_setup.sh
[1.396s] -- Up-to-date: /home/slam/r2_ws/lidar_ws/install/basic/share/basic/local_setup.zsh
[1.396s] -- Installing: /home/slam/r2_ws/lidar_ws/install/basic/share/basic/local_setup.dsv
[1.396s] -- Installing: /home/slam/r2_ws/lidar_ws/install/basic/share/basic/package.dsv
[1.396s] -- Up-to-date: /home/slam/r2_ws/lidar_ws/install/basic/share/ament_index/resource_index/packages/basic
[1.396s] -- Up-to-date: /home/slam/r2_ws/lidar_ws/install/basic/share/basic/cmake/export_basicExport.cmake
[1.396s] -- Up-to-date: /home/slam/r2_ws/lidar_ws/install/basic/share/basic/cmake/export_basicExport-release.cmake
[1.396s] -- Up-to-date: /home/slam/r2_ws/lidar_ws/install/basic/share/basic/cmake/ament_cmake_export_targets-extras.cmake
[1.396s] -- Up-to-date: /home/slam/r2_ws/lidar_ws/install/basic/share/basic/cmake/ament_cmake_export_dependencies-extras.cmake
[1.396s] -- Up-to-date: /home/slam/r2_ws/lidar_ws/install/basic/share/basic/cmake/ament_cmake_export_include_directories-extras.cmake
[1.396s] -- Up-to-date: /home/slam/r2_ws/lidar_ws/install/basic/share/basic/cmake/ament_cmake_export_libraries-extras.cmake
[1.396s] -- Up-to-date: /home/slam/r2_ws/lidar_ws/install/basic/share/basic/cmake/basicConfig.cmake
[1.397s] -- Up-to-date: /home/slam/r2_ws/lidar_ws/install/basic/share/basic/cmake/basicConfig-version.cmake
[1.397s] -- Up-to-date: /home/slam/r2_ws/lidar_ws/install/basic/share/basic/package.xml
[1.397s] Invoked command in '/home/slam/r2_ws/lidar_ws/build/basic' returned '0': CMAKE_PREFIX_PATH=${CMAKE_PREFIX_PATH}:/opt/ros/humble /usr/bin/cmake --install /home/slam/r2_ws/lidar_ws/build/basic
