[0.007s] Invoking command in '/home/slam/r2_ws/odin1_ws/build/odin_ros_driver': CMAKE_PREFIX_PATH=/opt/ros/humble /usr/bin/cmake /home/slam/r2_ws/odin1_ws/src/odin_ros_driver -DBUILD_SYSTEM=ROS2 -DCMAKE_INSTALL_PREFIX=/home/slam/r2_ws/odin1_ws/install/odin_ros_driver
[0.115s] -- The C compiler identification is GNU 11.4.0
[0.198s] -- The CXX compiler identification is GNU 11.4.0
[0.205s] -- Detecting C compiler ABI info
[0.283s] -- Detecting C compiler ABI info - done
[0.289s] -- Check for working C compiler: /usr/bin/cc - skipped
[0.289s] -- Detecting C compile features
[0.290s] -- Detecting C compile features - done
[0.294s] -- Detecting CXX compiler ABI info
[0.395s] -- Detecting CXX compiler ABI info - done
[0.402s] -- Check for working CXX compiler: /usr/bin/c++ - skipped
[0.402s] -- Detecting CXX compile features
[0.402s] -- Detecting CXX compile features - done
[0.403s] -- ROS_VERSION: ROS2
[0.403s] -- Defining ROS2
[0.403s] -- Build system: ROS2
[0.404s] -- Detected x86_64 architecture
[0.405s] -- Library directory: /home/slam/r2_ws/odin1_ws/src/odin_ros_driver/lib
[0.405s] -- Found lydHostApi library: /home/slam/r2_ws/odin1_ws/src/odin_ros_driver/lib/liblydHostApi_amd.a
[0.405s] -- Backtrace symbols enabled (-g, frame pointers, -rdynamic)
[0.411s] -- Found PkgConfig: /usr/bin/pkg-config (found version "0.29.2") 
[0.426s] -- Found OpenCV: /usr (found version "4.5.4") 
[0.440s] -- Checking for module 'eigen3'
[0.453s] --   Found eigen3, version 3.4.0
[0.487s] -- Found Eigen: /usr/include/eigen3 (Required is at least version "3.1") 
[0.487s] -- Eigen found (include: /usr/include/eigen3, version: 3.4.0)
[0.518s] -- Found Boost: /usr/lib/x86_64-linux-gnu/cmake/Boost-1.74.0/BoostConfig.cmake (found suitable version "1.74.0", minimum required is "1.65.0") found components: system filesystem date_time iostreams serialization 
[0.531s] -- Checking for module 'flann'
[0.545s] --   Found flann, version 1.9.1
[0.597s] -- Found FLANN: /usr/lib/x86_64-linux-gnu/libflann_cpp.so  
[0.597s] -- FLANN found (include: /usr/include, lib: /usr/lib/x86_64-linux-gnu/libflann_cpp.so)
[0.624s] -- Looking for pthread.h
[0.693s] -- Looking for pthread.h - found
[0.693s] -- Performing Test CMAKE_HAVE_LIBC_PTHREAD
[0.758s] -- Performing Test CMAKE_HAVE_LIBC_PTHREAD - Success
[0.759s] -- Found Threads: TRUE  
[0.760s] -- Found GLEW: /usr/lib/x86_64-linux-gnu/libGLEW.so  
[0.765s] -- Found OpenGL: /usr/lib/x86_64-linux-gnu/libOpenGL.so  found components: OpenGL GLX 
[0.907s] -- Found MPI_C: /usr/lib/x86_64-linux-gnu/libmpi.so (found version "3.1") 
[0.907s] -- Found MPI: TRUE (found version "3.1") found components: C 
[0.909s] -- Found JsonCpp: /usr/lib/x86_64-linux-gnu/libjsoncpp.so (found suitable version "1.9.5", minimum required is "0.7.0") 
[0.915s] -- Found ZLIB: /usr/lib/x86_64-linux-gnu/libz.so (found version "1.2.11") 
[0.926s] -- Found PNG: /usr/lib/x86_64-linux-gnu/libpng.so (found version "1.6.37") 
[0.941s] -- Found Eigen3: /usr/include/eigen3 (found version "3.4.0") 
[1.027s] -- Found X11: /usr/include   
[1.027s] -- Looking for XOpenDisplay in /usr/lib/x86_64-linux-gnu/libX11.so;/usr/lib/x86_64-linux-gnu/libXext.so
[1.116s] -- Looking for XOpenDisplay in /usr/lib/x86_64-linux-gnu/libX11.so;/usr/lib/x86_64-linux-gnu/libXext.so - found
[1.116s] -- Looking for gethostbyname
[1.188s] -- Looking for gethostbyname - found
[1.188s] -- Looking for connect
[1.273s] -- Looking for connect - found
[1.273s] -- Looking for remove
[1.348s] -- Looking for remove - found
[1.348s] -- Looking for shmat
[1.434s] -- Looking for shmat - found
[1.434s] -- Looking for IceConnectionNumber in ICE
[1.516s] -- Looking for IceConnectionNumber in ICE - found
[1.598s] -- Found EXPAT: /usr/lib/x86_64-linux-gnu/libexpat.so (found version "2.4.7") 
[1.601s] -- Found double-conversion: /usr/lib/x86_64-linux-gnu/libdouble-conversion.so  
[1.604s] -- Found LZ4: /usr/lib/x86_64-linux-gnu/liblz4.so (found version "1.9.3") 
[1.607s] -- Found LZMA: /usr/lib/x86_64-linux-gnu/liblzma.so (found version "5.2.5") 
[1.634s] -- Found JPEG: /usr/lib/x86_64-linux-gnu/libjpeg.so (found version "80") 
[1.638s] -- Found TIFF: /usr/lib/x86_64-linux-gnu/libtiff.so (found version "4.3.0")  
[1.642s] -- Found Freetype: /usr/lib/x86_64-linux-gnu/libfreetype.so (found version "2.11.1") 
[1.647s] -- Found utf8cpp: /usr/include/utf8cpp  
[1.742s] -- Checking for module 'libusb-1.0'
[1.760s] --   Found libusb-1.0, version 1.0.25
[1.806s] -- Found libusb: /usr/lib/x86_64-linux-gnu/libusb-1.0.so  
[1.808s] -- Found OpenNI: /usr/lib/libOpenNI.so;libusb::libusb (found version "1.5.4.0") 
[1.808s] -- OpenNI found (version: 1.5.4.0, include: /usr/include/ni, lib: /usr/lib/libOpenNI.so;libusb::libusb)
[1.880s] -- Found OpenNI2: /usr/lib/x86_64-linux-gnu/libOpenNI2.so;libusb::libusb (found version "2.2.0.33") 
[1.881s] -- OpenNI2 found (version: 2.2.0.33, include: /usr/include/openni2, lib: /usr/lib/x86_64-linux-gnu/libOpenNI2.so;libusb::libusb)
[1.881s] ** WARNING ** io features related to pcap will be disabled
[1.993s] -- Eigen found (include: /usr/include/eigen3, version: 3.4.0)
[1.998s] -- OpenNI found (version: 1.5.4.0, include: /usr/include/ni, lib: /usr/lib/libOpenNI.so;libusb::libusb)
[2.002s] -- OpenNI2 found (version: 2.2.0.33, include: /usr/include/openni2, lib: /usr/lib/x86_64-linux-gnu/libOpenNI2.so;libusb::libusb)
[2.114s] -- Found Qhull version 8.0.2
[2.227s] -- OpenNI found (version: 1.5.4.0, include: /usr/include/ni, lib: /usr/lib/libOpenNI.so;libusb::libusb)
[2.346s] -- looking for PCL_COMMON
[2.347s] -- Found PCL_COMMON: /usr/lib/x86_64-linux-gnu/libpcl_common.so  
[2.347s] -- looking for PCL_KDTREE
[2.348s] -- Found PCL_KDTREE: /usr/lib/x86_64-linux-gnu/libpcl_kdtree.so  
[2.348s] -- looking for PCL_OCTREE
[2.349s] -- Found PCL_OCTREE: /usr/lib/x86_64-linux-gnu/libpcl_octree.so  
[2.349s] -- looking for PCL_SEARCH
[2.349s] -- Found PCL_SEARCH: /usr/lib/x86_64-linux-gnu/libpcl_search.so  
[2.349s] -- looking for PCL_SAMPLE_CONSENSUS
[2.350s] -- Found PCL_SAMPLE_CONSENSUS: /usr/lib/x86_64-linux-gnu/libpcl_sample_consensus.so  
[2.350s] -- looking for PCL_FILTERS
[2.351s] -- Found PCL_FILTERS: /usr/lib/x86_64-linux-gnu/libpcl_filters.so  
[2.351s] -- looking for PCL_2D
[2.351s] -- Found PCL_2D: /usr/include/pcl-1.12  
[2.351s] -- looking for PCL_GEOMETRY
[2.351s] -- Found PCL_GEOMETRY: /usr/include/pcl-1.12  
[2.351s] -- looking for PCL_IO
[2.352s] -- Found PCL_IO: /usr/lib/x86_64-linux-gnu/libpcl_io.so  
[2.352s] -- looking for PCL_FEATURES
[2.353s] -- Found PCL_FEATURES: /usr/lib/x86_64-linux-gnu/libpcl_features.so  
[2.353s] -- looking for PCL_ML
[2.353s] -- Found PCL_ML: /usr/lib/x86_64-linux-gnu/libpcl_ml.so  
[2.353s] -- looking for PCL_SEGMENTATION
[2.354s] -- Found PCL_SEGMENTATION: /usr/lib/x86_64-linux-gnu/libpcl_segmentation.so  
[2.354s] -- looking for PCL_VISUALIZATION
[2.355s] -- Found PCL_VISUALIZATION: /usr/lib/x86_64-linux-gnu/libpcl_visualization.so  
[2.355s] -- looking for PCL_SURFACE
[2.355s] -- Found PCL_SURFACE: /usr/lib/x86_64-linux-gnu/libpcl_surface.so  
[2.355s] -- looking for PCL_REGISTRATION
[2.356s] -- Found PCL_REGISTRATION: /usr/lib/x86_64-linux-gnu/libpcl_registration.so  
[2.356s] -- looking for PCL_KEYPOINTS
[2.357s] -- Found PCL_KEYPOINTS: /usr/lib/x86_64-linux-gnu/libpcl_keypoints.so  
[2.357s] -- looking for PCL_TRACKING
[2.357s] -- Found PCL_TRACKING: /usr/lib/x86_64-linux-gnu/libpcl_tracking.so  
[2.357s] -- looking for PCL_RECOGNITION
[2.358s] -- Found PCL_RECOGNITION: /usr/lib/x86_64-linux-gnu/libpcl_recognition.so  
[2.358s] -- looking for PCL_STEREO
[2.359s] -- Found PCL_STEREO: /usr/lib/x86_64-linux-gnu/libpcl_stereo.so  
[2.359s] -- looking for PCL_APPS
[2.359s] -- Found PCL_APPS: /usr/lib/x86_64-linux-gnu/libpcl_apps.so  
[2.360s] -- looking for PCL_IN_HAND_SCANNER
[2.360s] -- Found PCL_IN_HAND_SCANNER: /usr/include/pcl-1.12  
[2.360s] -- looking for PCL_MODELER
[2.360s] -- Found PCL_MODELER: /usr/include/pcl-1.12  
[2.360s] -- looking for PCL_POINT_CLOUD_EDITOR
[2.360s] -- Found PCL_POINT_CLOUD_EDITOR: /usr/include/pcl-1.12  
[2.360s] -- looking for PCL_OUTOFCORE
[2.361s] -- Found PCL_OUTOFCORE: /usr/lib/x86_64-linux-gnu/libpcl_outofcore.so  
[2.361s] -- looking for PCL_PEOPLE
[2.362s] -- Found PCL_PEOPLE: /usr/lib/x86_64-linux-gnu/libpcl_people.so  
[2.362s] -- Found PCL: pcl_common;pcl_kdtree;pcl_octree;pcl_search;pcl_sample_consensus;pcl_filters;pcl_io;pcl_features;pcl_ml;pcl_segmentation;pcl_visualization;pcl_surface;pcl_registration;pcl_keypoints;pcl_tracking;pcl_recognition;pcl_stereo;pcl_apps;pcl_outofcore;pcl_people;Boost::system;Boost::filesystem;Boost::date_time;Boost::iostreams;Boost::serialization;/usr/lib/libOpenNI.so;libusb::libusb;/usr/lib/x86_64-linux-gnu/libOpenNI2.so;libusb::libusb;VTK::ChartsCore;VTK::CommonColor;VTK::CommonComputationalGeometry;VTK::CommonCore;VTK::CommonDataModel;VTK::CommonExecutionModel;VTK::CommonMath;VTK::CommonMisc;VTK::CommonTransforms;VTK::FiltersCore;VTK::FiltersExtraction;VTK::FiltersGeneral;VTK::FiltersGeometry;VTK::FiltersModeling;VTK::FiltersSources;VTK::ImagingCore;VTK::ImagingSources;VTK::InteractionImage;VTK::InteractionStyle;VTK::InteractionWidgets;VTK::IOCore;VTK::IOGeometry;VTK::IOImage;VTK::IOLegacy;VTK::IOPLY;VTK::RenderingAnnotation;VTK::RenderingCore;VTK::RenderingContext2D;VTK::RenderingLOD;VTK::RenderingFreeType;VTK::ViewsCore;VTK::ViewsContext2D;VTK::RenderingOpenGL2;VTK::GUISupportQt;FLANN::FLANN;QHULL::QHULL  
[2.425s] -- Found OpenSSL: /usr/lib/x86_64-linux-gnu/libcrypto.so (found version "3.0.2")  
[2.426s] -- Checking for module 'libusb-1.0'
[2.446s] --   Found libusb-1.0, version 1.0.25
[2.490s] -- Configuring for ROS2 build
[2.493s] -- Found ament_cmake: 1.3.14 (/opt/ros/humble/share/ament_cmake/cmake)
[2.629s] -- Found Python3: /usr/bin/python3 (found version "3.10.12") found components: Interpreter 
[2.697s] -- Found rclcpp: 16.0.21 (/opt/ros/humble/share/rclcpp/cmake)
[2.731s] -- Found rosidl_generator_c: 3.1.9 (/opt/ros/humble/share/rosidl_generator_c/cmake)
[2.734s] -- Found rosidl_adapter: 3.1.9 (/opt/ros/humble/share/rosidl_adapter/cmake)
[2.741s] -- Found rosidl_generator_cpp: 3.1.9 (/opt/ros/humble/share/rosidl_generator_cpp/cmake)
[2.751s] -- Using all available rosidl_typesupport_c: rosidl_typesupport_fastrtps_c;rosidl_typesupport_introspection_c
[2.763s] -- Using all available rosidl_typesupport_cpp: rosidl_typesupport_fastrtps_cpp;rosidl_typesupport_introspection_cpp
[2.809s] -- Found rmw_implementation_cmake: 6.1.4 (/opt/ros/humble/share/rmw_implementation_cmake/cmake)
[2.811s] -- Found rmw_fastrtps_cpp: 6.2.10 (/opt/ros/humble/share/rmw_fastrtps_cpp/cmake)
[2.873s] -- Found FastRTPS: /opt/ros/humble/include  
[2.900s] -- Using RMW implementation 'rmw_fastrtps_cpp' as default
[2.949s] -- Found sensor_msgs: 4.9.2 (/opt/ros/humble/share/sensor_msgs/cmake)
[2.972s] -- Found nav_msgs: 4.9.2 (/opt/ros/humble/share/nav_msgs/cmake)
[2.985s] -- Found visualization_msgs: 4.9.2 (/opt/ros/humble/share/visualization_msgs/cmake)
[2.999s] -- Found cv_bridge: 3.2.1 (/opt/ros/humble/share/cv_bridge/cmake)
[3.002s] -- Found image_transport: 3.1.13 (/opt/ros/humble/share/image_transport/cmake)
[3.024s] -- Found pcl_conversions: 2.4.5 (/opt/ros/humble/share/pcl_conversions/cmake)
[3.042s] -- Found tf2: 0.25.23 (/opt/ros/humble/share/tf2/cmake)
[3.045s] -- Found tf2_ros: 0.25.23 (/opt/ros/humble/share/tf2_ros/cmake)
[3.106s] -- Found tf2_geometry_msgs: 0.25.23 (/opt/ros/humble/share/tf2_geometry_msgs/cmake)
[3.111s] -- Found eigen3_cmake_module: 0.1.1 (/opt/ros/humble/share/eigen3_cmake_module/cmake)
[3.112s] -- Found Eigen3: TRUE (found version "3.4.0") 
[3.112s] -- Ensuring Eigen3 include directory is part of orocos-kdl CMake target
[3.114s] -- Found rosidl_default_generators: 1.2.1 (/opt/ros/humble/share/rosidl_default_generators/cmake)
[3.329s] -- Found ament_cmake_ros: 0.10.1 (/opt/ros/humble/share/ament_cmake_ros/cmake)
[3.598s] -- Using all available rosidl_typesupport_c: rosidl_typesupport_fastrtps_c;rosidl_typesupport_introspection_c
[3.702s] -- Using all available rosidl_typesupport_cpp: rosidl_typesupport_fastrtps_cpp;rosidl_typesupport_introspection_cpp
[3.725s] -- Found PythonInterp: /usr/bin/python3 (found suitable version "3.10.12", minimum required is "3.6") 
[3.727s] -- Found python_cmake_module: 0.10.0 (/opt/ros/humble/share/python_cmake_module/cmake)
[3.751s] -- Found PythonLibs: /usr/lib/x86_64-linux-gnu/libpython3.10.so (found suitable version "3.10.12", minimum required is "3.5") 
[3.751s] -- Using PYTHON_EXECUTABLE: /usr/bin/python3
[3.751s] -- Using PYTHON_INCLUDE_DIRS: /usr/include/python3.10
[3.751s] -- Using PYTHON_LIBRARIES: /usr/lib/x86_64-linux-gnu/libpython3.10.so
[3.770s] -- Found PythonExtra: .so  
[3.855s] -- Installing launch_ROS2 directory to share/odin_ros_driver/launch
[3.861s] -- Install targets added
[3.861s] -- =======================================
[3.861s] -- Project: odin_ros_driver
[3.861s] -- ROS_VERSION: ROS2
[3.861s] -- Target platform: x86
[3.861s] -- lydHostApi library: /home/slam/r2_ws/odin1_ws/src/odin_ros_driver/lib/liblydHostApi_amd.a
[3.861s] -- libusb library: usb-1.0
[3.861s] -- =======================================
[3.861s] -- Configuring done
[3.973s] -- Generating done
[4.001s] -- Build files have been written to: /home/slam/r2_ws/odin1_ws/build/odin_ros_driver
[4.015s] Invoked command in '/home/slam/r2_ws/odin1_ws/build/odin_ros_driver' returned '0': CMAKE_PREFIX_PATH=/opt/ros/humble /usr/bin/cmake /home/slam/r2_ws/odin1_ws/src/odin_ros_driver -DBUILD_SYSTEM=ROS2 -DCMAKE_INSTALL_PREFIX=/home/slam/r2_ws/odin1_ws/install/odin_ros_driver
[4.016s] Invoking command in '/home/slam/r2_ws/odin1_ws/build/odin_ros_driver': CMAKE_PREFIX_PATH=/opt/ros/humble /usr/bin/cmake --build /home/slam/r2_ws/odin1_ws/build/odin_ros_driver -- -j10 -l10
[4.064s] [  1%] Generating C code for ROS interfaces
[4.078s] [  2%] Building CXX object CMakeFiles/pointcloud_depth_converter_ros2.dir/src/pointcloud_depth_converter.cpp.o
[4.079s] [  3%] Building CXX object CMakeFiles/image_overlay_node.dir/src/image_overlay_node.cpp.o
[4.080s] [  4%] Generating C++ code for ROS interfaces
[4.080s] [  5%] Building CXX object CMakeFiles/cloud_reprojector_ros2.dir/src/cloud_reprojector.cpp.o
[4.083s] [  6%] Generating Rust code for ROS interfaces
[4.093s] [  6%] Built target ament_cmake_python_copy_odin_ros_driver
[4.277s] running egg_info
[4.278s] creating odin_ros_driver.egg-info
[4.278s] writing odin_ros_driver.egg-info/PKG-INFO
[4.278s] writing dependency_links to odin_ros_driver.egg-info/dependency_links.txt
[4.278s] writing top-level names to odin_ros_driver.egg-info/top_level.txt
[4.278s] writing manifest file 'odin_ros_driver.egg-info/SOURCES.txt'
[4.280s] reading manifest file 'odin_ros_driver.egg-info/SOURCES.txt'
[4.280s] writing manifest file 'odin_ros_driver.egg-info/SOURCES.txt'
[4.300s] [  6%] Built target ament_cmake_python_build_odin_ros_driver_egg
[4.541s] [  6%] Built target odin_ros_driver__rs
[4.821s] [  6%] Built target odin_ros_driver__cpp
[4.830s] [  8%] Building C object CMakeFiles/odin_ros_driver__rosidl_generator_c.dir/rosidl_generator_c/odin_ros_driver/srv/detail/get_ae__functions.c.o
[4.830s] [  8%] Building C object CMakeFiles/odin_ros_driver__rosidl_generator_c.dir/rosidl_generator_c/odin_ros_driver/srv/detail/get_awb__functions.c.o
[4.830s] [  9%] Building C object CMakeFiles/odin_ros_driver__rosidl_generator_c.dir/rosidl_generator_c/odin_ros_driver/srv/detail/set_awb__functions.c.o
[4.831s] [ 10%] Building C object CMakeFiles/odin_ros_driver__rosidl_generator_c.dir/rosidl_generator_c/odin_ros_driver/srv/detail/set_ae__functions.c.o
[4.832s] [ 11%] Generating C++ type support dispatch for ROS interfaces
[4.833s] [ 12%] Generating C++ introspection for ROS interfaces
[4.839s] [ 13%] Generating C++ type support for eProsima Fast-RTPS
[4.890s] [ 14%] Building C object CMakeFiles/odin_ros_driver__rosidl_generator_c.dir/rosidl_generator_c/odin_ros_driver/srv/detail/get_device_logs__functions.c.o
[4.899s] [ 15%] Building C object CMakeFiles/odin_ros_driver__rosidl_generator_c.dir/rosidl_generator_c/odin_ros_driver/srv/detail/save_map__functions.c.o
[4.900s] [ 16%] Building C object CMakeFiles/odin_ros_driver__rosidl_generator_c.dir/rosidl_generator_c/odin_ros_driver/srv/detail/reset_algo__functions.c.o
[4.974s] [ 17%] Linking C shared library libodin_ros_driver__rosidl_generator_c.so
[5.012s] [ 17%] Built target odin_ros_driver__rosidl_generator_c
[5.021s] [ 18%] Generating C type support dispatch for ROS interfaces
[5.023s] [ 20%] Generating C introspection for ROS interfaces
[5.024s] [ 20%] Generating C type support for eProsima Fast-RTPS
[5.389s] [ 21%] Building CXX object CMakeFiles/odin_ros_driver__rosidl_typesupport_cpp.dir/rosidl_typesupport_cpp/odin_ros_driver/srv/get_ae__type_support.cpp.o
[5.393s] [ 22%] Building CXX object CMakeFiles/odin_ros_driver__rosidl_typesupport_cpp.dir/rosidl_typesupport_cpp/odin_ros_driver/srv/get_awb__type_support.cpp.o
[5.540s] [ 23%] Building CXX object CMakeFiles/odin_ros_driver__rosidl_typesupport_introspection_cpp.dir/rosidl_typesupport_introspection_cpp/odin_ros_driver/srv/detail/get_ae__type_support.cpp.o
[5.598s] [ 24%] Building CXX object CMakeFiles/odin_ros_driver__rosidl_typesupport_c.dir/rosidl_typesupport_c/odin_ros_driver/srv/get_ae__type_support.cpp.o
[5.621s] [ 25%] Building CXX object CMakeFiles/odin_ros_driver__rosidl_typesupport_cpp.dir/rosidl_typesupport_cpp/odin_ros_driver/srv/set_ae__type_support.cpp.o
[5.626s] [ 26%] Building CXX object CMakeFiles/odin_ros_driver__rosidl_typesupport_c.dir/rosidl_typesupport_c/odin_ros_driver/srv/get_awb__type_support.cpp.o
[5.628s] [ 27%] Building CXX object CMakeFiles/odin_ros_driver__rosidl_typesupport_fastrtps_cpp.dir/rosidl_typesupport_fastrtps_cpp/odin_ros_driver/srv/detail/dds_fastrtps/get_ae__type_support.cpp.o
[5.631s] [ 28%] Building CXX object CMakeFiles/odin_ros_driver__rosidl_typesupport_c.dir/rosidl_typesupport_c/odin_ros_driver/srv/set_ae__type_support.cpp.o
[5.661s] [ 29%] Building CXX object CMakeFiles/odin_ros_driver__rosidl_typesupport_fastrtps_cpp.dir/rosidl_typesupport_fastrtps_cpp/odin_ros_driver/srv/detail/dds_fastrtps/get_awb__type_support.cpp.o
[5.662s] [ 30%] Building CXX object CMakeFiles/odin_ros_driver__rosidl_typesupport_c.dir/rosidl_typesupport_c/odin_ros_driver/srv/set_awb__type_support.cpp.o
[5.703s] [ 31%] Building CXX object CMakeFiles/odin_ros_driver__rosidl_typesupport_c.dir/rosidl_typesupport_c/odin_ros_driver/srv/get_device_logs__type_support.cpp.o
[5.752s] [ 32%] Building CXX object CMakeFiles/odin_ros_driver__rosidl_typesupport_c.dir/rosidl_typesupport_c/odin_ros_driver/srv/save_map__type_support.cpp.o
[5.806s] [ 34%] Building CXX object CMakeFiles/odin_ros_driver__rosidl_typesupport_c.dir/rosidl_typesupport_c/odin_ros_driver/srv/reset_algo__type_support.cpp.o
[5.840s] [ 35%] Building CXX object CMakeFiles/odin_ros_driver__rosidl_typesupport_cpp.dir/rosidl_typesupport_cpp/odin_ros_driver/srv/set_awb__type_support.cpp.o
[5.850s] [ 36%] Linking CXX shared library libodin_ros_driver__rosidl_typesupport_c.so
[5.851s] [ 37%] Building CXX object CMakeFiles/odin_ros_driver__rosidl_typesupport_fastrtps_c.dir/rosidl_typesupport_fastrtps_c/odin_ros_driver/srv/detail/get_ae__type_support_c.cpp.o
[5.869s] [ 38%] Building CXX object CMakeFiles/odin_ros_driver__rosidl_typesupport_introspection_cpp.dir/rosidl_typesupport_introspection_cpp/odin_ros_driver/srv/detail/get_awb__type_support.cpp.o
[5.925s] [ 38%] Built target odin_ros_driver__rosidl_typesupport_c
[5.939s] [ 39%] Building CXX object CMakeFiles/odin_ros_driver__rosidl_typesupport_fastrtps_c.dir/rosidl_typesupport_fastrtps_c/odin_ros_driver/srv/detail/get_awb__type_support_c.cpp.o
[6.016s] [ 40%] Building CXX object CMakeFiles/odin_ros_driver__rosidl_typesupport_fastrtps_c.dir/rosidl_typesupport_fastrtps_c/odin_ros_driver/srv/detail/set_ae__type_support_c.cpp.o
[6.028s] [ 41%] Building CXX object CMakeFiles/odin_ros_driver__rosidl_typesupport_fastrtps_cpp.dir/rosidl_typesupport_fastrtps_cpp/odin_ros_driver/srv/detail/dds_fastrtps/set_ae__type_support.cpp.o
[6.077s] [ 42%] Building CXX object CMakeFiles/odin_ros_driver__rosidl_typesupport_cpp.dir/rosidl_typesupport_cpp/odin_ros_driver/srv/get_device_logs__type_support.cpp.o
[6.188s] [ 43%] Building CXX object CMakeFiles/odin_ros_driver__rosidl_typesupport_introspection_cpp.dir/rosidl_typesupport_introspection_cpp/odin_ros_driver/srv/detail/set_ae__type_support.cpp.o
[6.282s] [ 44%] Building C object CMakeFiles/odin_ros_driver__rosidl_typesupport_introspection_c.dir/rosidl_typesupport_introspection_c/odin_ros_driver/srv/detail/get_ae__type_support.c.o
[6.295s] [ 45%] Building CXX object CMakeFiles/odin_ros_driver__rosidl_typesupport_cpp.dir/rosidl_typesupport_cpp/odin_ros_driver/srv/save_map__type_support.cpp.o
[6.313s] [ 46%] Building C object CMakeFiles/odin_ros_driver__rosidl_typesupport_introspection_c.dir/rosidl_typesupport_introspection_c/odin_ros_driver/srv/detail/get_awb__type_support.c.o
[6.344s] [ 47%] Building C object CMakeFiles/odin_ros_driver__rosidl_typesupport_introspection_c.dir/rosidl_typesupport_introspection_c/odin_ros_driver/srv/detail/set_ae__type_support.c.o
[6.364s] [ 48%] Building CXX object CMakeFiles/odin_ros_driver__rosidl_typesupport_introspection_cpp.dir/rosidl_typesupport_introspection_cpp/odin_ros_driver/srv/detail/set_awb__type_support.cpp.o
[6.382s] [ 49%] Building C object CMakeFiles/odin_ros_driver__rosidl_typesupport_introspection_c.dir/rosidl_typesupport_introspection_c/odin_ros_driver/srv/detail/set_awb__type_support.c.o
[6.393s] [ 50%] Building CXX object CMakeFiles/odin_ros_driver__rosidl_typesupport_fastrtps_cpp.dir/rosidl_typesupport_fastrtps_cpp/odin_ros_driver/srv/detail/dds_fastrtps/set_awb__type_support.cpp.o
[6.419s] [ 51%] Building CXX object CMakeFiles/odin_ros_driver__rosidl_typesupport_fastrtps_c.dir/rosidl_typesupport_fastrtps_c/odin_ros_driver/srv/detail/set_awb__type_support_c.cpp.o
[6.421s] [ 52%] Building C object CMakeFiles/odin_ros_driver__rosidl_typesupport_introspection_c.dir/rosidl_typesupport_introspection_c/odin_ros_driver/srv/detail/get_device_logs__type_support.c.o
[6.440s] [ 53%] Building CXX object CMakeFiles/odin_ros_driver__rosidl_typesupport_cpp.dir/rosidl_typesupport_cpp/odin_ros_driver/srv/reset_algo__type_support.cpp.o
[6.470s] [ 54%] Building C object CMakeFiles/odin_ros_driver__rosidl_typesupport_introspection_c.dir/rosidl_typesupport_introspection_c/odin_ros_driver/srv/detail/save_map__type_support.c.o
[6.515s] [ 55%] Building CXX object CMakeFiles/odin_ros_driver__rosidl_typesupport_fastrtps_c.dir/rosidl_typesupport_fastrtps_c/odin_ros_driver/srv/detail/get_device_logs__type_support_c.cpp.o
[6.518s] [ 56%] Building C object CMakeFiles/odin_ros_driver__rosidl_typesupport_introspection_c.dir/rosidl_typesupport_introspection_c/odin_ros_driver/srv/detail/reset_algo__type_support.c.o
[6.567s] [ 57%] Building CXX object CMakeFiles/odin_ros_driver__rosidl_typesupport_fastrtps_cpp.dir/rosidl_typesupport_fastrtps_cpp/odin_ros_driver/srv/detail/dds_fastrtps/get_device_logs__type_support.cpp.o
[6.569s] [ 58%] Linking C shared library libodin_ros_driver__rosidl_typesupport_introspection_c.so
[6.622s] [ 58%] Built target odin_ros_driver__rosidl_typesupport_introspection_c
[6.636s] [ 59%] Building CXX object CMakeFiles/odin_ros_driver__rosidl_typesupport_introspection_cpp.dir/rosidl_typesupport_introspection_cpp/odin_ros_driver/srv/detail/get_device_logs__type_support.cpp.o
[6.666s] [ 60%] Linking CXX shared library libodin_ros_driver__rosidl_typesupport_cpp.so
[6.698s] [ 61%] Building CXX object CMakeFiles/odin_ros_driver__rosidl_typesupport_introspection_cpp.dir/rosidl_typesupport_introspection_cpp/odin_ros_driver/srv/detail/save_map__type_support.cpp.o
[6.703s] [ 61%] Built target odin_ros_driver__rosidl_typesupport_cpp
[6.710s] [ 62%] Building CXX object CMakeFiles/odin_ros_driver__rosidl_typesupport_fastrtps_cpp.dir/rosidl_typesupport_fastrtps_cpp/odin_ros_driver/srv/detail/dds_fastrtps/save_map__type_support.cpp.o
[6.763s] [ 63%] Building CXX object CMakeFiles/odin_ros_driver__rosidl_typesupport_fastrtps_cpp.dir/rosidl_typesupport_fastrtps_cpp/odin_ros_driver/srv/detail/dds_fastrtps/reset_algo__type_support.cpp.o
[6.891s] [ 64%] Building CXX object CMakeFiles/odin_ros_driver__rosidl_typesupport_fastrtps_c.dir/rosidl_typesupport_fastrtps_c/odin_ros_driver/srv/detail/save_map__type_support_c.cpp.o
[6.923s] [ 65%] Building CXX object CMakeFiles/odin_ros_driver__rosidl_typesupport_introspection_cpp.dir/rosidl_typesupport_introspection_cpp/odin_ros_driver/srv/detail/reset_algo__type_support.cpp.o
[7.024s] [ 67%] Building CXX object CMakeFiles/host_sdk_sample.dir/src/host_sdk_sample.cpp.o
[7.033s] [ 68%] Building CXX object CMakeFiles/host_sdk_sample.dir/src/yaml_parser.cpp.o
[7.039s] [ 69%] Building CXX object CMakeFiles/odin_ros_driver__rosidl_typesupport_fastrtps_c.dir/rosidl_typesupport_fastrtps_c/odin_ros_driver/srv/detail/reset_algo__type_support_c.cpp.o
[7.085s] [ 70%] Building CXX object CMakeFiles/host_sdk_sample.dir/src/rawCloudRender.cpp.o
[7.149s] [ 71%] Linking CXX shared library libodin_ros_driver__rosidl_typesupport_fastrtps_cpp.so
[7.241s] [ 72%] Linking CXX shared library libodin_ros_driver__rosidl_typesupport_introspection_cpp.so
[7.257s] [ 72%] Built target odin_ros_driver__rosidl_typesupport_fastrtps_cpp
[7.262s] [ 73%] Building CXX object CMakeFiles/host_sdk_sample.dir/src/camera_pose_visualization.cpp.o
[7.313s] [ 73%] Built target odin_ros_driver__rosidl_typesupport_introspection_cpp
[7.353s] [ 74%] Linking CXX shared library libodin_ros_driver__rosidl_typesupport_fastrtps_c.so
[7.455s] [ 74%] Built target odin_ros_driver__rosidl_typesupport_fastrtps_c
[7.481s] [ 74%] Built target odin_ros_driver
[7.505s] [ 75%] Generating Python code for ROS interfaces
[9.269s] [ 75%] Built target odin_ros_driver__py
[9.293s] [ 76%] Building C object CMakeFiles/odin_ros_driver__rosidl_generator_py.dir/rosidl_generator_py/odin_ros_driver/srv/_get_awb_s.c.o
[9.298s] [ 77%] Building C object CMakeFiles/odin_ros_driver__rosidl_generator_py.dir/rosidl_generator_py/odin_ros_driver/srv/_get_ae_s.c.o
[9.298s] [ 78%] Building C object CMakeFiles/odin_ros_driver__rosidl_generator_py.dir/rosidl_generator_py/odin_ros_driver/srv/_set_ae_s.c.o
[9.418s] [ 79%] Building C object CMakeFiles/odin_ros_driver__rosidl_generator_py.dir/rosidl_generator_py/odin_ros_driver/srv/_set_awb_s.c.o
[9.424s] [ 80%] Building C object CMakeFiles/odin_ros_driver__rosidl_generator_py.dir/rosidl_generator_py/odin_ros_driver/srv/_get_device_logs_s.c.o
[9.430s] [ 81%] Linking CXX shared library libcloud_reprojector_ros2.so
[9.472s] [ 82%] Building C object CMakeFiles/odin_ros_driver__rosidl_generator_py.dir/rosidl_generator_py/odin_ros_driver/srv/_save_map_s.c.o
[9.514s] [ 83%] Building C object CMakeFiles/odin_ros_driver__rosidl_generator_py.dir/rosidl_generator_py/odin_ros_driver/srv/_reset_algo_s.c.o
[9.611s] [ 84%] Linking C shared library rosidl_generator_py/odin_ros_driver/libodin_ros_driver__rosidl_generator_py.so
[9.656s] [ 84%] Built target odin_ros_driver__rosidl_generator_py
[9.679s] [ 85%] Building C object CMakeFiles/odin_ros_driver__rosidl_typesupport_introspection_c__pyext.dir/rosidl_generator_py/odin_ros_driver/_odin_ros_driver_s.ep.rosidl_typesupport_introspection_c.c.o
[9.679s] [ 86%] Building C object CMakeFiles/odin_ros_driver__rosidl_typesupport_c__pyext.dir/rosidl_generator_py/odin_ros_driver/_odin_ros_driver_s.ep.rosidl_typesupport_c.c.o
[9.689s] [ 87%] Building C object CMakeFiles/odin_ros_driver__rosidl_typesupport_fastrtps_c__pyext.dir/rosidl_generator_py/odin_ros_driver/_odin_ros_driver_s.ep.rosidl_typesupport_fastrtps_c.c.o
[9.794s] [ 88%] Linking C shared library rosidl_generator_py/odin_ros_driver/odin_ros_driver_s__rosidl_typesupport_introspection_c.cpython-310-x86_64-linux-gnu.so
[9.802s] [ 89%] Linking C shared library rosidl_generator_py/odin_ros_driver/odin_ros_driver_s__rosidl_typesupport_c.cpython-310-x86_64-linux-gnu.so
[9.833s] [ 89%] Built target odin_ros_driver__rosidl_typesupport_c__pyext
[9.839s] [ 89%] Built target odin_ros_driver__rosidl_typesupport_introspection_c__pyext
[9.869s] [ 90%] Linking C shared library rosidl_generator_py/odin_ros_driver/odin_ros_driver_s__rosidl_typesupport_fastrtps_c.cpython-310-x86_64-linux-gnu.so
[9.916s] [ 90%] Built target odin_ros_driver__rosidl_typesupport_fastrtps_c__pyext
[11.388s] [ 91%] Linking CXX shared library libpointcloud_depth_converter_ros2.so
[12.826s] [ 91%] Built target cloud_reprojector_ros2
[12.845s] [ 92%] Building CXX object CMakeFiles/cloud_reprojection_ros2_node.dir/src/cloud_reprojection_ros.cpp.o
[14.381s] /home/slam/r2_ws/odin1_ws/src/odin_ros_driver/src/host_sdk_sample.cpp: In function ‘void lidar_device_callback(const lidar_device_info_t*, bool)’:
[14.381s] /home/slam/r2_ws/odin1_ws/src/odin_ros_driver/src/host_sdk_sample.cpp:1326:19: warning: ignoring return value of ‘int system(const char*)’ declared with attribute ‘warn_unused_result’ [-Wunused-result]
[14.381s]  1326 |             system("pkill -f rviz");
[14.381s]       |             ~~~~~~^~~~~~~~~~~~~~~~~
[14.381s] /home/slam/r2_ws/odin1_ws/src/odin_ros_driver/src/host_sdk_sample.cpp:1434:19: warning: ignoring return value of ‘int system(const char*)’ declared with attribute ‘warn_unused_result’ [-Wunused-result]
[14.381s]  1434 |             system("pkill -f rviz");
[14.381s]       |             ~~~~~~^~~~~~~~~~~~~~~~~
[14.381s] /home/slam/r2_ws/odin1_ws/src/odin_ros_driver/src/host_sdk_sample.cpp:1435:19: warning: ignoring return value of ‘int system(const char*)’ declared with attribute ‘warn_unused_result’ [-Wunused-result]
[14.381s]  1435 |             system("pkill -f host_sdk_sample");
[14.381s]       |             ~~~~~~^~~~~~~~~~~~~~~~~~~~~~~~~~~~
[14.382s] /home/slam/r2_ws/odin1_ws/src/odin_ros_driver/src/host_sdk_sample.cpp:1473:23: warning: ignoring return value of ‘int system(const char*)’ declared with attribute ‘warn_unused_result’ [-Wunused-result]
[14.382s]  1473 |                 system("pkill -f rviz");
[14.382s]       |                 ~~~~~~^~~~~~~~~~~~~~~~~
[14.382s] /home/slam/r2_ws/odin1_ws/src/odin_ros_driver/src/host_sdk_sample.cpp:1474:23: warning: ignoring return value of ‘int system(const char*)’ declared with attribute ‘warn_unused_result’ [-Wunused-result]
[14.382s]  1474 |                 system("pkill -f host_sdk_sample");
[14.382s]       |                 ~~~~~~^~~~~~~~~~~~~~~~~~~~~~~~~~~~
[14.382s] /home/slam/r2_ws/odin1_ws/src/odin_ros_driver/src/host_sdk_sample.cpp:1529:23: warning: ignoring return value of ‘int system(const char*)’ declared with attribute ‘warn_unused_result’ [-Wunused-result]
[14.382s]  1529 |                 system("pkill -f rviz");
[14.382s]       |                 ~~~~~~^~~~~~~~~~~~~~~~~
[14.474s] [ 92%] Built target pointcloud_depth_converter_ros2
[14.493s] [ 93%] Building CXX object CMakeFiles/depth_image_ros2_node_lib.dir/src/depth_image_ros2_node.cpp.o
[17.573s] [ 94%] Linking CXX executable image_overlay_node
[17.991s] [ 94%] Built target image_overlay_node
[32.305s] [ 95%] Linking CXX executable host_sdk_sample
[33.520s] [ 95%] Built target host_sdk_sample
[37.016s] [ 96%] Linking CXX executable cloud_reprojection_ros2_node
[37.643s] [ 96%] Built target cloud_reprojection_ros2_node
[41.180s] [ 97%] Linking CXX shared library libdepth_image_ros2_node_lib.so
[41.692s] [ 97%] Built target depth_image_ros2_node_lib
[41.709s] [ 98%] Building CXX object CMakeFiles/pcd2depth_ros2_node.dir/src/pcd2depth_ros2.cpp.o
[55.908s] [100%] Linking CXX executable pcd2depth_ros2_node
[56.462s] [100%] Built target pcd2depth_ros2_node
[56.472s] Invoked command in '/home/slam/r2_ws/odin1_ws/build/odin_ros_driver' returned '0': CMAKE_PREFIX_PATH=/opt/ros/humble /usr/bin/cmake --build /home/slam/r2_ws/odin1_ws/build/odin_ros_driver -- -j10 -l10
[56.483s] Invoking command in '/home/slam/r2_ws/odin1_ws/build/odin_ros_driver': CMAKE_PREFIX_PATH=/opt/ros/humble /usr/bin/cmake --install /home/slam/r2_ws/odin1_ws/build/odin_ros_driver
[56.492s] -- Install configuration: ""
[56.493s] -- Installing: /home/slam/r2_ws/odin1_ws/install/odin_ros_driver/share/ament_index/resource_index/rosidl_interfaces/odin_ros_driver
[56.493s] -- Installing: /home/slam/r2_ws/odin1_ws/install/odin_ros_driver/include/odin_ros_driver/odin_ros_driver
[56.493s] -- Installing: /home/slam/r2_ws/odin1_ws/install/odin_ros_driver/include/odin_ros_driver/odin_ros_driver/srv
[56.493s] -- Installing: /home/slam/r2_ws/odin1_ws/install/odin_ros_driver/include/odin_ros_driver/odin_ros_driver/srv/get_ae.h
[56.493s] -- Installing: /home/slam/r2_ws/odin1_ws/install/odin_ros_driver/include/odin_ros_driver/odin_ros_driver/srv/set_ae.h
[56.493s] -- Installing: /home/slam/r2_ws/odin1_ws/install/odin_ros_driver/include/odin_ros_driver/odin_ros_driver/srv/reset_algo.h
[56.493s] -- Installing: /home/slam/r2_ws/odin1_ws/install/odin_ros_driver/include/odin_ros_driver/odin_ros_driver/srv/save_map.h
[56.493s] -- Installing: /home/slam/r2_ws/odin1_ws/install/odin_ros_driver/include/odin_ros_driver/odin_ros_driver/srv/detail
[56.493s] -- Installing: /home/slam/r2_ws/odin1_ws/install/odin_ros_driver/include/odin_ros_driver/odin_ros_driver/srv/detail/save_map__struct.h
[56.493s] -- Installing: /home/slam/r2_ws/odin1_ws/install/odin_ros_driver/include/odin_ros_driver/odin_ros_driver/srv/detail/reset_algo__type_support.h
[56.494s] -- Installing: /home/slam/r2_ws/odin1_ws/install/odin_ros_driver/include/odin_ros_driver/odin_ros_driver/srv/detail/get_device_logs__functions.c
[56.494s] -- Installing: /home/slam/r2_ws/odin1_ws/install/odin_ros_driver/include/odin_ros_driver/odin_ros_driver/srv/detail/get_ae__type_support.h
[56.494s] -- Installing: /home/slam/r2_ws/odin1_ws/install/odin_ros_driver/include/odin_ros_driver/odin_ros_driver/srv/detail/save_map__functions.h
[56.494s] -- Installing: /home/slam/r2_ws/odin1_ws/install/odin_ros_driver/include/odin_ros_driver/odin_ros_driver/srv/detail/get_device_logs__struct.h
[56.494s] -- Installing: /home/slam/r2_ws/odin1_ws/install/odin_ros_driver/include/odin_ros_driver/odin_ros_driver/srv/detail/set_ae__struct.h
[56.494s] -- Installing: /home/slam/r2_ws/odin1_ws/install/odin_ros_driver/include/odin_ros_driver/odin_ros_driver/srv/detail/save_map__functions.c
[56.494s] -- Installing: /home/slam/r2_ws/odin1_ws/install/odin_ros_driver/include/odin_ros_driver/odin_ros_driver/srv/detail/get_ae__functions.c
[56.494s] -- Installing: /home/slam/r2_ws/odin1_ws/install/odin_ros_driver/include/odin_ros_driver/odin_ros_driver/srv/detail/set_ae__functions.h
[56.494s] -- Installing: /home/slam/r2_ws/odin1_ws/install/odin_ros_driver/include/odin_ros_driver/odin_ros_driver/srv/detail/set_ae__type_support.h
[56.494s] -- Installing: /home/slam/r2_ws/odin1_ws/install/odin_ros_driver/include/odin_ros_driver/odin_ros_driver/srv/detail/get_ae__struct.h
[56.494s] -- Installing: /home/slam/r2_ws/odin1_ws/install/odin_ros_driver/include/odin_ros_driver/odin_ros_driver/srv/detail/get_awb__type_support.h
[56.494s] -- Installing: /home/slam/r2_ws/odin1_ws/install/odin_ros_driver/include/odin_ros_driver/odin_ros_driver/srv/detail/set_awb__functions.c
[56.494s] -- Installing: /home/slam/r2_ws/odin1_ws/install/odin_ros_driver/include/odin_ros_driver/odin_ros_driver/srv/detail/reset_algo__functions.c
[56.494s] -- Installing: /home/slam/r2_ws/odin1_ws/install/odin_ros_driver/include/odin_ros_driver/odin_ros_driver/srv/detail/get_ae__functions.h
[56.494s] -- Installing: /home/slam/r2_ws/odin1_ws/install/odin_ros_driver/include/odin_ros_driver/odin_ros_driver/srv/detail/set_ae__functions.c
[56.494s] -- Installing: /home/slam/r2_ws/odin1_ws/install/odin_ros_driver/include/odin_ros_driver/odin_ros_driver/srv/detail/reset_algo__functions.h
[56.494s] -- Installing: /home/slam/r2_ws/odin1_ws/install/odin_ros_driver/include/odin_ros_driver/odin_ros_driver/srv/detail/get_device_logs__type_support.h
[56.494s] -- Installing: /home/slam/r2_ws/odin1_ws/install/odin_ros_driver/include/odin_ros_driver/odin_ros_driver/srv/detail/reset_algo__struct.h
[56.494s] -- Installing: /home/slam/r2_ws/odin1_ws/install/odin_ros_driver/include/odin_ros_driver/odin_ros_driver/srv/detail/save_map__type_support.h
[56.494s] -- Installing: /home/slam/r2_ws/odin1_ws/install/odin_ros_driver/include/odin_ros_driver/odin_ros_driver/srv/detail/get_awb__functions.c
[56.494s] -- Installing: /home/slam/r2_ws/odin1_ws/install/odin_ros_driver/include/odin_ros_driver/odin_ros_driver/srv/detail/get_awb__struct.h
[56.494s] -- Installing: /home/slam/r2_ws/odin1_ws/install/odin_ros_driver/include/odin_ros_driver/odin_ros_driver/srv/detail/set_awb__struct.h
[56.494s] -- Installing: /home/slam/r2_ws/odin1_ws/install/odin_ros_driver/include/odin_ros_driver/odin_ros_driver/srv/detail/get_device_logs__functions.h
[56.495s] -- Installing: /home/slam/r2_ws/odin1_ws/install/odin_ros_driver/include/odin_ros_driver/odin_ros_driver/srv/detail/set_awb__functions.h
[56.495s] -- Installing: /home/slam/r2_ws/odin1_ws/install/odin_ros_driver/include/odin_ros_driver/odin_ros_driver/srv/detail/get_awb__functions.h
[56.495s] -- Installing: /home/slam/r2_ws/odin1_ws/install/odin_ros_driver/include/odin_ros_driver/odin_ros_driver/srv/detail/set_awb__type_support.h
[56.495s] -- Installing: /home/slam/r2_ws/odin1_ws/install/odin_ros_driver/include/odin_ros_driver/odin_ros_driver/srv/get_awb.h
[56.495s] -- Installing: /home/slam/r2_ws/odin1_ws/install/odin_ros_driver/include/odin_ros_driver/odin_ros_driver/srv/set_awb.h
[56.495s] -- Installing: /home/slam/r2_ws/odin1_ws/install/odin_ros_driver/include/odin_ros_driver/odin_ros_driver/srv/get_device_logs.h
[56.495s] -- Installing: /home/slam/r2_ws/odin1_ws/install/odin_ros_driver/include/odin_ros_driver/odin_ros_driver/msg
[56.495s] -- Installing: /home/slam/r2_ws/odin1_ws/install/odin_ros_driver/include/odin_ros_driver/odin_ros_driver/msg/rosidl_generator_c__visibility_control.h
[56.495s] -- Installing: /home/slam/r2_ws/odin1_ws/install/odin_ros_driver/share/odin_ros_driver/environment/library_path.sh
[56.495s] -- Installing: /home/slam/r2_ws/odin1_ws/install/odin_ros_driver/share/odin_ros_driver/environment/library_path.dsv
[56.495s] -- Installing: /home/slam/r2_ws/odin1_ws/install/odin_ros_driver/lib/libodin_ros_driver__rosidl_generator_c.so
[56.495s] -- Set runtime path of "/home/slam/r2_ws/odin1_ws/install/odin_ros_driver/lib/libodin_ros_driver__rosidl_generator_c.so" to ""
[56.495s] -- Up-to-date: /home/slam/r2_ws/odin1_ws/install/odin_ros_driver/include/odin_ros_driver/odin_ros_driver
[56.495s] -- Up-to-date: /home/slam/r2_ws/odin1_ws/install/odin_ros_driver/include/odin_ros_driver/odin_ros_driver/srv
[56.495s] -- Up-to-date: /home/slam/r2_ws/odin1_ws/install/odin_ros_driver/include/odin_ros_driver/odin_ros_driver/srv/detail
[56.495s] -- Installing: /home/slam/r2_ws/odin1_ws/install/odin_ros_driver/include/odin_ros_driver/odin_ros_driver/srv/detail/save_map__rosidl_typesupport_fastrtps_c.h
[56.495s] -- Installing: /home/slam/r2_ws/odin1_ws/install/odin_ros_driver/include/odin_ros_driver/odin_ros_driver/srv/detail/set_ae__rosidl_typesupport_fastrtps_c.h
[56.495s] -- Installing: /home/slam/r2_ws/odin1_ws/install/odin_ros_driver/include/odin_ros_driver/odin_ros_driver/srv/detail/get_awb__rosidl_typesupport_fastrtps_c.h
[56.495s] -- Installing: /home/slam/r2_ws/odin1_ws/install/odin_ros_driver/include/odin_ros_driver/odin_ros_driver/srv/detail/get_device_logs__rosidl_typesupport_fastrtps_c.h
[56.495s] -- Installing: /home/slam/r2_ws/odin1_ws/install/odin_ros_driver/include/odin_ros_driver/odin_ros_driver/srv/detail/set_awb__rosidl_typesupport_fastrtps_c.h
[56.495s] -- Installing: /home/slam/r2_ws/odin1_ws/install/odin_ros_driver/include/odin_ros_driver/odin_ros_driver/srv/detail/get_ae__rosidl_typesupport_fastrtps_c.h
[56.495s] -- Installing: /home/slam/r2_ws/odin1_ws/install/odin_ros_driver/include/odin_ros_driver/odin_ros_driver/srv/detail/reset_algo__rosidl_typesupport_fastrtps_c.h
[56.495s] -- Up-to-date: /home/slam/r2_ws/odin1_ws/install/odin_ros_driver/include/odin_ros_driver/odin_ros_driver/msg
[56.495s] -- Installing: /home/slam/r2_ws/odin1_ws/install/odin_ros_driver/include/odin_ros_driver/odin_ros_driver/msg/rosidl_typesupport_fastrtps_c__visibility_control.h
[56.496s] -- Installing: /home/slam/r2_ws/odin1_ws/install/odin_ros_driver/lib/libodin_ros_driver__rosidl_typesupport_fastrtps_c.so
[56.496s] -- Set runtime path of "/home/slam/r2_ws/odin1_ws/install/odin_ros_driver/lib/libodin_ros_driver__rosidl_typesupport_fastrtps_c.so" to ""
[56.496s] -- Up-to-date: /home/slam/r2_ws/odin1_ws/install/odin_ros_driver/include/odin_ros_driver/odin_ros_driver
[56.496s] -- Up-to-date: /home/slam/r2_ws/odin1_ws/install/odin_ros_driver/include/odin_ros_driver/odin_ros_driver/srv
[56.496s] -- Installing: /home/slam/r2_ws/odin1_ws/install/odin_ros_driver/include/odin_ros_driver/odin_ros_driver/srv/set_awb.hpp
[56.496s] -- Installing: /home/slam/r2_ws/odin1_ws/install/odin_ros_driver/include/odin_ros_driver/odin_ros_driver/srv/get_ae.hpp
[56.496s] -- Installing: /home/slam/r2_ws/odin1_ws/install/odin_ros_driver/include/odin_ros_driver/odin_ros_driver/srv/reset_algo.hpp
[56.496s] -- Installing: /home/slam/r2_ws/odin1_ws/install/odin_ros_driver/include/odin_ros_driver/odin_ros_driver/srv/save_map.hpp
[56.496s] -- Up-to-date: /home/slam/r2_ws/odin1_ws/install/odin_ros_driver/include/odin_ros_driver/odin_ros_driver/srv/detail
[56.496s] -- Installing: /home/slam/r2_ws/odin1_ws/install/odin_ros_driver/include/odin_ros_driver/odin_ros_driver/srv/detail/save_map__builder.hpp
[56.496s] -- Installing: /home/slam/r2_ws/odin1_ws/install/odin_ros_driver/include/odin_ros_driver/odin_ros_driver/srv/detail/set_awb__builder.hpp
[56.496s] -- Installing: /home/slam/r2_ws/odin1_ws/install/odin_ros_driver/include/odin_ros_driver/odin_ros_driver/srv/detail/get_ae__struct.hpp
[56.496s] -- Installing: /home/slam/r2_ws/odin1_ws/install/odin_ros_driver/include/odin_ros_driver/odin_ros_driver/srv/detail/reset_algo__traits.hpp
[56.496s] -- Installing: /home/slam/r2_ws/odin1_ws/install/odin_ros_driver/include/odin_ros_driver/odin_ros_driver/srv/detail/get_device_logs__type_support.hpp
[56.496s] -- Installing: /home/slam/r2_ws/odin1_ws/install/odin_ros_driver/include/odin_ros_driver/odin_ros_driver/srv/detail/get_device_logs__traits.hpp
[56.496s] -- Installing: /home/slam/r2_ws/odin1_ws/install/odin_ros_driver/include/odin_ros_driver/odin_ros_driver/srv/detail/get_device_logs__struct.hpp
[56.496s] -- Installing: /home/slam/r2_ws/odin1_ws/install/odin_ros_driver/include/odin_ros_driver/odin_ros_driver/srv/detail/set_ae__struct.hpp
[56.496s] -- Installing: /home/slam/r2_ws/odin1_ws/install/odin_ros_driver/include/odin_ros_driver/odin_ros_driver/srv/detail/set_awb__struct.hpp
[56.497s] -- Installing: /home/slam/r2_ws/odin1_ws/install/odin_ros_driver/include/odin_ros_driver/odin_ros_driver/srv/detail/save_map__struct.hpp
[56.497s] -- Installing: /home/slam/r2_ws/odin1_ws/install/odin_ros_driver/include/odin_ros_driver/odin_ros_driver/srv/detail/set_awb__traits.hpp
[56.497s] -- Installing: /home/slam/r2_ws/odin1_ws/install/odin_ros_driver/include/odin_ros_driver/odin_ros_driver/srv/detail/reset_algo__struct.hpp
[56.497s] -- Installing: /home/slam/r2_ws/odin1_ws/install/odin_ros_driver/include/odin_ros_driver/odin_ros_driver/srv/detail/set_ae__type_support.hpp
[56.497s] -- Installing: /home/slam/r2_ws/odin1_ws/install/odin_ros_driver/include/odin_ros_driver/odin_ros_driver/srv/detail/reset_algo__builder.hpp
[56.497s] -- Installing: /home/slam/r2_ws/odin1_ws/install/odin_ros_driver/include/odin_ros_driver/odin_ros_driver/srv/detail/get_awb__builder.hpp
[56.497s] -- Installing: /home/slam/r2_ws/odin1_ws/install/odin_ros_driver/include/odin_ros_driver/odin_ros_driver/srv/detail/get_awb__type_support.hpp
[56.497s] -- Installing: /home/slam/r2_ws/odin1_ws/install/odin_ros_driver/include/odin_ros_driver/odin_ros_driver/srv/detail/set_ae__traits.hpp
[56.497s] -- Installing: /home/slam/r2_ws/odin1_ws/install/odin_ros_driver/include/odin_ros_driver/odin_ros_driver/srv/detail/reset_algo__type_support.hpp
[56.497s] -- Installing: /home/slam/r2_ws/odin1_ws/install/odin_ros_driver/include/odin_ros_driver/odin_ros_driver/srv/detail/get_awb__struct.hpp
[56.497s] -- Installing: /home/slam/r2_ws/odin1_ws/install/odin_ros_driver/include/odin_ros_driver/odin_ros_driver/srv/detail/get_device_logs__builder.hpp
[56.497s] -- Installing: /home/slam/r2_ws/odin1_ws/install/odin_ros_driver/include/odin_ros_driver/odin_ros_driver/srv/detail/get_ae__traits.hpp
[56.497s] -- Installing: /home/slam/r2_ws/odin1_ws/install/odin_ros_driver/include/odin_ros_driver/odin_ros_driver/srv/detail/get_ae__type_support.hpp
[56.497s] -- Installing: /home/slam/r2_ws/odin1_ws/install/odin_ros_driver/include/odin_ros_driver/odin_ros_driver/srv/detail/get_ae__builder.hpp
[56.497s] -- Installing: /home/slam/r2_ws/odin1_ws/install/odin_ros_driver/include/odin_ros_driver/odin_ros_driver/srv/detail/get_awb__traits.hpp
[56.497s] -- Installing: /home/slam/r2_ws/odin1_ws/install/odin_ros_driver/include/odin_ros_driver/odin_ros_driver/srv/detail/set_ae__builder.hpp
[56.497s] -- Installing: /home/slam/r2_ws/odin1_ws/install/odin_ros_driver/include/odin_ros_driver/odin_ros_driver/srv/detail/save_map__type_support.hpp
[56.497s] -- Installing: /home/slam/r2_ws/odin1_ws/install/odin_ros_driver/include/odin_ros_driver/odin_ros_driver/srv/detail/save_map__traits.hpp
[56.497s] -- Installing: /home/slam/r2_ws/odin1_ws/install/odin_ros_driver/include/odin_ros_driver/odin_ros_driver/srv/detail/set_awb__type_support.hpp
[56.497s] -- Installing: /home/slam/r2_ws/odin1_ws/install/odin_ros_driver/include/odin_ros_driver/odin_ros_driver/srv/get_awb.hpp
[56.497s] -- Installing: /home/slam/r2_ws/odin1_ws/install/odin_ros_driver/include/odin_ros_driver/odin_ros_driver/srv/set_ae.hpp
[56.497s] -- Installing: /home/slam/r2_ws/odin1_ws/install/odin_ros_driver/include/odin_ros_driver/odin_ros_driver/srv/get_device_logs.hpp
[56.497s] -- Up-to-date: /home/slam/r2_ws/odin1_ws/install/odin_ros_driver/include/odin_ros_driver/odin_ros_driver/msg
[56.498s] -- Installing: /home/slam/r2_ws/odin1_ws/install/odin_ros_driver/include/odin_ros_driver/odin_ros_driver/msg/rosidl_generator_cpp__visibility_control.hpp
[56.498s] -- Up-to-date: /home/slam/r2_ws/odin1_ws/install/odin_ros_driver/include/odin_ros_driver/odin_ros_driver
[56.498s] -- Up-to-date: /home/slam/r2_ws/odin1_ws/install/odin_ros_driver/include/odin_ros_driver/odin_ros_driver/srv
[56.498s] -- Up-to-date: /home/slam/r2_ws/odin1_ws/install/odin_ros_driver/include/odin_ros_driver/odin_ros_driver/srv/detail
[56.498s] -- Installing: /home/slam/r2_ws/odin1_ws/install/odin_ros_driver/include/odin_ros_driver/odin_ros_driver/srv/detail/save_map__rosidl_typesupport_fastrtps_cpp.hpp
[56.498s] -- Installing: /home/slam/r2_ws/odin1_ws/install/odin_ros_driver/include/odin_ros_driver/odin_ros_driver/srv/detail/get_ae__rosidl_typesupport_fastrtps_cpp.hpp
[56.498s] -- Installing: /home/slam/r2_ws/odin1_ws/install/odin_ros_driver/include/odin_ros_driver/odin_ros_driver/srv/detail/set_ae__rosidl_typesupport_fastrtps_cpp.hpp
[56.498s] -- Installing: /home/slam/r2_ws/odin1_ws/install/odin_ros_driver/include/odin_ros_driver/odin_ros_driver/srv/detail/set_awb__rosidl_typesupport_fastrtps_cpp.hpp
[56.498s] -- Installing: /home/slam/r2_ws/odin1_ws/install/odin_ros_driver/include/odin_ros_driver/odin_ros_driver/srv/detail/dds_fastrtps
[56.498s] -- Installing: /home/slam/r2_ws/odin1_ws/install/odin_ros_driver/include/odin_ros_driver/odin_ros_driver/srv/detail/get_awb__rosidl_typesupport_fastrtps_cpp.hpp
[56.498s] -- Installing: /home/slam/r2_ws/odin1_ws/install/odin_ros_driver/include/odin_ros_driver/odin_ros_driver/srv/detail/reset_algo__rosidl_typesupport_fastrtps_cpp.hpp
[56.498s] -- Installing: /home/slam/r2_ws/odin1_ws/install/odin_ros_driver/include/odin_ros_driver/odin_ros_driver/srv/detail/get_device_logs__rosidl_typesupport_fastrtps_cpp.hpp
[56.498s] -- Up-to-date: /home/slam/r2_ws/odin1_ws/install/odin_ros_driver/include/odin_ros_driver/odin_ros_driver/msg
[56.498s] -- Installing: /home/slam/r2_ws/odin1_ws/install/odin_ros_driver/include/odin_ros_driver/odin_ros_driver/msg/rosidl_typesupport_fastrtps_cpp__visibility_control.h
[56.498s] -- Installing: /home/slam/r2_ws/odin1_ws/install/odin_ros_driver/lib/libodin_ros_driver__rosidl_typesupport_fastrtps_cpp.so
[56.498s] -- Set runtime path of "/home/slam/r2_ws/odin1_ws/install/odin_ros_driver/lib/libodin_ros_driver__rosidl_typesupport_fastrtps_cpp.so" to ""
[56.498s] -- Up-to-date: /home/slam/r2_ws/odin1_ws/install/odin_ros_driver/include/odin_ros_driver/odin_ros_driver
[56.498s] -- Up-to-date: /home/slam/r2_ws/odin1_ws/install/odin_ros_driver/include/odin_ros_driver/odin_ros_driver/srv
[56.498s] -- Up-to-date: /home/slam/r2_ws/odin1_ws/install/odin_ros_driver/include/odin_ros_driver/odin_ros_driver/srv/detail
[56.499s] -- Installing: /home/slam/r2_ws/odin1_ws/install/odin_ros_driver/include/odin_ros_driver/odin_ros_driver/srv/detail/save_map__type_support.c
[56.499s] -- Installing: /home/slam/r2_ws/odin1_ws/install/odin_ros_driver/include/odin_ros_driver/odin_ros_driver/srv/detail/set_ae__type_support.c
[56.499s] -- Installing: /home/slam/r2_ws/odin1_ws/install/odin_ros_driver/include/odin_ros_driver/odin_ros_driver/srv/detail/reset_algo__rosidl_typesupport_introspection_c.h
[56.499s] -- Installing: /home/slam/r2_ws/odin1_ws/install/odin_ros_driver/include/odin_ros_driver/odin_ros_driver/srv/detail/get_device_logs__rosidl_typesupport_introspection_c.h
[56.499s] -- Installing: /home/slam/r2_ws/odin1_ws/install/odin_ros_driver/include/odin_ros_driver/odin_ros_driver/srv/detail/reset_algo__type_support.c
[56.499s] -- Installing: /home/slam/r2_ws/odin1_ws/install/odin_ros_driver/include/odin_ros_driver/odin_ros_driver/srv/detail/set_awb__rosidl_typesupport_introspection_c.h
[56.499s] -- Installing: /home/slam/r2_ws/odin1_ws/install/odin_ros_driver/include/odin_ros_driver/odin_ros_driver/srv/detail/get_ae__type_support.c
[56.499s] -- Installing: /home/slam/r2_ws/odin1_ws/install/odin_ros_driver/include/odin_ros_driver/odin_ros_driver/srv/detail/save_map__rosidl_typesupport_introspection_c.h
[56.499s] -- Installing: /home/slam/r2_ws/odin1_ws/install/odin_ros_driver/include/odin_ros_driver/odin_ros_driver/srv/detail/get_awb__type_support.c
[56.499s] -- Installing: /home/slam/r2_ws/odin1_ws/install/odin_ros_driver/include/odin_ros_driver/odin_ros_driver/srv/detail/get_ae__rosidl_typesupport_introspection_c.h
[56.499s] -- Installing: /home/slam/r2_ws/odin1_ws/install/odin_ros_driver/include/odin_ros_driver/odin_ros_driver/srv/detail/get_device_logs__type_support.c
[56.499s] -- Installing: /home/slam/r2_ws/odin1_ws/install/odin_ros_driver/include/odin_ros_driver/odin_ros_driver/srv/detail/set_ae__rosidl_typesupport_introspection_c.h
[56.499s] -- Installing: /home/slam/r2_ws/odin1_ws/install/odin_ros_driver/include/odin_ros_driver/odin_ros_driver/srv/detail/get_awb__rosidl_typesupport_introspection_c.h
[56.499s] -- Installing: /home/slam/r2_ws/odin1_ws/install/odin_ros_driver/include/odin_ros_driver/odin_ros_driver/srv/detail/set_awb__type_support.c
[56.499s] -- Up-to-date: /home/slam/r2_ws/odin1_ws/install/odin_ros_driver/include/odin_ros_driver/odin_ros_driver/msg
[56.499s] -- Installing: /home/slam/r2_ws/odin1_ws/install/odin_ros_driver/include/odin_ros_driver/odin_ros_driver/msg/rosidl_typesupport_introspection_c__visibility_control.h
[56.499s] -- Installing: /home/slam/r2_ws/odin1_ws/install/odin_ros_driver/lib/libodin_ros_driver__rosidl_typesupport_introspection_c.so
[56.499s] -- Set runtime path of "/home/slam/r2_ws/odin1_ws/install/odin_ros_driver/lib/libodin_ros_driver__rosidl_typesupport_introspection_c.so" to ""
[56.499s] -- Installing: /home/slam/r2_ws/odin1_ws/install/odin_ros_driver/lib/libodin_ros_driver__rosidl_typesupport_c.so
[56.499s] -- Set runtime path of "/home/slam/r2_ws/odin1_ws/install/odin_ros_driver/lib/libodin_ros_driver__rosidl_typesupport_c.so" to ""
[56.500s] -- Up-to-date: /home/slam/r2_ws/odin1_ws/install/odin_ros_driver/include/odin_ros_driver/odin_ros_driver
[56.500s] -- Up-to-date: /home/slam/r2_ws/odin1_ws/install/odin_ros_driver/include/odin_ros_driver/odin_ros_driver/srv
[56.500s] -- Up-to-date: /home/slam/r2_ws/odin1_ws/install/odin_ros_driver/include/odin_ros_driver/odin_ros_driver/srv/detail
[56.500s] -- Installing: /home/slam/r2_ws/odin1_ws/install/odin_ros_driver/include/odin_ros_driver/odin_ros_driver/srv/detail/get_awb__rosidl_typesupport_introspection_cpp.hpp
[56.500s] -- Installing: /home/slam/r2_ws/odin1_ws/install/odin_ros_driver/include/odin_ros_driver/odin_ros_driver/srv/detail/set_awb__rosidl_typesupport_introspection_cpp.hpp
[56.500s] -- Installing: /home/slam/r2_ws/odin1_ws/install/odin_ros_driver/include/odin_ros_driver/odin_ros_driver/srv/detail/get_ae__rosidl_typesupport_introspection_cpp.hpp
[56.500s] -- Installing: /home/slam/r2_ws/odin1_ws/install/odin_ros_driver/include/odin_ros_driver/odin_ros_driver/srv/detail/set_awb__type_support.cpp
[56.500s] -- Installing: /home/slam/r2_ws/odin1_ws/install/odin_ros_driver/include/odin_ros_driver/odin_ros_driver/srv/detail/set_ae__rosidl_typesupport_introspection_cpp.hpp
[56.500s] -- Installing: /home/slam/r2_ws/odin1_ws/install/odin_ros_driver/include/odin_ros_driver/odin_ros_driver/srv/detail/get_ae__type_support.cpp
[56.500s] -- Installing: /home/slam/r2_ws/odin1_ws/install/odin_ros_driver/include/odin_ros_driver/odin_ros_driver/srv/detail/reset_algo__rosidl_typesupport_introspection_cpp.hpp
[56.500s] -- Installing: /home/slam/r2_ws/odin1_ws/install/odin_ros_driver/include/odin_ros_driver/odin_ros_driver/srv/detail/save_map__type_support.cpp
[56.500s] -- Installing: /home/slam/r2_ws/odin1_ws/install/odin_ros_driver/include/odin_ros_driver/odin_ros_driver/srv/detail/get_awb__type_support.cpp
[56.500s] -- Installing: /home/slam/r2_ws/odin1_ws/install/odin_ros_driver/include/odin_ros_driver/odin_ros_driver/srv/detail/get_device_logs__type_support.cpp
[56.500s] -- Installing: /home/slam/r2_ws/odin1_ws/install/odin_ros_driver/include/odin_ros_driver/odin_ros_driver/srv/detail/save_map__rosidl_typesupport_introspection_cpp.hpp
[56.500s] -- Installing: /home/slam/r2_ws/odin1_ws/install/odin_ros_driver/include/odin_ros_driver/odin_ros_driver/srv/detail/set_ae__type_support.cpp
[56.500s] -- Installing: /home/slam/r2_ws/odin1_ws/install/odin_ros_driver/include/odin_ros_driver/odin_ros_driver/srv/detail/reset_algo__type_support.cpp
[56.500s] -- Installing: /home/slam/r2_ws/odin1_ws/install/odin_ros_driver/include/odin_ros_driver/odin_ros_driver/srv/detail/get_device_logs__rosidl_typesupport_introspection_cpp.hpp
[56.500s] -- Installing: /home/slam/r2_ws/odin1_ws/install/odin_ros_driver/lib/libodin_ros_driver__rosidl_typesupport_introspection_cpp.so
[56.500s] -- Set runtime path of "/home/slam/r2_ws/odin1_ws/install/odin_ros_driver/lib/libodin_ros_driver__rosidl_typesupport_introspection_cpp.so" to ""
[56.501s] -- Installing: /home/slam/r2_ws/odin1_ws/install/odin_ros_driver/lib/libodin_ros_driver__rosidl_typesupport_cpp.so
[56.501s] -- Set runtime path of "/home/slam/r2_ws/odin1_ws/install/odin_ros_driver/lib/libodin_ros_driver__rosidl_typesupport_cpp.so" to ""
[56.501s] -- Installing: /home/slam/r2_ws/odin1_ws/install/odin_ros_driver/share/odin_ros_driver/environment/pythonpath.sh
[56.501s] -- Installing: /home/slam/r2_ws/odin1_ws/install/odin_ros_driver/share/odin_ros_driver/environment/pythonpath.dsv
[56.501s] -- Installing: /home/slam/r2_ws/odin1_ws/install/odin_ros_driver/local/lib/python3.10/dist-packages/odin_ros_driver-0.14.2-py3.10.egg-info
[56.501s] -- Installing: /home/slam/r2_ws/odin1_ws/install/odin_ros_driver/local/lib/python3.10/dist-packages/odin_ros_driver-0.14.2-py3.10.egg-info/PKG-INFO
[56.501s] -- Installing: /home/slam/r2_ws/odin1_ws/install/odin_ros_driver/local/lib/python3.10/dist-packages/odin_ros_driver-0.14.2-py3.10.egg-info/dependency_links.txt
[56.501s] -- Installing: /home/slam/r2_ws/odin1_ws/install/odin_ros_driver/local/lib/python3.10/dist-packages/odin_ros_driver-0.14.2-py3.10.egg-info/SOURCES.txt
[56.501s] -- Installing: /home/slam/r2_ws/odin1_ws/install/odin_ros_driver/local/lib/python3.10/dist-packages/odin_ros_driver-0.14.2-py3.10.egg-info/top_level.txt
[56.501s] -- Installing: /home/slam/r2_ws/odin1_ws/install/odin_ros_driver/local/lib/python3.10/dist-packages/odin_ros_driver
[56.501s] -- Installing: /home/slam/r2_ws/odin1_ws/install/odin_ros_driver/local/lib/python3.10/dist-packages/odin_ros_driver/odin_ros_driver_s__rosidl_typesupport_fastrtps_c.cpython-310-x86_64-linux-gnu.so
[56.501s] -- Installing: /home/slam/r2_ws/odin1_ws/install/odin_ros_driver/local/lib/python3.10/dist-packages/odin_ros_driver/_odin_ros_driver_s.ep.rosidl_typesupport_c.c
[56.501s] -- Installing: /home/slam/r2_ws/odin1_ws/install/odin_ros_driver/local/lib/python3.10/dist-packages/odin_ros_driver/srv
[56.501s] -- Installing: /home/slam/r2_ws/odin1_ws/install/odin_ros_driver/local/lib/python3.10/dist-packages/odin_ros_driver/srv/_get_awb_s.c
[56.501s] -- Installing: /home/slam/r2_ws/odin1_ws/install/odin_ros_driver/local/lib/python3.10/dist-packages/odin_ros_driver/srv/_get_device_logs_s.c
[56.501s] -- Installing: /home/slam/r2_ws/odin1_ws/install/odin_ros_driver/local/lib/python3.10/dist-packages/odin_ros_driver/srv/__init__.py
[56.501s] -- Installing: /home/slam/r2_ws/odin1_ws/install/odin_ros_driver/local/lib/python3.10/dist-packages/odin_ros_driver/srv/_get_ae_s.c
[56.502s] -- Installing: /home/slam/r2_ws/odin1_ws/install/odin_ros_driver/local/lib/python3.10/dist-packages/odin_ros_driver/srv/_set_ae_s.c
[56.502s] -- Installing: /home/slam/r2_ws/odin1_ws/install/odin_ros_driver/local/lib/python3.10/dist-packages/odin_ros_driver/srv/_set_awb_s.c
[56.502s] -- Installing: /home/slam/r2_ws/odin1_ws/install/odin_ros_driver/local/lib/python3.10/dist-packages/odin_ros_driver/srv/_get_ae.py
[56.502s] -- Installing: /home/slam/r2_ws/odin1_ws/install/odin_ros_driver/local/lib/python3.10/dist-packages/odin_ros_driver/srv/_set_awb.py
[56.502s] -- Installing: /home/slam/r2_ws/odin1_ws/install/odin_ros_driver/local/lib/python3.10/dist-packages/odin_ros_driver/srv/_reset_algo.py
[56.502s] -- Installing: /home/slam/r2_ws/odin1_ws/install/odin_ros_driver/local/lib/python3.10/dist-packages/odin_ros_driver/srv/_reset_algo_s.c
[56.502s] -- Installing: /home/slam/r2_ws/odin1_ws/install/odin_ros_driver/local/lib/python3.10/dist-packages/odin_ros_driver/srv/_save_map.py
[56.502s] -- Installing: /home/slam/r2_ws/odin1_ws/install/odin_ros_driver/local/lib/python3.10/dist-packages/odin_ros_driver/srv/_get_awb.py
[56.502s] -- Installing: /home/slam/r2_ws/odin1_ws/install/odin_ros_driver/local/lib/python3.10/dist-packages/odin_ros_driver/srv/_set_ae.py
[56.502s] -- Installing: /home/slam/r2_ws/odin1_ws/install/odin_ros_driver/local/lib/python3.10/dist-packages/odin_ros_driver/srv/_save_map_s.c
[56.502s] -- Installing: /home/slam/r2_ws/odin1_ws/install/odin_ros_driver/local/lib/python3.10/dist-packages/odin_ros_driver/srv/_get_device_logs.py
[56.502s] -- Installing: /home/slam/r2_ws/odin1_ws/install/odin_ros_driver/local/lib/python3.10/dist-packages/odin_ros_driver/__init__.py
[56.502s] -- Installing: /home/slam/r2_ws/odin1_ws/install/odin_ros_driver/local/lib/python3.10/dist-packages/odin_ros_driver/_odin_ros_driver_s.ep.rosidl_typesupport_introspection_c.c
[56.502s] -- Installing: /home/slam/r2_ws/odin1_ws/install/odin_ros_driver/local/lib/python3.10/dist-packages/odin_ros_driver/odin_ros_driver_s__rosidl_typesupport_introspection_c.cpython-310-x86_64-linux-gnu.so
[56.502s] -- Installing: /home/slam/r2_ws/odin1_ws/install/odin_ros_driver/local/lib/python3.10/dist-packages/odin_ros_driver/libodin_ros_driver__rosidl_generator_py.so
[56.502s] -- Installing: /home/slam/r2_ws/odin1_ws/install/odin_ros_driver/local/lib/python3.10/dist-packages/odin_ros_driver/_odin_ros_driver_s.ep.rosidl_typesupport_fastrtps_c.c
[56.502s] -- Installing: /home/slam/r2_ws/odin1_ws/install/odin_ros_driver/local/lib/python3.10/dist-packages/odin_ros_driver/odin_ros_driver_s__rosidl_typesupport_c.cpython-310-x86_64-linux-gnu.so
[56.532s] Listing '/home/slam/r2_ws/odin1_ws/install/odin_ros_driver/local/lib/python3.10/dist-packages/odin_ros_driver'...
[56.532s] Compiling '/home/slam/r2_ws/odin1_ws/install/odin_ros_driver/local/lib/python3.10/dist-packages/odin_ros_driver/__init__.py'...
[56.532s] Listing '/home/slam/r2_ws/odin1_ws/install/odin_ros_driver/local/lib/python3.10/dist-packages/odin_ros_driver/srv'...
[56.532s] Compiling '/home/slam/r2_ws/odin1_ws/install/odin_ros_driver/local/lib/python3.10/dist-packages/odin_ros_driver/srv/__init__.py'...
[56.532s] Compiling '/home/slam/r2_ws/odin1_ws/install/odin_ros_driver/local/lib/python3.10/dist-packages/odin_ros_driver/srv/_get_ae.py'...
[56.532s] Compiling '/home/slam/r2_ws/odin1_ws/install/odin_ros_driver/local/lib/python3.10/dist-packages/odin_ros_driver/srv/_get_awb.py'...
[56.532s] Compiling '/home/slam/r2_ws/odin1_ws/install/odin_ros_driver/local/lib/python3.10/dist-packages/odin_ros_driver/srv/_get_device_logs.py'...
[56.532s] Compiling '/home/slam/r2_ws/odin1_ws/install/odin_ros_driver/local/lib/python3.10/dist-packages/odin_ros_driver/srv/_reset_algo.py'...
[56.532s] Compiling '/home/slam/r2_ws/odin1_ws/install/odin_ros_driver/local/lib/python3.10/dist-packages/odin_ros_driver/srv/_save_map.py'...
[56.532s] Compiling '/home/slam/r2_ws/odin1_ws/install/odin_ros_driver/local/lib/python3.10/dist-packages/odin_ros_driver/srv/_set_ae.py'...
[56.532s] Compiling '/home/slam/r2_ws/odin1_ws/install/odin_ros_driver/local/lib/python3.10/dist-packages/odin_ros_driver/srv/_set_awb.py'...
[56.535s] -- Installing: /home/slam/r2_ws/odin1_ws/install/odin_ros_driver/local/lib/python3.10/dist-packages/odin_ros_driver/odin_ros_driver_s__rosidl_typesupport_fastrtps_c.cpython-310-x86_64-linux-gnu.so
[56.535s] -- Set runtime path of "/home/slam/r2_ws/odin1_ws/install/odin_ros_driver/local/lib/python3.10/dist-packages/odin_ros_driver/odin_ros_driver_s__rosidl_typesupport_fastrtps_c.cpython-310-x86_64-linux-gnu.so" to ""
[56.535s] -- Installing: /home/slam/r2_ws/odin1_ws/install/odin_ros_driver/local/lib/python3.10/dist-packages/odin_ros_driver/odin_ros_driver_s__rosidl_typesupport_introspection_c.cpython-310-x86_64-linux-gnu.so
[56.535s] -- Set runtime path of "/home/slam/r2_ws/odin1_ws/install/odin_ros_driver/local/lib/python3.10/dist-packages/odin_ros_driver/odin_ros_driver_s__rosidl_typesupport_introspection_c.cpython-310-x86_64-linux-gnu.so" to ""
[56.535s] -- Installing: /home/slam/r2_ws/odin1_ws/install/odin_ros_driver/local/lib/python3.10/dist-packages/odin_ros_driver/odin_ros_driver_s__rosidl_typesupport_c.cpython-310-x86_64-linux-gnu.so
[56.535s] -- Set runtime path of "/home/slam/r2_ws/odin1_ws/install/odin_ros_driver/local/lib/python3.10/dist-packages/odin_ros_driver/odin_ros_driver_s__rosidl_typesupport_c.cpython-310-x86_64-linux-gnu.so" to ""
[56.535s] -- Installing: /home/slam/r2_ws/odin1_ws/install/odin_ros_driver/lib/libodin_ros_driver__rosidl_generator_py.so
[56.535s] -- Set runtime path of "/home/slam/r2_ws/odin1_ws/install/odin_ros_driver/lib/libodin_ros_driver__rosidl_generator_py.so" to ""
[56.535s] -- Installing: /home/slam/r2_ws/odin1_ws/install/odin_ros_driver/share/odin_ros_driver/rust
[56.536s] -- Installing: /home/slam/r2_ws/odin1_ws/install/odin_ros_driver/share/odin_ros_driver/rust/src
[56.536s] -- Installing: /home/slam/r2_ws/odin1_ws/install/odin_ros_driver/share/odin_ros_driver/rust/src/srv
[56.536s] -- Installing: /home/slam/r2_ws/odin1_ws/install/odin_ros_driver/share/odin_ros_driver/rust/src/srv/rmw.rs
[56.536s] -- Installing: /home/slam/r2_ws/odin1_ws/install/odin_ros_driver/share/odin_ros_driver/rust/src/srv.rs
[56.536s] -- Installing: /home/slam/r2_ws/odin1_ws/install/odin_ros_driver/share/odin_ros_driver/rust/src/lib.rs
[56.536s] -- Installing: /home/slam/r2_ws/odin1_ws/install/odin_ros_driver/share/odin_ros_driver/rust/build.rs
[56.536s] -- Installing: /home/slam/r2_ws/odin1_ws/install/odin_ros_driver/share/odin_ros_driver/rust/Cargo.toml
[56.536s] -- Installing: /home/slam/r2_ws/odin1_ws/install/odin_ros_driver/share/odin_ros_driver/srv/GetAe.idl
[56.536s] -- Installing: /home/slam/r2_ws/odin1_ws/install/odin_ros_driver/share/odin_ros_driver/srv/GetAwb.idl
[56.536s] -- Installing: /home/slam/r2_ws/odin1_ws/install/odin_ros_driver/share/odin_ros_driver/srv/SetAe.idl
[56.536s] -- Installing: /home/slam/r2_ws/odin1_ws/install/odin_ros_driver/share/odin_ros_driver/srv/SetAwb.idl
[56.536s] -- Installing: /home/slam/r2_ws/odin1_ws/install/odin_ros_driver/share/odin_ros_driver/srv/GetDeviceLogs.idl
[56.536s] -- Installing: /home/slam/r2_ws/odin1_ws/install/odin_ros_driver/share/odin_ros_driver/srv/SaveMap.idl
[56.536s] -- Installing: /home/slam/r2_ws/odin1_ws/install/odin_ros_driver/share/odin_ros_driver/srv/ResetAlgo.idl
[56.536s] -- Installing: /home/slam/r2_ws/odin1_ws/install/odin_ros_driver/share/odin_ros_driver/srv/GetAe.srv
[56.536s] -- Installing: /home/slam/r2_ws/odin1_ws/install/odin_ros_driver/share/odin_ros_driver/srv/GetAe_Request.msg
[56.536s] -- Installing: /home/slam/r2_ws/odin1_ws/install/odin_ros_driver/share/odin_ros_driver/srv/GetAe_Response.msg
[56.536s] -- Installing: /home/slam/r2_ws/odin1_ws/install/odin_ros_driver/share/odin_ros_driver/srv/GetAwb.srv
[56.536s] -- Installing: /home/slam/r2_ws/odin1_ws/install/odin_ros_driver/share/odin_ros_driver/srv/GetAwb_Request.msg
[56.536s] -- Installing: /home/slam/r2_ws/odin1_ws/install/odin_ros_driver/share/odin_ros_driver/srv/GetAwb_Response.msg
[56.536s] -- Installing: /home/slam/r2_ws/odin1_ws/install/odin_ros_driver/share/odin_ros_driver/srv/SetAe.srv
[56.536s] -- Installing: /home/slam/r2_ws/odin1_ws/install/odin_ros_driver/share/odin_ros_driver/srv/SetAe_Request.msg
[56.537s] -- Installing: /home/slam/r2_ws/odin1_ws/install/odin_ros_driver/share/odin_ros_driver/srv/SetAe_Response.msg
[56.537s] -- Installing: /home/slam/r2_ws/odin1_ws/install/odin_ros_driver/share/odin_ros_driver/srv/SetAwb.srv
[56.537s] -- Installing: /home/slam/r2_ws/odin1_ws/install/odin_ros_driver/share/odin_ros_driver/srv/SetAwb_Request.msg
[56.537s] -- Installing: /home/slam/r2_ws/odin1_ws/install/odin_ros_driver/share/odin_ros_driver/srv/SetAwb_Response.msg
[56.537s] -- Installing: /home/slam/r2_ws/odin1_ws/install/odin_ros_driver/share/odin_ros_driver/srv/GetDeviceLogs.srv
[56.537s] -- Installing: /home/slam/r2_ws/odin1_ws/install/odin_ros_driver/share/odin_ros_driver/srv/GetDeviceLogs_Request.msg
[56.537s] -- Installing: /home/slam/r2_ws/odin1_ws/install/odin_ros_driver/share/odin_ros_driver/srv/GetDeviceLogs_Response.msg
[56.537s] -- Installing: /home/slam/r2_ws/odin1_ws/install/odin_ros_driver/share/odin_ros_driver/srv/SaveMap.srv
[56.537s] -- Installing: /home/slam/r2_ws/odin1_ws/install/odin_ros_driver/share/odin_ros_driver/srv/SaveMap_Request.msg
[56.537s] -- Installing: /home/slam/r2_ws/odin1_ws/install/odin_ros_driver/share/odin_ros_driver/srv/SaveMap_Response.msg
[56.537s] -- Installing: /home/slam/r2_ws/odin1_ws/install/odin_ros_driver/share/odin_ros_driver/srv/ResetAlgo.srv
[56.537s] -- Installing: /home/slam/r2_ws/odin1_ws/install/odin_ros_driver/share/odin_ros_driver/srv/ResetAlgo_Request.msg
[56.537s] -- Installing: /home/slam/r2_ws/odin1_ws/install/odin_ros_driver/share/odin_ros_driver/srv/ResetAlgo_Response.msg
[56.537s] -- Installing: /home/slam/r2_ws/odin1_ws/install/odin_ros_driver/lib/odin_ros_driver/host_sdk_sample
[56.553s] -- Set runtime path of "/home/slam/r2_ws/odin1_ws/install/odin_ros_driver/lib/odin_ros_driver/host_sdk_sample" to ""
[56.553s] -- Installing: /home/slam/r2_ws/odin1_ws/install/odin_ros_driver/lib/odin_ros_driver/pcd2depth_ros2_node
[56.566s] -- Set runtime path of "/home/slam/r2_ws/odin1_ws/install/odin_ros_driver/lib/odin_ros_driver/pcd2depth_ros2_node" to ""
[56.566s] -- Installing: /home/slam/r2_ws/odin1_ws/install/odin_ros_driver/lib/odin_ros_driver/cloud_reprojection_ros2_node
[56.581s] -- Set runtime path of "/home/slam/r2_ws/odin1_ws/install/odin_ros_driver/lib/odin_ros_driver/cloud_reprojection_ros2_node" to ""
[56.581s] -- Installing: /home/slam/r2_ws/odin1_ws/install/odin_ros_driver/lib/odin_ros_driver/image_overlay_node
[56.587s] -- Set runtime path of "/home/slam/r2_ws/odin1_ws/install/odin_ros_driver/lib/odin_ros_driver/image_overlay_node" to ""
[56.587s] -- Installing: /home/slam/r2_ws/odin1_ws/install/odin_ros_driver/lib/libdepth_image_ros2_node_lib.so
[56.606s] -- Set runtime path of "/home/slam/r2_ws/odin1_ws/install/odin_ros_driver/lib/libdepth_image_ros2_node_lib.so" to ""
[56.606s] -- Installing: /home/slam/r2_ws/odin1_ws/install/odin_ros_driver/lib/libpointcloud_depth_converter_ros2.so
[56.608s] -- Installing: /home/slam/r2_ws/odin1_ws/install/odin_ros_driver/lib/libcloud_reprojector_ros2.so
[56.609s] -- Installing: /home/slam/r2_ws/odin1_ws/install/odin_ros_driver/share/odin_ros_driver/package.xml
[56.609s] -- Up-to-date: /home/slam/r2_ws/odin1_ws/install/odin_ros_driver/include
[56.609s] -- Installing: /home/slam/r2_ws/odin1_ws/install/odin_ros_driver/include/data_logger.h
[56.610s] -- Installing: /home/slam/r2_ws/odin1_ws/install/odin_ros_driver/include/camera_pose_visualization.h
[56.610s] -- Installing: /home/slam/r2_ws/odin1_ws/install/odin_ros_driver/include/lidar_api_type.h
[56.610s] -- Installing: /home/slam/r2_ws/odin1_ws/install/odin_ros_driver/include/pointcloud_depth_converter.hpp
[56.610s] -- Installing: /home/slam/r2_ws/odin1_ws/install/odin_ros_driver/include/odin_calib_path.h
[56.610s] -- Installing: /home/slam/r2_ws/odin1_ws/install/odin_ros_driver/include/image_overlay_node.hpp
[56.610s] -- Installing: /home/slam/r2_ws/odin1_ws/install/odin_ros_driver/include/polynomial_camera.hpp
[56.610s] -- Installing: /home/slam/r2_ws/odin1_ws/install/odin_ros_driver/include/host_sdk_sample.h
[56.610s] -- Installing: /home/slam/r2_ws/odin1_ws/install/odin_ros_driver/include/cloud_reprojector.hpp
[56.610s] -- Installing: /home/slam/r2_ws/odin1_ws/install/odin_ros_driver/include/depth_image_ros2_node.hpp
[56.610s] -- Installing: /home/slam/r2_ws/odin1_ws/install/odin_ros_driver/include/cloud_reprojection_ros_node.hpp
[56.610s] -- Installing: /home/slam/r2_ws/odin1_ws/install/odin_ros_driver/include/rawCloudRender.h
[56.610s] -- Installing: /home/slam/r2_ws/odin1_ws/install/odin_ros_driver/include/depth_image_ros_node.hpp
[56.610s] -- Installing: /home/slam/r2_ws/odin1_ws/install/odin_ros_driver/include/yaml_parser.h
[56.610s] -- Installing: /home/slam/r2_ws/odin1_ws/install/odin_ros_driver/include/lidar_api.h
[56.610s] -- Installing: /home/slam/r2_ws/odin1_ws/install/odin_ros_driver/share/odin_ros_driver/launch
[56.610s] -- Installing: /home/slam/r2_ws/odin1_ws/install/odin_ros_driver/share/odin_ros_driver/launch/odin1_ros2.launch.py
[56.610s] -- Installing: /home/slam/r2_ws/odin1_ws/install/odin_ros_driver/share/odin_ros_driver/config
[56.610s] -- Installing: /home/slam/r2_ws/odin1_ws/install/odin_ros_driver/share/odin_ros_driver/config/odin_ros2.rviz
[56.610s] -- Installing: /home/slam/r2_ws/odin1_ws/install/odin_ros_driver/share/odin_ros_driver/config/control_command.yaml
[56.610s] -- Installing: /home/slam/r2_ws/odin1_ws/install/odin_ros_driver/share/odin_ros_driver/config/odin_ros.rviz
[56.610s] -- Installing: /home/slam/r2_ws/odin1_ws/install/odin_ros_driver/share/ament_index/resource_index/package_run_dependencies/odin_ros_driver
[56.610s] -- Installing: /home/slam/r2_ws/odin1_ws/install/odin_ros_driver/share/ament_index/resource_index/parent_prefix_path/odin_ros_driver
[56.610s] -- Installing: /home/slam/r2_ws/odin1_ws/install/odin_ros_driver/share/odin_ros_driver/environment/ament_prefix_path.sh
[56.610s] -- Installing: /home/slam/r2_ws/odin1_ws/install/odin_ros_driver/share/odin_ros_driver/environment/ament_prefix_path.dsv
[56.610s] -- Installing: /home/slam/r2_ws/odin1_ws/install/odin_ros_driver/share/odin_ros_driver/environment/path.sh
[56.610s] -- Installing: /home/slam/r2_ws/odin1_ws/install/odin_ros_driver/share/odin_ros_driver/environment/path.dsv
[56.610s] -- Installing: /home/slam/r2_ws/odin1_ws/install/odin_ros_driver/share/odin_ros_driver/local_setup.bash
[56.610s] -- Installing: /home/slam/r2_ws/odin1_ws/install/odin_ros_driver/share/odin_ros_driver/local_setup.sh
[56.611s] -- Installing: /home/slam/r2_ws/odin1_ws/install/odin_ros_driver/share/odin_ros_driver/local_setup.zsh
[56.611s] -- Installing: /home/slam/r2_ws/odin1_ws/install/odin_ros_driver/share/odin_ros_driver/local_setup.dsv
[56.611s] -- Installing: /home/slam/r2_ws/odin1_ws/install/odin_ros_driver/share/odin_ros_driver/package.dsv
[56.611s] -- Installing: /home/slam/r2_ws/odin1_ws/install/odin_ros_driver/share/ament_index/resource_index/packages/odin_ros_driver
[56.611s] -- Installing: /home/slam/r2_ws/odin1_ws/install/odin_ros_driver/share/odin_ros_driver/cmake/export_odin_ros_driver__rosidl_generator_cExport.cmake
[56.611s] -- Installing: /home/slam/r2_ws/odin1_ws/install/odin_ros_driver/share/odin_ros_driver/cmake/export_odin_ros_driver__rosidl_generator_cExport-noconfig.cmake
[56.611s] -- Installing: /home/slam/r2_ws/odin1_ws/install/odin_ros_driver/share/odin_ros_driver/cmake/export_odin_ros_driver__rosidl_typesupport_fastrtps_cExport.cmake
[56.611s] -- Installing: /home/slam/r2_ws/odin1_ws/install/odin_ros_driver/share/odin_ros_driver/cmake/export_odin_ros_driver__rosidl_typesupport_fastrtps_cExport-noconfig.cmake
[56.611s] -- Installing: /home/slam/r2_ws/odin1_ws/install/odin_ros_driver/share/odin_ros_driver/cmake/export_odin_ros_driver__rosidl_generator_cppExport.cmake
[56.611s] -- Installing: /home/slam/r2_ws/odin1_ws/install/odin_ros_driver/share/odin_ros_driver/cmake/export_odin_ros_driver__rosidl_typesupport_fastrtps_cppExport.cmake
[56.611s] -- Installing: /home/slam/r2_ws/odin1_ws/install/odin_ros_driver/share/odin_ros_driver/cmake/export_odin_ros_driver__rosidl_typesupport_fastrtps_cppExport-noconfig.cmake
[56.611s] -- Installing: /home/slam/r2_ws/odin1_ws/install/odin_ros_driver/share/odin_ros_driver/cmake/odin_ros_driver__rosidl_typesupport_introspection_cExport.cmake
[56.611s] -- Installing: /home/slam/r2_ws/odin1_ws/install/odin_ros_driver/share/odin_ros_driver/cmake/odin_ros_driver__rosidl_typesupport_introspection_cExport-noconfig.cmake
[56.611s] -- Installing: /home/slam/r2_ws/odin1_ws/install/odin_ros_driver/share/odin_ros_driver/cmake/odin_ros_driver__rosidl_typesupport_cExport.cmake
[56.611s] -- Installing: /home/slam/r2_ws/odin1_ws/install/odin_ros_driver/share/odin_ros_driver/cmake/odin_ros_driver__rosidl_typesupport_cExport-noconfig.cmake
[56.611s] -- Installing: /home/slam/r2_ws/odin1_ws/install/odin_ros_driver/share/odin_ros_driver/cmake/odin_ros_driver__rosidl_typesupport_introspection_cppExport.cmake
[56.612s] -- Installing: /home/slam/r2_ws/odin1_ws/install/odin_ros_driver/share/odin_ros_driver/cmake/odin_ros_driver__rosidl_typesupport_introspection_cppExport-noconfig.cmake
[56.612s] -- Installing: /home/slam/r2_ws/odin1_ws/install/odin_ros_driver/share/odin_ros_driver/cmake/odin_ros_driver__rosidl_typesupport_cppExport.cmake
[56.612s] -- Installing: /home/slam/r2_ws/odin1_ws/install/odin_ros_driver/share/odin_ros_driver/cmake/odin_ros_driver__rosidl_typesupport_cppExport-noconfig.cmake
[56.612s] -- Installing: /home/slam/r2_ws/odin1_ws/install/odin_ros_driver/share/odin_ros_driver/cmake/export_odin_ros_driver__rosidl_generator_pyExport.cmake
[56.612s] -- Installing: /home/slam/r2_ws/odin1_ws/install/odin_ros_driver/share/odin_ros_driver/cmake/export_odin_ros_driver__rosidl_generator_pyExport-noconfig.cmake
[56.612s] -- Installing: /home/slam/r2_ws/odin1_ws/install/odin_ros_driver/share/odin_ros_driver/cmake/export_odin_ros_driverExport.cmake
[56.612s] -- Installing: /home/slam/r2_ws/odin1_ws/install/odin_ros_driver/share/odin_ros_driver/cmake/export_odin_ros_driverExport-noconfig.cmake
[56.612s] -- Installing: /home/slam/r2_ws/odin1_ws/install/odin_ros_driver/share/odin_ros_driver/cmake/rosidl_cmake-extras.cmake
[56.612s] -- Installing: /home/slam/r2_ws/odin1_ws/install/odin_ros_driver/share/odin_ros_driver/cmake/ament_cmake_export_include_directories-extras.cmake
[56.612s] -- Installing: /home/slam/r2_ws/odin1_ws/install/odin_ros_driver/share/odin_ros_driver/cmake/ament_cmake_export_libraries-extras.cmake
[56.612s] -- Installing: /home/slam/r2_ws/odin1_ws/install/odin_ros_driver/share/odin_ros_driver/cmake/ament_cmake_export_targets-extras.cmake
[56.612s] -- Installing: /home/slam/r2_ws/odin1_ws/install/odin_ros_driver/share/odin_ros_driver/cmake/rosidl_cmake_export_typesupport_targets-extras.cmake
[56.612s] -- Installing: /home/slam/r2_ws/odin1_ws/install/odin_ros_driver/share/odin_ros_driver/cmake/ament_cmake_export_dependencies-extras.cmake
[56.612s] -- Installing: /home/slam/r2_ws/odin1_ws/install/odin_ros_driver/share/odin_ros_driver/cmake/rosidl_cmake_export_typesupport_libraries-extras.cmake
[56.612s] -- Installing: /home/slam/r2_ws/odin1_ws/install/odin_ros_driver/share/odin_ros_driver/cmake/rosidl_cmake_aggregate_target-extras.cmake
[56.612s] -- Installing: /home/slam/r2_ws/odin1_ws/install/odin_ros_driver/share/odin_ros_driver/cmake/odin_ros_driverConfig.cmake
[56.612s] -- Installing: /home/slam/r2_ws/odin1_ws/install/odin_ros_driver/share/odin_ros_driver/cmake/odin_ros_driverConfig-version.cmake
[56.612s] -- Up-to-date: /home/slam/r2_ws/odin1_ws/install/odin_ros_driver/share/odin_ros_driver/package.xml
[56.614s] Invoked command in '/home/slam/r2_ws/odin1_ws/build/odin_ros_driver' returned '0': CMAKE_PREFIX_PATH=/opt/ros/humble /usr/bin/cmake --install /home/slam/r2_ws/odin1_ws/build/odin_ros_driver
