[0.012s] Invoking command in '/home/slam/r2_ws/lidar_ws/build/basic': CMAKE_PREFIX_PATH=${CMAKE_PREFIX_PATH}:/opt/ros/humble /usr/bin/cmake /home/slam/r2_ws/lidar_ws/src/Super-LIO/src/basic -DAMENT_CMAKE_SYMLINK_INSTALL=1 -DCMAKE_INSTALL_PREFIX=/home/slam/r2_ws/lidar_ws/install/basic
[0.093s] -- The CXX compiler identification is GNU 11.4.0
[0.125s] -- The C compiler identification is GNU 11.4.0
[0.132s] -- Detecting CXX compiler ABI info
[0.198s] -- Detecting CXX compiler ABI info - done
[0.204s] -- Check for working CXX compiler: /usr/bin/c++ - skipped
[0.204s] -- Detecting CXX compile features
[0.204s] -- Detecting CXX compile features - done
[0.206s] -- Detecting C compiler ABI info
[0.255s] -- Detecting C compiler ABI info - done
[0.261s] -- Check for working C compiler: /usr/bin/cc - skipped
[0.261s] -- Detecting C compile features
[0.262s] -- Detecting C compile features - done
[0.264s] -- Found ament_cmake: 1.3.14 (/opt/ros/humble/share/ament_cmake/cmake)
[0.382s] -- Found Python3: /usr/bin/python3 (found version "3.10.12") found components: Interpreter 
[0.445s] -- Override CMake install command with custom implementation using symlinks instead of copying resources
[0.495s] -- Found rclcpp: 16.0.21 (/opt/ros/humble/share/rclcpp/cmake)
[0.569s] -- Found rosidl_generator_c: 3.1.9 (/opt/ros/humble/share/rosidl_generator_c/cmake)
[0.581s] -- Found rosidl_adapter: 3.1.9 (/opt/ros/humble/share/rosidl_adapter/cmake)
[0.595s] -- Found rosidl_generator_cpp: 3.1.9 (/opt/ros/humble/share/rosidl_generator_cpp/cmake)
[0.623s] -- Using all available rosidl_typesupport_c: rosidl_typesupport_fastrtps_c;rosidl_typesupport_introspection_c
[0.654s] -- Using all available rosidl_typesupport_cpp: rosidl_typesupport_fastrtps_cpp;rosidl_typesupport_introspection_cpp
[0.762s] -- Found rmw_implementation_cmake: 6.1.4 (/opt/ros/humble/share/rmw_implementation_cmake/cmake)
[0.768s] -- Found rmw_fastrtps_cpp: 6.2.10 (/opt/ros/humble/share/rmw_fastrtps_cpp/cmake)
[0.995s] -- Found OpenSSL: /usr/lib/x86_64-linux-gnu/libcrypto.so (found version "3.0.2")  
[1.080s] -- Found FastRTPS: /opt/ros/humble/include  
[1.190s] -- Using RMW implementation 'rmw_fastrtps_cpp' as default
[1.213s] -- Looking for pthread.h
[1.345s] -- Looking for pthread.h - found
[1.349s] -- Performing Test CMAKE_HAVE_LIBC_PTHREAD
[1.536s] -- Performing Test CMAKE_HAVE_LIBC_PTHREAD - Success
[1.539s] -- Found Threads: TRUE  
[1.825s] -- Checking for module 'eigen3'
[1.850s] --   Found eigen3, version 3.4.0
[1.923s] -- Found Eigen: /usr/include/eigen3 (Required is at least version "3.1") 
[1.924s] -- Eigen found (include: /usr/include/eigen3, version: 3.4.0)
[1.974s] -- Found Boost: /usr/lib/x86_64-linux-gnu/cmake/Boost-1.74.0/BoostConfig.cmake (found suitable version "1.74.0", minimum required is "1.65.0") found components: system filesystem date_time iostreams serialization 
[2.011s] -- Checking for module 'flann'
[2.034s] --   Found flann, version 1.9.1
[2.099s] -- Found FLANN: /usr/lib/x86_64-linux-gnu/libflann_cpp.so  
[2.101s] -- FLANN found (include: /usr/include, lib: /usr/lib/x86_64-linux-gnu/libflann_cpp.so)
[2.176s] -- Found GLEW: /usr/lib/x86_64-linux-gnu/libGLEW.so  
[2.192s] -- Found OpenGL: /usr/lib/x86_64-linux-gnu/libOpenGL.so  found components: OpenGL GLX 
[2.421s] -- Found MPI_C: /usr/lib/x86_64-linux-gnu/libmpi.so (found version "3.1") 
[2.421s] -- Found MPI: TRUE (found version "3.1") found components: C 
[2.425s] -- Found JsonCpp: /usr/lib/x86_64-linux-gnu/libjsoncpp.so (found suitable version "1.9.5", minimum required is "0.7.0") 
[2.441s] -- Found ZLIB: /usr/lib/x86_64-linux-gnu/libz.so (found version "1.2.11") 
[2.462s] -- Found PNG: /usr/lib/x86_64-linux-gnu/libpng.so (found version "1.6.37") 
[2.475s] -- Found Eigen3: /usr/include/eigen3 (found version "3.4.0") 
[2.616s] -- Found X11: /usr/include   
[2.616s] -- Looking for XOpenDisplay in /usr/lib/x86_64-linux-gnu/libX11.so;/usr/lib/x86_64-linux-gnu/libXext.so
[2.711s] -- Looking for XOpenDisplay in /usr/lib/x86_64-linux-gnu/libX11.so;/usr/lib/x86_64-linux-gnu/libXext.so - found
[2.711s] -- Looking for gethostbyname
[2.797s] -- Looking for gethostbyname - found
[2.800s] -- Looking for connect
[2.895s] -- Looking for connect - found
[2.895s] -- Looking for remove
[2.992s] -- Looking for remove - found
[2.994s] -- Looking for shmat
[3.081s] -- Looking for shmat - found
[3.081s] -- Looking for IceConnectionNumber in ICE
[3.175s] -- Looking for IceConnectionNumber in ICE - found
[3.341s] -- Found EXPAT: /usr/lib/x86_64-linux-gnu/libexpat.so (found version "2.4.7") 
[3.347s] -- Found double-conversion: /usr/lib/x86_64-linux-gnu/libdouble-conversion.so  
[3.352s] -- Found LZ4: /usr/lib/x86_64-linux-gnu/liblz4.so (found version "1.9.3") 
[3.355s] -- Found LZMA: /usr/lib/x86_64-linux-gnu/liblzma.so (found version "5.2.5") 
[3.373s] -- Found JPEG: /usr/lib/x86_64-linux-gnu/libjpeg.so (found version "80") 
[3.389s] -- Found TIFF: /usr/lib/x86_64-linux-gnu/libtiff.so (found version "4.3.0")  
[3.394s] -- Found Freetype: /usr/lib/x86_64-linux-gnu/libfreetype.so (found version "2.11.1") 
[3.402s] -- Found utf8cpp: /usr/include/utf8cpp  
[3.510s] -- Checking for module 'libusb-1.0'
[3.546s] --   Found libusb-1.0, version 1.0.25
[3.601s] -- Found libusb: /usr/lib/x86_64-linux-gnu/libusb-1.0.so  
[3.604s] -- Found OpenNI: /usr/lib/libOpenNI.so;libusb::libusb (found version "1.5.4.0") 
[3.604s] -- OpenNI found (version: 1.5.4.0, include: /usr/include/ni, lib: /usr/lib/libOpenNI.so;libusb::libusb)
[3.688s] -- Found OpenNI2: /usr/lib/x86_64-linux-gnu/libOpenNI2.so;libusb::libusb (found version "2.2.0.33") 
[3.688s] -- OpenNI2 found (version: 2.2.0.33, include: /usr/include/openni2, lib: /usr/lib/x86_64-linux-gnu/libOpenNI2.so;libusb::libusb)
[3.692s] [0m** WARNING ** io features related to pcap will be disabled[0m
[4.012s] -- Eigen found (include: /usr/include/eigen3, version: 3.4.0)
[4.024s] -- OpenNI found (version: 1.5.4.0, include: /usr/include/ni, lib: /usr/lib/libOpenNI.so;libusb::libusb)
[4.038s] -- OpenNI2 found (version: 2.2.0.33, include: /usr/include/openni2, lib: /usr/lib/x86_64-linux-gnu/libOpenNI2.so;libusb::libusb)
[4.229s] -- Found Qhull version 8.0.2
[4.470s] -- OpenNI found (version: 1.5.4.0, include: /usr/include/ni, lib: /usr/lib/libOpenNI.so;libusb::libusb)
[4.844s] -- looking for PCL_COMMON
[4.845s] -- Found PCL_COMMON: /usr/lib/x86_64-linux-gnu/libpcl_common.so  
[4.846s] -- looking for PCL_KDTREE
[4.847s] -- Found PCL_KDTREE: /usr/lib/x86_64-linux-gnu/libpcl_kdtree.so  
[4.847s] -- looking for PCL_OCTREE
[4.848s] -- Found PCL_OCTREE: /usr/lib/x86_64-linux-gnu/libpcl_octree.so  
[4.850s] -- looking for PCL_SEARCH
[4.850s] -- Found PCL_SEARCH: /usr/lib/x86_64-linux-gnu/libpcl_search.so  
[4.851s] -- looking for PCL_SAMPLE_CONSENSUS
[4.852s] -- Found PCL_SAMPLE_CONSENSUS: /usr/lib/x86_64-linux-gnu/libpcl_sample_consensus.so  
[4.852s] -- looking for PCL_FILTERS
[4.853s] -- Found PCL_FILTERS: /usr/lib/x86_64-linux-gnu/libpcl_filters.so  
[4.857s] -- looking for PCL_2D
[4.857s] -- Found PCL_2D: /usr/include/pcl-1.12  
[4.857s] -- looking for PCL_GEOMETRY
[4.857s] -- Found PCL_GEOMETRY: /usr/include/pcl-1.12  
[4.857s] -- looking for PCL_IO
[4.857s] -- Found PCL_IO: /usr/lib/x86_64-linux-gnu/libpcl_io.so  
[4.857s] -- looking for PCL_FEATURES
[4.859s] -- Found PCL_FEATURES: /usr/lib/x86_64-linux-gnu/libpcl_features.so  
[4.859s] -- looking for PCL_ML
[4.860s] -- Found PCL_ML: /usr/lib/x86_64-linux-gnu/libpcl_ml.so  
[4.861s] -- looking for PCL_SEGMENTATION
[4.862s] -- Found PCL_SEGMENTATION: /usr/lib/x86_64-linux-gnu/libpcl_segmentation.so  
[4.862s] -- looking for PCL_VISUALIZATION
[4.864s] -- Found PCL_VISUALIZATION: /usr/lib/x86_64-linux-gnu/libpcl_visualization.so  
[4.864s] -- looking for PCL_SURFACE
[4.865s] -- Found PCL_SURFACE: /usr/lib/x86_64-linux-gnu/libpcl_surface.so  
[4.866s] -- looking for PCL_REGISTRATION
[4.867s] -- Found PCL_REGISTRATION: /usr/lib/x86_64-linux-gnu/libpcl_registration.so  
[4.868s] -- looking for PCL_KEYPOINTS
[4.869s] -- Found PCL_KEYPOINTS: /usr/lib/x86_64-linux-gnu/libpcl_keypoints.so  
[4.869s] -- looking for PCL_TRACKING
[4.871s] -- Found PCL_TRACKING: /usr/lib/x86_64-linux-gnu/libpcl_tracking.so  
[4.873s] -- looking for PCL_RECOGNITION
[4.873s] -- Found PCL_RECOGNITION: /usr/lib/x86_64-linux-gnu/libpcl_recognition.so  
[4.873s] -- looking for PCL_STEREO
[4.874s] -- Found PCL_STEREO: /usr/lib/x86_64-linux-gnu/libpcl_stereo.so  
[4.875s] -- looking for PCL_APPS
[4.877s] -- Found PCL_APPS: /usr/lib/x86_64-linux-gnu/libpcl_apps.so  
[4.877s] -- looking for PCL_IN_HAND_SCANNER
[4.877s] -- Found PCL_IN_HAND_SCANNER: /usr/include/pcl-1.12  
[4.877s] -- looking for PCL_MODELER
[4.881s] -- Found PCL_MODELER: /usr/include/pcl-1.12  
[4.881s] -- looking for PCL_POINT_CLOUD_EDITOR
[4.881s] -- Found PCL_POINT_CLOUD_EDITOR: /usr/include/pcl-1.12  
[4.881s] -- looking for PCL_OUTOFCORE
[4.881s] -- Found PCL_OUTOFCORE: /usr/lib/x86_64-linux-gnu/libpcl_outofcore.so  
[4.881s] -- looking for PCL_PEOPLE
[4.882s] -- Found PCL_PEOPLE: /usr/lib/x86_64-linux-gnu/libpcl_people.so  
[4.883s] -- Found PCL: pcl_common;pcl_kdtree;pcl_octree;pcl_search;pcl_sample_consensus;pcl_filters;pcl_io;pcl_features;pcl_ml;pcl_segmentation;pcl_visualization;pcl_surface;pcl_registration;pcl_keypoints;pcl_tracking;pcl_recognition;pcl_stereo;pcl_apps;pcl_outofcore;pcl_people;Boost::system;Boost::filesystem;Boost::date_time;Boost::iostreams;Boost::serialization;/usr/lib/libOpenNI.so;libusb::libusb;/usr/lib/x86_64-linux-gnu/libOpenNI2.so;libusb::libusb;VTK::ChartsCore;VTK::CommonColor;VTK::CommonComputationalGeometry;VTK::CommonCore;VTK::CommonDataModel;VTK::CommonExecutionModel;VTK::CommonMath;VTK::CommonMisc;VTK::CommonTransforms;VTK::FiltersCore;VTK::FiltersExtraction;VTK::FiltersGeneral;VTK::FiltersGeometry;VTK::FiltersModeling;VTK::FiltersSources;VTK::ImagingCore;VTK::ImagingSources;VTK::InteractionImage;VTK::InteractionStyle;VTK::InteractionWidgets;VTK::IOCore;VTK::IOGeometry;VTK::IOImage;VTK::IOLegacy;VTK::IOPLY;VTK::RenderingAnnotation;VTK::RenderingCore;VTK::RenderingContext2D;VTK::RenderingLOD;VTK::RenderingFreeType;VTK::ViewsCore;VTK::ViewsContext2D;VTK::RenderingOpenGL2;VTK::GUISupportQt;FLANN::FLANN;QHULL::QHULL  
[5.021s] -- Configuring done
[5.076s] -- Generating done
[5.101s] -- Build files have been written to: /home/slam/r2_ws/lidar_ws/build/basic
[5.149s] Invoked command in '/home/slam/r2_ws/lidar_ws/build/basic' returned '0': CMAKE_PREFIX_PATH=${CMAKE_PREFIX_PATH}:/opt/ros/humble /usr/bin/cmake /home/slam/r2_ws/lidar_ws/src/Super-LIO/src/basic -DAMENT_CMAKE_SYMLINK_INSTALL=1 -DCMAKE_INSTALL_PREFIX=/home/slam/r2_ws/lidar_ws/install/basic
[5.149s] Invoking command in '/home/slam/r2_ws/lidar_ws/build/basic': CMAKE_PREFIX_PATH=${CMAKE_PREFIX_PATH}:/opt/ros/humble /usr/bin/cmake --build /home/slam/r2_ws/lidar_ws/build/basic -- -j10 -l10
[5.245s] [ 33%] [32mBuilding CXX object CMakeFiles/basic.dir/src/Manifold.cpp.o[0m
[5.258s] [ 66%] [32mBuilding CXX object CMakeFiles/basic.dir/src/logs.cpp.o[0m
[12.852s] [100%] [32m[1mLinking CXX shared library libbasic.so[0m
[13.945s] [100%] Built target basic
