[0.041s] Invoking command in '/home/slam/r2_ws/lidar_ws/build/super_lio': CMAKE_PREFIX_PATH=/home/slam/r2_ws/lidar_ws/install/livox_ros_driver2:/home/slam/r2_ws/lidar_ws/install/basic:/home/slam/r2_ws/lidar_ws/install/super_lio:/opt/ros/humble LD_LIBRARY_PATH=/home/slam/r2_ws/lidar_ws/install/livox_ros_driver2/lib:/home/slam/r2_ws/lidar_ws/install/basic/lib:/home/slam/r2_ws/lidar_ws/install/super_lio/lib:/home/slam/r2_ws/lidar_ws/install/livox_sdk2/lib:/opt/ros/humble/opt/rviz_ogre_vendor/lib:/opt/ros/humble/lib/x86_64-linux-gnu:/opt/ros/humble/lib /usr/bin/cmake /home/slam/r2_ws/lidar_ws/src/Super-LIO/src/super_lio -DROS_EDITION=ROS2 -DDISTRO_ROS=humble -DCMAKE_INSTALL_PREFIX=/home/slam/r2_ws/lidar_ws/install/super_lio
[0.111s] -- The CXX compiler identification is GNU 11.4.0
[0.151s] -- The C compiler identification is GNU 11.4.0
[0.158s] -- Detecting CXX compiler ABI info
[0.247s] -- Detecting CXX compiler ABI info - done
[0.256s] -- Check for working CXX compiler: /usr/bin/c++ - skipped
[0.256s] -- Detecting CXX compile features
[0.256s] -- Detecting CXX compile features - done
[0.259s] -- Detecting C compiler ABI info
[0.338s] -- Detecting C compiler ABI info - done
[0.343s] -- Check for working C compiler: /usr/bin/cc - skipped
[0.343s] -- Detecting C compile features
[0.344s] -- Detecting C compile features - done
[0.345s] -- Found ament_cmake: 1.3.14 (/opt/ros/humble/share/ament_cmake/cmake)
[0.461s] -- Found Python3: /usr/bin/python3 (found version "3.10.12") found components: Interpreter 
[0.519s] -- Found rosidl_default_generators: 1.2.1 (/opt/ros/humble/share/rosidl_default_generators/cmake)
[0.522s] -- Using all available rosidl_typesupport_c: rosidl_typesupport_fastrtps_c;rosidl_typesupport_introspection_c
[0.526s] -- Found rosidl_adapter: 3.1.9 (/opt/ros/humble/share/rosidl_adapter/cmake)
[0.550s] -- Using all available rosidl_typesupport_cpp: rosidl_typesupport_fastrtps_cpp;rosidl_typesupport_introspection_cpp
[0.573s] -- Found rclcpp: 16.0.21 (/opt/ros/humble/share/rclcpp/cmake)
[0.603s] -- Found rmw_implementation_cmake: 6.1.4 (/opt/ros/humble/share/rmw_implementation_cmake/cmake)
[0.605s] -- Found rmw_fastrtps_cpp: 6.2.10 (/opt/ros/humble/share/rmw_fastrtps_cpp/cmake)
[0.677s] -- Found OpenSSL: /usr/lib/x86_64-linux-gnu/libcrypto.so (found version "3.0.2")  
[0.707s] -- Found FastRTPS: /opt/ros/humble/include  
[0.742s] -- Using RMW implementation 'rmw_fastrtps_cpp' as default
[0.747s] -- Looking for pthread.h
[0.813s] -- Looking for pthread.h - found
[0.813s] -- Performing Test CMAKE_HAVE_LIBC_PTHREAD
[0.887s] -- Performing Test CMAKE_HAVE_LIBC_PTHREAD - Success
[0.889s] -- Found Threads: TRUE  
[0.930s] -- Found geometry_msgs: 4.9.2 (/opt/ros/humble/share/geometry_msgs/cmake)
[0.939s] -- Found sensor_msgs: 4.9.2 (/opt/ros/humble/share/sensor_msgs/cmake)
[0.951s] -- Found visualization_msgs: 4.9.2 (/opt/ros/humble/share/visualization_msgs/cmake)
[0.966s] -- Found nav_msgs: 4.9.2 (/opt/ros/humble/share/nav_msgs/cmake)
[0.979s] -- Found pcl_ros: 2.4.5 (/opt/ros/humble/share/pcl_ros/cmake)
[1.008s] -- Checking for module 'eigen3'
[1.019s] --   Found eigen3, version 3.4.0
[1.061s] -- Found Eigen: /usr/include/eigen3 (Required is at least version "3.1") 
[1.061s] -- Eigen found (include: /usr/include/eigen3, version: 3.4.0)
[1.093s] -- Checking for module 'flann'
[1.104s] --   Found flann, version 1.9.1
[1.153s] -- Found FLANN: /usr/lib/x86_64-linux-gnu/libflann_cpp.so  
[1.153s] -- FLANN found (include: /usr/include, lib: /usr/lib/x86_64-linux-gnu/libflann_cpp.so)
[2.120s] -- Checking for module 'libusb-1.0'
[2.136s] --   Found libusb-1.0, version 1.0.25
[2.181s] -- Found libusb: /usr/lib/x86_64-linux-gnu/libusb-1.0.so  
[2.182s] -- OpenNI found (version: 1.5.4.0, include: /usr/include/ni, lib: /usr/lib/libOpenNI.so;libusb::libusb)
[2.258s] -- OpenNI2 found (version: 2.2.0.33, include: /usr/include/openni2, lib: /usr/lib/x86_64-linux-gnu/libOpenNI2.so;libusb::libusb)
[2.375s] -- Eigen found (include: /usr/include/eigen3, version: 3.4.0)
[2.381s] -- OpenNI found (version: 1.5.4.0, include: /usr/include/ni, lib: /usr/lib/libOpenNI.so;libusb::libusb)
[2.387s] -- OpenNI2 found (version: 2.2.0.33, include: /usr/include/openni2, lib: /usr/lib/x86_64-linux-gnu/libOpenNI2.so;libusb::libusb)
[2.497s] -- Found Qhull version 8.0.2
[2.601s] -- OpenNI found (version: 1.5.4.0, include: /usr/include/ni, lib: /usr/lib/libOpenNI.so;libusb::libusb)
[2.702s] -- Found PCL_COMMON: /usr/lib/x86_64-linux-gnu/libpcl_common.so  
[2.702s] -- Found PCL_KDTREE: /usr/lib/x86_64-linux-gnu/libpcl_kdtree.so  
[2.703s] -- Found PCL_OCTREE: /usr/lib/x86_64-linux-gnu/libpcl_octree.so  
[2.703s] -- Found PCL_SEARCH: /usr/lib/x86_64-linux-gnu/libpcl_search.so  
[2.704s] -- Found PCL_SAMPLE_CONSENSUS: /usr/lib/x86_64-linux-gnu/libpcl_sample_consensus.so  
[2.704s] -- Found PCL_FILTERS: /usr/lib/x86_64-linux-gnu/libpcl_filters.so  
[2.705s] -- Found PCL_2D: /usr/include/pcl-1.12  
[2.705s] -- Found PCL_GEOMETRY: /usr/include/pcl-1.12  
[2.705s] -- Found PCL_IO: /usr/lib/x86_64-linux-gnu/libpcl_io.so  
[2.706s] -- Found PCL_FEATURES: /usr/lib/x86_64-linux-gnu/libpcl_features.so  
[2.707s] -- Found PCL_ML: /usr/lib/x86_64-linux-gnu/libpcl_ml.so  
[2.707s] -- Found PCL_SEGMENTATION: /usr/lib/x86_64-linux-gnu/libpcl_segmentation.so  
[2.708s] -- Found PCL_VISUALIZATION: /usr/lib/x86_64-linux-gnu/libpcl_visualization.so  
[2.709s] -- Found PCL_SURFACE: /usr/lib/x86_64-linux-gnu/libpcl_surface.so  
[2.709s] -- Found PCL_REGISTRATION: /usr/lib/x86_64-linux-gnu/libpcl_registration.so  
[2.710s] -- Found PCL_KEYPOINTS: /usr/lib/x86_64-linux-gnu/libpcl_keypoints.so  
[2.711s] -- Found PCL_TRACKING: /usr/lib/x86_64-linux-gnu/libpcl_tracking.so  
[2.711s] -- Found PCL_RECOGNITION: /usr/lib/x86_64-linux-gnu/libpcl_recognition.so  
[2.712s] -- Found PCL_STEREO: /usr/lib/x86_64-linux-gnu/libpcl_stereo.so  
[2.713s] -- Found PCL_APPS: /usr/lib/x86_64-linux-gnu/libpcl_apps.so  
[2.713s] -- Found PCL_IN_HAND_SCANNER: /usr/include/pcl-1.12  
[2.713s] -- Found PCL_MODELER: /usr/include/pcl-1.12  
[2.713s] -- Found PCL_POINT_CLOUD_EDITOR: /usr/include/pcl-1.12  
[2.714s] -- Found PCL_OUTOFCORE: /usr/lib/x86_64-linux-gnu/libpcl_outofcore.so  
[2.715s] -- Found PCL_PEOPLE: /usr/lib/x86_64-linux-gnu/libpcl_people.so  
[2.737s] -- Found eigen3_cmake_module: 0.1.1 (/opt/ros/humble/share/eigen3_cmake_module/cmake)
[2.738s] -- Found Eigen3: TRUE (found version "3.4.0") 
[2.738s] -- Ensuring Eigen3 include directory is part of orocos-kdl CMake target
[2.806s] -- Found livox_ros_driver2: 1.0.0 (/home/slam/r2_ws/lidar_ws/install/livox_ros_driver2/share/livox_ros_driver2/cmake)
[2.827s] -- Found basic: 2.0.0 (/home/slam/r2_ws/lidar_ws/install/basic/share/basic/cmake)
[3.054s] -- Found ament_cmake_ros: 0.10.1 (/opt/ros/humble/share/ament_cmake_ros/cmake)
[3.253s] -- Using all available rosidl_typesupport_c: rosidl_typesupport_fastrtps_c;rosidl_typesupport_introspection_c
[3.504s] -- Using all available rosidl_typesupport_cpp: rosidl_typesupport_fastrtps_cpp;rosidl_typesupport_introspection_cpp
[3.522s] -- Found PythonInterp: /usr/bin/python3 (found suitable version "3.10.12", minimum required is "3.6") 
[3.523s] -- Found python_cmake_module: 0.10.0 (/opt/ros/humble/share/python_cmake_module/cmake)
[3.554s] -- Found PythonLibs: /usr/lib/x86_64-linux-gnu/libpython3.10.so (found suitable version "3.10.12", minimum required is "3.5") 
[3.555s] -- Using PYTHON_EXECUTABLE: /usr/bin/python3
[3.555s] -- Using PYTHON_INCLUDE_DIRS: /usr/include/python3.10
[3.555s] -- Using PYTHON_LIBRARIES: /usr/lib/x86_64-linux-gnu/libpython3.10.so
[3.577s] -- Found PythonExtra: .so  
[3.696s] -- Configuring done
[3.773s] -- Generating done
[3.775s] [33mCMake Warning:
[3.775s]   Manually-specified variables were not used by the project:
[3.775s] 
[3.775s]     DISTRO_ROS
[3.775s]     ROS_EDITION
[3.775s] 
[3.775s] [0m
[3.793s] -- Build files have been written to: /home/slam/r2_ws/lidar_ws/build/super_lio
[3.807s] Invoked command in '/home/slam/r2_ws/lidar_ws/build/super_lio' returned '0': CMAKE_PREFIX_PATH=/home/slam/r2_ws/lidar_ws/install/livox_ros_driver2:/home/slam/r2_ws/lidar_ws/install/basic:/home/slam/r2_ws/lidar_ws/install/super_lio:/opt/ros/humble LD_LIBRARY_PATH=/home/slam/r2_ws/lidar_ws/install/livox_ros_driver2/lib:/home/slam/r2_ws/lidar_ws/install/basic/lib:/home/slam/r2_ws/lidar_ws/install/super_lio/lib:/home/slam/r2_ws/lidar_ws/install/livox_sdk2/lib:/opt/ros/humble/opt/rviz_ogre_vendor/lib:/opt/ros/humble/lib/x86_64-linux-gnu:/opt/ros/humble/lib /usr/bin/cmake /home/slam/r2_ws/lidar_ws/src/Super-LIO/src/super_lio -DROS_EDITION=ROS2 -DDISTRO_ROS=humble -DCMAKE_INSTALL_PREFIX=/home/slam/r2_ws/lidar_ws/install/super_lio
[3.808s] Invoking command in '/home/slam/r2_ws/lidar_ws/build/super_lio': CMAKE_PREFIX_PATH=/home/slam/r2_ws/lidar_ws/install/livox_ros_driver2:/home/slam/r2_ws/lidar_ws/install/basic:/home/slam/r2_ws/lidar_ws/install/super_lio:/opt/ros/humble LD_LIBRARY_PATH=/home/slam/r2_ws/lidar_ws/install/livox_ros_driver2/lib:/home/slam/r2_ws/lidar_ws/install/basic/lib:/home/slam/r2_ws/lidar_ws/install/super_lio/lib:/home/slam/r2_ws/lidar_ws/install/livox_sdk2/lib:/opt/ros/humble/opt/rviz_ogre_vendor/lib:/opt/ros/humble/lib/x86_64-linux-gnu:/opt/ros/humble/lib /usr/bin/cmake --build /home/slam/r2_ws/lidar_ws/build/super_lio -- -j10 -l10
[3.848s] [  2%] [34m[1mGenerating C code for ROS interfaces[0m
[3.858s] [  4%] [34m[1mGenerating C++ code for ROS interfaces[0m
[3.859s] [  4%] Built target ament_cmake_python_copy_super_lio
[3.861s] [  6%] [34m[1mGenerating Rust code for ROS interfaces[0m
[3.996s] running egg_info
[3.996s] creating super_lio.egg-info
[3.997s] writing super_lio.egg-info/PKG-INFO
[3.997s] writing dependency_links to super_lio.egg-info/dependency_links.txt
[3.997s] writing top-level names to super_lio.egg-info/top_level.txt
[3.997s] writing manifest file 'super_lio.egg-info/SOURCES.txt'
[3.998s] reading manifest file 'super_lio.egg-info/SOURCES.txt'
[3.998s] writing manifest file 'super_lio.egg-info/SOURCES.txt'
[4.018s] [  6%] Built target ament_cmake_python_build_super_lio_egg
[4.034s] [  6%] Built target super_lio__rs
[4.060s] [  8%] [32mBuilding C object CMakeFiles/super_lio__rosidl_generator_c.dir/rosidl_generator_c/super_lio/msg/detail/cloud_pose2__functions.c.o[0m
[4.061s] [  8%] Built target super_lio__cpp
[4.062s] [ 10%] [32mBuilding C object CMakeFiles/super_lio__rosidl_generator_c.dir/rosidl_generator_c/super_lio/msg/detail/cloud_pose__functions.c.o[0m
[4.068s] [ 12%] [34m[1mGenerating C++ type support dispatch for ROS interfaces[0m
[4.070s] [ 14%] [34m[1mGenerating C++ introspection for ROS interfaces[0m
[4.071s] [ 16%] [34m[1mGenerating C++ type support for eProsima Fast-RTPS[0m
[4.134s] [ 18%] [32m[1mLinking C shared library libsuper_lio__rosidl_generator_c.so[0m
[4.164s] [ 18%] Built target super_lio__rosidl_generator_c
[4.175s] [ 20%] [34m[1mGenerating C type support dispatch for ROS interfaces[0m
[4.175s] [ 24%] [34m[1mGenerating C type support for eProsima Fast-RTPS[0m
[4.175s] [ 24%] [34m[1mGenerating C introspection for ROS interfaces[0m
[4.252s] [ 26%] [32mBuilding CXX object CMakeFiles/super_lio__rosidl_typesupport_cpp.dir/rosidl_typesupport_cpp/super_lio/msg/cloud_pose2__type_support.cpp.o[0m
[4.253s] [ 28%] [32mBuilding CXX object CMakeFiles/super_lio__rosidl_typesupport_cpp.dir/rosidl_typesupport_cpp/super_lio/msg/cloud_pose__type_support.cpp.o[0m
[4.272s] [ 32%] [32mBuilding CXX object CMakeFiles/super_lio__rosidl_typesupport_introspection_cpp.dir/rosidl_typesupport_introspection_cpp/super_lio/msg/detail/cloud_pose2__type_support.cpp.o[0m
[4.272s] [ 32%] [32mBuilding CXX object CMakeFiles/super_lio__rosidl_typesupport_introspection_cpp.dir/rosidl_typesupport_introspection_cpp/super_lio/msg/detail/cloud_pose__type_support.cpp.o[0m
[4.279s] [ 34%] [32mBuilding CXX object CMakeFiles/super_lio__rosidl_typesupport_fastrtps_cpp.dir/rosidl_typesupport_fastrtps_cpp/super_lio/msg/detail/dds_fastrtps/cloud_pose2__type_support.cpp.o[0m
[4.282s] [ 36%] [32mBuilding CXX object CMakeFiles/super_lio__rosidl_typesupport_fastrtps_cpp.dir/rosidl_typesupport_fastrtps_cpp/super_lio/msg/detail/dds_fastrtps/cloud_pose__type_support.cpp.o[0m
[4.376s] [ 38%] [32mBuilding CXX object CMakeFiles/super_lio__rosidl_typesupport_c.dir/rosidl_typesupport_c/super_lio/msg/cloud_pose2__type_support.cpp.o[0m
[4.380s] [ 40%] [32mBuilding CXX object CMakeFiles/super_lio__rosidl_typesupport_c.dir/rosidl_typesupport_c/super_lio/msg/cloud_pose__type_support.cpp.o[0m
[4.405s] [ 42%] [32mBuilding CXX object CMakeFiles/super_lio__rosidl_typesupport_fastrtps_c.dir/rosidl_typesupport_fastrtps_c/super_lio/msg/detail/cloud_pose__type_support_c.cpp.o[0m
[4.411s] [ 46%] [32m[1mLinking CXX shared library libsuper_lio__rosidl_typesupport_c.so[0m
[4.411s] [ 46%] [32mBuilding C object CMakeFiles/super_lio__rosidl_typesupport_introspection_c.dir/rosidl_typesupport_introspection_c/super_lio/msg/detail/cloud_pose__type_support.c.o[0m
[4.411s] [ 48%] [32mBuilding CXX object CMakeFiles/super_lio__rosidl_typesupport_fastrtps_c.dir/rosidl_typesupport_fastrtps_c/super_lio/msg/detail/cloud_pose2__type_support_c.cpp.o[0m
[4.446s] [ 50%] [32mBuilding C object CMakeFiles/super_lio__rosidl_typesupport_introspection_c.dir/rosidl_typesupport_introspection_c/super_lio/msg/detail/cloud_pose2__type_support.c.o[0m
[4.483s] [ 52%] [32m[1mLinking CXX shared library libsuper_lio__rosidl_typesupport_cpp.so[0m
[4.503s] [ 54%] [32m[1mLinking C shared library libsuper_lio__rosidl_typesupport_introspection_c.so[0m
[4.509s] [ 54%] Built target super_lio__rosidl_typesupport_c
[4.536s] [ 54%] Built target super_lio__rosidl_typesupport_introspection_c
[4.571s] [ 54%] Built target super_lio__rosidl_typesupport_cpp
[4.591s] [ 58%] [32mBuilding CXX object CMakeFiles/lio.dir/src/lio/super_lio.cpp.o[0m
[4.591s] [ 58%] [32mBuilding CXX object CMakeFiles/lio.dir/src/lio/ESKF.cpp.o[0m
[4.593s] [ 60%] [32mBuilding CXX object CMakeFiles/lio.dir/src/lio/params.cpp.o[0m
[4.593s] [ 64%] [32mBuilding CXX object CMakeFiles/lio.dir/src/lio/super_lio_reloc.cpp.o[0m
[4.594s] [ 62%] [32mBuilding CXX object CMakeFiles/lio.dir/src/ros/ROSWrapper.cpp.o[0m
[4.654s] [ 66%] [32m[1mLinking CXX shared library libsuper_lio__rosidl_typesupport_fastrtps_c.so[0m
[4.684s] [ 68%] [32m[1mLinking CXX shared library libsuper_lio__rosidl_typesupport_introspection_cpp.so[0m
[4.706s] [ 70%] [32m[1mLinking CXX shared library libsuper_lio__rosidl_typesupport_fastrtps_cpp.so[0m
[4.795s] [ 70%] Built target super_lio__rosidl_typesupport_fastrtps_c
[4.841s] [ 70%] Built target super_lio__rosidl_typesupport_introspection_cpp
[4.862s] [ 70%] Built target super_lio__rosidl_typesupport_fastrtps_cpp
[4.883s] [ 70%] Built target super_lio
[4.903s] [ 72%] [34m[1mGenerating Python code for ROS interfaces[0m
[5.204s] [ 72%] Built target super_lio__py
[5.225s] [ 74%] [32mBuilding C object CMakeFiles/super_lio__rosidl_generator_py.dir/rosidl_generator_py/super_lio/msg/_cloud_pose_s.c.o[0m
[5.225s] [ 76%] [32mBuilding C object CMakeFiles/super_lio__rosidl_generator_py.dir/rosidl_generator_py/super_lio/msg/_cloud_pose2_s.c.o[0m
[5.379s] [ 78%] [32m[1mLinking C shared library rosidl_generator_py/super_lio/libsuper_lio__rosidl_generator_py.so[0m
[5.422s] [ 78%] Built target super_lio__rosidl_generator_py
[5.441s] [ 80%] [32mBuilding C object CMakeFiles/super_lio__rosidl_typesupport_introspection_c__pyext.dir/rosidl_generator_py/super_lio/_super_lio_s.ep.rosidl_typesupport_introspection_c.c.o[0m
[5.444s] [ 84%] [32mBuilding C object CMakeFiles/super_lio__rosidl_typesupport_fastrtps_c__pyext.dir/rosidl_generator_py/super_lio/_super_lio_s.ep.rosidl_typesupport_fastrtps_c.c.o[0m
[5.444s] [ 84%] [32mBuilding C object CMakeFiles/super_lio__rosidl_typesupport_c__pyext.dir/rosidl_generator_py/super_lio/_super_lio_s.ep.rosidl_typesupport_c.c.o[0m
[5.536s] [ 86%] [32m[1mLinking C shared library rosidl_generator_py/super_lio/super_lio_s__rosidl_typesupport_introspection_c.cpython-310-x86_64-linux-gnu.so[0m
[5.576s] [ 88%] [32m[1mLinking C shared library rosidl_generator_py/super_lio/super_lio_s__rosidl_typesupport_fastrtps_c.cpython-310-x86_64-linux-gnu.so[0m
[5.581s] [ 88%] Built target super_lio__rosidl_typesupport_introspection_c__pyext
[5.604s] [ 90%] [32m[1mLinking C shared library rosidl_generator_py/super_lio/super_lio_s__rosidl_typesupport_c.cpython-310-x86_64-linux-gnu.so[0m
[5.614s] [ 90%] Built target super_lio__rosidl_typesupport_fastrtps_c__pyext
[5.643s] [ 90%] Built target super_lio__rosidl_typesupport_c__pyext
[31.137s] [ 92%] [32m[1mLinking CXX shared library liblio.so[0m
[35.342s] [ 92%] Built target lio
[35.363s] [ 94%] [32mBuilding CXX object CMakeFiles/relocation_node.dir/src/apps/relocation_node.cpp.o[0m
[35.365s] [ 96%] [32mBuilding CXX object CMakeFiles/super_lio_node.dir/src/apps/super_lio_node.cpp.o[0m
[41.753s] [ 98%] [32m[1mLinking CXX executable super_lio_node[0m
[41.802s] [100%] [32m[1mLinking CXX executable relocation_node[0m
[42.627s] [100%] Built target super_lio_node
[42.713s] [100%] Built target relocation_node
[42.721s] Invoked command in '/home/slam/r2_ws/lidar_ws/build/super_lio' returned '0': CMAKE_PREFIX_PATH=/home/slam/r2_ws/lidar_ws/install/livox_ros_driver2:/home/slam/r2_ws/lidar_ws/install/basic:/home/slam/r2_ws/lidar_ws/install/super_lio:/opt/ros/humble LD_LIBRARY_PATH=/home/slam/r2_ws/lidar_ws/install/livox_ros_driver2/lib:/home/slam/r2_ws/lidar_ws/install/basic/lib:/home/slam/r2_ws/lidar_ws/install/super_lio/lib:/home/slam/r2_ws/lidar_ws/install/livox_sdk2/lib:/opt/ros/humble/opt/rviz_ogre_vendor/lib:/opt/ros/humble/lib/x86_64-linux-gnu:/opt/ros/humble/lib /usr/bin/cmake --build /home/slam/r2_ws/lidar_ws/build/super_lio -- -j10 -l10
[42.723s] Invoking command in '/home/slam/r2_ws/lidar_ws/build/super_lio': CMAKE_PREFIX_PATH=/home/slam/r2_ws/lidar_ws/install/livox_ros_driver2:/home/slam/r2_ws/lidar_ws/install/basic:/home/slam/r2_ws/lidar_ws/install/super_lio:/opt/ros/humble LD_LIBRARY_PATH=/home/slam/r2_ws/lidar_ws/install/livox_ros_driver2/lib:/home/slam/r2_ws/lidar_ws/install/basic/lib:/home/slam/r2_ws/lidar_ws/install/super_lio/lib:/home/slam/r2_ws/lidar_ws/install/livox_sdk2/lib:/opt/ros/humble/opt/rviz_ogre_vendor/lib:/opt/ros/humble/lib/x86_64-linux-gnu:/opt/ros/humble/lib /usr/bin/cmake --install /home/slam/r2_ws/lidar_ws/build/super_lio
[42.729s] -- Install configuration: "Release"
[42.729s] -- Installing: /home/slam/r2_ws/lidar_ws/install/super_lio/share/ament_index/resource_index/rosidl_interfaces/super_lio
[42.729s] -- Installing: /home/slam/r2_ws/lidar_ws/install/super_lio/include/super_lio/super_lio
[42.729s] -- Installing: /home/slam/r2_ws/lidar_ws/install/super_lio/include/super_lio/super_lio/msg
[42.730s] -- Installing: /home/slam/r2_ws/lidar_ws/install/super_lio/include/super_lio/super_lio/msg/cloud_pose.h
[42.730s] -- Installing: /home/slam/r2_ws/lidar_ws/install/super_lio/include/super_lio/super_lio/msg/cloud_pose2.h
[42.730s] -- Installing: /home/slam/r2_ws/lidar_ws/install/super_lio/include/super_lio/super_lio/msg/detail
[42.730s] -- Installing: /home/slam/r2_ws/lidar_ws/install/super_lio/include/super_lio/super_lio/msg/detail/cloud_pose2__type_support.h
[42.730s] -- Installing: /home/slam/r2_ws/lidar_ws/install/super_lio/include/super_lio/super_lio/msg/detail/cloud_pose__type_support.h
[42.730s] -- Installing: /home/slam/r2_ws/lidar_ws/install/super_lio/include/super_lio/super_lio/msg/detail/cloud_pose2__functions.h
[42.730s] -- Installing: /home/slam/r2_ws/lidar_ws/install/super_lio/include/super_lio/super_lio/msg/detail/cloud_pose__functions.c
[42.730s] -- Installing: /home/slam/r2_ws/lidar_ws/install/super_lio/include/super_lio/super_lio/msg/detail/cloud_pose__functions.h
[42.730s] -- Installing: /home/slam/r2_ws/lidar_ws/install/super_lio/include/super_lio/super_lio/msg/detail/cloud_pose2__functions.c
[42.730s] -- Installing: /home/slam/r2_ws/lidar_ws/install/super_lio/include/super_lio/super_lio/msg/detail/cloud_pose2__struct.h
[42.730s] -- Installing: /home/slam/r2_ws/lidar_ws/install/super_lio/include/super_lio/super_lio/msg/detail/cloud_pose__struct.h
[42.730s] -- Installing: /home/slam/r2_ws/lidar_ws/install/super_lio/include/super_lio/super_lio/msg/rosidl_generator_c__visibility_control.h
[42.730s] -- Installing: /home/slam/r2_ws/lidar_ws/install/super_lio/share/super_lio/environment/library_path.sh
[42.730s] -- Installing: /home/slam/r2_ws/lidar_ws/install/super_lio/share/super_lio/environment/library_path.dsv
[42.730s] -- Installing: /home/slam/r2_ws/lidar_ws/install/super_lio/lib/libsuper_lio__rosidl_generator_c.so
[42.730s] -- Set runtime path of "/home/slam/r2_ws/lidar_ws/install/super_lio/lib/libsuper_lio__rosidl_generator_c.so" to ""
[42.730s] -- Up-to-date: /home/slam/r2_ws/lidar_ws/install/super_lio/include/super_lio/super_lio
[42.730s] -- Up-to-date: /home/slam/r2_ws/lidar_ws/install/super_lio/include/super_lio/super_lio/msg
[42.730s] -- Up-to-date: /home/slam/r2_ws/lidar_ws/install/super_lio/include/super_lio/super_lio/msg/detail
[42.730s] -- Installing: /home/slam/r2_ws/lidar_ws/install/super_lio/include/super_lio/super_lio/msg/detail/cloud_pose__rosidl_typesupport_fastrtps_c.h
[42.730s] -- Installing: /home/slam/r2_ws/lidar_ws/install/super_lio/include/super_lio/super_lio/msg/detail/cloud_pose2__rosidl_typesupport_fastrtps_c.h
[42.730s] -- Installing: /home/slam/r2_ws/lidar_ws/install/super_lio/include/super_lio/super_lio/msg/rosidl_typesupport_fastrtps_c__visibility_control.h
[42.730s] -- Installing: /home/slam/r2_ws/lidar_ws/install/super_lio/lib/libsuper_lio__rosidl_typesupport_fastrtps_c.so
[42.730s] -- Set runtime path of "/home/slam/r2_ws/lidar_ws/install/super_lio/lib/libsuper_lio__rosidl_typesupport_fastrtps_c.so" to ""
[42.731s] -- Up-to-date: /home/slam/r2_ws/lidar_ws/install/super_lio/include/super_lio/super_lio
[42.731s] -- Up-to-date: /home/slam/r2_ws/lidar_ws/install/super_lio/include/super_lio/super_lio/msg
[42.731s] -- Up-to-date: /home/slam/r2_ws/lidar_ws/install/super_lio/include/super_lio/super_lio/msg/detail
[42.731s] -- Installing: /home/slam/r2_ws/lidar_ws/install/super_lio/include/super_lio/super_lio/msg/detail/cloud_pose__type_support.c
[42.731s] -- Installing: /home/slam/r2_ws/lidar_ws/install/super_lio/include/super_lio/super_lio/msg/detail/cloud_pose2__type_support.c
[42.731s] -- Installing: /home/slam/r2_ws/lidar_ws/install/super_lio/include/super_lio/super_lio/msg/detail/cloud_pose__rosidl_typesupport_introspection_c.h
[42.731s] -- Installing: /home/slam/r2_ws/lidar_ws/install/super_lio/include/super_lio/super_lio/msg/detail/cloud_pose2__rosidl_typesupport_introspection_c.h
[42.731s] -- Installing: /home/slam/r2_ws/lidar_ws/install/super_lio/include/super_lio/super_lio/msg/rosidl_typesupport_introspection_c__visibility_control.h
[42.731s] -- Installing: /home/slam/r2_ws/lidar_ws/install/super_lio/lib/libsuper_lio__rosidl_typesupport_introspection_c.so
[42.731s] -- Set runtime path of "/home/slam/r2_ws/lidar_ws/install/super_lio/lib/libsuper_lio__rosidl_typesupport_introspection_c.so" to ""
[42.731s] -- Installing: /home/slam/r2_ws/lidar_ws/install/super_lio/lib/libsuper_lio__rosidl_typesupport_c.so
[42.731s] -- Set runtime path of "/home/slam/r2_ws/lidar_ws/install/super_lio/lib/libsuper_lio__rosidl_typesupport_c.so" to ""
[42.731s] -- Up-to-date: /home/slam/r2_ws/lidar_ws/install/super_lio/include/super_lio/super_lio
[42.731s] -- Up-to-date: /home/slam/r2_ws/lidar_ws/install/super_lio/include/super_lio/super_lio/msg
[42.731s] -- Installing: /home/slam/r2_ws/lidar_ws/install/super_lio/include/super_lio/super_lio/msg/cloud_pose.hpp
[42.731s] -- Up-to-date: /home/slam/r2_ws/lidar_ws/install/super_lio/include/super_lio/super_lio/msg/detail
[42.731s] -- Installing: /home/slam/r2_ws/lidar_ws/install/super_lio/include/super_lio/super_lio/msg/detail/cloud_pose2__builder.hpp
[42.731s] -- Installing: /home/slam/r2_ws/lidar_ws/install/super_lio/include/super_lio/super_lio/msg/detail/cloud_pose2__struct.hpp
[42.731s] -- Installing: /home/slam/r2_ws/lidar_ws/install/super_lio/include/super_lio/super_lio/msg/detail/cloud_pose__builder.hpp
[42.731s] -- Installing: /home/slam/r2_ws/lidar_ws/install/super_lio/include/super_lio/super_lio/msg/detail/cloud_pose2__traits.hpp
[42.731s] -- Installing: /home/slam/r2_ws/lidar_ws/install/super_lio/include/super_lio/super_lio/msg/detail/cloud_pose2__type_support.hpp
[42.731s] -- Installing: /home/slam/r2_ws/lidar_ws/install/super_lio/include/super_lio/super_lio/msg/detail/cloud_pose__struct.hpp
[42.731s] -- Installing: /home/slam/r2_ws/lidar_ws/install/super_lio/include/super_lio/super_lio/msg/detail/cloud_pose__type_support.hpp
[42.732s] -- Installing: /home/slam/r2_ws/lidar_ws/install/super_lio/include/super_lio/super_lio/msg/detail/cloud_pose__traits.hpp
[42.732s] -- Installing: /home/slam/r2_ws/lidar_ws/install/super_lio/include/super_lio/super_lio/msg/cloud_pose2.hpp
[42.732s] -- Installing: /home/slam/r2_ws/lidar_ws/install/super_lio/include/super_lio/super_lio/msg/rosidl_generator_cpp__visibility_control.hpp
[42.732s] -- Up-to-date: /home/slam/r2_ws/lidar_ws/install/super_lio/include/super_lio/super_lio
[42.732s] -- Up-to-date: /home/slam/r2_ws/lidar_ws/install/super_lio/include/super_lio/super_lio/msg
[42.732s] -- Installing: /home/slam/r2_ws/lidar_ws/install/super_lio/include/super_lio/super_lio/msg/rosidl_typesupport_fastrtps_cpp__visibility_control.h
[42.732s] -- Up-to-date: /home/slam/r2_ws/lidar_ws/install/super_lio/include/super_lio/super_lio/msg/detail
[42.732s] -- Installing: /home/slam/r2_ws/lidar_ws/install/super_lio/include/super_lio/super_lio/msg/detail/cloud_pose__rosidl_typesupport_fastrtps_cpp.hpp
[42.732s] -- Installing: /home/slam/r2_ws/lidar_ws/install/super_lio/include/super_lio/super_lio/msg/detail/cloud_pose2__rosidl_typesupport_fastrtps_cpp.hpp
[42.732s] -- Installing: /home/slam/r2_ws/lidar_ws/install/super_lio/include/super_lio/super_lio/msg/detail/dds_fastrtps
[42.732s] -- Installing: /home/slam/r2_ws/lidar_ws/install/super_lio/lib/libsuper_lio__rosidl_typesupport_fastrtps_cpp.so
[42.732s] -- Set runtime path of "/home/slam/r2_ws/lidar_ws/install/super_lio/lib/libsuper_lio__rosidl_typesupport_fastrtps_cpp.so" to ""
[42.732s] -- Up-to-date: /home/slam/r2_ws/lidar_ws/install/super_lio/include/super_lio/super_lio
[42.732s] -- Up-to-date: /home/slam/r2_ws/lidar_ws/install/super_lio/include/super_lio/super_lio/msg
[42.732s] -- Up-to-date: /home/slam/r2_ws/lidar_ws/install/super_lio/include/super_lio/super_lio/msg/detail
[42.732s] -- Installing: /home/slam/r2_ws/lidar_ws/install/super_lio/include/super_lio/super_lio/msg/detail/cloud_pose2__type_support.cpp
[42.732s] -- Installing: /home/slam/r2_ws/lidar_ws/install/super_lio/include/super_lio/super_lio/msg/detail/cloud_pose2__rosidl_typesupport_introspection_cpp.hpp
[42.732s] -- Installing: /home/slam/r2_ws/lidar_ws/install/super_lio/include/super_lio/super_lio/msg/detail/cloud_pose__rosidl_typesupport_introspection_cpp.hpp
[42.732s] -- Installing: /home/slam/r2_ws/lidar_ws/install/super_lio/include/super_lio/super_lio/msg/detail/cloud_pose__type_support.cpp
[42.732s] -- Installing: /home/slam/r2_ws/lidar_ws/install/super_lio/lib/libsuper_lio__rosidl_typesupport_introspection_cpp.so
[42.732s] -- Set runtime path of "/home/slam/r2_ws/lidar_ws/install/super_lio/lib/libsuper_lio__rosidl_typesupport_introspection_cpp.so" to ""
[42.732s] -- Installing: /home/slam/r2_ws/lidar_ws/install/super_lio/lib/libsuper_lio__rosidl_typesupport_cpp.so
[42.733s] -- Set runtime path of "/home/slam/r2_ws/lidar_ws/install/super_lio/lib/libsuper_lio__rosidl_typesupport_cpp.so" to ""
[42.733s] -- Installing: /home/slam/r2_ws/lidar_ws/install/super_lio/share/super_lio/environment/pythonpath.sh
[42.733s] -- Installing: /home/slam/r2_ws/lidar_ws/install/super_lio/share/super_lio/environment/pythonpath.dsv
[42.733s] -- Installing: /home/slam/r2_ws/lidar_ws/install/super_lio/local/lib/python3.10/dist-packages/super_lio-2.0.0-py3.10.egg-info
[42.733s] -- Installing: /home/slam/r2_ws/lidar_ws/install/super_lio/local/lib/python3.10/dist-packages/super_lio-2.0.0-py3.10.egg-info/PKG-INFO
[42.733s] -- Installing: /home/slam/r2_ws/lidar_ws/install/super_lio/local/lib/python3.10/dist-packages/super_lio-2.0.0-py3.10.egg-info/dependency_links.txt
[42.733s] -- Installing: /home/slam/r2_ws/lidar_ws/install/super_lio/local/lib/python3.10/dist-packages/super_lio-2.0.0-py3.10.egg-info/SOURCES.txt
[42.733s] -- Installing: /home/slam/r2_ws/lidar_ws/install/super_lio/local/lib/python3.10/dist-packages/super_lio-2.0.0-py3.10.egg-info/top_level.txt
[42.733s] -- Installing: /home/slam/r2_ws/lidar_ws/install/super_lio/local/lib/python3.10/dist-packages/super_lio
[42.733s] -- Installing: /home/slam/r2_ws/lidar_ws/install/super_lio/local/lib/python3.10/dist-packages/super_lio/libsuper_lio__rosidl_generator_py.so
[42.733s] -- Installing: /home/slam/r2_ws/lidar_ws/install/super_lio/local/lib/python3.10/dist-packages/super_lio/__init__.py
[42.733s] -- Installing: /home/slam/r2_ws/lidar_ws/install/super_lio/local/lib/python3.10/dist-packages/super_lio/super_lio_s__rosidl_typesupport_c.cpython-310-x86_64-linux-gnu.so
[42.733s] -- Installing: /home/slam/r2_ws/lidar_ws/install/super_lio/local/lib/python3.10/dist-packages/super_lio/_super_lio_s.ep.rosidl_typesupport_introspection_c.c
[42.733s] -- Installing: /home/slam/r2_ws/lidar_ws/install/super_lio/local/lib/python3.10/dist-packages/super_lio/_super_lio_s.ep.rosidl_typesupport_fastrtps_c.c
[42.733s] -- Installing: /home/slam/r2_ws/lidar_ws/install/super_lio/local/lib/python3.10/dist-packages/super_lio/msg
[42.733s] -- Installing: /home/slam/r2_ws/lidar_ws/install/super_lio/local/lib/python3.10/dist-packages/super_lio/msg/_cloud_pose_s.c
[42.733s] -- Installing: /home/slam/r2_ws/lidar_ws/install/super_lio/local/lib/python3.10/dist-packages/super_lio/msg/__init__.py
[42.733s] -- Installing: /home/slam/r2_ws/lidar_ws/install/super_lio/local/lib/python3.10/dist-packages/super_lio/msg/_cloud_pose2_s.c
[42.733s] -- Installing: /home/slam/r2_ws/lidar_ws/install/super_lio/local/lib/python3.10/dist-packages/super_lio/msg/_cloud_pose2.py
[42.733s] -- Installing: /home/slam/r2_ws/lidar_ws/install/super_lio/local/lib/python3.10/dist-packages/super_lio/msg/_cloud_pose.py
[42.733s] -- Installing: /home/slam/r2_ws/lidar_ws/install/super_lio/local/lib/python3.10/dist-packages/super_lio/super_lio_s__rosidl_typesupport_fastrtps_c.cpython-310-x86_64-linux-gnu.so
[42.733s] -- Installing: /home/slam/r2_ws/lidar_ws/install/super_lio/local/lib/python3.10/dist-packages/super_lio/super_lio_s__rosidl_typesupport_introspection_c.cpython-310-x86_64-linux-gnu.so
[42.734s] -- Installing: /home/slam/r2_ws/lidar_ws/install/super_lio/local/lib/python3.10/dist-packages/super_lio/_super_lio_s.ep.rosidl_typesupport_c.c
[42.757s] Listing '/home/slam/r2_ws/lidar_ws/install/super_lio/local/lib/python3.10/dist-packages/super_lio'...
[42.757s] Compiling '/home/slam/r2_ws/lidar_ws/install/super_lio/local/lib/python3.10/dist-packages/super_lio/__init__.py'...
[42.757s] Listing '/home/slam/r2_ws/lidar_ws/install/super_lio/local/lib/python3.10/dist-packages/super_lio/msg'...
[42.757s] Compiling '/home/slam/r2_ws/lidar_ws/install/super_lio/local/lib/python3.10/dist-packages/super_lio/msg/__init__.py'...
[42.757s] Compiling '/home/slam/r2_ws/lidar_ws/install/super_lio/local/lib/python3.10/dist-packages/super_lio/msg/_cloud_pose.py'...
[42.757s] Compiling '/home/slam/r2_ws/lidar_ws/install/super_lio/local/lib/python3.10/dist-packages/super_lio/msg/_cloud_pose2.py'...
[42.760s] -- Installing: /home/slam/r2_ws/lidar_ws/install/super_lio/local/lib/python3.10/dist-packages/super_lio/super_lio_s__rosidl_typesupport_fastrtps_c.cpython-310-x86_64-linux-gnu.so
[42.760s] -- Set runtime path of "/home/slam/r2_ws/lidar_ws/install/super_lio/local/lib/python3.10/dist-packages/super_lio/super_lio_s__rosidl_typesupport_fastrtps_c.cpython-310-x86_64-linux-gnu.so" to ""
[42.760s] -- Installing: /home/slam/r2_ws/lidar_ws/install/super_lio/local/lib/python3.10/dist-packages/super_lio/super_lio_s__rosidl_typesupport_introspection_c.cpython-310-x86_64-linux-gnu.so
[42.761s] -- Set runtime path of "/home/slam/r2_ws/lidar_ws/install/super_lio/local/lib/python3.10/dist-packages/super_lio/super_lio_s__rosidl_typesupport_introspection_c.cpython-310-x86_64-linux-gnu.so" to ""
[42.761s] -- Installing: /home/slam/r2_ws/lidar_ws/install/super_lio/local/lib/python3.10/dist-packages/super_lio/super_lio_s__rosidl_typesupport_c.cpython-310-x86_64-linux-gnu.so
[42.761s] -- Set runtime path of "/home/slam/r2_ws/lidar_ws/install/super_lio/local/lib/python3.10/dist-packages/super_lio/super_lio_s__rosidl_typesupport_c.cpython-310-x86_64-linux-gnu.so" to ""
[42.761s] -- Installing: /home/slam/r2_ws/lidar_ws/install/super_lio/lib/libsuper_lio__rosidl_generator_py.so
[42.761s] -- Set runtime path of "/home/slam/r2_ws/lidar_ws/install/super_lio/lib/libsuper_lio__rosidl_generator_py.so" to ""
[42.761s] -- Installing: /home/slam/r2_ws/lidar_ws/install/super_lio/share/super_lio/rust
[42.761s] -- Installing: /home/slam/r2_ws/lidar_ws/install/super_lio/share/super_lio/rust/src
[42.761s] -- Installing: /home/slam/r2_ws/lidar_ws/install/super_lio/share/super_lio/rust/src/msg.rs
[42.761s] -- Installing: /home/slam/r2_ws/lidar_ws/install/super_lio/share/super_lio/rust/src/msg
[42.761s] -- Installing: /home/slam/r2_ws/lidar_ws/install/super_lio/share/super_lio/rust/src/msg/rmw.rs
[42.761s] -- Installing: /home/slam/r2_ws/lidar_ws/install/super_lio/share/super_lio/rust/src/lib.rs
[42.761s] -- Installing: /home/slam/r2_ws/lidar_ws/install/super_lio/share/super_lio/rust/build.rs
[42.761s] -- Installing: /home/slam/r2_ws/lidar_ws/install/super_lio/share/super_lio/rust/Cargo.toml
[42.761s] -- Installing: /home/slam/r2_ws/lidar_ws/install/super_lio/share/super_lio/msg/CloudPose.idl
[42.761s] -- Installing: /home/slam/r2_ws/lidar_ws/install/super_lio/share/super_lio/msg/CloudPose2.idl
[42.761s] -- Installing: /home/slam/r2_ws/lidar_ws/install/super_lio/share/super_lio/msg/CloudPose.msg
[42.761s] -- Installing: /home/slam/r2_ws/lidar_ws/install/super_lio/share/super_lio/msg/CloudPose2.msg
[42.761s] -- Installing: /home/slam/r2_ws/lidar_ws/install/super_lio/lib/liblio.so
[42.764s] -- Set runtime path of "/home/slam/r2_ws/lidar_ws/install/super_lio/lib/liblio.so" to ""
[42.764s] -- Installing: /home/slam/r2_ws/lidar_ws/install/super_lio/lib/super_lio/super_lio_node
[42.764s] -- Set runtime path of "/home/slam/r2_ws/lidar_ws/install/super_lio/lib/super_lio/super_lio_node" to ""
[42.764s] -- Installing: /home/slam/r2_ws/lidar_ws/install/super_lio/lib/super_lio/relocation_node
[42.764s] -- Set runtime path of "/home/slam/r2_ws/lidar_ws/install/super_lio/lib/super_lio/relocation_node" to ""
[42.764s] -- Up-to-date: /home/slam/r2_ws/lidar_ws/install/super_lio/include/super_lio
[42.764s] -- Installing: /home/slam/r2_ws/lidar_ws/install/super_lio/include/super_lio/lio
[42.764s] -- Installing: /home/slam/r2_ws/lidar_ws/install/super_lio/include/super_lio/lio/params.h
[42.764s] -- Installing: /home/slam/r2_ws/lidar_ws/install/super_lio/include/super_lio/lio/super_lio_reloc.h
[42.764s] -- Installing: /home/slam/r2_ws/lidar_ws/install/super_lio/include/super_lio/lio/super_lio.h
[42.765s] -- Installing: /home/slam/r2_ws/lidar_ws/install/super_lio/include/super_lio/lio/ESKF.h
[42.765s] -- Installing: /home/slam/r2_ws/lidar_ws/install/super_lio/include/super_lio/ros
[42.765s] -- Installing: /home/slam/r2_ws/lidar_ws/install/super_lio/include/super_lio/ros/ROSWrapper.h
[42.765s] -- Installing: /home/slam/r2_ws/lidar_ws/install/super_lio/include/super_lio/common
[42.765s] -- Installing: /home/slam/r2_ws/lidar_ws/install/super_lio/include/super_lio/common/ds.h
[42.765s] -- Installing: /home/slam/r2_ws/lidar_ws/install/super_lio/include/super_lio/common/timer.h
[42.765s] -- Installing: /home/slam/r2_ws/lidar_ws/install/super_lio/include/super_lio/OctVoxMap
[42.765s] -- Installing: /home/slam/r2_ws/lidar_ws/install/super_lio/include/super_lio/OctVoxMap/VoxelGridFilter.h
[42.765s] -- Installing: /home/slam/r2_ws/lidar_ws/install/super_lio/include/super_lio/OctVoxMap/HKNN_list60_gem.h
[42.765s] -- Installing: /home/slam/r2_ws/lidar_ws/install/super_lio/include/super_lio/OctVoxMap/output
[42.765s] -- Installing: /home/slam/r2_ws/lidar_ws/install/super_lio/include/super_lio/OctVoxMap/output/.gitignore
[42.765s] -- Installing: /home/slam/r2_ws/lidar_ws/install/super_lio/include/super_lio/OctVoxMap/tsl
[42.765s] -- Installing: /home/slam/r2_ws/lidar_ws/install/super_lio/include/super_lio/OctVoxMap/tsl/robin_set.h
[42.765s] -- Installing: /home/slam/r2_ws/lidar_ws/install/super_lio/include/super_lio/OctVoxMap/tsl/robin_growth_policy.h
[42.765s] -- Installing: /home/slam/r2_ws/lidar_ws/install/super_lio/include/super_lio/OctVoxMap/tsl/robin_hood.h
[42.765s] -- Installing: /home/slam/r2_ws/lidar_ws/install/super_lio/include/super_lio/OctVoxMap/tsl/robin_map.h
[42.765s] -- Installing: /home/slam/r2_ws/lidar_ws/install/super_lio/include/super_lio/OctVoxMap/tsl/robin_hash.h
[42.765s] -- Installing: /home/slam/r2_ws/lidar_ws/install/super_lio/include/super_lio/OctVoxMap/OctVoxMap.hpp
[42.765s] -- Up-to-date: /home/slam/r2_ws/lidar_ws/install/super_lio/include/super_lio
[42.765s] -- Installing: /home/slam/r2_ws/lidar_ws/install/super_lio/include/super_lio/.gitkeep
[42.766s] -- Installing: /home/slam/r2_ws/lidar_ws/install/super_lio/share/super_lio/launch
[42.766s] -- Installing: /home/slam/r2_ws/lidar_ws/install/super_lio/share/super_lio/launch/MCD_ATH.py
[42.766s] -- Installing: /home/slam/r2_ws/lidar_ws/install/super_lio/share/super_lio/launch/r3live.py
[42.766s] -- Installing: /home/slam/r2_ws/lidar_ws/install/super_lio/share/super_lio/launch/hesai.py
[42.766s] -- Installing: /home/slam/r2_ws/lidar_ws/install/super_lio/share/super_lio/launch/M2DGR.py
[42.766s] -- Installing: /home/slam/r2_ws/lidar_ws/install/super_lio/share/super_lio/launch/NTU.py
[42.766s] -- Installing: /home/slam/r2_ws/lidar_ws/install/super_lio/share/super_lio/launch/relocation.py
[42.766s] -- Installing: /home/slam/r2_ws/lidar_ws/install/super_lio/share/super_lio/launch/Livox_mid360.py
[42.766s] -- Installing: /home/slam/r2_ws/lidar_ws/install/super_lio/share/super_lio/launch/NCLT.py
[42.766s] -- Installing: /home/slam/r2_ws/lidar_ws/install/super_lio/share/super_lio/config
[42.766s] -- Installing: /home/slam/r2_ws/lidar_ws/install/super_lio/share/super_lio/config/MCD_ATH.yaml
[42.766s] -- Installing: /home/slam/r2_ws/lidar_ws/install/super_lio/share/super_lio/config/NCLT.yaml
[42.767s] -- Installing: /home/slam/r2_ws/lidar_ws/install/super_lio/share/super_lio/config/livox_360.yaml
[42.767s] -- Installing: /home/slam/r2_ws/lidar_ws/install/super_lio/share/super_lio/config/hesai.yaml
[42.767s] -- Installing: /home/slam/r2_ws/lidar_ws/install/super_lio/share/super_lio/config/NTU.yaml
[42.767s] -- Installing: /home/slam/r2_ws/lidar_ws/install/super_lio/share/super_lio/config/r3live.yaml
[42.767s] -- Installing: /home/slam/r2_ws/lidar_ws/install/super_lio/share/super_lio/config/relocation.yaml
[42.767s] -- Installing: /home/slam/r2_ws/lidar_ws/install/super_lio/share/super_lio/config/M2DGR.yaml
[42.767s] -- Installing: /home/slam/r2_ws/lidar_ws/install/super_lio/share/super_lio/rviz
[42.767s] -- Installing: /home/slam/r2_ws/lidar_ws/install/super_lio/share/super_lio/rviz/lio.rviz
[42.768s] -- Installing: /home/slam/r2_ws/lidar_ws/install/super_lio/share/super_lio/rviz/relocation.rviz
[42.768s] -- Installing: /home/slam/r2_ws/lidar_ws/install/super_lio/share/ament_index/resource_index/package_run_dependencies/super_lio
[42.768s] -- Installing: /home/slam/r2_ws/lidar_ws/install/super_lio/share/ament_index/resource_index/parent_prefix_path/super_lio
[42.768s] -- Installing: /home/slam/r2_ws/lidar_ws/install/super_lio/share/super_lio/environment/ament_prefix_path.sh
[42.768s] -- Installing: /home/slam/r2_ws/lidar_ws/install/super_lio/share/super_lio/environment/ament_prefix_path.dsv
[42.768s] -- Installing: /home/slam/r2_ws/lidar_ws/install/super_lio/share/super_lio/environment/path.sh
[42.768s] -- Installing: /home/slam/r2_ws/lidar_ws/install/super_lio/share/super_lio/environment/path.dsv
[42.768s] -- Installing: /home/slam/r2_ws/lidar_ws/install/super_lio/share/super_lio/local_setup.bash
[42.768s] -- Installing: /home/slam/r2_ws/lidar_ws/install/super_lio/share/super_lio/local_setup.sh
[42.768s] -- Installing: /home/slam/r2_ws/lidar_ws/install/super_lio/share/super_lio/local_setup.zsh
[42.768s] -- Installing: /home/slam/r2_ws/lidar_ws/install/super_lio/share/super_lio/local_setup.dsv
[42.768s] -- Installing: /home/slam/r2_ws/lidar_ws/install/super_lio/share/super_lio/package.dsv
[42.768s] -- Installing: /home/slam/r2_ws/lidar_ws/install/super_lio/share/ament_index/resource_index/packages/super_lio
[42.768s] -- Installing: /home/slam/r2_ws/lidar_ws/install/super_lio/share/super_lio/cmake/export_super_lio__rosidl_generator_cExport.cmake
[42.768s] -- Installing: /home/slam/r2_ws/lidar_ws/install/super_lio/share/super_lio/cmake/export_super_lio__rosidl_generator_cExport-release.cmake
[42.768s] -- Installing: /home/slam/r2_ws/lidar_ws/install/super_lio/share/super_lio/cmake/export_super_lio__rosidl_typesupport_fastrtps_cExport.cmake
[42.768s] -- Installing: /home/slam/r2_ws/lidar_ws/install/super_lio/share/super_lio/cmake/export_super_lio__rosidl_typesupport_fastrtps_cExport-release.cmake
[42.769s] -- Installing: /home/slam/r2_ws/lidar_ws/install/super_lio/share/super_lio/cmake/super_lio__rosidl_typesupport_introspection_cExport.cmake
[42.769s] -- Installing: /home/slam/r2_ws/lidar_ws/install/super_lio/share/super_lio/cmake/super_lio__rosidl_typesupport_introspection_cExport-release.cmake
[42.769s] -- Installing: /home/slam/r2_ws/lidar_ws/install/super_lio/share/super_lio/cmake/super_lio__rosidl_typesupport_cExport.cmake
[42.769s] -- Installing: /home/slam/r2_ws/lidar_ws/install/super_lio/share/super_lio/cmake/super_lio__rosidl_typesupport_cExport-release.cmake
[42.769s] -- Installing: /home/slam/r2_ws/lidar_ws/install/super_lio/share/super_lio/cmake/export_super_lio__rosidl_generator_cppExport.cmake
[42.769s] -- Installing: /home/slam/r2_ws/lidar_ws/install/super_lio/share/super_lio/cmake/export_super_lio__rosidl_typesupport_fastrtps_cppExport.cmake
[42.769s] -- Installing: /home/slam/r2_ws/lidar_ws/install/super_lio/share/super_lio/cmake/export_super_lio__rosidl_typesupport_fastrtps_cppExport-release.cmake
[42.769s] -- Installing: /home/slam/r2_ws/lidar_ws/install/super_lio/share/super_lio/cmake/super_lio__rosidl_typesupport_introspection_cppExport.cmake
[42.769s] -- Installing: /home/slam/r2_ws/lidar_ws/install/super_lio/share/super_lio/cmake/super_lio__rosidl_typesupport_introspection_cppExport-release.cmake
[42.769s] -- Installing: /home/slam/r2_ws/lidar_ws/install/super_lio/share/super_lio/cmake/super_lio__rosidl_typesupport_cppExport.cmake
[42.769s] -- Installing: /home/slam/r2_ws/lidar_ws/install/super_lio/share/super_lio/cmake/super_lio__rosidl_typesupport_cppExport-release.cmake
[42.769s] -- Installing: /home/slam/r2_ws/lidar_ws/install/super_lio/share/super_lio/cmake/export_super_lio__rosidl_generator_pyExport.cmake
[42.769s] -- Installing: /home/slam/r2_ws/lidar_ws/install/super_lio/share/super_lio/cmake/export_super_lio__rosidl_generator_pyExport-release.cmake
[42.769s] -- Installing: /home/slam/r2_ws/lidar_ws/install/super_lio/share/super_lio/cmake/rosidl_cmake-extras.cmake
[42.769s] -- Installing: /home/slam/r2_ws/lidar_ws/install/super_lio/share/super_lio/cmake/ament_cmake_export_dependencies-extras.cmake
[42.769s] -- Installing: /home/slam/r2_ws/lidar_ws/install/super_lio/share/super_lio/cmake/ament_cmake_export_include_directories-extras.cmake
[42.769s] -- Installing: /home/slam/r2_ws/lidar_ws/install/super_lio/share/super_lio/cmake/ament_cmake_export_libraries-extras.cmake
[42.770s] -- Installing: /home/slam/r2_ws/lidar_ws/install/super_lio/share/super_lio/cmake/ament_cmake_export_targets-extras.cmake
[42.770s] -- Installing: /home/slam/r2_ws/lidar_ws/install/super_lio/share/super_lio/cmake/rosidl_cmake_export_typesupport_targets-extras.cmake
[42.770s] -- Installing: /home/slam/r2_ws/lidar_ws/install/super_lio/share/super_lio/cmake/rosidl_cmake_export_typesupport_libraries-extras.cmake
[42.770s] -- Installing: /home/slam/r2_ws/lidar_ws/install/super_lio/share/super_lio/cmake/rosidl_cmake_aggregate_target-extras.cmake
[42.770s] -- Installing: /home/slam/r2_ws/lidar_ws/install/super_lio/share/super_lio/cmake/super_lioConfig.cmake
[42.770s] -- Installing: /home/slam/r2_ws/lidar_ws/install/super_lio/share/super_lio/cmake/super_lioConfig-version.cmake
[42.770s] -- Installing: /home/slam/r2_ws/lidar_ws/install/super_lio/share/super_lio/package.xml
[42.771s] Invoked command in '/home/slam/r2_ws/lidar_ws/build/super_lio' returned '0': CMAKE_PREFIX_PATH=/home/slam/r2_ws/lidar_ws/install/livox_ros_driver2:/home/slam/r2_ws/lidar_ws/install/basic:/home/slam/r2_ws/lidar_ws/install/super_lio:/opt/ros/humble LD_LIBRARY_PATH=/home/slam/r2_ws/lidar_ws/install/livox_ros_driver2/lib:/home/slam/r2_ws/lidar_ws/install/basic/lib:/home/slam/r2_ws/lidar_ws/install/super_lio/lib:/home/slam/r2_ws/lidar_ws/install/livox_sdk2/lib:/opt/ros/humble/opt/rviz_ogre_vendor/lib:/opt/ros/humble/lib/x86_64-linux-gnu:/opt/ros/humble/lib /usr/bin/cmake --install /home/slam/r2_ws/lidar_ws/build/super_lio
