[0.149s] DEBUG:colcon:Command line arguments: ['/home/slam/.local/bin/colcon', 'build']
[0.150s] DEBUG:colcon:Parsed command line arguments: Namespace(log_base=None, log_level=None, verb_name='build', build_base='build', install_base='install', merge_install=False, symlink_install=False, test_result_base=None, continue_on_error=False, executor='parallel', parallel_workers=10, event_handlers=None, ignore_user_meta=False, metas=['./colcon.meta'], base_paths=['.'], packages_ignore=None, packages_ignore_regex=None, paths=None, packages_up_to=None, packages_up_to_regex=None, packages_above=None, packages_above_and_dependencies=None, packages_above_depth=None, packages_select_by_dep=None, packages_skip_by_dep=None, packages_skip_up_to=None, packages_select_build_failed=False, packages_skip_build_finished=False, packages_select_test_failures=False, packages_skip_test_passed=False, packages_select=None, packages_skip=None, packages_select_regex=None, packages_skip_regex=None, packages_start=None, packages_end=None, cmake_args=None, cmake_target=None, cmake_target_skip_unavailable=False, cmake_clean_cache=False, cmake_clean_first=False, cmake_force_configure=False, ament_cmake_args=None, catkin_cmake_args=None, catkin_skip_building_tests=False, verb_parser=<colcon_defaults.argument_parser.defaults.DefaultArgumentsDecorator object at 0x7bb324b13970>, verb_extension=<colcon_core.verb.build.BuildVerb object at 0x7bb324b133d0>, main=<bound method BuildVerb.main of <colcon_core.verb.build.BuildVerb object at 0x7bb324b133d0>>)
[0.264s] Level 1:colcon.colcon_core.package_discovery:discover_packages(colcon_meta) check parameters
[0.264s] Level 1:colcon.colcon_core.package_discovery:discover_packages(recursive) check parameters
[0.265s] Level 1:colcon.colcon_core.package_discovery:discover_packages(ignore) check parameters
[0.265s] Level 1:colcon.colcon_core.package_discovery:discover_packages(path) check parameters
[0.265s] Level 1:colcon.colcon_core.package_discovery:discover_packages(colcon_meta) discover
[0.265s] Level 1:colcon.colcon_core.package_discovery:discover_packages(recursive) discover
[0.265s] INFO:colcon.colcon_core.package_discovery:Crawling recursively for packages in '/home/slam/r2_ws/lidar_ws'
[0.265s] Level 1:colcon.colcon_core.package_identification:_identify(.) by extensions ['ignore', 'ignore_ament_install']
[0.265s] Level 1:colcon.colcon_core.package_identification:_identify(.) by extension 'ignore'
[0.265s] Level 1:colcon.colcon_core.package_identification:_identify(.) by extension 'ignore_ament_install'
[0.265s] Level 1:colcon.colcon_core.package_identification:_identify(.) by extensions ['colcon_pkg']
[0.265s] Level 1:colcon.colcon_core.package_identification:_identify(.) by extension 'colcon_pkg'
[0.265s] Level 1:colcon.colcon_core.package_identification:_identify(.) by extensions ['colcon_meta']
[0.265s] Level 1:colcon.colcon_core.package_identification:_identify(.) by extension 'colcon_meta'
[0.265s] Level 1:colcon.colcon_core.package_identification:_identify(.) by extensions ['ros']
[0.265s] Level 1:colcon.colcon_core.package_identification:_identify(.) by extension 'ros'
[0.273s] Level 1:colcon.colcon_core.package_identification:_identify(.) by extensions ['cmake', 'python']
[0.273s] Level 1:colcon.colcon_core.package_identification:_identify(.) by extension 'cmake'
[0.273s] Level 1:colcon.colcon_core.package_identification:_identify(.) by extension 'python'
[0.273s] Level 1:colcon.colcon_core.package_identification:_identify(.) by extensions ['python_setup_py']
[0.273s] Level 1:colcon.colcon_core.package_identification:_identify(.) by extension 'python_setup_py'
[0.273s] Level 1:colcon.colcon_core.package_identification:_identify(Livox-SDK2) by extensions ['ignore', 'ignore_ament_install']
[0.273s] Level 1:colcon.colcon_core.package_identification:_identify(Livox-SDK2) by extension 'ignore'
[0.273s] Level 1:colcon.colcon_core.package_identification:_identify(Livox-SDK2) by extension 'ignore_ament_install'
[0.273s] Level 1:colcon.colcon_core.package_identification:_identify(Livox-SDK2) by extensions ['colcon_pkg']
[0.273s] Level 1:colcon.colcon_core.package_identification:_identify(Livox-SDK2) by extension 'colcon_pkg'
[0.273s] Level 1:colcon.colcon_core.package_identification:_identify(Livox-SDK2) by extensions ['colcon_meta']
[0.273s] Level 1:colcon.colcon_core.package_identification:_identify(Livox-SDK2) by extension 'colcon_meta'
[0.273s] Level 1:colcon.colcon_core.package_identification:_identify(Livox-SDK2) by extensions ['ros']
[0.273s] Level 1:colcon.colcon_core.package_identification:_identify(Livox-SDK2) by extension 'ros'
[0.273s] Level 1:colcon.colcon_core.package_identification:_identify(Livox-SDK2) by extensions ['cmake', 'python']
[0.273s] Level 1:colcon.colcon_core.package_identification:_identify(Livox-SDK2) by extension 'cmake'
[0.285s] Level 1:colcon.colcon_core.package_identification:_identify(Livox-SDK2) by extension 'python'
[0.285s] DEBUG:colcon.colcon_core.package_identification:Package 'Livox-SDK2' with type 'cmake' and name 'livox_sdk2'
[0.285s] Level 1:colcon.colcon_core.package_identification:_identify(build) by extensions ['ignore', 'ignore_ament_install']
[0.285s] Level 1:colcon.colcon_core.package_identification:_identify(build) by extension 'ignore'
[0.285s] Level 1:colcon.colcon_core.package_identification:_identify(build) ignored
[0.285s] Level 1:colcon.colcon_core.package_identification:_identify(install) by extensions ['ignore', 'ignore_ament_install']
[0.285s] Level 1:colcon.colcon_core.package_identification:_identify(install) by extension 'ignore'
[0.285s] Level 1:colcon.colcon_core.package_identification:_identify(install) ignored
[0.285s] Level 1:colcon.colcon_core.package_identification:_identify(log) by extensions ['ignore', 'ignore_ament_install']
[0.285s] Level 1:colcon.colcon_core.package_identification:_identify(log) by extension 'ignore'
[0.285s] Level 1:colcon.colcon_core.package_identification:_identify(log) ignored
[0.285s] Level 1:colcon.colcon_core.package_identification:_identify(src) by extensions ['ignore', 'ignore_ament_install']
[0.285s] Level 1:colcon.colcon_core.package_identification:_identify(src) by extension 'ignore'
[0.285s] Level 1:colcon.colcon_core.package_identification:_identify(src) by extension 'ignore_ament_install'
[0.285s] Level 1:colcon.colcon_core.package_identification:_identify(src) by extensions ['colcon_pkg']
[0.285s] Level 1:colcon.colcon_core.package_identification:_identify(src) by extension 'colcon_pkg'
[0.285s] Level 1:colcon.colcon_core.package_identification:_identify(src) by extensions ['colcon_meta']
[0.285s] Level 1:colcon.colcon_core.package_identification:_identify(src) by extension 'colcon_meta'
[0.285s] Level 1:colcon.colcon_core.package_identification:_identify(src) by extensions ['ros']
[0.285s] Level 1:colcon.colcon_core.package_identification:_identify(src) by extension 'ros'
[0.285s] Level 1:colcon.colcon_core.package_identification:_identify(src) by extensions ['cmake', 'python']
[0.285s] Level 1:colcon.colcon_core.package_identification:_identify(src) by extension 'cmake'
[0.285s] Level 1:colcon.colcon_core.package_identification:_identify(src) by extension 'python'
[0.286s] Level 1:colcon.colcon_core.package_identification:_identify(src) by extensions ['python_setup_py']
[0.286s] Level 1:colcon.colcon_core.package_identification:_identify(src) by extension 'python_setup_py'
[0.286s] Level 1:colcon.colcon_core.package_identification:_identify(src/Super-LIO) by extensions ['ignore', 'ignore_ament_install']
[0.286s] Level 1:colcon.colcon_core.package_identification:_identify(src/Super-LIO) by extension 'ignore'
[0.286s] Level 1:colcon.colcon_core.package_identification:_identify(src/Super-LIO) by extension 'ignore_ament_install'
[0.286s] Level 1:colcon.colcon_core.package_identification:_identify(src/Super-LIO) by extensions ['colcon_pkg']
[0.286s] Level 1:colcon.colcon_core.package_identification:_identify(src/Super-LIO) by extension 'colcon_pkg'
[0.286s] Level 1:colcon.colcon_core.package_identification:_identify(src/Super-LIO) by extensions ['colcon_meta']
[0.286s] Level 1:colcon.colcon_core.package_identification:_identify(src/Super-LIO) by extension 'colcon_meta'
[0.286s] Level 1:colcon.colcon_core.package_identification:_identify(src/Super-LIO) by extensions ['ros']
[0.286s] Level 1:colcon.colcon_core.package_identification:_identify(src/Super-LIO) by extension 'ros'
[0.286s] Level 1:colcon.colcon_core.package_identification:_identify(src/Super-LIO) by extensions ['cmake', 'python']
[0.286s] Level 1:colcon.colcon_core.package_identification:_identify(src/Super-LIO) by extension 'cmake'
[0.286s] Level 1:colcon.colcon_core.package_identification:_identify(src/Super-LIO) by extension 'python'
[0.286s] Level 1:colcon.colcon_core.package_identification:_identify(src/Super-LIO) by extensions ['python_setup_py']
[0.286s] Level 1:colcon.colcon_core.package_identification:_identify(src/Super-LIO) by extension 'python_setup_py'
[0.286s] Level 1:colcon.colcon_core.package_identification:_identify(src/Super-LIO/docs) by extensions ['ignore', 'ignore_ament_install']
[0.286s] Level 1:colcon.colcon_core.package_identification:_identify(src/Super-LIO/docs) by extension 'ignore'
[0.286s] Level 1:colcon.colcon_core.package_identification:_identify(src/Super-LIO/docs) by extension 'ignore_ament_install'
[0.286s] Level 1:colcon.colcon_core.package_identification:_identify(src/Super-LIO/docs) by extensions ['colcon_pkg']
[0.286s] Level 1:colcon.colcon_core.package_identification:_identify(src/Super-LIO/docs) by extension 'colcon_pkg'
[0.286s] Level 1:colcon.colcon_core.package_identification:_identify(src/Super-LIO/docs) by extensions ['colcon_meta']
[0.286s] Level 1:colcon.colcon_core.package_identification:_identify(src/Super-LIO/docs) by extension 'colcon_meta'
[0.286s] Level 1:colcon.colcon_core.package_identification:_identify(src/Super-LIO/docs) by extensions ['ros']
[0.286s] Level 1:colcon.colcon_core.package_identification:_identify(src/Super-LIO/docs) by extension 'ros'
[0.286s] Level 1:colcon.colcon_core.package_identification:_identify(src/Super-LIO/docs) by extensions ['cmake', 'python']
[0.286s] Level 1:colcon.colcon_core.package_identification:_identify(src/Super-LIO/docs) by extension 'cmake'
[0.286s] Level 1:colcon.colcon_core.package_identification:_identify(src/Super-LIO/docs) by extension 'python'
[0.286s] Level 1:colcon.colcon_core.package_identification:_identify(src/Super-LIO/docs) by extensions ['python_setup_py']
[0.286s] Level 1:colcon.colcon_core.package_identification:_identify(src/Super-LIO/docs) by extension 'python_setup_py'
[0.286s] Level 1:colcon.colcon_core.package_identification:_identify(src/Super-LIO/src) by extensions ['ignore', 'ignore_ament_install']
[0.286s] Level 1:colcon.colcon_core.package_identification:_identify(src/Super-LIO/src) by extension 'ignore'
[0.286s] Level 1:colcon.colcon_core.package_identification:_identify(src/Super-LIO/src) by extension 'ignore_ament_install'
[0.286s] Level 1:colcon.colcon_core.package_identification:_identify(src/Super-LIO/src) by extensions ['colcon_pkg']
[0.286s] Level 1:colcon.colcon_core.package_identification:_identify(src/Super-LIO/src) by extension 'colcon_pkg'
[0.286s] Level 1:colcon.colcon_core.package_identification:_identify(src/Super-LIO/src) by extensions ['colcon_meta']
[0.286s] Level 1:colcon.colcon_core.package_identification:_identify(src/Super-LIO/src) by extension 'colcon_meta'
[0.286s] Level 1:colcon.colcon_core.package_identification:_identify(src/Super-LIO/src) by extensions ['ros']
[0.286s] Level 1:colcon.colcon_core.package_identification:_identify(src/Super-LIO/src) by extension 'ros'
[0.287s] Level 1:colcon.colcon_core.package_identification:_identify(src/Super-LIO/src) by extensions ['cmake', 'python']
[0.287s] Level 1:colcon.colcon_core.package_identification:_identify(src/Super-LIO/src) by extension 'cmake'
[0.287s] Level 1:colcon.colcon_core.package_identification:_identify(src/Super-LIO/src) by extension 'python'
[0.287s] Level 1:colcon.colcon_core.package_identification:_identify(src/Super-LIO/src) by extensions ['python_setup_py']
[0.287s] Level 1:colcon.colcon_core.package_identification:_identify(src/Super-LIO/src) by extension 'python_setup_py'
[0.287s] Level 1:colcon.colcon_core.package_identification:_identify(src/Super-LIO/src/basic) by extensions ['ignore', 'ignore_ament_install']
[0.287s] Level 1:colcon.colcon_core.package_identification:_identify(src/Super-LIO/src/basic) by extension 'ignore'
[0.287s] Level 1:colcon.colcon_core.package_identification:_identify(src/Super-LIO/src/basic) by extension 'ignore_ament_install'
[0.287s] Level 1:colcon.colcon_core.package_identification:_identify(src/Super-LIO/src/basic) by extensions ['colcon_pkg']
[0.287s] Level 1:colcon.colcon_core.package_identification:_identify(src/Super-LIO/src/basic) by extension 'colcon_pkg'
[0.287s] Level 1:colcon.colcon_core.package_identification:_identify(src/Super-LIO/src/basic) by extensions ['colcon_meta']
[0.287s] Level 1:colcon.colcon_core.package_identification:_identify(src/Super-LIO/src/basic) by extension 'colcon_meta'
[0.287s] Level 1:colcon.colcon_core.package_identification:_identify(src/Super-LIO/src/basic) by extensions ['ros']
[0.287s] Level 1:colcon.colcon_core.package_identification:_identify(src/Super-LIO/src/basic) by extension 'ros'
[0.290s] DEBUG:colcon.colcon_core.package_identification:Package 'src/Super-LIO/src/basic' with type 'ros.ament_cmake' and name 'basic'
[0.290s] Level 1:colcon.colcon_core.package_identification:_identify(src/Super-LIO/src/super_lio) by extensions ['ignore', 'ignore_ament_install']
[0.290s] Level 1:colcon.colcon_core.package_identification:_identify(src/Super-LIO/src/super_lio) by extension 'ignore'
[0.290s] Level 1:colcon.colcon_core.package_identification:_identify(src/Super-LIO/src/super_lio) by extension 'ignore_ament_install'
[0.290s] Level 1:colcon.colcon_core.package_identification:_identify(src/Super-LIO/src/super_lio) by extensions ['colcon_pkg']
[0.290s] Level 1:colcon.colcon_core.package_identification:_identify(src/Super-LIO/src/super_lio) by extension 'colcon_pkg'
[0.290s] Level 1:colcon.colcon_core.package_identification:_identify(src/Super-LIO/src/super_lio) by extensions ['colcon_meta']
[0.290s] Level 1:colcon.colcon_core.package_identification:_identify(src/Super-LIO/src/super_lio) by extension 'colcon_meta'
[0.290s] Level 1:colcon.colcon_core.package_identification:_identify(src/Super-LIO/src/super_lio) by extensions ['ros']
[0.290s] Level 1:colcon.colcon_core.package_identification:_identify(src/Super-LIO/src/super_lio) by extension 'ros'
[0.291s] DEBUG:colcon.colcon_core.package_identification:Package 'src/Super-LIO/src/super_lio' with type 'ros.ament_cmake' and name 'super_lio'
[0.291s] Level 1:colcon.colcon_core.package_identification:_identify(src/build) by extensions ['ignore', 'ignore_ament_install']
[0.291s] Level 1:colcon.colcon_core.package_identification:_identify(src/build) by extension 'ignore'
[0.291s] Level 1:colcon.colcon_core.package_identification:_identify(src/build) ignored
[0.291s] Level 1:colcon.colcon_core.package_identification:_identify(src/install) by extensions ['ignore', 'ignore_ament_install']
[0.291s] Level 1:colcon.colcon_core.package_identification:_identify(src/install) by extension 'ignore'
[0.291s] Level 1:colcon.colcon_core.package_identification:_identify(src/install) ignored
[0.291s] Level 1:colcon.colcon_core.package_identification:_identify(src/livox_ros_driver2) by extensions ['ignore', 'ignore_ament_install']
[0.291s] Level 1:colcon.colcon_core.package_identification:_identify(src/livox_ros_driver2) by extension 'ignore'
[0.292s] Level 1:colcon.colcon_core.package_identification:_identify(src/livox_ros_driver2) by extension 'ignore_ament_install'
[0.292s] Level 1:colcon.colcon_core.package_identification:_identify(src/livox_ros_driver2) by extensions ['colcon_pkg']
[0.292s] Level 1:colcon.colcon_core.package_identification:_identify(src/livox_ros_driver2) by extension 'colcon_pkg'
[0.292s] Level 1:colcon.colcon_core.package_identification:_identify(src/livox_ros_driver2) by extensions ['colcon_meta']
[0.292s] Level 1:colcon.colcon_core.package_identification:_identify(src/livox_ros_driver2) by extension 'colcon_meta'
[0.292s] Level 1:colcon.colcon_core.package_identification:_identify(src/livox_ros_driver2) by extensions ['ros']
[0.292s] Level 1:colcon.colcon_core.package_identification:_identify(src/livox_ros_driver2) by extension 'ros'
[0.292s] DEBUG:colcon.colcon_core.package_identification:Package 'src/livox_ros_driver2' with type 'ros.ament_cmake' and name 'livox_ros_driver2'
[0.293s] Level 1:colcon.colcon_core.package_identification:_identify(src/log) by extensions ['ignore', 'ignore_ament_install']
[0.293s] Level 1:colcon.colcon_core.package_identification:_identify(src/log) by extension 'ignore'
[0.293s] Level 1:colcon.colcon_core.package_identification:_identify(src/log) ignored
[0.293s] Level 1:colcon.colcon_core.package_discovery:discover_packages(recursive) using defaults
[0.293s] Level 1:colcon.colcon_core.package_discovery:discover_packages(ignore) discover
[0.293s] Level 1:colcon.colcon_core.package_discovery:discover_packages(ignore) using defaults
[0.293s] Level 1:colcon.colcon_core.package_discovery:discover_packages(path) discover
[0.293s] Level 1:colcon.colcon_core.package_discovery:discover_packages(path) using defaults
[0.310s] Level 5:colcon.colcon_core.verb:set package 'basic' build argument 'cmake_args' from command line to 'None'
[0.310s] Level 5:colcon.colcon_core.verb:set package 'basic' build argument 'cmake_target' from command line to 'None'
[0.311s] Level 5:colcon.colcon_core.verb:set package 'basic' build argument 'cmake_target_skip_unavailable' from command line to 'False'
[0.311s] Level 5:colcon.colcon_core.verb:set package 'basic' build argument 'cmake_clean_cache' from command line to 'False'
[0.311s] Level 5:colcon.colcon_core.verb:set package 'basic' build argument 'cmake_clean_first' from command line to 'False'
[0.311s] Level 5:colcon.colcon_core.verb:set package 'basic' build argument 'cmake_force_configure' from command line to 'False'
[0.311s] Level 5:colcon.colcon_core.verb:set package 'basic' build argument 'ament_cmake_args' from command line to 'None'
[0.311s] Level 5:colcon.colcon_core.verb:set package 'basic' build argument 'catkin_cmake_args' from command line to 'None'
[0.311s] Level 5:colcon.colcon_core.verb:set package 'basic' build argument 'catkin_skip_building_tests' from command line to 'False'
[0.311s] DEBUG:colcon.colcon_core.verb:Building package 'basic' with the following arguments: {'ament_cmake_args': None, 'build_base': '/home/slam/r2_ws/lidar_ws/build/basic', 'catkin_cmake_args': None, 'catkin_skip_building_tests': False, 'cmake_args': None, 'cmake_clean_cache': False, 'cmake_clean_first': False, 'cmake_force_configure': False, 'cmake_target': None, 'cmake_target_skip_unavailable': False, 'install_base': '/home/slam/r2_ws/lidar_ws/install/basic', 'merge_install': False, 'path': '/home/slam/r2_ws/lidar_ws/src/Super-LIO/src/basic', 'symlink_install': False, 'test_result_base': None}
[0.311s] Level 5:colcon.colcon_core.verb:set package 'livox_ros_driver2' build argument 'cmake_args' from command line to 'None'
[0.311s] Level 5:colcon.colcon_core.verb:set package 'livox_ros_driver2' build argument 'cmake_target' from command line to 'None'
[0.311s] Level 5:colcon.colcon_core.verb:set package 'livox_ros_driver2' build argument 'cmake_target_skip_unavailable' from command line to 'False'
[0.311s] Level 5:colcon.colcon_core.verb:set package 'livox_ros_driver2' build argument 'cmake_clean_cache' from command line to 'False'
[0.311s] Level 5:colcon.colcon_core.verb:set package 'livox_ros_driver2' build argument 'cmake_clean_first' from command line to 'False'
[0.311s] Level 5:colcon.colcon_core.verb:set package 'livox_ros_driver2' build argument 'cmake_force_configure' from command line to 'False'
[0.311s] Level 5:colcon.colcon_core.verb:set package 'livox_ros_driver2' build argument 'ament_cmake_args' from command line to 'None'
[0.311s] Level 5:colcon.colcon_core.verb:set package 'livox_ros_driver2' build argument 'catkin_cmake_args' from command line to 'None'
[0.311s] Level 5:colcon.colcon_core.verb:set package 'livox_ros_driver2' build argument 'catkin_skip_building_tests' from command line to 'False'
[0.311s] DEBUG:colcon.colcon_core.verb:Building package 'livox_ros_driver2' with the following arguments: {'ament_cmake_args': None, 'build_base': '/home/slam/r2_ws/lidar_ws/build/livox_ros_driver2', 'catkin_cmake_args': None, 'catkin_skip_building_tests': False, 'cmake_args': None, 'cmake_clean_cache': False, 'cmake_clean_first': False, 'cmake_force_configure': False, 'cmake_target': None, 'cmake_target_skip_unavailable': False, 'install_base': '/home/slam/r2_ws/lidar_ws/install/livox_ros_driver2', 'merge_install': False, 'path': '/home/slam/r2_ws/lidar_ws/src/livox_ros_driver2', 'symlink_install': False, 'test_result_base': None}
[0.311s] Level 5:colcon.colcon_core.verb:set package 'livox_sdk2' build argument 'cmake_args' from command line to 'None'
[0.311s] Level 5:colcon.colcon_core.verb:set package 'livox_sdk2' build argument 'cmake_target' from command line to 'None'
[0.311s] Level 5:colcon.colcon_core.verb:set package 'livox_sdk2' build argument 'cmake_target_skip_unavailable' from command line to 'False'
[0.311s] Level 5:colcon.colcon_core.verb:set package 'livox_sdk2' build argument 'cmake_clean_cache' from command line to 'False'
[0.311s] Level 5:colcon.colcon_core.verb:set package 'livox_sdk2' build argument 'cmake_clean_first' from command line to 'False'
[0.311s] Level 5:colcon.colcon_core.verb:set package 'livox_sdk2' build argument 'cmake_force_configure' from command line to 'False'
[0.311s] Level 5:colcon.colcon_core.verb:set package 'livox_sdk2' build argument 'ament_cmake_args' from command line to 'None'
[0.311s] Level 5:colcon.colcon_core.verb:set package 'livox_sdk2' build argument 'catkin_cmake_args' from command line to 'None'
[0.311s] Level 5:colcon.colcon_core.verb:set package 'livox_sdk2' build argument 'catkin_skip_building_tests' from command line to 'False'
[0.311s] DEBUG:colcon.colcon_core.verb:Building package 'livox_sdk2' with the following arguments: {'ament_cmake_args': None, 'build_base': '/home/slam/r2_ws/lidar_ws/build/livox_sdk2', 'catkin_cmake_args': None, 'catkin_skip_building_tests': False, 'cmake_args': None, 'cmake_clean_cache': False, 'cmake_clean_first': False, 'cmake_force_configure': False, 'cmake_target': None, 'cmake_target_skip_unavailable': False, 'install_base': '/home/slam/r2_ws/lidar_ws/install/livox_sdk2', 'merge_install': False, 'path': '/home/slam/r2_ws/lidar_ws/Livox-SDK2', 'symlink_install': False, 'test_result_base': None}
[0.311s] Level 5:colcon.colcon_core.verb:set package 'super_lio' build argument 'cmake_args' from command line to 'None'
[0.311s] Level 5:colcon.colcon_core.verb:set package 'super_lio' build argument 'cmake_target' from command line to 'None'
[0.311s] Level 5:colcon.colcon_core.verb:set package 'super_lio' build argument 'cmake_target_skip_unavailable' from command line to 'False'
[0.311s] Level 5:colcon.colcon_core.verb:set package 'super_lio' build argument 'cmake_clean_cache' from command line to 'False'
[0.311s] Level 5:colcon.colcon_core.verb:set package 'super_lio' build argument 'cmake_clean_first' from command line to 'False'
[0.311s] Level 5:colcon.colcon_core.verb:set package 'super_lio' build argument 'cmake_force_configure' from command line to 'False'
[0.311s] Level 5:colcon.colcon_core.verb:set package 'super_lio' build argument 'ament_cmake_args' from command line to 'None'
[0.311s] Level 5:colcon.colcon_core.verb:set package 'super_lio' build argument 'catkin_cmake_args' from command line to 'None'
[0.311s] Level 5:colcon.colcon_core.verb:set package 'super_lio' build argument 'catkin_skip_building_tests' from command line to 'False'
[0.311s] DEBUG:colcon.colcon_core.verb:Building package 'super_lio' with the following arguments: {'ament_cmake_args': None, 'build_base': '/home/slam/r2_ws/lidar_ws/build/super_lio', 'catkin_cmake_args': None, 'catkin_skip_building_tests': False, 'cmake_args': None, 'cmake_clean_cache': False, 'cmake_clean_first': False, 'cmake_force_configure': False, 'cmake_target': None, 'cmake_target_skip_unavailable': False, 'install_base': '/home/slam/r2_ws/lidar_ws/install/super_lio', 'merge_install': False, 'path': '/home/slam/r2_ws/lidar_ws/src/Super-LIO/src/super_lio', 'symlink_install': False, 'test_result_base': None}
[0.312s] INFO:colcon.colcon_core.executor:Executing jobs using 'parallel' executor
[0.312s] DEBUG:colcon.colcon_parallel_executor.executor.parallel:run_until_complete
[0.312s] INFO:colcon.colcon_ros.task.ament_cmake.build:Building ROS package in '/home/slam/r2_ws/lidar_ws/src/Super-LIO/src/basic' with build type 'ament_cmake'
[0.312s] INFO:colcon.colcon_cmake.task.cmake.build:Building CMake package in '/home/slam/r2_ws/lidar_ws/src/Super-LIO/src/basic'
[0.315s] INFO:colcon.colcon_core.plugin_system:Skipping extension 'colcon_core.shell.bat': Not used on non-Windows systems
[0.315s] INFO:colcon.colcon_core.shell:Skip shell extension 'powershell' for command environment: Not usable outside of PowerShell
[0.315s] DEBUG:colcon.colcon_core.shell:Skip shell extension 'dsv' for command environment
[0.318s] INFO:colcon.colcon_ros.task.ament_cmake.build:Building ROS package in '/home/slam/r2_ws/lidar_ws/src/livox_ros_driver2' with build type 'ament_cmake'
[0.318s] INFO:colcon.colcon_cmake.task.cmake.build:Building CMake package in '/home/slam/r2_ws/lidar_ws/src/livox_ros_driver2'
[0.318s] INFO:colcon.colcon_core.shell:Skip shell extension 'powershell' for command environment: Not usable outside of PowerShell
[0.318s] DEBUG:colcon.colcon_core.shell:Skip shell extension 'dsv' for command environment
[0.320s] INFO:colcon.colcon_cmake.task.cmake.build:Building CMake package in '/home/slam/r2_ws/lidar_ws/Livox-SDK2'
[0.320s] INFO:colcon.colcon_core.shell:Skip shell extension 'powershell' for command environment: Not usable outside of PowerShell
[0.320s] DEBUG:colcon.colcon_core.shell:Skip shell extension 'dsv' for command environment
[0.327s] DEBUG:colcon.colcon_core.event_handler.log_command:Invoking command in '/home/slam/r2_ws/lidar_ws/build/basic': CMAKE_PREFIX_PATH=/opt/ros/humble /usr/bin/cmake --build /home/slam/r2_ws/lidar_ws/build/basic -- -j10 -l10
[0.330s] DEBUG:colcon.colcon_core.event_handler.log_command:Invoking command in '/home/slam/r2_ws/lidar_ws/build/livox_ros_driver2': CMAKE_PREFIX_PATH=/opt/ros/humble /usr/bin/cmake --build /home/slam/r2_ws/lidar_ws/build/livox_ros_driver2 -- -j10 -l10
[0.332s] DEBUG:colcon.colcon_core.event_handler.log_command:Invoking command in '/home/slam/r2_ws/lidar_ws/build/livox_sdk2': /usr/bin/cmake --build /home/slam/r2_ws/lidar_ws/build/livox_sdk2 -- -j10 -l10
[0.473s] DEBUG:colcon.colcon_core.event_handler.log_command:Invoked command in '/home/slam/r2_ws/lidar_ws/build/basic' returned '0': CMAKE_PREFIX_PATH=/opt/ros/humble /usr/bin/cmake --build /home/slam/r2_ws/lidar_ws/build/basic -- -j10 -l10
[0.482s] DEBUG:colcon.colcon_core.event_handler.log_command:Invoking command in '/home/slam/r2_ws/lidar_ws/build/basic': CMAKE_PREFIX_PATH=/opt/ros/humble /usr/bin/cmake --install /home/slam/r2_ws/lidar_ws/build/basic
[0.483s] DEBUG:colcon.colcon_core.event_handler.log_command:Invoked command in '/home/slam/r2_ws/lidar_ws/build/livox_sdk2' returned '0': /usr/bin/cmake --build /home/slam/r2_ws/lidar_ws/build/livox_sdk2 -- -j10 -l10
[0.484s] DEBUG:colcon.colcon_core.event_handler.log_command:Invoking command in '/home/slam/r2_ws/lidar_ws/build/livox_sdk2': /usr/bin/cmake --install /home/slam/r2_ws/lidar_ws/build/livox_sdk2
[0.492s] Level 1:colcon.colcon_core.environment:create_environment_scripts_only(basic)
[0.492s] DEBUG:colcon.colcon_core.event_handler.log_command:Invoked command in '/home/slam/r2_ws/lidar_ws/build/basic' returned '0': CMAKE_PREFIX_PATH=/opt/ros/humble /usr/bin/cmake --install /home/slam/r2_ws/lidar_ws/build/basic
[0.498s] Level 1:colcon.colcon_core.environment:checking '/home/slam/r2_ws/lidar_ws/install/basic' for CMake module files
[0.499s] Level 1:colcon.colcon_core.environment:checking '/home/slam/r2_ws/lidar_ws/install/basic' for CMake config files
[0.499s] Level 1:colcon.colcon_core.shell:create_environment_hook('basic', 'cmake_prefix_path')
[0.499s] INFO:colcon.colcon_core.shell:Creating environment hook '/home/slam/r2_ws/lidar_ws/install/basic/share/basic/hook/cmake_prefix_path.ps1'
[0.500s] INFO:colcon.colcon_core.shell:Creating environment descriptor '/home/slam/r2_ws/lidar_ws/install/basic/share/basic/hook/cmake_prefix_path.dsv'
[0.501s] INFO:colcon.colcon_core.shell:Creating environment hook '/home/slam/r2_ws/lidar_ws/install/basic/share/basic/hook/cmake_prefix_path.sh'
[0.502s] Level 1:colcon.colcon_core.environment:checking '/home/slam/r2_ws/lidar_ws/install/basic/lib'
[0.502s] Level 1:colcon.colcon_core.shell:create_environment_hook('basic', 'ld_library_path_lib')
[0.503s] INFO:colcon.colcon_core.shell:Creating environment hook '/home/slam/r2_ws/lidar_ws/install/basic/share/basic/hook/ld_library_path_lib.ps1'
[0.503s] INFO:colcon.colcon_core.shell:Creating environment descriptor '/home/slam/r2_ws/lidar_ws/install/basic/share/basic/hook/ld_library_path_lib.dsv'
[0.503s] INFO:colcon.colcon_core.shell:Creating environment hook '/home/slam/r2_ws/lidar_ws/install/basic/share/basic/hook/ld_library_path_lib.sh'
[0.504s] Level 1:colcon.colcon_core.environment:checking '/home/slam/r2_ws/lidar_ws/install/basic/bin'
[0.504s] Level 1:colcon.colcon_core.environment:checking '/home/slam/r2_ws/lidar_ws/install/basic/lib/pkgconfig/basic.pc'
[0.505s] Level 1:colcon.colcon_core.environment:checking '/home/slam/r2_ws/lidar_ws/install/basic/lib/python3.10/site-packages'
[0.506s] Level 1:colcon.colcon_core.environment:checking '/home/slam/r2_ws/lidar_ws/install/basic/bin'
[0.506s] INFO:colcon.colcon_core.shell:Creating package script '/home/slam/r2_ws/lidar_ws/install/basic/share/basic/package.ps1'
[0.507s] INFO:colcon.colcon_core.shell:Creating package descriptor '/home/slam/r2_ws/lidar_ws/install/basic/share/basic/package.dsv'
[0.507s] INFO:colcon.colcon_core.shell:Creating package script '/home/slam/r2_ws/lidar_ws/install/basic/share/basic/package.sh'
[0.508s] INFO:colcon.colcon_core.shell:Creating package script '/home/slam/r2_ws/lidar_ws/install/basic/share/basic/package.bash'
[0.509s] INFO:colcon.colcon_core.shell:Creating package script '/home/slam/r2_ws/lidar_ws/install/basic/share/basic/package.zsh'
[0.509s] Level 1:colcon.colcon_core.environment:create_file_with_runtime_dependencies(/home/slam/r2_ws/lidar_ws/install/basic/share/colcon-core/packages/basic)
[0.510s] Level 1:colcon.colcon_core.environment:create_environment_scripts_only(basic)
[0.510s] Level 1:colcon.colcon_core.environment:checking '/home/slam/r2_ws/lidar_ws/install/basic' for CMake module files
[0.510s] Level 1:colcon.colcon_core.environment:checking '/home/slam/r2_ws/lidar_ws/install/basic' for CMake config files
[0.510s] Level 1:colcon.colcon_core.shell:create_environment_hook('basic', 'cmake_prefix_path')
[0.510s] INFO:colcon.colcon_core.shell:Creating environment hook '/home/slam/r2_ws/lidar_ws/install/basic/share/basic/hook/cmake_prefix_path.ps1'
[0.511s] INFO:colcon.colcon_core.shell:Creating environment descriptor '/home/slam/r2_ws/lidar_ws/install/basic/share/basic/hook/cmake_prefix_path.dsv'
[0.511s] INFO:colcon.colcon_core.shell:Creating environment hook '/home/slam/r2_ws/lidar_ws/install/basic/share/basic/hook/cmake_prefix_path.sh'
[0.511s] Level 1:colcon.colcon_core.environment:checking '/home/slam/r2_ws/lidar_ws/install/basic/lib'
[0.511s] Level 1:colcon.colcon_core.shell:create_environment_hook('basic', 'ld_library_path_lib')
[0.511s] INFO:colcon.colcon_core.shell:Creating environment hook '/home/slam/r2_ws/lidar_ws/install/basic/share/basic/hook/ld_library_path_lib.ps1'
[0.512s] INFO:colcon.colcon_core.shell:Creating environment descriptor '/home/slam/r2_ws/lidar_ws/install/basic/share/basic/hook/ld_library_path_lib.dsv'
[0.512s] INFO:colcon.colcon_core.shell:Creating environment hook '/home/slam/r2_ws/lidar_ws/install/basic/share/basic/hook/ld_library_path_lib.sh'
[0.512s] Level 1:colcon.colcon_core.environment:checking '/home/slam/r2_ws/lidar_ws/install/basic/bin'
[0.512s] Level 1:colcon.colcon_core.environment:checking '/home/slam/r2_ws/lidar_ws/install/basic/lib/pkgconfig/basic.pc'
[0.512s] Level 1:colcon.colcon_core.environment:checking '/home/slam/r2_ws/lidar_ws/install/basic/lib/python3.10/site-packages'
[0.512s] Level 1:colcon.colcon_core.environment:checking '/home/slam/r2_ws/lidar_ws/install/basic/bin'
[0.513s] INFO:colcon.colcon_core.shell:Creating package script '/home/slam/r2_ws/lidar_ws/install/basic/share/basic/package.ps1'
[0.513s] INFO:colcon.colcon_core.shell:Creating package descriptor '/home/slam/r2_ws/lidar_ws/install/basic/share/basic/package.dsv'
[0.513s] INFO:colcon.colcon_core.shell:Creating package script '/home/slam/r2_ws/lidar_ws/install/basic/share/basic/package.sh'
[0.514s] INFO:colcon.colcon_core.shell:Creating package script '/home/slam/r2_ws/lidar_ws/install/basic/share/basic/package.bash'
[0.514s] INFO:colcon.colcon_core.shell:Creating package script '/home/slam/r2_ws/lidar_ws/install/basic/share/basic/package.zsh'
[0.514s] Level 1:colcon.colcon_core.environment:create_file_with_runtime_dependencies(/home/slam/r2_ws/lidar_ws/install/basic/share/colcon-core/packages/basic)
[0.515s] Level 1:colcon.colcon_core.environment:create_environment_scripts_only(livox_sdk2)
[0.515s] Level 1:colcon.colcon_core.environment:checking '/home/slam/r2_ws/lidar_ws/install/livox_sdk2' for CMake module files
[0.515s] DEBUG:colcon.colcon_core.event_handler.log_command:Invoked command in '/home/slam/r2_ws/lidar_ws/build/livox_sdk2' returned '0': /usr/bin/cmake --install /home/slam/r2_ws/lidar_ws/build/livox_sdk2
[0.515s] Level 1:colcon.colcon_core.environment:checking '/home/slam/r2_ws/lidar_ws/install/livox_sdk2' for CMake config files
[0.516s] Level 1:colcon.colcon_core.environment:checking '/home/slam/r2_ws/lidar_ws/install/livox_sdk2/lib'
[0.516s] Level 1:colcon.colcon_core.shell:create_environment_hook('livox_sdk2', 'ld_library_path_lib')
[0.516s] INFO:colcon.colcon_core.shell:Creating environment hook '/home/slam/r2_ws/lidar_ws/install/livox_sdk2/share/livox_sdk2/hook/ld_library_path_lib.ps1'
[0.516s] INFO:colcon.colcon_core.shell:Creating environment descriptor '/home/slam/r2_ws/lidar_ws/install/livox_sdk2/share/livox_sdk2/hook/ld_library_path_lib.dsv'
[0.516s] INFO:colcon.colcon_core.shell:Creating environment hook '/home/slam/r2_ws/lidar_ws/install/livox_sdk2/share/livox_sdk2/hook/ld_library_path_lib.sh'
[0.516s] Level 1:colcon.colcon_core.environment:checking '/home/slam/r2_ws/lidar_ws/install/livox_sdk2/bin'
[0.517s] Level 1:colcon.colcon_core.environment:checking '/home/slam/r2_ws/lidar_ws/install/livox_sdk2/lib/pkgconfig/livox_sdk2.pc'
[0.517s] Level 1:colcon.colcon_core.environment:checking '/home/slam/r2_ws/lidar_ws/install/livox_sdk2/lib/python3.10/site-packages'
[0.517s] Level 1:colcon.colcon_core.environment:checking '/home/slam/r2_ws/lidar_ws/install/livox_sdk2/bin'
[0.517s] INFO:colcon.colcon_core.shell:Creating package script '/home/slam/r2_ws/lidar_ws/install/livox_sdk2/share/livox_sdk2/package.ps1'
[0.517s] INFO:colcon.colcon_core.shell:Creating package descriptor '/home/slam/r2_ws/lidar_ws/install/livox_sdk2/share/livox_sdk2/package.dsv'
[0.518s] INFO:colcon.colcon_core.shell:Creating package script '/home/slam/r2_ws/lidar_ws/install/livox_sdk2/share/livox_sdk2/package.sh'
[0.518s] INFO:colcon.colcon_core.shell:Creating package script '/home/slam/r2_ws/lidar_ws/install/livox_sdk2/share/livox_sdk2/package.bash'
[0.518s] INFO:colcon.colcon_core.shell:Creating package script '/home/slam/r2_ws/lidar_ws/install/livox_sdk2/share/livox_sdk2/package.zsh'
[0.518s] Level 1:colcon.colcon_core.environment:create_file_with_runtime_dependencies(/home/slam/r2_ws/lidar_ws/install/livox_sdk2/share/colcon-core/packages/livox_sdk2)
[0.632s] DEBUG:colcon.colcon_core.event_handler.log_command:Invoked command in '/home/slam/r2_ws/lidar_ws/build/livox_ros_driver2' returned '0': CMAKE_PREFIX_PATH=/opt/ros/humble /usr/bin/cmake --build /home/slam/r2_ws/lidar_ws/build/livox_ros_driver2 -- -j10 -l10
[0.634s] DEBUG:colcon.colcon_core.event_handler.log_command:Invoking command in '/home/slam/r2_ws/lidar_ws/build/livox_ros_driver2': CMAKE_PREFIX_PATH=/opt/ros/humble /usr/bin/cmake --install /home/slam/r2_ws/lidar_ws/build/livox_ros_driver2
[0.689s] Level 1:colcon.colcon_core.environment:create_environment_scripts_only(livox_ros_driver2)
[0.689s] Level 1:colcon.colcon_core.environment:checking '/home/slam/r2_ws/lidar_ws/install/livox_ros_driver2' for CMake module files
[0.689s] DEBUG:colcon.colcon_core.event_handler.log_command:Invoked command in '/home/slam/r2_ws/lidar_ws/build/livox_ros_driver2' returned '0': CMAKE_PREFIX_PATH=/opt/ros/humble /usr/bin/cmake --install /home/slam/r2_ws/lidar_ws/build/livox_ros_driver2
[0.689s] Level 1:colcon.colcon_core.environment:checking '/home/slam/r2_ws/lidar_ws/install/livox_ros_driver2' for CMake config files
[0.690s] Level 1:colcon.colcon_core.shell:create_environment_hook('livox_ros_driver2', 'cmake_prefix_path')
[0.690s] INFO:colcon.colcon_core.shell:Creating environment hook '/home/slam/r2_ws/lidar_ws/install/livox_ros_driver2/share/livox_ros_driver2/hook/cmake_prefix_path.ps1'
[0.690s] INFO:colcon.colcon_core.shell:Creating environment descriptor '/home/slam/r2_ws/lidar_ws/install/livox_ros_driver2/share/livox_ros_driver2/hook/cmake_prefix_path.dsv'
[0.690s] INFO:colcon.colcon_core.shell:Creating environment hook '/home/slam/r2_ws/lidar_ws/install/livox_ros_driver2/share/livox_ros_driver2/hook/cmake_prefix_path.sh'
[0.691s] Level 1:colcon.colcon_core.environment:checking '/home/slam/r2_ws/lidar_ws/install/livox_ros_driver2/lib'
[0.691s] Level 1:colcon.colcon_core.shell:create_environment_hook('livox_ros_driver2', 'ld_library_path_lib')
[0.691s] INFO:colcon.colcon_core.shell:Creating environment hook '/home/slam/r2_ws/lidar_ws/install/livox_ros_driver2/share/livox_ros_driver2/hook/ld_library_path_lib.ps1'
[0.691s] INFO:colcon.colcon_core.shell:Creating environment descriptor '/home/slam/r2_ws/lidar_ws/install/livox_ros_driver2/share/livox_ros_driver2/hook/ld_library_path_lib.dsv'
[0.691s] INFO:colcon.colcon_core.shell:Creating environment hook '/home/slam/r2_ws/lidar_ws/install/livox_ros_driver2/share/livox_ros_driver2/hook/ld_library_path_lib.sh'
[0.692s] Level 1:colcon.colcon_core.environment:checking '/home/slam/r2_ws/lidar_ws/install/livox_ros_driver2/bin'
[0.692s] Level 1:colcon.colcon_core.environment:checking '/home/slam/r2_ws/lidar_ws/install/livox_ros_driver2/lib/pkgconfig/livox_ros_driver2.pc'
[0.692s] Level 1:colcon.colcon_core.environment:checking '/home/slam/r2_ws/lidar_ws/install/livox_ros_driver2/lib/python3.10/site-packages'
[0.692s] Level 1:colcon.colcon_core.environment:checking '/home/slam/r2_ws/lidar_ws/install/livox_ros_driver2/bin'
[0.692s] INFO:colcon.colcon_core.shell:Creating package script '/home/slam/r2_ws/lidar_ws/install/livox_ros_driver2/share/livox_ros_driver2/package.ps1'
[0.693s] INFO:colcon.colcon_core.shell:Creating package descriptor '/home/slam/r2_ws/lidar_ws/install/livox_ros_driver2/share/livox_ros_driver2/package.dsv'
[0.693s] INFO:colcon.colcon_core.shell:Creating package script '/home/slam/r2_ws/lidar_ws/install/livox_ros_driver2/share/livox_ros_driver2/package.sh'
[0.693s] INFO:colcon.colcon_core.shell:Creating package script '/home/slam/r2_ws/lidar_ws/install/livox_ros_driver2/share/livox_ros_driver2/package.bash'
[0.693s] INFO:colcon.colcon_core.shell:Creating package script '/home/slam/r2_ws/lidar_ws/install/livox_ros_driver2/share/livox_ros_driver2/package.zsh'
[0.694s] Level 1:colcon.colcon_core.environment:create_file_with_runtime_dependencies(/home/slam/r2_ws/lidar_ws/install/livox_ros_driver2/share/colcon-core/packages/livox_ros_driver2)
[0.694s] Level 1:colcon.colcon_core.environment:create_environment_scripts_only(livox_ros_driver2)
[0.694s] Level 1:colcon.colcon_core.environment:checking '/home/slam/r2_ws/lidar_ws/install/livox_ros_driver2' for CMake module files
[0.695s] Level 1:colcon.colcon_core.environment:checking '/home/slam/r2_ws/lidar_ws/install/livox_ros_driver2' for CMake config files
[0.695s] Level 1:colcon.colcon_core.shell:create_environment_hook('livox_ros_driver2', 'cmake_prefix_path')
[0.695s] INFO:colcon.colcon_core.shell:Creating environment hook '/home/slam/r2_ws/lidar_ws/install/livox_ros_driver2/share/livox_ros_driver2/hook/cmake_prefix_path.ps1'
[0.695s] INFO:colcon.colcon_core.shell:Creating environment descriptor '/home/slam/r2_ws/lidar_ws/install/livox_ros_driver2/share/livox_ros_driver2/hook/cmake_prefix_path.dsv'
[0.695s] INFO:colcon.colcon_core.shell:Creating environment hook '/home/slam/r2_ws/lidar_ws/install/livox_ros_driver2/share/livox_ros_driver2/hook/cmake_prefix_path.sh'
[0.695s] Level 1:colcon.colcon_core.environment:checking '/home/slam/r2_ws/lidar_ws/install/livox_ros_driver2/lib'
[0.695s] Level 1:colcon.colcon_core.shell:create_environment_hook('livox_ros_driver2', 'ld_library_path_lib')
[0.696s] INFO:colcon.colcon_core.shell:Creating environment hook '/home/slam/r2_ws/lidar_ws/install/livox_ros_driver2/share/livox_ros_driver2/hook/ld_library_path_lib.ps1'
[0.696s] INFO:colcon.colcon_core.shell:Creating environment descriptor '/home/slam/r2_ws/lidar_ws/install/livox_ros_driver2/share/livox_ros_driver2/hook/ld_library_path_lib.dsv'
[0.696s] INFO:colcon.colcon_core.shell:Creating environment hook '/home/slam/r2_ws/lidar_ws/install/livox_ros_driver2/share/livox_ros_driver2/hook/ld_library_path_lib.sh'
[0.696s] Level 1:colcon.colcon_core.environment:checking '/home/slam/r2_ws/lidar_ws/install/livox_ros_driver2/bin'
[0.696s] Level 1:colcon.colcon_core.environment:checking '/home/slam/r2_ws/lidar_ws/install/livox_ros_driver2/lib/pkgconfig/livox_ros_driver2.pc'
[0.696s] Level 1:colcon.colcon_core.environment:checking '/home/slam/r2_ws/lidar_ws/install/livox_ros_driver2/lib/python3.10/site-packages'
[0.697s] Level 1:colcon.colcon_core.environment:checking '/home/slam/r2_ws/lidar_ws/install/livox_ros_driver2/bin'
[0.697s] INFO:colcon.colcon_core.shell:Creating package script '/home/slam/r2_ws/lidar_ws/install/livox_ros_driver2/share/livox_ros_driver2/package.ps1'
[0.698s] INFO:colcon.colcon_core.shell:Creating package descriptor '/home/slam/r2_ws/lidar_ws/install/livox_ros_driver2/share/livox_ros_driver2/package.dsv'
[0.698s] INFO:colcon.colcon_core.shell:Creating package script '/home/slam/r2_ws/lidar_ws/install/livox_ros_driver2/share/livox_ros_driver2/package.sh'
[0.698s] INFO:colcon.colcon_core.shell:Creating package script '/home/slam/r2_ws/lidar_ws/install/livox_ros_driver2/share/livox_ros_driver2/package.bash'
[0.698s] INFO:colcon.colcon_core.shell:Creating package script '/home/slam/r2_ws/lidar_ws/install/livox_ros_driver2/share/livox_ros_driver2/package.zsh'
[0.699s] Level 1:colcon.colcon_core.environment:create_file_with_runtime_dependencies(/home/slam/r2_ws/lidar_ws/install/livox_ros_driver2/share/colcon-core/packages/livox_ros_driver2)
[0.699s] INFO:colcon.colcon_ros.task.ament_cmake.build:Building ROS package in '/home/slam/r2_ws/lidar_ws/src/Super-LIO/src/super_lio' with build type 'ament_cmake'
[0.699s] INFO:colcon.colcon_cmake.task.cmake.build:Building CMake package in '/home/slam/r2_ws/lidar_ws/src/Super-LIO/src/super_lio'
[0.699s] INFO:colcon.colcon_core.shell:Skip shell extension 'powershell' for command environment: Not usable outside of PowerShell
[0.699s] DEBUG:colcon.colcon_core.shell:Skip shell extension 'dsv' for command environment
[0.713s] DEBUG:colcon.colcon_core.event_handler.log_command:Invoking command in '/home/slam/r2_ws/lidar_ws/build/super_lio': AMENT_PREFIX_PATH=/home/slam/r2_ws/lidar_ws/install/livox_ros_driver2:/home/slam/r2_ws/lidar_ws/install/basic:${AMENT_PREFIX_PATH} CMAKE_PREFIX_PATH=/home/slam/r2_ws/lidar_ws/install/livox_ros_driver2:/home/slam/r2_ws/lidar_ws/install/basic:/opt/ros/humble LD_LIBRARY_PATH=/home/slam/r2_ws/lidar_ws/install/livox_ros_driver2/lib:/home/slam/r2_ws/lidar_ws/install/basic/lib:${LD_LIBRARY_PATH} PYTHONPATH=/home/slam/r2_ws/lidar_ws/install/livox_ros_driver2/local/lib/python3.10/dist-packages:${PYTHONPATH} /usr/bin/cmake --build /home/slam/r2_ws/lidar_ws/build/super_lio -- -j10 -l10
[0.966s] DEBUG:colcon.colcon_core.event_handler.log_command:Invoked command in '/home/slam/r2_ws/lidar_ws/build/super_lio' returned '0': AMENT_PREFIX_PATH=/home/slam/r2_ws/lidar_ws/install/livox_ros_driver2:/home/slam/r2_ws/lidar_ws/install/basic:${AMENT_PREFIX_PATH} CMAKE_PREFIX_PATH=/home/slam/r2_ws/lidar_ws/install/livox_ros_driver2:/home/slam/r2_ws/lidar_ws/install/basic:/opt/ros/humble LD_LIBRARY_PATH=/home/slam/r2_ws/lidar_ws/install/livox_ros_driver2/lib:/home/slam/r2_ws/lidar_ws/install/basic/lib:${LD_LIBRARY_PATH} PYTHONPATH=/home/slam/r2_ws/lidar_ws/install/livox_ros_driver2/local/lib/python3.10/dist-packages:${PYTHONPATH} /usr/bin/cmake --build /home/slam/r2_ws/lidar_ws/build/super_lio -- -j10 -l10
[0.968s] DEBUG:colcon.colcon_core.event_handler.log_command:Invoking command in '/home/slam/r2_ws/lidar_ws/build/super_lio': AMENT_PREFIX_PATH=/home/slam/r2_ws/lidar_ws/install/livox_ros_driver2:/home/slam/r2_ws/lidar_ws/install/basic:${AMENT_PREFIX_PATH} CMAKE_PREFIX_PATH=/home/slam/r2_ws/lidar_ws/install/livox_ros_driver2:/home/slam/r2_ws/lidar_ws/install/basic:/opt/ros/humble LD_LIBRARY_PATH=/home/slam/r2_ws/lidar_ws/install/livox_ros_driver2/lib:/home/slam/r2_ws/lidar_ws/install/basic/lib:${LD_LIBRARY_PATH} PYTHONPATH=/home/slam/r2_ws/lidar_ws/install/livox_ros_driver2/local/lib/python3.10/dist-packages:${PYTHONPATH} /usr/bin/cmake --install /home/slam/r2_ws/lidar_ws/build/super_lio
[1.016s] Level 1:colcon.colcon_core.environment:create_environment_scripts_only(super_lio)
[1.016s] Level 1:colcon.colcon_core.environment:checking '/home/slam/r2_ws/lidar_ws/install/super_lio' for CMake module files
[1.017s] DEBUG:colcon.colcon_core.event_handler.log_command:Invoked command in '/home/slam/r2_ws/lidar_ws/build/super_lio' returned '0': AMENT_PREFIX_PATH=/home/slam/r2_ws/lidar_ws/install/livox_ros_driver2:/home/slam/r2_ws/lidar_ws/install/basic:${AMENT_PREFIX_PATH} CMAKE_PREFIX_PATH=/home/slam/r2_ws/lidar_ws/install/livox_ros_driver2:/home/slam/r2_ws/lidar_ws/install/basic:/opt/ros/humble LD_LIBRARY_PATH=/home/slam/r2_ws/lidar_ws/install/livox_ros_driver2/lib:/home/slam/r2_ws/lidar_ws/install/basic/lib:${LD_LIBRARY_PATH} PYTHONPATH=/home/slam/r2_ws/lidar_ws/install/livox_ros_driver2/local/lib/python3.10/dist-packages:${PYTHONPATH} /usr/bin/cmake --install /home/slam/r2_ws/lidar_ws/build/super_lio
[1.018s] Level 1:colcon.colcon_core.environment:checking '/home/slam/r2_ws/lidar_ws/install/super_lio' for CMake config files
[1.018s] Level 1:colcon.colcon_core.shell:create_environment_hook('super_lio', 'cmake_prefix_path')
[1.019s] INFO:colcon.colcon_core.shell:Creating environment hook '/home/slam/r2_ws/lidar_ws/install/super_lio/share/super_lio/hook/cmake_prefix_path.ps1'
[1.019s] INFO:colcon.colcon_core.shell:Creating environment descriptor '/home/slam/r2_ws/lidar_ws/install/super_lio/share/super_lio/hook/cmake_prefix_path.dsv'
[1.020s] INFO:colcon.colcon_core.shell:Creating environment hook '/home/slam/r2_ws/lidar_ws/install/super_lio/share/super_lio/hook/cmake_prefix_path.sh'
[1.021s] Level 1:colcon.colcon_core.environment:checking '/home/slam/r2_ws/lidar_ws/install/super_lio/lib'
[1.021s] Level 1:colcon.colcon_core.shell:create_environment_hook('super_lio', 'ld_library_path_lib')
[1.021s] INFO:colcon.colcon_core.shell:Creating environment hook '/home/slam/r2_ws/lidar_ws/install/super_lio/share/super_lio/hook/ld_library_path_lib.ps1'
[1.021s] INFO:colcon.colcon_core.shell:Creating environment descriptor '/home/slam/r2_ws/lidar_ws/install/super_lio/share/super_lio/hook/ld_library_path_lib.dsv'
[1.022s] INFO:colcon.colcon_core.shell:Creating environment hook '/home/slam/r2_ws/lidar_ws/install/super_lio/share/super_lio/hook/ld_library_path_lib.sh'
[1.022s] Level 1:colcon.colcon_core.environment:checking '/home/slam/r2_ws/lidar_ws/install/super_lio/bin'
[1.022s] Level 1:colcon.colcon_core.environment:checking '/home/slam/r2_ws/lidar_ws/install/super_lio/lib/pkgconfig/super_lio.pc'
[1.022s] Level 1:colcon.colcon_core.environment:checking '/home/slam/r2_ws/lidar_ws/install/super_lio/lib/python3.10/site-packages'
[1.022s] Level 1:colcon.colcon_core.environment:checking '/home/slam/r2_ws/lidar_ws/install/super_lio/bin'
[1.023s] INFO:colcon.colcon_core.shell:Creating package script '/home/slam/r2_ws/lidar_ws/install/super_lio/share/super_lio/package.ps1'
[1.023s] INFO:colcon.colcon_core.shell:Creating package descriptor '/home/slam/r2_ws/lidar_ws/install/super_lio/share/super_lio/package.dsv'
[1.024s] INFO:colcon.colcon_core.shell:Creating package script '/home/slam/r2_ws/lidar_ws/install/super_lio/share/super_lio/package.sh'
[1.024s] INFO:colcon.colcon_core.shell:Creating package script '/home/slam/r2_ws/lidar_ws/install/super_lio/share/super_lio/package.bash'
[1.024s] INFO:colcon.colcon_core.shell:Creating package script '/home/slam/r2_ws/lidar_ws/install/super_lio/share/super_lio/package.zsh'
[1.024s] Level 1:colcon.colcon_core.environment:create_file_with_runtime_dependencies(/home/slam/r2_ws/lidar_ws/install/super_lio/share/colcon-core/packages/super_lio)
[1.025s] Level 1:colcon.colcon_core.environment:create_environment_scripts_only(super_lio)
[1.025s] Level 1:colcon.colcon_core.environment:checking '/home/slam/r2_ws/lidar_ws/install/super_lio' for CMake module files
[1.025s] Level 1:colcon.colcon_core.environment:checking '/home/slam/r2_ws/lidar_ws/install/super_lio' for CMake config files
[1.025s] Level 1:colcon.colcon_core.shell:create_environment_hook('super_lio', 'cmake_prefix_path')
[1.026s] INFO:colcon.colcon_core.shell:Creating environment hook '/home/slam/r2_ws/lidar_ws/install/super_lio/share/super_lio/hook/cmake_prefix_path.ps1'
[1.026s] INFO:colcon.colcon_core.shell:Creating environment descriptor '/home/slam/r2_ws/lidar_ws/install/super_lio/share/super_lio/hook/cmake_prefix_path.dsv'
[1.026s] INFO:colcon.colcon_core.shell:Creating environment hook '/home/slam/r2_ws/lidar_ws/install/super_lio/share/super_lio/hook/cmake_prefix_path.sh'
[1.027s] Level 1:colcon.colcon_core.environment:checking '/home/slam/r2_ws/lidar_ws/install/super_lio/lib'
[1.027s] Level 1:colcon.colcon_core.shell:create_environment_hook('super_lio', 'ld_library_path_lib')
[1.027s] INFO:colcon.colcon_core.shell:Creating environment hook '/home/slam/r2_ws/lidar_ws/install/super_lio/share/super_lio/hook/ld_library_path_lib.ps1'
[1.027s] INFO:colcon.colcon_core.shell:Creating environment descriptor '/home/slam/r2_ws/lidar_ws/install/super_lio/share/super_lio/hook/ld_library_path_lib.dsv'
[1.028s] INFO:colcon.colcon_core.shell:Creating environment hook '/home/slam/r2_ws/lidar_ws/install/super_lio/share/super_lio/hook/ld_library_path_lib.sh'
[1.028s] Level 1:colcon.colcon_core.environment:checking '/home/slam/r2_ws/lidar_ws/install/super_lio/bin'
[1.028s] Level 1:colcon.colcon_core.environment:checking '/home/slam/r2_ws/lidar_ws/install/super_lio/lib/pkgconfig/super_lio.pc'
[1.028s] Level 1:colcon.colcon_core.environment:checking '/home/slam/r2_ws/lidar_ws/install/super_lio/lib/python3.10/site-packages'
[1.028s] Level 1:colcon.colcon_core.environment:checking '/home/slam/r2_ws/lidar_ws/install/super_lio/bin'
[1.028s] INFO:colcon.colcon_core.shell:Creating package script '/home/slam/r2_ws/lidar_ws/install/super_lio/share/super_lio/package.ps1'
[1.029s] INFO:colcon.colcon_core.shell:Creating package descriptor '/home/slam/r2_ws/lidar_ws/install/super_lio/share/super_lio/package.dsv'
[1.029s] INFO:colcon.colcon_core.shell:Creating package script '/home/slam/r2_ws/lidar_ws/install/super_lio/share/super_lio/package.sh'
[1.029s] INFO:colcon.colcon_core.shell:Creating package script '/home/slam/r2_ws/lidar_ws/install/super_lio/share/super_lio/package.bash'
[1.030s] INFO:colcon.colcon_core.shell:Creating package script '/home/slam/r2_ws/lidar_ws/install/super_lio/share/super_lio/package.zsh'
[1.030s] Level 1:colcon.colcon_core.environment:create_file_with_runtime_dependencies(/home/slam/r2_ws/lidar_ws/install/super_lio/share/colcon-core/packages/super_lio)
[1.030s] DEBUG:colcon.colcon_parallel_executor.executor.parallel:closing loop
[1.030s] DEBUG:colcon.colcon_parallel_executor.executor.parallel:loop closed
[1.030s] DEBUG:colcon.colcon_parallel_executor.executor.parallel:run_until_complete finished with '0'
[1.030s] DEBUG:colcon.colcon_core.event_reactor:joining thread
[1.041s] INFO:colcon.colcon_core.plugin_system:Skipping extension 'colcon_notification.desktop_notification.terminal_notifier': Not used on non-Darwin systems
[1.041s] INFO:colcon.colcon_core.plugin_system:Skipping extension 'colcon_notification.desktop_notification.win32': Not used on non-Windows systems
[1.041s] INFO:colcon.colcon_notification.desktop_notification:Sending desktop notification using 'notify2'
[1.056s] DEBUG:colcon.colcon_core.event_reactor:joined thread
[1.057s] INFO:colcon.colcon_core.shell:Creating prefix script '/home/slam/r2_ws/lidar_ws/install/local_setup.ps1'
[1.058s] INFO:colcon.colcon_core.shell:Creating prefix util module '/home/slam/r2_ws/lidar_ws/install/_local_setup_util_ps1.py'
[1.059s] INFO:colcon.colcon_core.shell:Creating prefix chain script '/home/slam/r2_ws/lidar_ws/install/setup.ps1'
[1.060s] INFO:colcon.colcon_core.shell:Creating prefix script '/home/slam/r2_ws/lidar_ws/install/local_setup.sh'
[1.061s] INFO:colcon.colcon_core.shell:Creating prefix util module '/home/slam/r2_ws/lidar_ws/install/_local_setup_util_sh.py'
[1.061s] INFO:colcon.colcon_core.shell:Creating prefix chain script '/home/slam/r2_ws/lidar_ws/install/setup.sh'
[1.062s] INFO:colcon.colcon_core.shell:Creating prefix script '/home/slam/r2_ws/lidar_ws/install/local_setup.bash'
[1.063s] INFO:colcon.colcon_core.shell:Creating prefix chain script '/home/slam/r2_ws/lidar_ws/install/setup.bash'
[1.063s] INFO:colcon.colcon_core.shell:Creating prefix script '/home/slam/r2_ws/lidar_ws/install/local_setup.zsh'
[1.064s] INFO:colcon.colcon_core.shell:Creating prefix chain script '/home/slam/r2_ws/lidar_ws/install/setup.zsh'
