[0.081s] DEBUG:colcon:Command line arguments: ['/home/slam/.local/bin/colcon', 'build']
[0.081s] DEBUG:colcon:Parsed command line arguments: Namespace(log_base=None, log_level=None, verb_name='build', build_base='build', install_base='install', merge_install=False, symlink_install=False, test_result_base=None, continue_on_error=False, executor='parallel', parallel_workers=10, event_handlers=None, ignore_user_meta=False, metas=['./colcon.meta'], base_paths=['.'], packages_ignore=None, packages_ignore_regex=None, paths=None, packages_up_to=None, packages_up_to_regex=None, packages_above=None, packages_above_and_dependencies=None, packages_above_depth=None, packages_select_by_dep=None, packages_skip_by_dep=None, packages_skip_up_to=None, packages_select_build_failed=False, packages_skip_build_finished=False, packages_select_test_failures=False, packages_skip_test_passed=False, packages_select=None, packages_skip=None, packages_select_regex=None, packages_skip_regex=None, packages_start=None, packages_end=None, cmake_args=None, cmake_target=None, cmake_target_skip_unavailable=False, cmake_clean_cache=False, cmake_clean_first=False, cmake_force_configure=False, ament_cmake_args=None, catkin_cmake_args=None, catkin_skip_building_tests=False, verb_parser=<colcon_defaults.argument_parser.defaults.DefaultArgumentsDecorator object at 0x74cc72d1be20>, verb_extension=<colcon_core.verb.build.BuildVerb object at 0x74cc72d1b880>, main=<bound method BuildVerb.main of <colcon_core.verb.build.BuildVerb object at 0x74cc72d1b880>>)
[0.163s] Level 1:colcon.colcon_core.package_discovery:discover_packages(colcon_meta) check parameters
[0.163s] Level 1:colcon.colcon_core.package_discovery:discover_packages(recursive) check parameters
[0.163s] Level 1:colcon.colcon_core.package_discovery:discover_packages(ignore) check parameters
[0.163s] Level 1:colcon.colcon_core.package_discovery:discover_packages(path) check parameters
[0.163s] Level 1:colcon.colcon_core.package_discovery:discover_packages(colcon_meta) discover
[0.163s] Level 1:colcon.colcon_core.package_discovery:discover_packages(recursive) discover
[0.163s] INFO:colcon.colcon_core.package_discovery:Crawling recursively for packages in '/home/slam/r2_ws/lidar_ws'
[0.163s] Level 1:colcon.colcon_core.package_identification:_identify(.) by extensions ['ignore', 'ignore_ament_install']
[0.163s] Level 1:colcon.colcon_core.package_identification:_identify(.) by extension 'ignore'
[0.163s] Level 1:colcon.colcon_core.package_identification:_identify(.) by extension 'ignore_ament_install'
[0.163s] Level 1:colcon.colcon_core.package_identification:_identify(.) by extensions ['colcon_pkg']
[0.163s] Level 1:colcon.colcon_core.package_identification:_identify(.) by extension 'colcon_pkg'
[0.163s] Level 1:colcon.colcon_core.package_identification:_identify(.) by extensions ['colcon_meta']
[0.163s] Level 1:colcon.colcon_core.package_identification:_identify(.) by extension 'colcon_meta'
[0.163s] Level 1:colcon.colcon_core.package_identification:_identify(.) by extensions ['ros']
[0.163s] Level 1:colcon.colcon_core.package_identification:_identify(.) by extension 'ros'
[0.170s] Level 1:colcon.colcon_core.package_identification:_identify(.) by extensions ['cmake', 'python']
[0.170s] Level 1:colcon.colcon_core.package_identification:_identify(.) by extension 'cmake'
[0.170s] Level 1:colcon.colcon_core.package_identification:_identify(.) by extension 'python'
[0.170s] Level 1:colcon.colcon_core.package_identification:_identify(.) by extensions ['python_setup_py']
[0.170s] Level 1:colcon.colcon_core.package_identification:_identify(.) by extension 'python_setup_py'
[0.170s] Level 1:colcon.colcon_core.package_identification:_identify(Livox-SDK2) by extensions ['ignore', 'ignore_ament_install']
[0.170s] Level 1:colcon.colcon_core.package_identification:_identify(Livox-SDK2) by extension 'ignore'
[0.170s] Level 1:colcon.colcon_core.package_identification:_identify(Livox-SDK2) by extension 'ignore_ament_install'
[0.170s] Level 1:colcon.colcon_core.package_identification:_identify(Livox-SDK2) by extensions ['colcon_pkg']
[0.170s] Level 1:colcon.colcon_core.package_identification:_identify(Livox-SDK2) by extension 'colcon_pkg'
[0.170s] Level 1:colcon.colcon_core.package_identification:_identify(Livox-SDK2) by extensions ['colcon_meta']
[0.170s] Level 1:colcon.colcon_core.package_identification:_identify(Livox-SDK2) by extension 'colcon_meta'
[0.170s] Level 1:colcon.colcon_core.package_identification:_identify(Livox-SDK2) by extensions ['ros']
[0.170s] Level 1:colcon.colcon_core.package_identification:_identify(Livox-SDK2) by extension 'ros'
[0.170s] Level 1:colcon.colcon_core.package_identification:_identify(Livox-SDK2) by extensions ['cmake', 'python']
[0.170s] Level 1:colcon.colcon_core.package_identification:_identify(Livox-SDK2) by extension 'cmake'
[0.177s] Level 1:colcon.colcon_core.package_identification:_identify(Livox-SDK2) by extension 'python'
[0.177s] DEBUG:colcon.colcon_core.package_identification:Package 'Livox-SDK2' with type 'cmake' and name 'livox_sdk2'
[0.177s] Level 1:colcon.colcon_core.package_identification:_identify(build) by extensions ['ignore', 'ignore_ament_install']
[0.177s] Level 1:colcon.colcon_core.package_identification:_identify(build) by extension 'ignore'
[0.177s] Level 1:colcon.colcon_core.package_identification:_identify(build) ignored
[0.177s] Level 1:colcon.colcon_core.package_identification:_identify(install) by extensions ['ignore', 'ignore_ament_install']
[0.177s] Level 1:colcon.colcon_core.package_identification:_identify(install) by extension 'ignore'
[0.177s] Level 1:colcon.colcon_core.package_identification:_identify(install) ignored
[0.177s] Level 1:colcon.colcon_core.package_identification:_identify(log) by extensions ['ignore', 'ignore_ament_install']
[0.177s] Level 1:colcon.colcon_core.package_identification:_identify(log) by extension 'ignore'
[0.177s] Level 1:colcon.colcon_core.package_identification:_identify(log) ignored
[0.177s] Level 1:colcon.colcon_core.package_identification:_identify(src) by extensions ['ignore', 'ignore_ament_install']
[0.177s] Level 1:colcon.colcon_core.package_identification:_identify(src) by extension 'ignore'
[0.177s] Level 1:colcon.colcon_core.package_identification:_identify(src) by extension 'ignore_ament_install'
[0.177s] Level 1:colcon.colcon_core.package_identification:_identify(src) by extensions ['colcon_pkg']
[0.177s] Level 1:colcon.colcon_core.package_identification:_identify(src) by extension 'colcon_pkg'
[0.178s] Level 1:colcon.colcon_core.package_identification:_identify(src) by extensions ['colcon_meta']
[0.178s] Level 1:colcon.colcon_core.package_identification:_identify(src) by extension 'colcon_meta'
[0.178s] Level 1:colcon.colcon_core.package_identification:_identify(src) by extensions ['ros']
[0.178s] Level 1:colcon.colcon_core.package_identification:_identify(src) by extension 'ros'
[0.178s] Level 1:colcon.colcon_core.package_identification:_identify(src) by extensions ['cmake', 'python']
[0.178s] Level 1:colcon.colcon_core.package_identification:_identify(src) by extension 'cmake'
[0.178s] Level 1:colcon.colcon_core.package_identification:_identify(src) by extension 'python'
[0.178s] Level 1:colcon.colcon_core.package_identification:_identify(src) by extensions ['python_setup_py']
[0.178s] Level 1:colcon.colcon_core.package_identification:_identify(src) by extension 'python_setup_py'
[0.178s] Level 1:colcon.colcon_core.package_identification:_identify(src/Super-LIO) by extensions ['ignore', 'ignore_ament_install']
[0.178s] Level 1:colcon.colcon_core.package_identification:_identify(src/Super-LIO) by extension 'ignore'
[0.178s] Level 1:colcon.colcon_core.package_identification:_identify(src/Super-LIO) by extension 'ignore_ament_install'
[0.178s] Level 1:colcon.colcon_core.package_identification:_identify(src/Super-LIO) by extensions ['colcon_pkg']
[0.178s] Level 1:colcon.colcon_core.package_identification:_identify(src/Super-LIO) by extension 'colcon_pkg'
[0.178s] Level 1:colcon.colcon_core.package_identification:_identify(src/Super-LIO) by extensions ['colcon_meta']
[0.178s] Level 1:colcon.colcon_core.package_identification:_identify(src/Super-LIO) by extension 'colcon_meta'
[0.178s] Level 1:colcon.colcon_core.package_identification:_identify(src/Super-LIO) by extensions ['ros']
[0.178s] Level 1:colcon.colcon_core.package_identification:_identify(src/Super-LIO) by extension 'ros'
[0.178s] Level 1:colcon.colcon_core.package_identification:_identify(src/Super-LIO) by extensions ['cmake', 'python']
[0.178s] Level 1:colcon.colcon_core.package_identification:_identify(src/Super-LIO) by extension 'cmake'
[0.178s] Level 1:colcon.colcon_core.package_identification:_identify(src/Super-LIO) by extension 'python'
[0.178s] Level 1:colcon.colcon_core.package_identification:_identify(src/Super-LIO) by extensions ['python_setup_py']
[0.178s] Level 1:colcon.colcon_core.package_identification:_identify(src/Super-LIO) by extension 'python_setup_py'
[0.178s] Level 1:colcon.colcon_core.package_identification:_identify(src/Super-LIO/docs) by extensions ['ignore', 'ignore_ament_install']
[0.178s] Level 1:colcon.colcon_core.package_identification:_identify(src/Super-LIO/docs) by extension 'ignore'
[0.178s] Level 1:colcon.colcon_core.package_identification:_identify(src/Super-LIO/docs) by extension 'ignore_ament_install'
[0.178s] Level 1:colcon.colcon_core.package_identification:_identify(src/Super-LIO/docs) by extensions ['colcon_pkg']
[0.178s] Level 1:colcon.colcon_core.package_identification:_identify(src/Super-LIO/docs) by extension 'colcon_pkg'
[0.178s] Level 1:colcon.colcon_core.package_identification:_identify(src/Super-LIO/docs) by extensions ['colcon_meta']
[0.178s] Level 1:colcon.colcon_core.package_identification:_identify(src/Super-LIO/docs) by extension 'colcon_meta'
[0.178s] Level 1:colcon.colcon_core.package_identification:_identify(src/Super-LIO/docs) by extensions ['ros']
[0.178s] Level 1:colcon.colcon_core.package_identification:_identify(src/Super-LIO/docs) by extension 'ros'
[0.178s] Level 1:colcon.colcon_core.package_identification:_identify(src/Super-LIO/docs) by extensions ['cmake', 'python']
[0.178s] Level 1:colcon.colcon_core.package_identification:_identify(src/Super-LIO/docs) by extension 'cmake'
[0.178s] Level 1:colcon.colcon_core.package_identification:_identify(src/Super-LIO/docs) by extension 'python'
[0.178s] Level 1:colcon.colcon_core.package_identification:_identify(src/Super-LIO/docs) by extensions ['python_setup_py']
[0.178s] Level 1:colcon.colcon_core.package_identification:_identify(src/Super-LIO/docs) by extension 'python_setup_py'
[0.178s] Level 1:colcon.colcon_core.package_identification:_identify(src/Super-LIO/src) by extensions ['ignore', 'ignore_ament_install']
[0.178s] Level 1:colcon.colcon_core.package_identification:_identify(src/Super-LIO/src) by extension 'ignore'
[0.178s] Level 1:colcon.colcon_core.package_identification:_identify(src/Super-LIO/src) by extension 'ignore_ament_install'
[0.179s] Level 1:colcon.colcon_core.package_identification:_identify(src/Super-LIO/src) by extensions ['colcon_pkg']
[0.179s] Level 1:colcon.colcon_core.package_identification:_identify(src/Super-LIO/src) by extension 'colcon_pkg'
[0.179s] Level 1:colcon.colcon_core.package_identification:_identify(src/Super-LIO/src) by extensions ['colcon_meta']
[0.179s] Level 1:colcon.colcon_core.package_identification:_identify(src/Super-LIO/src) by extension 'colcon_meta'
[0.179s] Level 1:colcon.colcon_core.package_identification:_identify(src/Super-LIO/src) by extensions ['ros']
[0.179s] Level 1:colcon.colcon_core.package_identification:_identify(src/Super-LIO/src) by extension 'ros'
[0.179s] Level 1:colcon.colcon_core.package_identification:_identify(src/Super-LIO/src) by extensions ['cmake', 'python']
[0.179s] Level 1:colcon.colcon_core.package_identification:_identify(src/Super-LIO/src) by extension 'cmake'
[0.179s] Level 1:colcon.colcon_core.package_identification:_identify(src/Super-LIO/src) by extension 'python'
[0.179s] Level 1:colcon.colcon_core.package_identification:_identify(src/Super-LIO/src) by extensions ['python_setup_py']
[0.179s] Level 1:colcon.colcon_core.package_identification:_identify(src/Super-LIO/src) by extension 'python_setup_py'
[0.179s] Level 1:colcon.colcon_core.package_identification:_identify(src/Super-LIO/src/basic) by extensions ['ignore', 'ignore_ament_install']
[0.179s] Level 1:colcon.colcon_core.package_identification:_identify(src/Super-LIO/src/basic) by extension 'ignore'
[0.179s] Level 1:colcon.colcon_core.package_identification:_identify(src/Super-LIO/src/basic) by extension 'ignore_ament_install'
[0.179s] Level 1:colcon.colcon_core.package_identification:_identify(src/Super-LIO/src/basic) by extensions ['colcon_pkg']
[0.179s] Level 1:colcon.colcon_core.package_identification:_identify(src/Super-LIO/src/basic) by extension 'colcon_pkg'
[0.179s] Level 1:colcon.colcon_core.package_identification:_identify(src/Super-LIO/src/basic) by extensions ['colcon_meta']
[0.179s] Level 1:colcon.colcon_core.package_identification:_identify(src/Super-LIO/src/basic) by extension 'colcon_meta'
[0.179s] Level 1:colcon.colcon_core.package_identification:_identify(src/Super-LIO/src/basic) by extensions ['ros']
[0.179s] Level 1:colcon.colcon_core.package_identification:_identify(src/Super-LIO/src/basic) by extension 'ros'
[0.181s] DEBUG:colcon.colcon_core.package_identification:Package 'src/Super-LIO/src/basic' with type 'ros.ament_cmake' and name 'basic'
[0.181s] Level 1:colcon.colcon_core.package_identification:_identify(src/Super-LIO/src/super_lio) by extensions ['ignore', 'ignore_ament_install']
[0.181s] Level 1:colcon.colcon_core.package_identification:_identify(src/Super-LIO/src/super_lio) by extension 'ignore'
[0.181s] Level 1:colcon.colcon_core.package_identification:_identify(src/Super-LIO/src/super_lio) by extension 'ignore_ament_install'
[0.181s] Level 1:colcon.colcon_core.package_identification:_identify(src/Super-LIO/src/super_lio) by extensions ['colcon_pkg']
[0.181s] Level 1:colcon.colcon_core.package_identification:_identify(src/Super-LIO/src/super_lio) by extension 'colcon_pkg'
[0.181s] Level 1:colcon.colcon_core.package_identification:_identify(src/Super-LIO/src/super_lio) by extensions ['colcon_meta']
[0.181s] Level 1:colcon.colcon_core.package_identification:_identify(src/Super-LIO/src/super_lio) by extension 'colcon_meta'
[0.181s] Level 1:colcon.colcon_core.package_identification:_identify(src/Super-LIO/src/super_lio) by extensions ['ros']
[0.181s] Level 1:colcon.colcon_core.package_identification:_identify(src/Super-LIO/src/super_lio) by extension 'ros'
[0.182s] DEBUG:colcon.colcon_core.package_identification:Package 'src/Super-LIO/src/super_lio' with type 'ros.ament_cmake' and name 'super_lio'
[0.182s] Level 1:colcon.colcon_core.package_identification:_identify(src/build) by extensions ['ignore', 'ignore_ament_install']
[0.182s] Level 1:colcon.colcon_core.package_identification:_identify(src/build) by extension 'ignore'
[0.182s] Level 1:colcon.colcon_core.package_identification:_identify(src/build) ignored
[0.182s] Level 1:colcon.colcon_core.package_identification:_identify(src/install) by extensions ['ignore', 'ignore_ament_install']
[0.182s] Level 1:colcon.colcon_core.package_identification:_identify(src/install) by extension 'ignore'
[0.182s] Level 1:colcon.colcon_core.package_identification:_identify(src/install) ignored
[0.182s] Level 1:colcon.colcon_core.package_identification:_identify(src/livox_ros_driver2) by extensions ['ignore', 'ignore_ament_install']
[0.183s] Level 1:colcon.colcon_core.package_identification:_identify(src/livox_ros_driver2) by extension 'ignore'
[0.183s] Level 1:colcon.colcon_core.package_identification:_identify(src/livox_ros_driver2) by extension 'ignore_ament_install'
[0.183s] Level 1:colcon.colcon_core.package_identification:_identify(src/livox_ros_driver2) by extensions ['colcon_pkg']
[0.183s] Level 1:colcon.colcon_core.package_identification:_identify(src/livox_ros_driver2) by extension 'colcon_pkg'
[0.183s] Level 1:colcon.colcon_core.package_identification:_identify(src/livox_ros_driver2) by extensions ['colcon_meta']
[0.183s] Level 1:colcon.colcon_core.package_identification:_identify(src/livox_ros_driver2) by extension 'colcon_meta'
[0.183s] Level 1:colcon.colcon_core.package_identification:_identify(src/livox_ros_driver2) by extensions ['ros']
[0.183s] Level 1:colcon.colcon_core.package_identification:_identify(src/livox_ros_driver2) by extension 'ros'
[0.183s] DEBUG:colcon.colcon_core.package_identification:Package 'src/livox_ros_driver2' with type 'ros.ament_cmake' and name 'livox_ros_driver2'
[0.184s] Level 1:colcon.colcon_core.package_identification:_identify(src/log) by extensions ['ignore', 'ignore_ament_install']
[0.184s] Level 1:colcon.colcon_core.package_identification:_identify(src/log) by extension 'ignore'
[0.184s] Level 1:colcon.colcon_core.package_identification:_identify(src/log) ignored
[0.184s] Level 1:colcon.colcon_core.package_discovery:discover_packages(recursive) using defaults
[0.184s] Level 1:colcon.colcon_core.package_discovery:discover_packages(ignore) discover
[0.184s] Level 1:colcon.colcon_core.package_discovery:discover_packages(ignore) using defaults
[0.184s] Level 1:colcon.colcon_core.package_discovery:discover_packages(path) discover
[0.184s] Level 1:colcon.colcon_core.package_discovery:discover_packages(path) using defaults
[0.197s] Level 5:colcon.colcon_core.verb:set package 'basic' build argument 'cmake_args' from command line to 'None'
[0.197s] Level 5:colcon.colcon_core.verb:set package 'basic' build argument 'cmake_target' from command line to 'None'
[0.197s] Level 5:colcon.colcon_core.verb:set package 'basic' build argument 'cmake_target_skip_unavailable' from command line to 'False'
[0.197s] Level 5:colcon.colcon_core.verb:set package 'basic' build argument 'cmake_clean_cache' from command line to 'False'
[0.197s] Level 5:colcon.colcon_core.verb:set package 'basic' build argument 'cmake_clean_first' from command line to 'False'
[0.197s] Level 5:colcon.colcon_core.verb:set package 'basic' build argument 'cmake_force_configure' from command line to 'False'
[0.197s] Level 5:colcon.colcon_core.verb:set package 'basic' build argument 'ament_cmake_args' from command line to 'None'
[0.197s] Level 5:colcon.colcon_core.verb:set package 'basic' build argument 'catkin_cmake_args' from command line to 'None'
[0.197s] Level 5:colcon.colcon_core.verb:set package 'basic' build argument 'catkin_skip_building_tests' from command line to 'False'
[0.197s] DEBUG:colcon.colcon_core.verb:Building package 'basic' with the following arguments: {'ament_cmake_args': None, 'build_base': '/home/slam/r2_ws/lidar_ws/build/basic', 'catkin_cmake_args': None, 'catkin_skip_building_tests': False, 'cmake_args': None, 'cmake_clean_cache': False, 'cmake_clean_first': False, 'cmake_force_configure': False, 'cmake_target': None, 'cmake_target_skip_unavailable': False, 'install_base': '/home/slam/r2_ws/lidar_ws/install/basic', 'merge_install': False, 'path': '/home/slam/r2_ws/lidar_ws/src/Super-LIO/src/basic', 'symlink_install': False, 'test_result_base': None}
[0.197s] Level 5:colcon.colcon_core.verb:set package 'livox_ros_driver2' build argument 'cmake_args' from command line to 'None'
[0.197s] Level 5:colcon.colcon_core.verb:set package 'livox_ros_driver2' build argument 'cmake_target' from command line to 'None'
[0.197s] Level 5:colcon.colcon_core.verb:set package 'livox_ros_driver2' build argument 'cmake_target_skip_unavailable' from command line to 'False'
[0.197s] Level 5:colcon.colcon_core.verb:set package 'livox_ros_driver2' build argument 'cmake_clean_cache' from command line to 'False'
[0.197s] Level 5:colcon.colcon_core.verb:set package 'livox_ros_driver2' build argument 'cmake_clean_first' from command line to 'False'
[0.197s] Level 5:colcon.colcon_core.verb:set package 'livox_ros_driver2' build argument 'cmake_force_configure' from command line to 'False'
[0.197s] Level 5:colcon.colcon_core.verb:set package 'livox_ros_driver2' build argument 'ament_cmake_args' from command line to 'None'
[0.197s] Level 5:colcon.colcon_core.verb:set package 'livox_ros_driver2' build argument 'catkin_cmake_args' from command line to 'None'
[0.197s] Level 5:colcon.colcon_core.verb:set package 'livox_ros_driver2' build argument 'catkin_skip_building_tests' from command line to 'False'
[0.197s] DEBUG:colcon.colcon_core.verb:Building package 'livox_ros_driver2' with the following arguments: {'ament_cmake_args': None, 'build_base': '/home/slam/r2_ws/lidar_ws/build/livox_ros_driver2', 'catkin_cmake_args': None, 'catkin_skip_building_tests': False, 'cmake_args': None, 'cmake_clean_cache': False, 'cmake_clean_first': False, 'cmake_force_configure': False, 'cmake_target': None, 'cmake_target_skip_unavailable': False, 'install_base': '/home/slam/r2_ws/lidar_ws/install/livox_ros_driver2', 'merge_install': False, 'path': '/home/slam/r2_ws/lidar_ws/src/livox_ros_driver2', 'symlink_install': False, 'test_result_base': None}
[0.198s] Level 5:colcon.colcon_core.verb:set package 'livox_sdk2' build argument 'cmake_args' from command line to 'None'
[0.198s] Level 5:colcon.colcon_core.verb:set package 'livox_sdk2' build argument 'cmake_target' from command line to 'None'
[0.198s] Level 5:colcon.colcon_core.verb:set package 'livox_sdk2' build argument 'cmake_target_skip_unavailable' from command line to 'False'
[0.198s] Level 5:colcon.colcon_core.verb:set package 'livox_sdk2' build argument 'cmake_clean_cache' from command line to 'False'
[0.198s] Level 5:colcon.colcon_core.verb:set package 'livox_sdk2' build argument 'cmake_clean_first' from command line to 'False'
[0.198s] Level 5:colcon.colcon_core.verb:set package 'livox_sdk2' build argument 'cmake_force_configure' from command line to 'False'
[0.198s] Level 5:colcon.colcon_core.verb:set package 'livox_sdk2' build argument 'ament_cmake_args' from command line to 'None'
[0.198s] Level 5:colcon.colcon_core.verb:set package 'livox_sdk2' build argument 'catkin_cmake_args' from command line to 'None'
[0.198s] Level 5:colcon.colcon_core.verb:set package 'livox_sdk2' build argument 'catkin_skip_building_tests' from command line to 'False'
[0.198s] DEBUG:colcon.colcon_core.verb:Building package 'livox_sdk2' with the following arguments: {'ament_cmake_args': None, 'build_base': '/home/slam/r2_ws/lidar_ws/build/livox_sdk2', 'catkin_cmake_args': None, 'catkin_skip_building_tests': False, 'cmake_args': None, 'cmake_clean_cache': False, 'cmake_clean_first': False, 'cmake_force_configure': False, 'cmake_target': None, 'cmake_target_skip_unavailable': False, 'install_base': '/home/slam/r2_ws/lidar_ws/install/livox_sdk2', 'merge_install': False, 'path': '/home/slam/r2_ws/lidar_ws/Livox-SDK2', 'symlink_install': False, 'test_result_base': None}
[0.198s] Level 5:colcon.colcon_core.verb:set package 'super_lio' build argument 'cmake_args' from command line to 'None'
[0.198s] Level 5:colcon.colcon_core.verb:set package 'super_lio' build argument 'cmake_target' from command line to 'None'
[0.198s] Level 5:colcon.colcon_core.verb:set package 'super_lio' build argument 'cmake_target_skip_unavailable' from command line to 'False'
[0.198s] Level 5:colcon.colcon_core.verb:set package 'super_lio' build argument 'cmake_clean_cache' from command line to 'False'
[0.198s] Level 5:colcon.colcon_core.verb:set package 'super_lio' build argument 'cmake_clean_first' from command line to 'False'
[0.198s] Level 5:colcon.colcon_core.verb:set package 'super_lio' build argument 'cmake_force_configure' from command line to 'False'
[0.198s] Level 5:colcon.colcon_core.verb:set package 'super_lio' build argument 'ament_cmake_args' from command line to 'None'
[0.198s] Level 5:colcon.colcon_core.verb:set package 'super_lio' build argument 'catkin_cmake_args' from command line to 'None'
[0.198s] Level 5:colcon.colcon_core.verb:set package 'super_lio' build argument 'catkin_skip_building_tests' from command line to 'False'
[0.198s] DEBUG:colcon.colcon_core.verb:Building package 'super_lio' with the following arguments: {'ament_cmake_args': None, 'build_base': '/home/slam/r2_ws/lidar_ws/build/super_lio', 'catkin_cmake_args': None, 'catkin_skip_building_tests': False, 'cmake_args': None, 'cmake_clean_cache': False, 'cmake_clean_first': False, 'cmake_force_configure': False, 'cmake_target': None, 'cmake_target_skip_unavailable': False, 'install_base': '/home/slam/r2_ws/lidar_ws/install/super_lio', 'merge_install': False, 'path': '/home/slam/r2_ws/lidar_ws/src/Super-LIO/src/super_lio', 'symlink_install': False, 'test_result_base': None}
[0.198s] INFO:colcon.colcon_core.executor:Executing jobs using 'parallel' executor
[0.199s] DEBUG:colcon.colcon_parallel_executor.executor.parallel:run_until_complete
[0.199s] INFO:colcon.colcon_ros.task.ament_cmake.build:Building ROS package in '/home/slam/r2_ws/lidar_ws/src/Super-LIO/src/basic' with build type 'ament_cmake'
[0.199s] INFO:colcon.colcon_cmake.task.cmake.build:Building CMake package in '/home/slam/r2_ws/lidar_ws/src/Super-LIO/src/basic'
[0.202s] INFO:colcon.colcon_core.plugin_system:Skipping extension 'colcon_core.shell.bat': Not used on non-Windows systems
[0.202s] INFO:colcon.colcon_core.shell:Skip shell extension 'powershell' for command environment: Not usable outside of PowerShell
[0.202s] DEBUG:colcon.colcon_core.shell:Skip shell extension 'dsv' for command environment
[0.206s] INFO:colcon.colcon_ros.task.ament_cmake.build:Building ROS package in '/home/slam/r2_ws/lidar_ws/src/livox_ros_driver2' with build type 'ament_cmake'
[0.206s] INFO:colcon.colcon_cmake.task.cmake.build:Building CMake package in '/home/slam/r2_ws/lidar_ws/src/livox_ros_driver2'
[0.206s] INFO:colcon.colcon_core.shell:Skip shell extension 'powershell' for command environment: Not usable outside of PowerShell
[0.206s] DEBUG:colcon.colcon_core.shell:Skip shell extension 'dsv' for command environment
[0.208s] INFO:colcon.colcon_cmake.task.cmake.build:Building CMake package in '/home/slam/r2_ws/lidar_ws/Livox-SDK2'
[0.208s] INFO:colcon.colcon_core.shell:Skip shell extension 'powershell' for command environment: Not usable outside of PowerShell
[0.208s] DEBUG:colcon.colcon_core.shell:Skip shell extension 'dsv' for command environment
[0.215s] DEBUG:colcon.colcon_core.event_handler.log_command:Invoking command in '/home/slam/r2_ws/lidar_ws/build/basic': CMAKE_PREFIX_PATH=${CMAKE_PREFIX_PATH}:/opt/ros/humble /usr/bin/cmake /home/slam/r2_ws/lidar_ws/src/Super-LIO/src/basic -DCMAKE_INSTALL_PREFIX=/home/slam/r2_ws/lidar_ws/install/basic
[0.217s] DEBUG:colcon.colcon_core.event_handler.log_command:Invoking command in '/home/slam/r2_ws/lidar_ws/build/livox_ros_driver2': CMAKE_PREFIX_PATH=${CMAKE_PREFIX_PATH}:/opt/ros/humble /usr/bin/cmake /home/slam/r2_ws/lidar_ws/src/livox_ros_driver2 -DCMAKE_INSTALL_PREFIX=/home/slam/r2_ws/lidar_ws/install/livox_ros_driver2
[0.220s] DEBUG:colcon.colcon_core.event_handler.log_command:Invoking command in '/home/slam/r2_ws/lidar_ws/build/livox_sdk2': /usr/bin/cmake /home/slam/r2_ws/lidar_ws/Livox-SDK2 -DCMAKE_INSTALL_PREFIX=/home/slam/r2_ws/lidar_ws/install/livox_sdk2
[0.272s] DEBUG:colcon.colcon_core.event_handler.log_command:Invoked command in '/home/slam/r2_ws/lidar_ws/build/livox_sdk2' returned '0': /usr/bin/cmake /home/slam/r2_ws/lidar_ws/Livox-SDK2 -DCMAKE_INSTALL_PREFIX=/home/slam/r2_ws/lidar_ws/install/livox_sdk2
[0.273s] DEBUG:colcon.colcon_core.event_handler.log_command:Invoking command in '/home/slam/r2_ws/lidar_ws/build/livox_sdk2': /usr/bin/cmake --build /home/slam/r2_ws/lidar_ws/build/livox_sdk2 -- -j10 -l10
[0.384s] DEBUG:colcon.colcon_core.event_handler.log_command:Invoked command in '/home/slam/r2_ws/lidar_ws/build/livox_sdk2' returned '0': /usr/bin/cmake --build /home/slam/r2_ws/lidar_ws/build/livox_sdk2 -- -j10 -l10
[0.392s] DEBUG:colcon.colcon_core.event_handler.log_command:Invoking command in '/home/slam/r2_ws/lidar_ws/build/livox_sdk2': /usr/bin/cmake --install /home/slam/r2_ws/lidar_ws/build/livox_sdk2
[0.401s] Level 1:colcon.colcon_core.environment:create_environment_scripts_only(livox_sdk2)
[0.401s] DEBUG:colcon.colcon_core.event_handler.log_command:Invoked command in '/home/slam/r2_ws/lidar_ws/build/livox_sdk2' returned '0': /usr/bin/cmake --install /home/slam/r2_ws/lidar_ws/build/livox_sdk2
[0.407s] Level 1:colcon.colcon_core.environment:checking '/home/slam/r2_ws/lidar_ws/install/livox_sdk2' for CMake module files
[0.407s] Level 1:colcon.colcon_core.environment:checking '/home/slam/r2_ws/lidar_ws/install/livox_sdk2' for CMake config files
[0.408s] Level 1:colcon.colcon_core.environment:checking '/home/slam/r2_ws/lidar_ws/install/livox_sdk2/lib'
[0.408s] Level 1:colcon.colcon_core.shell:create_environment_hook('livox_sdk2', 'ld_library_path_lib')
[0.408s] INFO:colcon.colcon_core.shell:Creating environment hook '/home/slam/r2_ws/lidar_ws/install/livox_sdk2/share/livox_sdk2/hook/ld_library_path_lib.ps1'
[0.410s] INFO:colcon.colcon_core.shell:Creating environment descriptor '/home/slam/r2_ws/lidar_ws/install/livox_sdk2/share/livox_sdk2/hook/ld_library_path_lib.dsv'
[0.411s] INFO:colcon.colcon_core.shell:Creating environment hook '/home/slam/r2_ws/lidar_ws/install/livox_sdk2/share/livox_sdk2/hook/ld_library_path_lib.sh'
[0.411s] Level 1:colcon.colcon_core.environment:checking '/home/slam/r2_ws/lidar_ws/install/livox_sdk2/bin'
[0.411s] Level 1:colcon.colcon_core.environment:checking '/home/slam/r2_ws/lidar_ws/install/livox_sdk2/lib/pkgconfig/livox_sdk2.pc'
[0.412s] Level 1:colcon.colcon_core.environment:checking '/home/slam/r2_ws/lidar_ws/install/livox_sdk2/lib/python3.10/site-packages'
[0.412s] Level 1:colcon.colcon_core.environment:checking '/home/slam/r2_ws/lidar_ws/install/livox_sdk2/bin'
[0.412s] INFO:colcon.colcon_core.shell:Creating package script '/home/slam/r2_ws/lidar_ws/install/livox_sdk2/share/livox_sdk2/package.ps1'
[0.413s] INFO:colcon.colcon_core.shell:Creating package descriptor '/home/slam/r2_ws/lidar_ws/install/livox_sdk2/share/livox_sdk2/package.dsv'
[0.414s] INFO:colcon.colcon_core.shell:Creating package script '/home/slam/r2_ws/lidar_ws/install/livox_sdk2/share/livox_sdk2/package.sh'
[0.414s] INFO:colcon.colcon_core.shell:Creating package script '/home/slam/r2_ws/lidar_ws/install/livox_sdk2/share/livox_sdk2/package.bash'
[0.415s] INFO:colcon.colcon_core.shell:Creating package script '/home/slam/r2_ws/lidar_ws/install/livox_sdk2/share/livox_sdk2/package.zsh'
[0.415s] Level 1:colcon.colcon_core.environment:create_file_with_runtime_dependencies(/home/slam/r2_ws/lidar_ws/install/livox_sdk2/share/colcon-core/packages/livox_sdk2)
[1.508s] DEBUG:colcon.colcon_core.event_handler.log_command:Invoked command in '/home/slam/r2_ws/lidar_ws/build/basic' returned '0': CMAKE_PREFIX_PATH=${CMAKE_PREFIX_PATH}:/opt/ros/humble /usr/bin/cmake /home/slam/r2_ws/lidar_ws/src/Super-LIO/src/basic -DCMAKE_INSTALL_PREFIX=/home/slam/r2_ws/lidar_ws/install/basic
[1.510s] DEBUG:colcon.colcon_core.event_handler.log_command:Invoking command in '/home/slam/r2_ws/lidar_ws/build/basic': CMAKE_PREFIX_PATH=${CMAKE_PREFIX_PATH}:/opt/ros/humble /usr/bin/cmake --build /home/slam/r2_ws/lidar_ws/build/basic -- -j10 -l10
[1.583s] DEBUG:colcon.colcon_core.event_handler.log_command:Invoked command in '/home/slam/r2_ws/lidar_ws/build/basic' returned '0': CMAKE_PREFIX_PATH=${CMAKE_PREFIX_PATH}:/opt/ros/humble /usr/bin/cmake --build /home/slam/r2_ws/lidar_ws/build/basic -- -j10 -l10
[1.585s] DEBUG:colcon.colcon_core.event_handler.log_command:Invoking command in '/home/slam/r2_ws/lidar_ws/build/basic': CMAKE_PREFIX_PATH=${CMAKE_PREFIX_PATH}:/opt/ros/humble /usr/bin/cmake --install /home/slam/r2_ws/lidar_ws/build/basic
[1.595s] Level 1:colcon.colcon_core.environment:create_environment_scripts_only(basic)
[1.595s] Level 1:colcon.colcon_core.environment:checking '/home/slam/r2_ws/lidar_ws/install/basic' for CMake module files
[1.596s] DEBUG:colcon.colcon_core.event_handler.log_command:Invoked command in '/home/slam/r2_ws/lidar_ws/build/basic' returned '0': CMAKE_PREFIX_PATH=${CMAKE_PREFIX_PATH}:/opt/ros/humble /usr/bin/cmake --install /home/slam/r2_ws/lidar_ws/build/basic
[1.596s] Level 1:colcon.colcon_core.environment:checking '/home/slam/r2_ws/lidar_ws/install/basic' for CMake config files
[1.596s] Level 1:colcon.colcon_core.shell:create_environment_hook('basic', 'cmake_prefix_path')
[1.597s] INFO:colcon.colcon_core.shell:Creating environment hook '/home/slam/r2_ws/lidar_ws/install/basic/share/basic/hook/cmake_prefix_path.ps1'
[1.597s] INFO:colcon.colcon_core.shell:Creating environment descriptor '/home/slam/r2_ws/lidar_ws/install/basic/share/basic/hook/cmake_prefix_path.dsv'
[1.598s] INFO:colcon.colcon_core.shell:Creating environment hook '/home/slam/r2_ws/lidar_ws/install/basic/share/basic/hook/cmake_prefix_path.sh'
[1.598s] Level 1:colcon.colcon_core.environment:checking '/home/slam/r2_ws/lidar_ws/install/basic/lib'
[1.598s] Level 1:colcon.colcon_core.shell:create_environment_hook('basic', 'ld_library_path_lib')
[1.598s] INFO:colcon.colcon_core.shell:Creating environment hook '/home/slam/r2_ws/lidar_ws/install/basic/share/basic/hook/ld_library_path_lib.ps1'
[1.598s] INFO:colcon.colcon_core.shell:Creating environment descriptor '/home/slam/r2_ws/lidar_ws/install/basic/share/basic/hook/ld_library_path_lib.dsv'
[1.599s] INFO:colcon.colcon_core.shell:Creating environment hook '/home/slam/r2_ws/lidar_ws/install/basic/share/basic/hook/ld_library_path_lib.sh'
[1.599s] Level 1:colcon.colcon_core.environment:checking '/home/slam/r2_ws/lidar_ws/install/basic/bin'
[1.599s] Level 1:colcon.colcon_core.environment:checking '/home/slam/r2_ws/lidar_ws/install/basic/lib/pkgconfig/basic.pc'
[1.599s] Level 1:colcon.colcon_core.environment:checking '/home/slam/r2_ws/lidar_ws/install/basic/lib/python3.10/site-packages'
[1.599s] Level 1:colcon.colcon_core.environment:checking '/home/slam/r2_ws/lidar_ws/install/basic/bin'
[1.600s] INFO:colcon.colcon_core.shell:Creating package script '/home/slam/r2_ws/lidar_ws/install/basic/share/basic/package.ps1'
[1.600s] INFO:colcon.colcon_core.shell:Creating package descriptor '/home/slam/r2_ws/lidar_ws/install/basic/share/basic/package.dsv'
[1.600s] INFO:colcon.colcon_core.shell:Creating package script '/home/slam/r2_ws/lidar_ws/install/basic/share/basic/package.sh'
[1.601s] INFO:colcon.colcon_core.shell:Creating package script '/home/slam/r2_ws/lidar_ws/install/basic/share/basic/package.bash'
[1.601s] INFO:colcon.colcon_core.shell:Creating package script '/home/slam/r2_ws/lidar_ws/install/basic/share/basic/package.zsh'
[1.601s] Level 1:colcon.colcon_core.environment:create_file_with_runtime_dependencies(/home/slam/r2_ws/lidar_ws/install/basic/share/colcon-core/packages/basic)
[1.601s] Level 1:colcon.colcon_core.environment:create_environment_scripts_only(basic)
[1.602s] Level 1:colcon.colcon_core.environment:checking '/home/slam/r2_ws/lidar_ws/install/basic' for CMake module files
[1.602s] Level 1:colcon.colcon_core.environment:checking '/home/slam/r2_ws/lidar_ws/install/basic' for CMake config files
[1.602s] Level 1:colcon.colcon_core.shell:create_environment_hook('basic', 'cmake_prefix_path')
[1.602s] INFO:colcon.colcon_core.shell:Creating environment hook '/home/slam/r2_ws/lidar_ws/install/basic/share/basic/hook/cmake_prefix_path.ps1'
[1.602s] INFO:colcon.colcon_core.shell:Creating environment descriptor '/home/slam/r2_ws/lidar_ws/install/basic/share/basic/hook/cmake_prefix_path.dsv'
[1.603s] INFO:colcon.colcon_core.shell:Creating environment hook '/home/slam/r2_ws/lidar_ws/install/basic/share/basic/hook/cmake_prefix_path.sh'
[1.603s] Level 1:colcon.colcon_core.environment:checking '/home/slam/r2_ws/lidar_ws/install/basic/lib'
[1.603s] Level 1:colcon.colcon_core.shell:create_environment_hook('basic', 'ld_library_path_lib')
[1.603s] INFO:colcon.colcon_core.shell:Creating environment hook '/home/slam/r2_ws/lidar_ws/install/basic/share/basic/hook/ld_library_path_lib.ps1'
[1.603s] INFO:colcon.colcon_core.shell:Creating environment descriptor '/home/slam/r2_ws/lidar_ws/install/basic/share/basic/hook/ld_library_path_lib.dsv'
[1.603s] INFO:colcon.colcon_core.shell:Creating environment hook '/home/slam/r2_ws/lidar_ws/install/basic/share/basic/hook/ld_library_path_lib.sh'
[1.604s] Level 1:colcon.colcon_core.environment:checking '/home/slam/r2_ws/lidar_ws/install/basic/bin'
[1.604s] Level 1:colcon.colcon_core.environment:checking '/home/slam/r2_ws/lidar_ws/install/basic/lib/pkgconfig/basic.pc'
[1.604s] Level 1:colcon.colcon_core.environment:checking '/home/slam/r2_ws/lidar_ws/install/basic/lib/python3.10/site-packages'
[1.604s] Level 1:colcon.colcon_core.environment:checking '/home/slam/r2_ws/lidar_ws/install/basic/bin'
[1.604s] INFO:colcon.colcon_core.shell:Creating package script '/home/slam/r2_ws/lidar_ws/install/basic/share/basic/package.ps1'
[1.605s] INFO:colcon.colcon_core.shell:Creating package descriptor '/home/slam/r2_ws/lidar_ws/install/basic/share/basic/package.dsv'
[1.605s] INFO:colcon.colcon_core.shell:Creating package script '/home/slam/r2_ws/lidar_ws/install/basic/share/basic/package.sh'
[1.605s] INFO:colcon.colcon_core.shell:Creating package script '/home/slam/r2_ws/lidar_ws/install/basic/share/basic/package.bash'
[1.606s] INFO:colcon.colcon_core.shell:Creating package script '/home/slam/r2_ws/lidar_ws/install/basic/share/basic/package.zsh'
[1.606s] Level 1:colcon.colcon_core.environment:create_file_with_runtime_dependencies(/home/slam/r2_ws/lidar_ws/install/basic/share/colcon-core/packages/basic)
[2.273s] DEBUG:colcon.colcon_core.event_handler.log_command:Invoked command in '/home/slam/r2_ws/lidar_ws/build/livox_ros_driver2' returned '0': CMAKE_PREFIX_PATH=${CMAKE_PREFIX_PATH}:/opt/ros/humble /usr/bin/cmake /home/slam/r2_ws/lidar_ws/src/livox_ros_driver2 -DCMAKE_INSTALL_PREFIX=/home/slam/r2_ws/lidar_ws/install/livox_ros_driver2
[2.274s] DEBUG:colcon.colcon_core.event_handler.log_command:Invoking command in '/home/slam/r2_ws/lidar_ws/build/livox_ros_driver2': CMAKE_PREFIX_PATH=${CMAKE_PREFIX_PATH}:/opt/ros/humble /usr/bin/cmake --build /home/slam/r2_ws/lidar_ws/build/livox_ros_driver2 -- -j10 -l10
[2.543s] DEBUG:colcon.colcon_core.event_handler.log_command:Invoked command in '/home/slam/r2_ws/lidar_ws/build/livox_ros_driver2' returned '0': CMAKE_PREFIX_PATH=${CMAKE_PREFIX_PATH}:/opt/ros/humble /usr/bin/cmake --build /home/slam/r2_ws/lidar_ws/build/livox_ros_driver2 -- -j10 -l10
[2.545s] DEBUG:colcon.colcon_core.event_handler.log_command:Invoking command in '/home/slam/r2_ws/lidar_ws/build/livox_ros_driver2': CMAKE_PREFIX_PATH=${CMAKE_PREFIX_PATH}:/opt/ros/humble /usr/bin/cmake --install /home/slam/r2_ws/lidar_ws/build/livox_ros_driver2
[2.587s] Level 1:colcon.colcon_core.environment:create_environment_scripts_only(livox_ros_driver2)
[2.587s] Level 1:colcon.colcon_core.environment:checking '/home/slam/r2_ws/lidar_ws/install/livox_ros_driver2' for CMake module files
[2.588s] Level 1:colcon.colcon_core.environment:checking '/home/slam/r2_ws/lidar_ws/install/livox_ros_driver2' for CMake config files
[2.589s] DEBUG:colcon.colcon_core.event_handler.log_command:Invoked command in '/home/slam/r2_ws/lidar_ws/build/livox_ros_driver2' returned '0': CMAKE_PREFIX_PATH=${CMAKE_PREFIX_PATH}:/opt/ros/humble /usr/bin/cmake --install /home/slam/r2_ws/lidar_ws/build/livox_ros_driver2
[2.589s] Level 1:colcon.colcon_core.shell:create_environment_hook('livox_ros_driver2', 'cmake_prefix_path')
[2.589s] INFO:colcon.colcon_core.shell:Creating environment hook '/home/slam/r2_ws/lidar_ws/install/livox_ros_driver2/share/livox_ros_driver2/hook/cmake_prefix_path.ps1'
[2.590s] INFO:colcon.colcon_core.shell:Creating environment descriptor '/home/slam/r2_ws/lidar_ws/install/livox_ros_driver2/share/livox_ros_driver2/hook/cmake_prefix_path.dsv'
[2.590s] INFO:colcon.colcon_core.shell:Creating environment hook '/home/slam/r2_ws/lidar_ws/install/livox_ros_driver2/share/livox_ros_driver2/hook/cmake_prefix_path.sh'
[2.590s] Level 1:colcon.colcon_core.environment:checking '/home/slam/r2_ws/lidar_ws/install/livox_ros_driver2/lib'
[2.591s] Level 1:colcon.colcon_core.shell:create_environment_hook('livox_ros_driver2', 'ld_library_path_lib')
[2.591s] INFO:colcon.colcon_core.shell:Creating environment hook '/home/slam/r2_ws/lidar_ws/install/livox_ros_driver2/share/livox_ros_driver2/hook/ld_library_path_lib.ps1'
[2.591s] INFO:colcon.colcon_core.shell:Creating environment descriptor '/home/slam/r2_ws/lidar_ws/install/livox_ros_driver2/share/livox_ros_driver2/hook/ld_library_path_lib.dsv'
[2.591s] INFO:colcon.colcon_core.shell:Creating environment hook '/home/slam/r2_ws/lidar_ws/install/livox_ros_driver2/share/livox_ros_driver2/hook/ld_library_path_lib.sh'
[2.591s] Level 1:colcon.colcon_core.environment:checking '/home/slam/r2_ws/lidar_ws/install/livox_ros_driver2/bin'
[2.591s] Level 1:colcon.colcon_core.environment:checking '/home/slam/r2_ws/lidar_ws/install/livox_ros_driver2/lib/pkgconfig/livox_ros_driver2.pc'
[2.592s] Level 1:colcon.colcon_core.environment:checking '/home/slam/r2_ws/lidar_ws/install/livox_ros_driver2/lib/python3.10/site-packages'
[2.592s] Level 1:colcon.colcon_core.environment:checking '/home/slam/r2_ws/lidar_ws/install/livox_ros_driver2/bin'
[2.592s] INFO:colcon.colcon_core.shell:Creating package script '/home/slam/r2_ws/lidar_ws/install/livox_ros_driver2/share/livox_ros_driver2/package.ps1'
[2.593s] INFO:colcon.colcon_core.shell:Creating package descriptor '/home/slam/r2_ws/lidar_ws/install/livox_ros_driver2/share/livox_ros_driver2/package.dsv'
[2.593s] INFO:colcon.colcon_core.shell:Creating package script '/home/slam/r2_ws/lidar_ws/install/livox_ros_driver2/share/livox_ros_driver2/package.sh'
[2.593s] INFO:colcon.colcon_core.shell:Creating package script '/home/slam/r2_ws/lidar_ws/install/livox_ros_driver2/share/livox_ros_driver2/package.bash'
[2.593s] INFO:colcon.colcon_core.shell:Creating package script '/home/slam/r2_ws/lidar_ws/install/livox_ros_driver2/share/livox_ros_driver2/package.zsh'
[2.594s] Level 1:colcon.colcon_core.environment:create_file_with_runtime_dependencies(/home/slam/r2_ws/lidar_ws/install/livox_ros_driver2/share/colcon-core/packages/livox_ros_driver2)
[2.594s] Level 1:colcon.colcon_core.environment:create_environment_scripts_only(livox_ros_driver2)
[2.594s] Level 1:colcon.colcon_core.environment:checking '/home/slam/r2_ws/lidar_ws/install/livox_ros_driver2' for CMake module files
[2.594s] Level 1:colcon.colcon_core.environment:checking '/home/slam/r2_ws/lidar_ws/install/livox_ros_driver2' for CMake config files
[2.595s] Level 1:colcon.colcon_core.shell:create_environment_hook('livox_ros_driver2', 'cmake_prefix_path')
[2.595s] INFO:colcon.colcon_core.shell:Creating environment hook '/home/slam/r2_ws/lidar_ws/install/livox_ros_driver2/share/livox_ros_driver2/hook/cmake_prefix_path.ps1'
[2.595s] INFO:colcon.colcon_core.shell:Creating environment descriptor '/home/slam/r2_ws/lidar_ws/install/livox_ros_driver2/share/livox_ros_driver2/hook/cmake_prefix_path.dsv'
[2.595s] INFO:colcon.colcon_core.shell:Creating environment hook '/home/slam/r2_ws/lidar_ws/install/livox_ros_driver2/share/livox_ros_driver2/hook/cmake_prefix_path.sh'
[2.595s] Level 1:colcon.colcon_core.environment:checking '/home/slam/r2_ws/lidar_ws/install/livox_ros_driver2/lib'
[2.595s] Level 1:colcon.colcon_core.shell:create_environment_hook('livox_ros_driver2', 'ld_library_path_lib')
[2.596s] INFO:colcon.colcon_core.shell:Creating environment hook '/home/slam/r2_ws/lidar_ws/install/livox_ros_driver2/share/livox_ros_driver2/hook/ld_library_path_lib.ps1'
[2.596s] INFO:colcon.colcon_core.shell:Creating environment descriptor '/home/slam/r2_ws/lidar_ws/install/livox_ros_driver2/share/livox_ros_driver2/hook/ld_library_path_lib.dsv'
[2.596s] INFO:colcon.colcon_core.shell:Creating environment hook '/home/slam/r2_ws/lidar_ws/install/livox_ros_driver2/share/livox_ros_driver2/hook/ld_library_path_lib.sh'
[2.596s] Level 1:colcon.colcon_core.environment:checking '/home/slam/r2_ws/lidar_ws/install/livox_ros_driver2/bin'
[2.596s] Level 1:colcon.colcon_core.environment:checking '/home/slam/r2_ws/lidar_ws/install/livox_ros_driver2/lib/pkgconfig/livox_ros_driver2.pc'
[2.596s] Level 1:colcon.colcon_core.environment:checking '/home/slam/r2_ws/lidar_ws/install/livox_ros_driver2/lib/python3.10/site-packages'
[2.597s] Level 1:colcon.colcon_core.environment:checking '/home/slam/r2_ws/lidar_ws/install/livox_ros_driver2/bin'
[2.597s] INFO:colcon.colcon_core.shell:Creating package script '/home/slam/r2_ws/lidar_ws/install/livox_ros_driver2/share/livox_ros_driver2/package.ps1'
[2.597s] INFO:colcon.colcon_core.shell:Creating package descriptor '/home/slam/r2_ws/lidar_ws/install/livox_ros_driver2/share/livox_ros_driver2/package.dsv'
[2.597s] INFO:colcon.colcon_core.shell:Creating package script '/home/slam/r2_ws/lidar_ws/install/livox_ros_driver2/share/livox_ros_driver2/package.sh'
[2.598s] INFO:colcon.colcon_core.shell:Creating package script '/home/slam/r2_ws/lidar_ws/install/livox_ros_driver2/share/livox_ros_driver2/package.bash'
[2.598s] INFO:colcon.colcon_core.shell:Creating package script '/home/slam/r2_ws/lidar_ws/install/livox_ros_driver2/share/livox_ros_driver2/package.zsh'
[2.598s] Level 1:colcon.colcon_core.environment:create_file_with_runtime_dependencies(/home/slam/r2_ws/lidar_ws/install/livox_ros_driver2/share/colcon-core/packages/livox_ros_driver2)
[2.598s] INFO:colcon.colcon_ros.task.ament_cmake.build:Building ROS package in '/home/slam/r2_ws/lidar_ws/src/Super-LIO/src/super_lio' with build type 'ament_cmake'
[2.598s] INFO:colcon.colcon_cmake.task.cmake.build:Building CMake package in '/home/slam/r2_ws/lidar_ws/src/Super-LIO/src/super_lio'
[2.599s] INFO:colcon.colcon_core.shell:Skip shell extension 'powershell' for command environment: Not usable outside of PowerShell
[2.599s] DEBUG:colcon.colcon_core.shell:Skip shell extension 'dsv' for command environment
[2.612s] DEBUG:colcon.colcon_core.event_handler.log_command:Invoking command in '/home/slam/r2_ws/lidar_ws/build/super_lio': CMAKE_PREFIX_PATH=/home/slam/r2_ws/lidar_ws/install/livox_ros_driver2:/home/slam/r2_ws/lidar_ws/install/basic:/home/slam/r2_ws/lidar_ws/install/super_lio:/opt/ros/humble LD_LIBRARY_PATH=/home/slam/r2_ws/lidar_ws/install/livox_ros_driver2/lib:/home/slam/r2_ws/lidar_ws/install/basic/lib:/home/slam/r2_ws/lidar_ws/install/super_lio/lib:/home/slam/r2_ws/lidar_ws/install/livox_sdk2/lib:/opt/ros/humble/opt/rviz_ogre_vendor/lib:/opt/ros/humble/lib/x86_64-linux-gnu:/opt/ros/humble/lib /usr/bin/cmake /home/slam/r2_ws/lidar_ws/src/Super-LIO/src/super_lio -DCMAKE_INSTALL_PREFIX=/home/slam/r2_ws/lidar_ws/install/super_lio
[4.737s] DEBUG:colcon.colcon_core.event_handler.log_command:Invoked command in '/home/slam/r2_ws/lidar_ws/build/super_lio' returned '0': CMAKE_PREFIX_PATH=/home/slam/r2_ws/lidar_ws/install/livox_ros_driver2:/home/slam/r2_ws/lidar_ws/install/basic:/home/slam/r2_ws/lidar_ws/install/super_lio:/opt/ros/humble LD_LIBRARY_PATH=/home/slam/r2_ws/lidar_ws/install/livox_ros_driver2/lib:/home/slam/r2_ws/lidar_ws/install/basic/lib:/home/slam/r2_ws/lidar_ws/install/super_lio/lib:/home/slam/r2_ws/lidar_ws/install/livox_sdk2/lib:/opt/ros/humble/opt/rviz_ogre_vendor/lib:/opt/ros/humble/lib/x86_64-linux-gnu:/opt/ros/humble/lib /usr/bin/cmake /home/slam/r2_ws/lidar_ws/src/Super-LIO/src/super_lio -DCMAKE_INSTALL_PREFIX=/home/slam/r2_ws/lidar_ws/install/super_lio
[4.737s] DEBUG:colcon.colcon_core.event_handler.log_command:Invoking command in '/home/slam/r2_ws/lidar_ws/build/super_lio': CMAKE_PREFIX_PATH=/home/slam/r2_ws/lidar_ws/install/livox_ros_driver2:/home/slam/r2_ws/lidar_ws/install/basic:/home/slam/r2_ws/lidar_ws/install/super_lio:/opt/ros/humble LD_LIBRARY_PATH=/home/slam/r2_ws/lidar_ws/install/livox_ros_driver2/lib:/home/slam/r2_ws/lidar_ws/install/basic/lib:/home/slam/r2_ws/lidar_ws/install/super_lio/lib:/home/slam/r2_ws/lidar_ws/install/livox_sdk2/lib:/opt/ros/humble/opt/rviz_ogre_vendor/lib:/opt/ros/humble/lib/x86_64-linux-gnu:/opt/ros/humble/lib /usr/bin/cmake --build /home/slam/r2_ws/lidar_ws/build/super_lio -- -j10 -l10
[5.016s] DEBUG:colcon.colcon_core.event_handler.log_command:Invoked command in '/home/slam/r2_ws/lidar_ws/build/super_lio' returned '0': CMAKE_PREFIX_PATH=/home/slam/r2_ws/lidar_ws/install/livox_ros_driver2:/home/slam/r2_ws/lidar_ws/install/basic:/home/slam/r2_ws/lidar_ws/install/super_lio:/opt/ros/humble LD_LIBRARY_PATH=/home/slam/r2_ws/lidar_ws/install/livox_ros_driver2/lib:/home/slam/r2_ws/lidar_ws/install/basic/lib:/home/slam/r2_ws/lidar_ws/install/super_lio/lib:/home/slam/r2_ws/lidar_ws/install/livox_sdk2/lib:/opt/ros/humble/opt/rviz_ogre_vendor/lib:/opt/ros/humble/lib/x86_64-linux-gnu:/opt/ros/humble/lib /usr/bin/cmake --build /home/slam/r2_ws/lidar_ws/build/super_lio -- -j10 -l10
[5.017s] DEBUG:colcon.colcon_core.event_handler.log_command:Invoking command in '/home/slam/r2_ws/lidar_ws/build/super_lio': CMAKE_PREFIX_PATH=/home/slam/r2_ws/lidar_ws/install/livox_ros_driver2:/home/slam/r2_ws/lidar_ws/install/basic:/home/slam/r2_ws/lidar_ws/install/super_lio:/opt/ros/humble LD_LIBRARY_PATH=/home/slam/r2_ws/lidar_ws/install/livox_ros_driver2/lib:/home/slam/r2_ws/lidar_ws/install/basic/lib:/home/slam/r2_ws/lidar_ws/install/super_lio/lib:/home/slam/r2_ws/lidar_ws/install/livox_sdk2/lib:/opt/ros/humble/opt/rviz_ogre_vendor/lib:/opt/ros/humble/lib/x86_64-linux-gnu:/opt/ros/humble/lib /usr/bin/cmake --install /home/slam/r2_ws/lidar_ws/build/super_lio
[5.064s] Level 1:colcon.colcon_core.environment:create_environment_scripts_only(super_lio)
[5.064s] Level 1:colcon.colcon_core.environment:checking '/home/slam/r2_ws/lidar_ws/install/super_lio' for CMake module files
[5.067s] Level 1:colcon.colcon_core.environment:checking '/home/slam/r2_ws/lidar_ws/install/super_lio' for CMake config files
[5.067s] Level 1:colcon.colcon_core.shell:create_environment_hook('super_lio', 'cmake_prefix_path')
[5.068s] INFO:colcon.colcon_core.shell:Creating environment hook '/home/slam/r2_ws/lidar_ws/install/super_lio/share/super_lio/hook/cmake_prefix_path.ps1'
[5.068s] INFO:colcon.colcon_core.shell:Creating environment descriptor '/home/slam/r2_ws/lidar_ws/install/super_lio/share/super_lio/hook/cmake_prefix_path.dsv'
[5.068s] INFO:colcon.colcon_core.shell:Creating environment hook '/home/slam/r2_ws/lidar_ws/install/super_lio/share/super_lio/hook/cmake_prefix_path.sh'
[5.069s] Level 1:colcon.colcon_core.environment:checking '/home/slam/r2_ws/lidar_ws/install/super_lio/lib'
[5.069s] Level 1:colcon.colcon_core.shell:create_environment_hook('super_lio', 'ld_library_path_lib')
[5.069s] INFO:colcon.colcon_core.shell:Creating environment hook '/home/slam/r2_ws/lidar_ws/install/super_lio/share/super_lio/hook/ld_library_path_lib.ps1'
[5.070s] INFO:colcon.colcon_core.shell:Creating environment descriptor '/home/slam/r2_ws/lidar_ws/install/super_lio/share/super_lio/hook/ld_library_path_lib.dsv'
[5.070s] INFO:colcon.colcon_core.shell:Creating environment hook '/home/slam/r2_ws/lidar_ws/install/super_lio/share/super_lio/hook/ld_library_path_lib.sh'
[5.070s] Level 1:colcon.colcon_core.environment:checking '/home/slam/r2_ws/lidar_ws/install/super_lio/bin'
[5.070s] Level 1:colcon.colcon_core.environment:checking '/home/slam/r2_ws/lidar_ws/install/super_lio/lib/pkgconfig/super_lio.pc'
[5.071s] Level 1:colcon.colcon_core.environment:checking '/home/slam/r2_ws/lidar_ws/install/super_lio/lib/python3.10/site-packages'
[5.071s] Level 1:colcon.colcon_core.environment:checking '/home/slam/r2_ws/lidar_ws/install/super_lio/bin'
[5.071s] INFO:colcon.colcon_core.shell:Creating package script '/home/slam/r2_ws/lidar_ws/install/super_lio/share/super_lio/package.ps1'
[5.071s] DEBUG:colcon.colcon_core.event_handler.log_command:Invoked command in '/home/slam/r2_ws/lidar_ws/build/super_lio' returned '0': CMAKE_PREFIX_PATH=/home/slam/r2_ws/lidar_ws/install/livox_ros_driver2:/home/slam/r2_ws/lidar_ws/install/basic:/home/slam/r2_ws/lidar_ws/install/super_lio:/opt/ros/humble LD_LIBRARY_PATH=/home/slam/r2_ws/lidar_ws/install/livox_ros_driver2/lib:/home/slam/r2_ws/lidar_ws/install/basic/lib:/home/slam/r2_ws/lidar_ws/install/super_lio/lib:/home/slam/r2_ws/lidar_ws/install/livox_sdk2/lib:/opt/ros/humble/opt/rviz_ogre_vendor/lib:/opt/ros/humble/lib/x86_64-linux-gnu:/opt/ros/humble/lib /usr/bin/cmake --install /home/slam/r2_ws/lidar_ws/build/super_lio
[5.072s] INFO:colcon.colcon_core.shell:Creating package descriptor '/home/slam/r2_ws/lidar_ws/install/super_lio/share/super_lio/package.dsv'
[5.072s] INFO:colcon.colcon_core.shell:Creating package script '/home/slam/r2_ws/lidar_ws/install/super_lio/share/super_lio/package.sh'
[5.072s] INFO:colcon.colcon_core.shell:Creating package script '/home/slam/r2_ws/lidar_ws/install/super_lio/share/super_lio/package.bash'
[5.072s] INFO:colcon.colcon_core.shell:Creating package script '/home/slam/r2_ws/lidar_ws/install/super_lio/share/super_lio/package.zsh'
[5.072s] Level 1:colcon.colcon_core.environment:create_file_with_runtime_dependencies(/home/slam/r2_ws/lidar_ws/install/super_lio/share/colcon-core/packages/super_lio)
[5.073s] Level 1:colcon.colcon_core.environment:create_environment_scripts_only(super_lio)
[5.073s] Level 1:colcon.colcon_core.environment:checking '/home/slam/r2_ws/lidar_ws/install/super_lio' for CMake module files
[5.073s] Level 1:colcon.colcon_core.environment:checking '/home/slam/r2_ws/lidar_ws/install/super_lio' for CMake config files
[5.073s] Level 1:colcon.colcon_core.shell:create_environment_hook('super_lio', 'cmake_prefix_path')
[5.073s] INFO:colcon.colcon_core.shell:Creating environment hook '/home/slam/r2_ws/lidar_ws/install/super_lio/share/super_lio/hook/cmake_prefix_path.ps1'
[5.074s] INFO:colcon.colcon_core.shell:Creating environment descriptor '/home/slam/r2_ws/lidar_ws/install/super_lio/share/super_lio/hook/cmake_prefix_path.dsv'
[5.074s] INFO:colcon.colcon_core.shell:Creating environment hook '/home/slam/r2_ws/lidar_ws/install/super_lio/share/super_lio/hook/cmake_prefix_path.sh'
[5.074s] Level 1:colcon.colcon_core.environment:checking '/home/slam/r2_ws/lidar_ws/install/super_lio/lib'
[5.074s] Level 1:colcon.colcon_core.shell:create_environment_hook('super_lio', 'ld_library_path_lib')
[5.074s] INFO:colcon.colcon_core.shell:Creating environment hook '/home/slam/r2_ws/lidar_ws/install/super_lio/share/super_lio/hook/ld_library_path_lib.ps1'
[5.074s] INFO:colcon.colcon_core.shell:Creating environment descriptor '/home/slam/r2_ws/lidar_ws/install/super_lio/share/super_lio/hook/ld_library_path_lib.dsv'
[5.075s] INFO:colcon.colcon_core.shell:Creating environment hook '/home/slam/r2_ws/lidar_ws/install/super_lio/share/super_lio/hook/ld_library_path_lib.sh'
[5.075s] Level 1:colcon.colcon_core.environment:checking '/home/slam/r2_ws/lidar_ws/install/super_lio/bin'
[5.075s] Level 1:colcon.colcon_core.environment:checking '/home/slam/r2_ws/lidar_ws/install/super_lio/lib/pkgconfig/super_lio.pc'
[5.075s] Level 1:colcon.colcon_core.environment:checking '/home/slam/r2_ws/lidar_ws/install/super_lio/lib/python3.10/site-packages'
[5.075s] Level 1:colcon.colcon_core.environment:checking '/home/slam/r2_ws/lidar_ws/install/super_lio/bin'
[5.075s] INFO:colcon.colcon_core.shell:Creating package script '/home/slam/r2_ws/lidar_ws/install/super_lio/share/super_lio/package.ps1'
[5.076s] INFO:colcon.colcon_core.shell:Creating package descriptor '/home/slam/r2_ws/lidar_ws/install/super_lio/share/super_lio/package.dsv'
[5.076s] INFO:colcon.colcon_core.shell:Creating package script '/home/slam/r2_ws/lidar_ws/install/super_lio/share/super_lio/package.sh'
[5.076s] INFO:colcon.colcon_core.shell:Creating package script '/home/slam/r2_ws/lidar_ws/install/super_lio/share/super_lio/package.bash'
[5.076s] INFO:colcon.colcon_core.shell:Creating package script '/home/slam/r2_ws/lidar_ws/install/super_lio/share/super_lio/package.zsh'
[5.077s] Level 1:colcon.colcon_core.environment:create_file_with_runtime_dependencies(/home/slam/r2_ws/lidar_ws/install/super_lio/share/colcon-core/packages/super_lio)
[5.077s] DEBUG:colcon.colcon_parallel_executor.executor.parallel:closing loop
[5.077s] DEBUG:colcon.colcon_parallel_executor.executor.parallel:loop closed
[5.077s] DEBUG:colcon.colcon_parallel_executor.executor.parallel:run_until_complete finished with '0'
[5.077s] DEBUG:colcon.colcon_core.event_reactor:joining thread
[5.088s] INFO:colcon.colcon_core.plugin_system:Skipping extension 'colcon_notification.desktop_notification.terminal_notifier': Not used on non-Darwin systems
[5.088s] INFO:colcon.colcon_core.plugin_system:Skipping extension 'colcon_notification.desktop_notification.win32': Not used on non-Windows systems
[5.088s] INFO:colcon.colcon_notification.desktop_notification:Sending desktop notification using 'notify2'
[5.106s] DEBUG:colcon.colcon_core.event_reactor:joined thread
[5.106s] INFO:colcon.colcon_core.shell:Creating prefix script '/home/slam/r2_ws/lidar_ws/install/local_setup.ps1'
[5.107s] INFO:colcon.colcon_core.shell:Creating prefix util module '/home/slam/r2_ws/lidar_ws/install/_local_setup_util_ps1.py'
[5.108s] INFO:colcon.colcon_core.shell:Creating prefix chain script '/home/slam/r2_ws/lidar_ws/install/setup.ps1'
[5.109s] INFO:colcon.colcon_core.shell:Creating prefix script '/home/slam/r2_ws/lidar_ws/install/local_setup.sh'
[5.109s] INFO:colcon.colcon_core.shell:Creating prefix util module '/home/slam/r2_ws/lidar_ws/install/_local_setup_util_sh.py'
[5.110s] INFO:colcon.colcon_core.shell:Creating prefix chain script '/home/slam/r2_ws/lidar_ws/install/setup.sh'
[5.111s] INFO:colcon.colcon_core.shell:Creating prefix script '/home/slam/r2_ws/lidar_ws/install/local_setup.bash'
[5.111s] INFO:colcon.colcon_core.shell:Creating prefix chain script '/home/slam/r2_ws/lidar_ws/install/setup.bash'
[5.112s] INFO:colcon.colcon_core.shell:Creating prefix script '/home/slam/r2_ws/lidar_ws/install/local_setup.zsh'
[5.113s] INFO:colcon.colcon_core.shell:Creating prefix chain script '/home/slam/r2_ws/lidar_ws/install/setup.zsh'
