[0.007s] Invoking command in '/home/slam/r2_ws/lidar_ws/src/build/livox_ros_driver2': /usr/bin/cmake /home/slam/r2_ws/lidar_ws/src/livox_ros_driver2 -DCMAKE_INSTALL_PREFIX=/home/slam/r2_ws/lidar_ws/src/install/livox_ros_driver2
[0.112s] -- The C compiler identification is GNU 11.4.0
[0.152s] -- The CXX compiler identification is GNU 11.4.0
[0.159s] -- Detecting C compiler ABI info
[0.224s] -- Detecting C compiler ABI info - done
[0.229s] -- Check for working C compiler: /usr/bin/cc - skipped
[0.229s] -- Detecting C compile features
[0.230s] -- Detecting C compile features - done
[0.232s] -- Detecting CXX compiler ABI info
[0.297s] -- Detecting CXX compiler ABI info - done
[0.303s] -- Check for working CXX compiler: /usr/bin/c++ - skipped
[0.303s] -- Detecting CXX compile features
[0.304s] -- Detecting CXX compile features - done
[0.304s] -- livox_ros_driver2 version: 1.2.7
[0.305s] -- Found ament_cmake_auto: 1.3.14 (/opt/ros/humble/share/ament_cmake_auto/cmake)
[0.420s] -- Found Python3: /usr/bin/python3 (found version "3.10.12") found components: Interpreter 
[0.489s] [0mCMake Error: File /home/slam/r2_ws/lidar_ws/src/livox_ros_driver2/package.xml does not exist.[0m
[0.489s] [31mCMake Error at /opt/ros/humble/share/ament_cmake_core/cmake/core/stamp.cmake:24 (configure_file):
[0.489s]   configure_file Problem configuring file
[0.489s] Call Stack (most recent call first):
[0.489s]   /opt/ros/humble/share/ament_cmake_core/cmake/core/ament_package_xml.cmake:73 (stamp)
[0.489s]   /opt/ros/humble/share/ament_cmake_core/cmake/core/ament_package_xml.cmake:49 (_ament_package_xml)
[0.489s]   /opt/ros/humble/share/ament_cmake_auto/cmake/ament_auto_find_build_dependencies.cmake:42 (ament_package_xml)
[0.489s]   CMakeLists.txt:225 (ament_auto_find_build_dependencies)
[0.489s] 
[0.489s] [0m
[0.501s] -- Checking for module 'eigen3'
[0.513s] --   Found eigen3, version 3.4.0
[0.538s] -- Found Eigen: /usr/include/eigen3 (Required is at least version "3.1") 
[0.538s] -- Eigen found (include: /usr/include/eigen3, version: 3.4.0)
[0.552s] -- Found Boost: /usr/lib/x86_64-linux-gnu/cmake/Boost-1.74.0/BoostConfig.cmake (found suitable version "1.74.0", minimum required is "1.65.0") found components: system filesystem date_time iostreams serialization 
[0.564s] -- Checking for module 'flann'
[0.575s] --   Found flann, version 1.9.1
[0.617s] -- Found FLANN: /usr/lib/x86_64-linux-gnu/libflann_cpp.so  
[0.617s] -- FLANN found (include: /usr/include, lib: /usr/lib/x86_64-linux-gnu/libflann_cpp.so)
[0.648s] -- Looking for pthread.h
[0.718s] -- Looking for pthread.h - found
[0.718s] -- Performing Test CMAKE_HAVE_LIBC_PTHREAD
[0.784s] -- Performing Test CMAKE_HAVE_LIBC_PTHREAD - Success
[0.784s] -- Found Threads: TRUE  
[0.786s] -- Found GLEW: /usr/lib/x86_64-linux-gnu/libGLEW.so  
[0.792s] -- Found OpenGL: /usr/lib/x86_64-linux-gnu/libOpenGL.so  found components: OpenGL GLX 
[0.925s] -- Found MPI_C: /usr/lib/x86_64-linux-gnu/libmpi.so (found version "3.1") 
[0.925s] -- Found MPI: TRUE (found version "3.1") found components: C 
[0.929s] -- Found JsonCpp: /usr/lib/x86_64-linux-gnu/libjsoncpp.so (found suitable version "1.9.5", minimum required is "0.7.0") 
[0.936s] -- Found ZLIB: /usr/lib/x86_64-linux-gnu/libz.so (found version "1.2.11") 
[0.949s] -- Found PNG: /usr/lib/x86_64-linux-gnu/libpng.so (found version "1.6.37") 
[0.965s] -- Found Eigen3: /usr/include/eigen3 (found version "3.4.0") 
[1.079s] -- Found X11: /usr/include   
[1.080s] -- Looking for XOpenDisplay in /usr/lib/x86_64-linux-gnu/libX11.so;/usr/lib/x86_64-linux-gnu/libXext.so
[1.172s] -- Looking for XOpenDisplay in /usr/lib/x86_64-linux-gnu/libX11.so;/usr/lib/x86_64-linux-gnu/libXext.so - found
[1.172s] -- Looking for gethostbyname
[1.253s] -- Looking for gethostbyname - found
[1.253s] -- Looking for connect
[1.351s] -- Looking for connect - found
[1.351s] -- Looking for remove
[1.434s] -- Looking for remove - found
[1.434s] -- Looking for shmat
[1.507s] -- Looking for shmat - found
[1.507s] -- Looking for IceConnectionNumber in ICE
[1.590s] -- Looking for IceConnectionNumber in ICE - found
[1.679s] -- Found EXPAT: /usr/lib/x86_64-linux-gnu/libexpat.so (found version "2.4.7") 
[1.682s] -- Found double-conversion: /usr/lib/x86_64-linux-gnu/libdouble-conversion.so  
[1.685s] -- Found LZ4: /usr/lib/x86_64-linux-gnu/liblz4.so (found version "1.9.3") 
[1.689s] -- Found LZMA: /usr/lib/x86_64-linux-gnu/liblzma.so (found version "5.2.5") 
[1.733s] -- Found JPEG: /usr/lib/x86_64-linux-gnu/libjpeg.so (found version "80") 
[1.741s] -- Found TIFF: /usr/lib/x86_64-linux-gnu/libtiff.so (found version "4.3.0")  
[1.745s] -- Found Freetype: /usr/lib/x86_64-linux-gnu/libfreetype.so (found version "2.11.1") 
[1.750s] -- Found utf8cpp: /usr/include/utf8cpp  
[1.830s] -- Checking for module 'libusb-1.0'
[1.847s] --   Found libusb-1.0, version 1.0.25
[1.888s] -- Found libusb: /usr/lib/x86_64-linux-gnu/libusb-1.0.so  
[1.889s] -- Found OpenNI: /usr/lib/libOpenNI.so;libusb::libusb (found version "1.5.4.0") 
[1.889s] -- OpenNI found (version: 1.5.4.0, include: /usr/include/ni, lib: /usr/lib/libOpenNI.so;libusb::libusb)
[1.955s] -- Found OpenNI2: /usr/lib/x86_64-linux-gnu/libOpenNI2.so;libusb::libusb (found version "2.2.0.33") 
[1.955s] -- OpenNI2 found (version: 2.2.0.33, include: /usr/include/openni2, lib: /usr/lib/x86_64-linux-gnu/libOpenNI2.so;libusb::libusb)
[1.955s] [0m** WARNING ** io features related to pcap will be disabled[0m
[2.077s] -- Eigen found (include: /usr/include/eigen3, version: 3.4.0)
[2.081s] -- OpenNI found (version: 1.5.4.0, include: /usr/include/ni, lib: /usr/lib/libOpenNI.so;libusb::libusb)
[2.086s] -- OpenNI2 found (version: 2.2.0.33, include: /usr/include/openni2, lib: /usr/lib/x86_64-linux-gnu/libOpenNI2.so;libusb::libusb)
[2.186s] -- Found Qhull version 8.0.2
[2.294s] -- OpenNI found (version: 1.5.4.0, include: /usr/include/ni, lib: /usr/lib/libOpenNI.so;libusb::libusb)
[2.391s] -- looking for PCL_COMMON
[2.391s] -- Found PCL_COMMON: /usr/lib/x86_64-linux-gnu/libpcl_common.so  
[2.391s] -- looking for PCL_KDTREE
[2.393s] -- Found PCL_KDTREE: /usr/lib/x86_64-linux-gnu/libpcl_kdtree.so  
[2.393s] -- looking for PCL_OCTREE
[2.393s] -- Found PCL_OCTREE: /usr/lib/x86_64-linux-gnu/libpcl_octree.so  
[2.393s] -- looking for PCL_SEARCH
[2.394s] -- Found PCL_SEARCH: /usr/lib/x86_64-linux-gnu/libpcl_search.so  
[2.394s] -- looking for PCL_SAMPLE_CONSENSUS
[2.394s] -- Found PCL_SAMPLE_CONSENSUS: /usr/lib/x86_64-linux-gnu/libpcl_sample_consensus.so  
[2.394s] -- looking for PCL_FILTERS
[2.395s] -- Found PCL_FILTERS: /usr/lib/x86_64-linux-gnu/libpcl_filters.so  
[2.395s] -- looking for PCL_2D
[2.395s] -- Found PCL_2D: /usr/include/pcl-1.12  
[2.395s] -- looking for PCL_GEOMETRY
[2.395s] -- Found PCL_GEOMETRY: /usr/include/pcl-1.12  
[2.395s] -- looking for PCL_IO
[2.396s] -- Found PCL_IO: /usr/lib/x86_64-linux-gnu/libpcl_io.so  
[2.396s] -- looking for PCL_FEATURES
[2.397s] -- Found PCL_FEATURES: /usr/lib/x86_64-linux-gnu/libpcl_features.so  
[2.397s] -- looking for PCL_ML
[2.398s] -- Found PCL_ML: /usr/lib/x86_64-linux-gnu/libpcl_ml.so  
[2.398s] -- looking for PCL_SEGMENTATION
[2.398s] -- Found PCL_SEGMENTATION: /usr/lib/x86_64-linux-gnu/libpcl_segmentation.so  
[2.398s] -- looking for PCL_VISUALIZATION
[2.399s] -- Found PCL_VISUALIZATION: /usr/lib/x86_64-linux-gnu/libpcl_visualization.so  
[2.399s] -- looking for PCL_SURFACE
[2.400s] -- Found PCL_SURFACE: /usr/lib/x86_64-linux-gnu/libpcl_surface.so  
[2.400s] -- looking for PCL_REGISTRATION
[2.400s] -- Found PCL_REGISTRATION: /usr/lib/x86_64-linux-gnu/libpcl_registration.so  
[2.400s] -- looking for PCL_KEYPOINTS
[2.401s] -- Found PCL_KEYPOINTS: /usr/lib/x86_64-linux-gnu/libpcl_keypoints.so  
[2.401s] -- looking for PCL_TRACKING
[2.401s] -- Found PCL_TRACKING: /usr/lib/x86_64-linux-gnu/libpcl_tracking.so  
[2.401s] -- looking for PCL_RECOGNITION
[2.402s] -- Found PCL_RECOGNITION: /usr/lib/x86_64-linux-gnu/libpcl_recognition.so  
[2.402s] -- looking for PCL_STEREO
[2.403s] -- Found PCL_STEREO: /usr/lib/x86_64-linux-gnu/libpcl_stereo.so  
[2.403s] -- looking for PCL_APPS
[2.403s] -- Found PCL_APPS: /usr/lib/x86_64-linux-gnu/libpcl_apps.so  
[2.404s] -- looking for PCL_IN_HAND_SCANNER
[2.404s] -- Found PCL_IN_HAND_SCANNER: /usr/include/pcl-1.12  
[2.404s] -- looking for PCL_MODELER
[2.404s] -- Found PCL_MODELER: /usr/include/pcl-1.12  
[2.404s] -- looking for PCL_POINT_CLOUD_EDITOR
[2.405s] -- Found PCL_POINT_CLOUD_EDITOR: /usr/include/pcl-1.12  
[2.405s] -- looking for PCL_OUTOFCORE
[2.406s] -- Found PCL_OUTOFCORE: /usr/lib/x86_64-linux-gnu/libpcl_outofcore.so  
[2.406s] -- looking for PCL_PEOPLE
[2.406s] -- Found PCL_PEOPLE: /usr/lib/x86_64-linux-gnu/libpcl_people.so  
[2.407s] -- Found PCL: pcl_common;pcl_kdtree;pcl_octree;pcl_search;pcl_sample_consensus;pcl_filters;pcl_io;pcl_features;pcl_ml;pcl_segmentation;pcl_visualization;pcl_surface;pcl_registration;pcl_keypoints;pcl_tracking;pcl_recognition;pcl_stereo;pcl_apps;pcl_outofcore;pcl_people;Boost::system;Boost::filesystem;Boost::date_time;Boost::iostreams;Boost::serialization;/usr/lib/libOpenNI.so;libusb::libusb;/usr/lib/x86_64-linux-gnu/libOpenNI2.so;libusb::libusb;VTK::ChartsCore;VTK::CommonColor;VTK::CommonComputationalGeometry;VTK::CommonCore;VTK::CommonDataModel;VTK::CommonExecutionModel;VTK::CommonMath;VTK::CommonMisc;VTK::CommonTransforms;VTK::FiltersCore;VTK::FiltersExtraction;VTK::FiltersGeneral;VTK::FiltersGeometry;VTK::FiltersModeling;VTK::FiltersSources;VTK::ImagingCore;VTK::ImagingSources;VTK::InteractionImage;VTK::InteractionStyle;VTK::InteractionWidgets;VTK::IOCore;VTK::IOGeometry;VTK::IOImage;VTK::IOLegacy;VTK::IOPLY;VTK::RenderingAnnotation;VTK::RenderingCore;VTK::RenderingContext2D;VTK::RenderingLOD;VTK::RenderingFreeType;VTK::ViewsCore;VTK::ViewsContext2D;VTK::RenderingOpenGL2;VTK::GUISupportQt;FLANN::FLANN;QHULL::QHULL  
[2.408s] -- Found std_msgs: 4.9.2 (/opt/ros/humble/share/std_msgs/cmake)
[2.424s] -- Found rosidl_generator_c: 3.1.9 (/opt/ros/humble/share/rosidl_generator_c/cmake)
[2.427s] -- Found rosidl_adapter: 3.1.9 (/opt/ros/humble/share/rosidl_adapter/cmake)
[2.432s] -- Found rosidl_generator_cpp: 3.1.9 (/opt/ros/humble/share/rosidl_generator_cpp/cmake)
[2.440s] -- Using all available rosidl_typesupport_c: rosidl_typesupport_fastrtps_c;rosidl_typesupport_introspection_c
[2.449s] -- Using all available rosidl_typesupport_cpp: rosidl_typesupport_fastrtps_cpp;rosidl_typesupport_introspection_cpp
[2.466s] -- Found rosidl_default_generators: 1.2.1 (/opt/ros/humble/share/rosidl_default_generators/cmake)
[2.479s] -- Found PkgConfig: /usr/bin/pkg-config (found version "0.29.2") 
[2.480s] -- Checking for module 'apr-1'
[2.482s] --   No package 'apr-1' found
[2.587s] [0mCMake Error: File /home/slam/r2_ws/lidar_ws/src/livox_ros_driver2/package.xml does not exist.[0m
[2.587s] [31mCMake Error at /opt/ros/humble/share/ament_cmake_core/cmake/core/stamp.cmake:24 (configure_file):
[2.587s]   configure_file Problem configuring file
[2.587s] Call Stack (most recent call first):
[2.587s]   /opt/ros/humble/share/ament_cmake_core/cmake/core/ament_package_xml.cmake:73 (stamp)
[2.587s]   /opt/ros/humble/share/ament_cmake_core/cmake/core/ament_package_xml.cmake:49 (_ament_package_xml)
[2.587s]   /opt/ros/humble/share/rosidl_cmake/cmake/rosidl_generate_interfaces.cmake:226 (ament_package_xml)
[2.587s]   CMakeLists.txt:241 (rosidl_generate_interfaces)
[2.587s] 
[2.587s] [0m
[2.587s] [31mCMake Error at /opt/ros/humble/share/rosidl_cmake/cmake/rosidl_generate_interfaces.cmake:229 (message):
[2.587s]   Packages installing interfaces must include
[2.587s]   '<member_of_group>rosidl_interface_packages</member_of_group>' in their
[2.587s]   package.xml
[2.587s] Call Stack (most recent call first):
[2.587s]   CMakeLists.txt:241 (rosidl_generate_interfaces)
[2.588s] 
[2.588s] [0m
[2.588s] -- Configuring incomplete, errors occurred!
[2.588s] See also "/home/slam/r2_ws/lidar_ws/src/build/livox_ros_driver2/CMakeFiles/CMakeOutput.log".
