[0.012s] Invoking command in '/home/slam/r2_ws/lidar_ws/build/livox_sdk2': /usr/bin/cmake --build /home/slam/r2_ws/lidar_ws/build/livox_sdk2 -- -j10 -l10
[0.093s] [ 47%] Built target livox_lidar_sdk_shared
[0.094s] [ 81%] Built target livox_lidar_sdk_static
[0.130s] [ 84%] Built target livox_lidar_rmc_time_sync
[0.130s] [ 86%] Built target logger
[0.130s] [ 89%] Built target livox_lidar_quick_start
[0.133s] [ 91%] Built target debug_point_cloud
[0.133s] [ 93%] Built target livox_lidar_ip_set
[0.136s] [ 95%] Built target lidar_cmd_observer
[0.137s] [ 97%] Built target multi_lidars_upgrade
[0.141s] [100%] Built target livox_lidar_info_get
[0.162s] Invoked command in '/home/slam/r2_ws/lidar_ws/build/livox_sdk2' returned '0': /usr/bin/cmake --build /home/slam/r2_ws/lidar_ws/build/livox_sdk2 -- -j10 -l10
[0.164s] Invoking command in '/home/slam/r2_ws/lidar_ws/build/livox_sdk2': /usr/bin/cmake --install /home/slam/r2_ws/lidar_ws/build/livox_sdk2
[0.171s] -- Install configuration: ""
[0.171s] -- Up-to-date: /home/slam/r2_ws/lidar_ws/install/livox_sdk2/lib/liblivox_lidar_sdk_static.a
[0.171s] -- Up-to-date: /home/slam/r2_ws/lidar_ws/install/livox_sdk2/include/livox_lidar_def.h
[0.171s] -- Up-to-date: /home/slam/r2_ws/lidar_ws/install/livox_sdk2/include/livox_lidar_api.h
[0.171s] -- Up-to-date: /home/slam/r2_ws/lidar_ws/install/livox_sdk2/include/livox_lidar_cfg.h
[0.172s] -- Up-to-date: /home/slam/r2_ws/lidar_ws/install/livox_sdk2/lib/liblivox_lidar_sdk_shared.so
[0.195s] Invoked command in '/home/slam/r2_ws/lidar_ws/build/livox_sdk2' returned '0': /usr/bin/cmake --install /home/slam/r2_ws/lidar_ws/build/livox_sdk2
