[0.012s] Invoking command in '/home/slam/r2_ws/lidar_ws/build/livox_ros_driver2': CMAKE_PREFIX_PATH=/opt/ros/humble /usr/bin/cmake --build /home/slam/r2_ws/lidar_ws/build/livox_ros_driver2 -- -j10 -l10
[0.088s] [  1%] Built target livox_interfaces2__cpp
[0.093s] [  8%] Built target livox_interfaces2__rosidl_generator_c
[0.096s] [ 10%] Built target livox_interfaces2__rs
[0.117s] [ 13%] Built target livox_ros_driver2_node
[0.122s] [ 13%] Built target ament_cmake_python_copy_livox_ros_driver2
[0.138s] [ 20%] Built target livox_interfaces2__rosidl_typesupport_c
[0.138s] [ 27%] Built target livox_interfaces2__rosidl_typesupport_introspection_c
[0.141s] [ 34%] Built target livox_interfaces2__rosidl_typesupport_fastrtps_cpp
[0.141s] [ 41%] Built target livox_interfaces2__rosidl_typesupport_fastrtps_c
[0.142s] [ 48%] Built target livox_interfaces2__rosidl_typesupport_introspection_cpp
[0.143s] [ 55%] Built target livox_interfaces2__rosidl_typesupport_cpp
[0.163s] [ 55%] Built target livox_interfaces2
[0.182s] [ 56%] Built target livox_interfaces2__py
[0.186s] [ 84%] Built target livox_ros_driver2
[0.203s] [ 89%] Built target livox_interfaces2__rosidl_generator_py
[0.221s] [ 93%] Built target livox_ros_driver2__rosidl_typesupport_fastrtps_c__pyext
[0.224s] [ 96%] Built target livox_ros_driver2__rosidl_typesupport_introspection_c__pyext
[0.224s] [100%] Built target livox_ros_driver2__rosidl_typesupport_c__pyext
[0.282s] running egg_info
[0.283s] writing livox_ros_driver2.egg-info/PKG-INFO
[0.283s] writing dependency_links to livox_ros_driver2.egg-info/dependency_links.txt
[0.283s] writing top-level names to livox_ros_driver2.egg-info/top_level.txt
[0.285s] reading manifest file 'livox_ros_driver2.egg-info/SOURCES.txt'
[0.285s] writing manifest file 'livox_ros_driver2.egg-info/SOURCES.txt'
[0.304s] [100%] Built target ament_cmake_python_build_livox_ros_driver2_egg
[0.314s] Invoked command in '/home/slam/r2_ws/lidar_ws/build/livox_ros_driver2' returned '0': CMAKE_PREFIX_PATH=/opt/ros/humble /usr/bin/cmake --build /home/slam/r2_ws/lidar_ws/build/livox_ros_driver2 -- -j10 -l10
[0.316s] Invoking command in '/home/slam/r2_ws/lidar_ws/build/livox_ros_driver2': CMAKE_PREFIX_PATH=/opt/ros/humble /usr/bin/cmake --install /home/slam/r2_ws/lidar_ws/build/livox_ros_driver2
[0.326s] -- Install configuration: ""
[0.326s] -- Up-to-date: /home/slam/r2_ws/lidar_ws/install/livox_ros_driver2/share/ament_index/resource_index/rosidl_interfaces/livox_ros_driver2
[0.326s] -- Up-to-date: /home/slam/r2_ws/lidar_ws/install/livox_ros_driver2/include/livox_ros_driver2/livox_ros_driver2
[0.326s] -- Up-to-date: /home/slam/r2_ws/lidar_ws/install/livox_ros_driver2/include/livox_ros_driver2/livox_ros_driver2/msg
[0.327s] -- Up-to-date: /home/slam/r2_ws/lidar_ws/install/livox_ros_driver2/include/livox_ros_driver2/livox_ros_driver2/msg/detail
[0.327s] -- Up-to-date: /home/slam/r2_ws/lidar_ws/install/livox_ros_driver2/include/livox_ros_driver2/livox_ros_driver2/msg/detail/custom_msg__struct.h
[0.327s] -- Up-to-date: /home/slam/r2_ws/lidar_ws/install/livox_ros_driver2/include/livox_ros_driver2/livox_ros_driver2/msg/detail/custom_msg__type_support.h
[0.327s] -- Up-to-date: /home/slam/r2_ws/lidar_ws/install/livox_ros_driver2/include/livox_ros_driver2/livox_ros_driver2/msg/detail/custom_msg__functions.c
[0.327s] -- Up-to-date: /home/slam/r2_ws/lidar_ws/install/livox_ros_driver2/include/livox_ros_driver2/livox_ros_driver2/msg/detail/custom_msg__functions.h
[0.327s] -- Up-to-date: /home/slam/r2_ws/lidar_ws/install/livox_ros_driver2/include/livox_ros_driver2/livox_ros_driver2/msg/detail/custom_point__type_support.h
[0.327s] -- Up-to-date: /home/slam/r2_ws/lidar_ws/install/livox_ros_driver2/include/livox_ros_driver2/livox_ros_driver2/msg/detail/custom_point__functions.h
[0.327s] -- Up-to-date: /home/slam/r2_ws/lidar_ws/install/livox_ros_driver2/include/livox_ros_driver2/livox_ros_driver2/msg/detail/custom_point__functions.c
[0.327s] -- Up-to-date: /home/slam/r2_ws/lidar_ws/install/livox_ros_driver2/include/livox_ros_driver2/livox_ros_driver2/msg/detail/custom_point__struct.h
[0.328s] -- Up-to-date: /home/slam/r2_ws/lidar_ws/install/livox_ros_driver2/include/livox_ros_driver2/livox_ros_driver2/msg/rosidl_generator_c__visibility_control.h
[0.328s] -- Up-to-date: /home/slam/r2_ws/lidar_ws/install/livox_ros_driver2/include/livox_ros_driver2/livox_ros_driver2/msg/custom_msg.h
[0.328s] -- Up-to-date: /home/slam/r2_ws/lidar_ws/install/livox_ros_driver2/include/livox_ros_driver2/livox_ros_driver2/msg/custom_point.h
[0.328s] -- Up-to-date: /home/slam/r2_ws/lidar_ws/install/livox_ros_driver2/share/livox_ros_driver2/environment/library_path.sh
[0.328s] -- Up-to-date: /home/slam/r2_ws/lidar_ws/install/livox_ros_driver2/share/livox_ros_driver2/environment/library_path.dsv
[0.328s] -- Up-to-date: /home/slam/r2_ws/lidar_ws/install/livox_ros_driver2/lib/liblivox_ros_driver2__rosidl_generator_c.so
[0.328s] -- Up-to-date: /home/slam/r2_ws/lidar_ws/install/livox_ros_driver2/include/livox_ros_driver2/livox_ros_driver2
[0.328s] -- Up-to-date: /home/slam/r2_ws/lidar_ws/install/livox_ros_driver2/include/livox_ros_driver2/livox_ros_driver2/msg
[0.328s] -- Up-to-date: /home/slam/r2_ws/lidar_ws/install/livox_ros_driver2/include/livox_ros_driver2/livox_ros_driver2/msg/detail
[0.328s] -- Up-to-date: /home/slam/r2_ws/lidar_ws/install/livox_ros_driver2/include/livox_ros_driver2/livox_ros_driver2/msg/detail/custom_point__rosidl_typesupport_fastrtps_c.h
[0.328s] -- Up-to-date: /home/slam/r2_ws/lidar_ws/install/livox_ros_driver2/include/livox_ros_driver2/livox_ros_driver2/msg/detail/custom_msg__rosidl_typesupport_fastrtps_c.h
[0.328s] -- Up-to-date: /home/slam/r2_ws/lidar_ws/install/livox_ros_driver2/include/livox_ros_driver2/livox_ros_driver2/msg/rosidl_typesupport_fastrtps_c__visibility_control.h
[0.329s] -- Up-to-date: /home/slam/r2_ws/lidar_ws/install/livox_ros_driver2/lib/liblivox_ros_driver2__rosidl_typesupport_fastrtps_c.so
[0.329s] -- Up-to-date: /home/slam/r2_ws/lidar_ws/install/livox_ros_driver2/include/livox_ros_driver2/livox_ros_driver2
[0.329s] -- Up-to-date: /home/slam/r2_ws/lidar_ws/install/livox_ros_driver2/include/livox_ros_driver2/livox_ros_driver2/msg
[0.329s] -- Up-to-date: /home/slam/r2_ws/lidar_ws/install/livox_ros_driver2/include/livox_ros_driver2/livox_ros_driver2/msg/detail
[0.329s] -- Up-to-date: /home/slam/r2_ws/lidar_ws/install/livox_ros_driver2/include/livox_ros_driver2/livox_ros_driver2/msg/detail/custom_point__type_support.c
[0.329s] -- Up-to-date: /home/slam/r2_ws/lidar_ws/install/livox_ros_driver2/include/livox_ros_driver2/livox_ros_driver2/msg/detail/custom_point__rosidl_typesupport_introspection_c.h
[0.329s] -- Up-to-date: /home/slam/r2_ws/lidar_ws/install/livox_ros_driver2/include/livox_ros_driver2/livox_ros_driver2/msg/detail/custom_msg__rosidl_typesupport_introspection_c.h
[0.329s] -- Up-to-date: /home/slam/r2_ws/lidar_ws/install/livox_ros_driver2/include/livox_ros_driver2/livox_ros_driver2/msg/detail/custom_msg__type_support.c
[0.329s] -- Up-to-date: /home/slam/r2_ws/lidar_ws/install/livox_ros_driver2/include/livox_ros_driver2/livox_ros_driver2/msg/rosidl_typesupport_introspection_c__visibility_control.h
[0.329s] -- Up-to-date: /home/slam/r2_ws/lidar_ws/install/livox_ros_driver2/lib/liblivox_ros_driver2__rosidl_typesupport_introspection_c.so
[0.329s] -- Up-to-date: /home/slam/r2_ws/lidar_ws/install/livox_ros_driver2/lib/liblivox_ros_driver2__rosidl_typesupport_c.so
[0.330s] -- Up-to-date: /home/slam/r2_ws/lidar_ws/install/livox_ros_driver2/include/livox_ros_driver2/livox_ros_driver2
[0.330s] -- Up-to-date: /home/slam/r2_ws/lidar_ws/install/livox_ros_driver2/include/livox_ros_driver2/livox_ros_driver2/msg
[0.330s] -- Up-to-date: /home/slam/r2_ws/lidar_ws/install/livox_ros_driver2/include/livox_ros_driver2/livox_ros_driver2/msg/custom_msg.hpp
[0.330s] -- Up-to-date: /home/slam/r2_ws/lidar_ws/install/livox_ros_driver2/include/livox_ros_driver2/livox_ros_driver2/msg/detail
[0.330s] -- Up-to-date: /home/slam/r2_ws/lidar_ws/install/livox_ros_driver2/include/livox_ros_driver2/livox_ros_driver2/msg/detail/custom_point__type_support.hpp
[0.330s] -- Up-to-date: /home/slam/r2_ws/lidar_ws/install/livox_ros_driver2/include/livox_ros_driver2/livox_ros_driver2/msg/detail/custom_point__struct.hpp
[0.330s] -- Up-to-date: /home/slam/r2_ws/lidar_ws/install/livox_ros_driver2/include/livox_ros_driver2/livox_ros_driver2/msg/detail/custom_msg__struct.hpp
[0.330s] -- Up-to-date: /home/slam/r2_ws/lidar_ws/install/livox_ros_driver2/include/livox_ros_driver2/livox_ros_driver2/msg/detail/custom_msg__builder.hpp
[0.330s] -- Up-to-date: /home/slam/r2_ws/lidar_ws/install/livox_ros_driver2/include/livox_ros_driver2/livox_ros_driver2/msg/detail/custom_point__builder.hpp
[0.330s] -- Up-to-date: /home/slam/r2_ws/lidar_ws/install/livox_ros_driver2/include/livox_ros_driver2/livox_ros_driver2/msg/detail/custom_point__traits.hpp
[0.331s] -- Up-to-date: /home/slam/r2_ws/lidar_ws/install/livox_ros_driver2/include/livox_ros_driver2/livox_ros_driver2/msg/detail/custom_msg__traits.hpp
[0.331s] -- Up-to-date: /home/slam/r2_ws/lidar_ws/install/livox_ros_driver2/include/livox_ros_driver2/livox_ros_driver2/msg/detail/custom_msg__type_support.hpp
[0.331s] -- Up-to-date: /home/slam/r2_ws/lidar_ws/install/livox_ros_driver2/include/livox_ros_driver2/livox_ros_driver2/msg/custom_point.hpp
[0.331s] -- Up-to-date: /home/slam/r2_ws/lidar_ws/install/livox_ros_driver2/include/livox_ros_driver2/livox_ros_driver2/msg/rosidl_generator_cpp__visibility_control.hpp
[0.331s] -- Up-to-date: /home/slam/r2_ws/lidar_ws/install/livox_ros_driver2/include/livox_ros_driver2/livox_ros_driver2
[0.331s] -- Up-to-date: /home/slam/r2_ws/lidar_ws/install/livox_ros_driver2/include/livox_ros_driver2/livox_ros_driver2/msg
[0.331s] -- Up-to-date: /home/slam/r2_ws/lidar_ws/install/livox_ros_driver2/include/livox_ros_driver2/livox_ros_driver2/msg/rosidl_typesupport_fastrtps_cpp__visibility_control.h
[0.331s] -- Up-to-date: /home/slam/r2_ws/lidar_ws/install/livox_ros_driver2/include/livox_ros_driver2/livox_ros_driver2/msg/detail
[0.331s] -- Up-to-date: /home/slam/r2_ws/lidar_ws/install/livox_ros_driver2/include/livox_ros_driver2/livox_ros_driver2/msg/detail/custom_msg__rosidl_typesupport_fastrtps_cpp.hpp
[0.331s] -- Up-to-date: /home/slam/r2_ws/lidar_ws/install/livox_ros_driver2/include/livox_ros_driver2/livox_ros_driver2/msg/detail/custom_point__rosidl_typesupport_fastrtps_cpp.hpp
[0.331s] -- Up-to-date: /home/slam/r2_ws/lidar_ws/install/livox_ros_driver2/include/livox_ros_driver2/livox_ros_driver2/msg/detail/dds_fastrtps
[0.331s] -- Up-to-date: /home/slam/r2_ws/lidar_ws/install/livox_ros_driver2/lib/liblivox_ros_driver2__rosidl_typesupport_fastrtps_cpp.so
[0.331s] -- Up-to-date: /home/slam/r2_ws/lidar_ws/install/livox_ros_driver2/include/livox_ros_driver2/livox_ros_driver2
[0.332s] -- Up-to-date: /home/slam/r2_ws/lidar_ws/install/livox_ros_driver2/include/livox_ros_driver2/livox_ros_driver2/msg
[0.332s] -- Up-to-date: /home/slam/r2_ws/lidar_ws/install/livox_ros_driver2/include/livox_ros_driver2/livox_ros_driver2/msg/detail
[0.332s] -- Up-to-date: /home/slam/r2_ws/lidar_ws/install/livox_ros_driver2/include/livox_ros_driver2/livox_ros_driver2/msg/detail/custom_msg__type_support.cpp
[0.332s] -- Up-to-date: /home/slam/r2_ws/lidar_ws/install/livox_ros_driver2/include/livox_ros_driver2/livox_ros_driver2/msg/detail/custom_point__rosidl_typesupport_introspection_cpp.hpp
[0.332s] -- Up-to-date: /home/slam/r2_ws/lidar_ws/install/livox_ros_driver2/include/livox_ros_driver2/livox_ros_driver2/msg/detail/custom_msg__rosidl_typesupport_introspection_cpp.hpp
[0.332s] -- Up-to-date: /home/slam/r2_ws/lidar_ws/install/livox_ros_driver2/include/livox_ros_driver2/livox_ros_driver2/msg/detail/custom_point__type_support.cpp
[0.332s] -- Up-to-date: /home/slam/r2_ws/lidar_ws/install/livox_ros_driver2/lib/liblivox_ros_driver2__rosidl_typesupport_introspection_cpp.so
[0.332s] -- Up-to-date: /home/slam/r2_ws/lidar_ws/install/livox_ros_driver2/lib/liblivox_ros_driver2__rosidl_typesupport_cpp.so
[0.332s] -- Up-to-date: /home/slam/r2_ws/lidar_ws/install/livox_ros_driver2/share/livox_ros_driver2/environment/pythonpath.sh
[0.332s] -- Up-to-date: /home/slam/r2_ws/lidar_ws/install/livox_ros_driver2/share/livox_ros_driver2/environment/pythonpath.dsv
[0.332s] -- Up-to-date: /home/slam/r2_ws/lidar_ws/install/livox_ros_driver2/local/lib/python3.10/dist-packages/livox_ros_driver2-1.0.0-py3.10.egg-info
[0.332s] -- Installing: /home/slam/r2_ws/lidar_ws/install/livox_ros_driver2/local/lib/python3.10/dist-packages/livox_ros_driver2-1.0.0-py3.10.egg-info/PKG-INFO
[0.333s] -- Installing: /home/slam/r2_ws/lidar_ws/install/livox_ros_driver2/local/lib/python3.10/dist-packages/livox_ros_driver2-1.0.0-py3.10.egg-info/dependency_links.txt
[0.333s] -- Installing: /home/slam/r2_ws/lidar_ws/install/livox_ros_driver2/local/lib/python3.10/dist-packages/livox_ros_driver2-1.0.0-py3.10.egg-info/SOURCES.txt
[0.333s] -- Installing: /home/slam/r2_ws/lidar_ws/install/livox_ros_driver2/local/lib/python3.10/dist-packages/livox_ros_driver2-1.0.0-py3.10.egg-info/top_level.txt
[0.333s] -- Up-to-date: /home/slam/r2_ws/lidar_ws/install/livox_ros_driver2/local/lib/python3.10/dist-packages/livox_ros_driver2
[0.333s] -- Up-to-date: /home/slam/r2_ws/lidar_ws/install/livox_ros_driver2/local/lib/python3.10/dist-packages/livox_ros_driver2/livox_ros_driver2_s__rosidl_typesupport_fastrtps_c.cpython-310-x86_64-linux-gnu.so
[0.333s] -- Up-to-date: /home/slam/r2_ws/lidar_ws/install/livox_ros_driver2/local/lib/python3.10/dist-packages/livox_ros_driver2/__init__.py
[0.333s] -- Up-to-date: /home/slam/r2_ws/lidar_ws/install/livox_ros_driver2/local/lib/python3.10/dist-packages/livox_ros_driver2/msg
[0.333s] -- Up-to-date: /home/slam/r2_ws/lidar_ws/install/livox_ros_driver2/local/lib/python3.10/dist-packages/livox_ros_driver2/msg/_custom_msg_s.c
[0.333s] -- Up-to-date: /home/slam/r2_ws/lidar_ws/install/livox_ros_driver2/local/lib/python3.10/dist-packages/livox_ros_driver2/msg/__init__.py
[0.333s] -- Up-to-date: /home/slam/r2_ws/lidar_ws/install/livox_ros_driver2/local/lib/python3.10/dist-packages/livox_ros_driver2/msg/_custom_point.py
[0.334s] -- Up-to-date: /home/slam/r2_ws/lidar_ws/install/livox_ros_driver2/local/lib/python3.10/dist-packages/livox_ros_driver2/msg/_custom_point_s.c
[0.334s] -- Up-to-date: /home/slam/r2_ws/lidar_ws/install/livox_ros_driver2/local/lib/python3.10/dist-packages/livox_ros_driver2/msg/_custom_msg.py
[0.334s] -- Up-to-date: /home/slam/r2_ws/lidar_ws/install/livox_ros_driver2/local/lib/python3.10/dist-packages/livox_ros_driver2/livox_ros_driver2_s__rosidl_typesupport_introspection_c.cpython-310-x86_64-linux-gnu.so
[0.334s] -- Up-to-date: /home/slam/r2_ws/lidar_ws/install/livox_ros_driver2/local/lib/python3.10/dist-packages/livox_ros_driver2/_livox_ros_driver2_s.ep.rosidl_typesupport_c.c
[0.334s] -- Up-to-date: /home/slam/r2_ws/lidar_ws/install/livox_ros_driver2/local/lib/python3.10/dist-packages/livox_ros_driver2/_livox_ros_driver2_s.ep.rosidl_typesupport_introspection_c.c
[0.334s] -- Up-to-date: /home/slam/r2_ws/lidar_ws/install/livox_ros_driver2/local/lib/python3.10/dist-packages/livox_ros_driver2/liblivox_interfaces2__rosidl_generator_py.so
[0.334s] -- Up-to-date: /home/slam/r2_ws/lidar_ws/install/livox_ros_driver2/local/lib/python3.10/dist-packages/livox_ros_driver2/livox_ros_driver2_s__rosidl_typesupport_c.cpython-310-x86_64-linux-gnu.so
[0.334s] -- Up-to-date: /home/slam/r2_ws/lidar_ws/install/livox_ros_driver2/local/lib/python3.10/dist-packages/livox_ros_driver2/_livox_ros_driver2_s.ep.rosidl_typesupport_fastrtps_c.c
[0.358s] Listing '/home/slam/r2_ws/lidar_ws/install/livox_ros_driver2/local/lib/python3.10/dist-packages/livox_ros_driver2'...
[0.358s] Listing '/home/slam/r2_ws/lidar_ws/install/livox_ros_driver2/local/lib/python3.10/dist-packages/livox_ros_driver2/msg'...
[0.362s] -- Up-to-date: /home/slam/r2_ws/lidar_ws/install/livox_ros_driver2/local/lib/python3.10/dist-packages/livox_ros_driver2/livox_ros_driver2_s__rosidl_typesupport_fastrtps_c.cpython-310-x86_64-linux-gnu.so
[0.363s] -- Up-to-date: /home/slam/r2_ws/lidar_ws/install/livox_ros_driver2/local/lib/python3.10/dist-packages/livox_ros_driver2/livox_ros_driver2_s__rosidl_typesupport_introspection_c.cpython-310-x86_64-linux-gnu.so
[0.363s] -- Up-to-date: /home/slam/r2_ws/lidar_ws/install/livox_ros_driver2/local/lib/python3.10/dist-packages/livox_ros_driver2/livox_ros_driver2_s__rosidl_typesupport_c.cpython-310-x86_64-linux-gnu.so
[0.364s] -- Up-to-date: /home/slam/r2_ws/lidar_ws/install/livox_ros_driver2/lib/liblivox_interfaces2__rosidl_generator_py.so
[0.364s] -- Up-to-date: /home/slam/r2_ws/lidar_ws/install/livox_ros_driver2/share/livox_ros_driver2/rust
[0.364s] -- Up-to-date: /home/slam/r2_ws/lidar_ws/install/livox_ros_driver2/share/livox_ros_driver2/rust/src
[0.365s] -- Up-to-date: /home/slam/r2_ws/lidar_ws/install/livox_ros_driver2/share/livox_ros_driver2/rust/src/msg.rs
[0.365s] -- Up-to-date: /home/slam/r2_ws/lidar_ws/install/livox_ros_driver2/share/livox_ros_driver2/rust/src/msg
[0.365s] -- Up-to-date: /home/slam/r2_ws/lidar_ws/install/livox_ros_driver2/share/livox_ros_driver2/rust/src/msg/rmw.rs
[0.365s] -- Up-to-date: /home/slam/r2_ws/lidar_ws/install/livox_ros_driver2/share/livox_ros_driver2/rust/src/lib.rs
[0.365s] -- Up-to-date: /home/slam/r2_ws/lidar_ws/install/livox_ros_driver2/share/livox_ros_driver2/rust/build.rs
[0.365s] -- Up-to-date: /home/slam/r2_ws/lidar_ws/install/livox_ros_driver2/share/livox_ros_driver2/rust/Cargo.toml
[0.365s] -- Up-to-date: /home/slam/r2_ws/lidar_ws/install/livox_ros_driver2/share/livox_ros_driver2/msg/CustomPoint.idl
[0.365s] -- Up-to-date: /home/slam/r2_ws/lidar_ws/install/livox_ros_driver2/share/livox_ros_driver2/msg/CustomMsg.idl
[0.365s] -- Up-to-date: /home/slam/r2_ws/lidar_ws/install/livox_ros_driver2/share/livox_ros_driver2/msg/CustomPoint.msg
[0.365s] -- Up-to-date: /home/slam/r2_ws/lidar_ws/install/livox_ros_driver2/share/livox_ros_driver2/msg/CustomMsg.msg
[0.366s] -- Up-to-date: /home/slam/r2_ws/lidar_ws/install/livox_ros_driver2/lib/livox_ros_driver2/livox_ros_driver2_node
[0.366s] -- Up-to-date: /home/slam/r2_ws/lidar_ws/install/livox_ros_driver2/lib/liblivox_ros_driver2.so
[0.366s] -- Up-to-date: /home/slam/r2_ws/lidar_ws/install/livox_ros_driver2/share/livox_ros_driver2/config
[0.366s] -- Up-to-date: /home/slam/r2_ws/lidar_ws/install/livox_ros_driver2/share/livox_ros_driver2/config/mixed_HAP_MID360_config.json
[0.366s] -- Up-to-date: /home/slam/r2_ws/lidar_ws/install/livox_ros_driver2/share/livox_ros_driver2/config/MID360_config.json
[0.366s] -- Up-to-date: /home/slam/r2_ws/lidar_ws/install/livox_ros_driver2/share/livox_ros_driver2/config/display_point_cloud_ROS1.rviz
[0.366s] -- Up-to-date: /home/slam/r2_ws/lidar_ws/install/livox_ros_driver2/share/livox_ros_driver2/config/AVIA2_config.json
[0.366s] -- Up-to-date: /home/slam/r2_ws/lidar_ws/install/livox_ros_driver2/share/livox_ros_driver2/config/HAP_config.json
[0.367s] -- Up-to-date: /home/slam/r2_ws/lidar_ws/install/livox_ros_driver2/share/livox_ros_driver2/config/MID360s_config.json
[0.367s] -- Up-to-date: /home/slam/r2_ws/lidar_ws/install/livox_ros_driver2/share/livox_ros_driver2/config/display_point_cloud_ROS2.rviz
[0.367s] -- Up-to-date: /home/slam/r2_ws/lidar_ws/install/livox_ros_driver2/share/livox_ros_driver2/launch_ROS2
[0.367s] -- Up-to-date: /home/slam/r2_ws/lidar_ws/install/livox_ros_driver2/share/livox_ros_driver2/launch_ROS2/rviz_MID360s_launch.py
[0.367s] -- Up-to-date: /home/slam/r2_ws/lidar_ws/install/livox_ros_driver2/share/livox_ros_driver2/launch_ROS2/rviz_MID360_launch.py
[0.367s] -- Up-to-date: /home/slam/r2_ws/lidar_ws/install/livox_ros_driver2/share/livox_ros_driver2/launch_ROS2/rviz_HAP_launch.py
[0.367s] -- Up-to-date: /home/slam/r2_ws/lidar_ws/install/livox_ros_driver2/share/livox_ros_driver2/launch_ROS2/msg_HAP_launch.py
[0.367s] -- Up-to-date: /home/slam/r2_ws/lidar_ws/install/livox_ros_driver2/share/livox_ros_driver2/launch_ROS2/msg_MID360_launch.py
[0.367s] -- Up-to-date: /home/slam/r2_ws/lidar_ws/install/livox_ros_driver2/share/livox_ros_driver2/launch_ROS2/rviz_mixed.py
[0.367s] -- Up-to-date: /home/slam/r2_ws/lidar_ws/install/livox_ros_driver2/share/livox_ros_driver2/launch_ROS2/msg_AVIA2_launch.py
[0.367s] -- Up-to-date: /home/slam/r2_ws/lidar_ws/install/livox_ros_driver2/share/livox_ros_driver2/launch_ROS2/msg_MID360s_launch.py
[0.367s] -- Up-to-date: /home/slam/r2_ws/lidar_ws/install/livox_ros_driver2/share/livox_ros_driver2/launch_ROS2/rviz_AVIA2_launch.py
[0.367s] -- Up-to-date: /home/slam/r2_ws/lidar_ws/install/livox_ros_driver2/share/ament_index/resource_index/package_run_dependencies/livox_ros_driver2
[0.367s] -- Up-to-date: /home/slam/r2_ws/lidar_ws/install/livox_ros_driver2/share/ament_index/resource_index/parent_prefix_path/livox_ros_driver2
[0.367s] -- Up-to-date: /home/slam/r2_ws/lidar_ws/install/livox_ros_driver2/share/livox_ros_driver2/environment/ament_prefix_path.sh
[0.367s] -- Up-to-date: /home/slam/r2_ws/lidar_ws/install/livox_ros_driver2/share/livox_ros_driver2/environment/ament_prefix_path.dsv
[0.367s] -- Up-to-date: /home/slam/r2_ws/lidar_ws/install/livox_ros_driver2/share/livox_ros_driver2/environment/path.sh
[0.367s] -- Up-to-date: /home/slam/r2_ws/lidar_ws/install/livox_ros_driver2/share/livox_ros_driver2/environment/path.dsv
[0.367s] -- Up-to-date: /home/slam/r2_ws/lidar_ws/install/livox_ros_driver2/share/livox_ros_driver2/local_setup.bash
[0.368s] -- Up-to-date: /home/slam/r2_ws/lidar_ws/install/livox_ros_driver2/share/livox_ros_driver2/local_setup.sh
[0.368s] -- Up-to-date: /home/slam/r2_ws/lidar_ws/install/livox_ros_driver2/share/livox_ros_driver2/local_setup.zsh
[0.368s] -- Up-to-date: /home/slam/r2_ws/lidar_ws/install/livox_ros_driver2/share/livox_ros_driver2/local_setup.dsv
[0.368s] -- Up-to-date: /home/slam/r2_ws/lidar_ws/install/livox_ros_driver2/share/livox_ros_driver2/package.dsv
[0.368s] -- Up-to-date: /home/slam/r2_ws/lidar_ws/install/livox_ros_driver2/share/ament_index/resource_index/packages/livox_ros_driver2
[0.368s] -- Up-to-date: /home/slam/r2_ws/lidar_ws/install/livox_ros_driver2/share/ament_index/resource_index/rclcpp_components/livox_ros_driver2
[0.368s] -- Up-to-date: /home/slam/r2_ws/lidar_ws/install/livox_ros_driver2/share/livox_ros_driver2/cmake/export_livox_interfaces2__rosidl_generator_cExport.cmake
[0.368s] -- Up-to-date: /home/slam/r2_ws/lidar_ws/install/livox_ros_driver2/share/livox_ros_driver2/cmake/export_livox_interfaces2__rosidl_generator_cExport-noconfig.cmake
[0.368s] -- Up-to-date: /home/slam/r2_ws/lidar_ws/install/livox_ros_driver2/share/livox_ros_driver2/cmake/export_livox_interfaces2__rosidl_typesupport_fastrtps_cExport.cmake
[0.368s] -- Up-to-date: /home/slam/r2_ws/lidar_ws/install/livox_ros_driver2/share/livox_ros_driver2/cmake/export_livox_interfaces2__rosidl_typesupport_fastrtps_cExport-noconfig.cmake
[0.368s] -- Up-to-date: /home/slam/r2_ws/lidar_ws/install/livox_ros_driver2/share/livox_ros_driver2/cmake/livox_interfaces2__rosidl_typesupport_introspection_cExport.cmake
[0.368s] -- Up-to-date: /home/slam/r2_ws/lidar_ws/install/livox_ros_driver2/share/livox_ros_driver2/cmake/livox_interfaces2__rosidl_typesupport_introspection_cExport-noconfig.cmake
[0.368s] -- Up-to-date: /home/slam/r2_ws/lidar_ws/install/livox_ros_driver2/share/livox_ros_driver2/cmake/livox_interfaces2__rosidl_typesupport_cExport.cmake
[0.368s] -- Up-to-date: /home/slam/r2_ws/lidar_ws/install/livox_ros_driver2/share/livox_ros_driver2/cmake/livox_interfaces2__rosidl_typesupport_cExport-noconfig.cmake
[0.368s] -- Up-to-date: /home/slam/r2_ws/lidar_ws/install/livox_ros_driver2/share/livox_ros_driver2/cmake/export_livox_interfaces2__rosidl_generator_cppExport.cmake
[0.368s] -- Up-to-date: /home/slam/r2_ws/lidar_ws/install/livox_ros_driver2/share/livox_ros_driver2/cmake/export_livox_interfaces2__rosidl_typesupport_fastrtps_cppExport.cmake
[0.368s] -- Up-to-date: /home/slam/r2_ws/lidar_ws/install/livox_ros_driver2/share/livox_ros_driver2/cmake/export_livox_interfaces2__rosidl_typesupport_fastrtps_cppExport-noconfig.cmake
[0.368s] -- Up-to-date: /home/slam/r2_ws/lidar_ws/install/livox_ros_driver2/share/livox_ros_driver2/cmake/livox_interfaces2__rosidl_typesupport_introspection_cppExport.cmake
[0.368s] -- Up-to-date: /home/slam/r2_ws/lidar_ws/install/livox_ros_driver2/share/livox_ros_driver2/cmake/livox_interfaces2__rosidl_typesupport_introspection_cppExport-noconfig.cmake
[0.368s] -- Up-to-date: /home/slam/r2_ws/lidar_ws/install/livox_ros_driver2/share/livox_ros_driver2/cmake/livox_interfaces2__rosidl_typesupport_cppExport.cmake
[0.368s] -- Up-to-date: /home/slam/r2_ws/lidar_ws/install/livox_ros_driver2/share/livox_ros_driver2/cmake/livox_interfaces2__rosidl_typesupport_cppExport-noconfig.cmake
[0.368s] -- Up-to-date: /home/slam/r2_ws/lidar_ws/install/livox_ros_driver2/share/livox_ros_driver2/cmake/export_livox_interfaces2__rosidl_generator_pyExport.cmake
[0.369s] -- Up-to-date: /home/slam/r2_ws/lidar_ws/install/livox_ros_driver2/share/livox_ros_driver2/cmake/export_livox_interfaces2__rosidl_generator_pyExport-noconfig.cmake
[0.369s] -- Up-to-date: /home/slam/r2_ws/lidar_ws/install/livox_ros_driver2/share/livox_ros_driver2/cmake/rosidl_cmake-extras.cmake
[0.369s] -- Up-to-date: /home/slam/r2_ws/lidar_ws/install/livox_ros_driver2/share/livox_ros_driver2/cmake/ament_cmake_export_dependencies-extras.cmake
[0.369s] -- Up-to-date: /home/slam/r2_ws/lidar_ws/install/livox_ros_driver2/share/livox_ros_driver2/cmake/ament_cmake_export_include_directories-extras.cmake
[0.369s] -- Up-to-date: /home/slam/r2_ws/lidar_ws/install/livox_ros_driver2/share/livox_ros_driver2/cmake/ament_cmake_export_libraries-extras.cmake
[0.369s] -- Up-to-date: /home/slam/r2_ws/lidar_ws/install/livox_ros_driver2/share/livox_ros_driver2/cmake/ament_cmake_export_targets-extras.cmake
[0.369s] -- Up-to-date: /home/slam/r2_ws/lidar_ws/install/livox_ros_driver2/share/livox_ros_driver2/cmake/rosidl_cmake_export_typesupport_targets-extras.cmake
[0.369s] -- Up-to-date: /home/slam/r2_ws/lidar_ws/install/livox_ros_driver2/share/livox_ros_driver2/cmake/rosidl_cmake_export_typesupport_libraries-extras.cmake
[0.369s] -- Up-to-date: /home/slam/r2_ws/lidar_ws/install/livox_ros_driver2/share/livox_ros_driver2/cmake/rosidl_cmake_aggregate_target-extras.cmake
[0.369s] -- Up-to-date: /home/slam/r2_ws/lidar_ws/install/livox_ros_driver2/share/livox_ros_driver2/cmake/livox_ros_driver2Config.cmake
[0.369s] -- Up-to-date: /home/slam/r2_ws/lidar_ws/install/livox_ros_driver2/share/livox_ros_driver2/cmake/livox_ros_driver2Config-version.cmake
[0.369s] -- Up-to-date: /home/slam/r2_ws/lidar_ws/install/livox_ros_driver2/share/livox_ros_driver2/package.xml
[0.370s] Invoked command in '/home/slam/r2_ws/lidar_ws/build/livox_ros_driver2' returned '0': CMAKE_PREFIX_PATH=/opt/ros/humble /usr/bin/cmake --install /home/slam/r2_ws/lidar_ws/build/livox_ros_driver2
