[0.138s] DEBUG:colcon:Command line arguments: ['/home/slam/.local/bin/colcon', 'build']
[0.138s] DEBUG:colcon:Parsed command line arguments: Namespace(log_base=None, log_level=None, verb_name='build', build_base='build', install_base='install', merge_install=False, symlink_install=False, test_result_base=None, continue_on_error=False, executor='parallel', parallel_workers=10, event_handlers=None, ignore_user_meta=False, metas=['./colcon.meta'], base_paths=['.'], packages_ignore=None, packages_ignore_regex=None, paths=None, packages_up_to=None, packages_up_to_regex=None, packages_above=None, packages_above_and_dependencies=None, packages_above_depth=None, packages_select_by_dep=None, packages_skip_by_dep=None, packages_skip_up_to=None, packages_select_build_failed=False, packages_skip_build_finished=False, packages_select_test_failures=False, packages_skip_test_passed=False, packages_select=None, packages_skip=None, packages_select_regex=None, packages_skip_regex=None, packages_start=None, packages_end=None, cmake_args=None, cmake_target=None, cmake_target_skip_unavailable=False, cmake_clean_cache=False, cmake_clean_first=False, cmake_force_configure=False, ament_cmake_args=None, catkin_cmake_args=None, catkin_skip_building_tests=False, verb_parser=<colcon_defaults.argument_parser.defaults.DefaultArgumentsDecorator object at 0x74de9570f910>, verb_extension=<colcon_core.verb.build.BuildVerb object at 0x74de9570f370>, main=<bound method BuildVerb.main of <colcon_core.verb.build.BuildVerb object at 0x74de9570f370>>)
[0.253s] Level 1:colcon.colcon_core.package_discovery:discover_packages(colcon_meta) check parameters
[0.253s] Level 1:colcon.colcon_core.package_discovery:discover_packages(recursive) check parameters
[0.253s] Level 1:colcon.colcon_core.package_discovery:discover_packages(ignore) check parameters
[0.253s] Level 1:colcon.colcon_core.package_discovery:discover_packages(path) check parameters
[0.253s] Level 1:colcon.colcon_core.package_discovery:discover_packages(colcon_meta) discover
[0.253s] Level 1:colcon.colcon_core.package_discovery:discover_packages(recursive) discover
[0.253s] INFO:colcon.colcon_core.package_discovery:Crawling recursively for packages in '/home/slam/r2_ws'
[0.253s] Level 1:colcon.colcon_core.package_identification:_identify(.) by extensions ['ignore', 'ignore_ament_install']
[0.253s] Level 1:colcon.colcon_core.package_identification:_identify(.) by extension 'ignore'
[0.253s] Level 1:colcon.colcon_core.package_identification:_identify(.) by extension 'ignore_ament_install'
[0.254s] Level 1:colcon.colcon_core.package_identification:_identify(.) by extensions ['colcon_pkg']
[0.254s] Level 1:colcon.colcon_core.package_identification:_identify(.) by extension 'colcon_pkg'
[0.254s] Level 1:colcon.colcon_core.package_identification:_identify(.) by extensions ['colcon_meta']
[0.254s] Level 1:colcon.colcon_core.package_identification:_identify(.) by extension 'colcon_meta'
[0.254s] Level 1:colcon.colcon_core.package_identification:_identify(.) by extensions ['ros']
[0.254s] Level 1:colcon.colcon_core.package_identification:_identify(.) by extension 'ros'
[0.261s] Level 1:colcon.colcon_core.package_identification:_identify(.) by extensions ['cmake', 'python']
[0.261s] Level 1:colcon.colcon_core.package_identification:_identify(.) by extension 'cmake'
[0.261s] Level 1:colcon.colcon_core.package_identification:_identify(.) by extension 'python'
[0.261s] Level 1:colcon.colcon_core.package_identification:_identify(.) by extensions ['python_setup_py']
[0.261s] Level 1:colcon.colcon_core.package_identification:_identify(.) by extension 'python_setup_py'
[0.261s] Level 1:colcon.colcon_core.package_identification:_identify(__pycache__) by extensions ['ignore', 'ignore_ament_install']
[0.261s] Level 1:colcon.colcon_core.package_identification:_identify(__pycache__) by extension 'ignore'
[0.261s] Level 1:colcon.colcon_core.package_identification:_identify(__pycache__) by extension 'ignore_ament_install'
[0.261s] Level 1:colcon.colcon_core.package_identification:_identify(__pycache__) by extensions ['colcon_pkg']
[0.261s] Level 1:colcon.colcon_core.package_identification:_identify(__pycache__) by extension 'colcon_pkg'
[0.261s] Level 1:colcon.colcon_core.package_identification:_identify(__pycache__) by extensions ['colcon_meta']
[0.261s] Level 1:colcon.colcon_core.package_identification:_identify(__pycache__) by extension 'colcon_meta'
[0.261s] Level 1:colcon.colcon_core.package_identification:_identify(__pycache__) by extensions ['ros']
[0.261s] Level 1:colcon.colcon_core.package_identification:_identify(__pycache__) by extension 'ros'
[0.261s] Level 1:colcon.colcon_core.package_identification:_identify(__pycache__) by extensions ['cmake', 'python']
[0.261s] Level 1:colcon.colcon_core.package_identification:_identify(__pycache__) by extension 'cmake'
[0.261s] Level 1:colcon.colcon_core.package_identification:_identify(__pycache__) by extension 'python'
[0.261s] Level 1:colcon.colcon_core.package_identification:_identify(__pycache__) by extensions ['python_setup_py']
[0.261s] Level 1:colcon.colcon_core.package_identification:_identify(__pycache__) by extension 'python_setup_py'
[0.261s] Level 1:colcon.colcon_core.package_identification:_identify(build) by extensions ['ignore', 'ignore_ament_install']
[0.261s] Level 1:colcon.colcon_core.package_identification:_identify(build) by extension 'ignore'
[0.261s] Level 1:colcon.colcon_core.package_identification:_identify(build) ignored
[0.261s] Level 1:colcon.colcon_core.package_identification:_identify(git教程) by extensions ['ignore', 'ignore_ament_install']
[0.262s] Level 1:colcon.colcon_core.package_identification:_identify(git教程) by extension 'ignore'
[0.262s] Level 1:colcon.colcon_core.package_identification:_identify(git教程) by extension 'ignore_ament_install'
[0.262s] Level 1:colcon.colcon_core.package_identification:_identify(git教程) by extensions ['colcon_pkg']
[0.262s] Level 1:colcon.colcon_core.package_identification:_identify(git教程) by extension 'colcon_pkg'
[0.262s] Level 1:colcon.colcon_core.package_identification:_identify(git教程) by extensions ['colcon_meta']
[0.262s] Level 1:colcon.colcon_core.package_identification:_identify(git教程) by extension 'colcon_meta'
[0.262s] Level 1:colcon.colcon_core.package_identification:_identify(git教程) by extensions ['ros']
[0.262s] Level 1:colcon.colcon_core.package_identification:_identify(git教程) by extension 'ros'
[0.262s] Level 1:colcon.colcon_core.package_identification:_identify(git教程) by extensions ['cmake', 'python']
[0.262s] Level 1:colcon.colcon_core.package_identification:_identify(git教程) by extension 'cmake'
[0.262s] Level 1:colcon.colcon_core.package_identification:_identify(git教程) by extension 'python'
[0.262s] Level 1:colcon.colcon_core.package_identification:_identify(git教程) by extensions ['python_setup_py']
[0.262s] Level 1:colcon.colcon_core.package_identification:_identify(git教程) by extension 'python_setup_py'
[0.262s] Level 1:colcon.colcon_core.package_identification:_identify(image) by extensions ['ignore', 'ignore_ament_install']
[0.262s] Level 1:colcon.colcon_core.package_identification:_identify(image) by extension 'ignore'
[0.262s] Level 1:colcon.colcon_core.package_identification:_identify(image) by extension 'ignore_ament_install'
[0.262s] Level 1:colcon.colcon_core.package_identification:_identify(image) by extensions ['colcon_pkg']
[0.262s] Level 1:colcon.colcon_core.package_identification:_identify(image) by extension 'colcon_pkg'
[0.262s] Level 1:colcon.colcon_core.package_identification:_identify(image) by extensions ['colcon_meta']
[0.262s] Level 1:colcon.colcon_core.package_identification:_identify(image) by extension 'colcon_meta'
[0.262s] Level 1:colcon.colcon_core.package_identification:_identify(image) by extensions ['ros']
[0.262s] Level 1:colcon.colcon_core.package_identification:_identify(image) by extension 'ros'
[0.262s] Level 1:colcon.colcon_core.package_identification:_identify(image) by extensions ['cmake', 'python']
[0.262s] Level 1:colcon.colcon_core.package_identification:_identify(image) by extension 'cmake'
[0.262s] Level 1:colcon.colcon_core.package_identification:_identify(image) by extension 'python'
[0.262s] Level 1:colcon.colcon_core.package_identification:_identify(image) by extensions ['python_setup_py']
[0.262s] Level 1:colcon.colcon_core.package_identification:_identify(image) by extension 'python_setup_py'
[0.262s] Level 1:colcon.colcon_core.package_identification:_identify(install) by extensions ['ignore', 'ignore_ament_install']
[0.262s] Level 1:colcon.colcon_core.package_identification:_identify(install) by extension 'ignore'
[0.262s] Level 1:colcon.colcon_core.package_identification:_identify(install) ignored
[0.262s] Level 1:colcon.colcon_core.package_identification:_identify(lib2) by extensions ['ignore', 'ignore_ament_install']
[0.262s] Level 1:colcon.colcon_core.package_identification:_identify(lib2) by extension 'ignore'
[0.262s] Level 1:colcon.colcon_core.package_identification:_identify(lib2) by extension 'ignore_ament_install'
[0.262s] Level 1:colcon.colcon_core.package_identification:_identify(lib2) by extensions ['colcon_pkg']
[0.262s] Level 1:colcon.colcon_core.package_identification:_identify(lib2) by extension 'colcon_pkg'
[0.262s] Level 1:colcon.colcon_core.package_identification:_identify(lib2) by extensions ['colcon_meta']
[0.262s] Level 1:colcon.colcon_core.package_identification:_identify(lib2) by extension 'colcon_meta'
[0.262s] Level 1:colcon.colcon_core.package_identification:_identify(lib2) by extensions ['ros']
[0.262s] Level 1:colcon.colcon_core.package_identification:_identify(lib2) by extension 'ros'
[0.263s] Level 1:colcon.colcon_core.package_identification:_identify(lib2) by extensions ['cmake', 'python']
[0.263s] Level 1:colcon.colcon_core.package_identification:_identify(lib2) by extension 'cmake'
[0.263s] Level 1:colcon.colcon_core.package_identification:_identify(lib2) by extension 'python'
[0.263s] Level 1:colcon.colcon_core.package_identification:_identify(lib2) by extensions ['python_setup_py']
[0.263s] Level 1:colcon.colcon_core.package_identification:_identify(lib2) by extension 'python_setup_py'
[0.263s] Level 1:colcon.colcon_core.package_identification:_identify(lib2/__pycache__) by extensions ['ignore', 'ignore_ament_install']
[0.263s] Level 1:colcon.colcon_core.package_identification:_identify(lib2/__pycache__) by extension 'ignore'
[0.263s] Level 1:colcon.colcon_core.package_identification:_identify(lib2/__pycache__) by extension 'ignore_ament_install'
[0.263s] Level 1:colcon.colcon_core.package_identification:_identify(lib2/__pycache__) by extensions ['colcon_pkg']
[0.263s] Level 1:colcon.colcon_core.package_identification:_identify(lib2/__pycache__) by extension 'colcon_pkg'
[0.263s] Level 1:colcon.colcon_core.package_identification:_identify(lib2/__pycache__) by extensions ['colcon_meta']
[0.263s] Level 1:colcon.colcon_core.package_identification:_identify(lib2/__pycache__) by extension 'colcon_meta'
[0.263s] Level 1:colcon.colcon_core.package_identification:_identify(lib2/__pycache__) by extensions ['ros']
[0.263s] Level 1:colcon.colcon_core.package_identification:_identify(lib2/__pycache__) by extension 'ros'
[0.263s] Level 1:colcon.colcon_core.package_identification:_identify(lib2/__pycache__) by extensions ['cmake', 'python']
[0.263s] Level 1:colcon.colcon_core.package_identification:_identify(lib2/__pycache__) by extension 'cmake'
[0.263s] Level 1:colcon.colcon_core.package_identification:_identify(lib2/__pycache__) by extension 'python'
[0.263s] Level 1:colcon.colcon_core.package_identification:_identify(lib2/__pycache__) by extensions ['python_setup_py']
[0.263s] Level 1:colcon.colcon_core.package_identification:_identify(lib2/__pycache__) by extension 'python_setup_py'
[0.263s] Level 1:colcon.colcon_core.package_identification:_identify(lidar_ws) by extensions ['ignore', 'ignore_ament_install']
[0.263s] Level 1:colcon.colcon_core.package_identification:_identify(lidar_ws) by extension 'ignore'
[0.263s] Level 1:colcon.colcon_core.package_identification:_identify(lidar_ws) by extension 'ignore_ament_install'
[0.263s] Level 1:colcon.colcon_core.package_identification:_identify(lidar_ws) by extensions ['colcon_pkg']
[0.263s] Level 1:colcon.colcon_core.package_identification:_identify(lidar_ws) by extension 'colcon_pkg'
[0.263s] Level 1:colcon.colcon_core.package_identification:_identify(lidar_ws) by extensions ['colcon_meta']
[0.263s] Level 1:colcon.colcon_core.package_identification:_identify(lidar_ws) by extension 'colcon_meta'
[0.263s] Level 1:colcon.colcon_core.package_identification:_identify(lidar_ws) by extensions ['ros']
[0.263s] Level 1:colcon.colcon_core.package_identification:_identify(lidar_ws) by extension 'ros'
[0.263s] Level 1:colcon.colcon_core.package_identification:_identify(lidar_ws) by extensions ['cmake', 'python']
[0.263s] Level 1:colcon.colcon_core.package_identification:_identify(lidar_ws) by extension 'cmake'
[0.263s] Level 1:colcon.colcon_core.package_identification:_identify(lidar_ws) by extension 'python'
[0.263s] Level 1:colcon.colcon_core.package_identification:_identify(lidar_ws) by extensions ['python_setup_py']
[0.263s] Level 1:colcon.colcon_core.package_identification:_identify(lidar_ws) by extension 'python_setup_py'
[0.263s] Level 1:colcon.colcon_core.package_identification:_identify(lidar_ws/Livox-SDK2) by extensions ['ignore', 'ignore_ament_install']
[0.263s] Level 1:colcon.colcon_core.package_identification:_identify(lidar_ws/Livox-SDK2) by extension 'ignore'
[0.263s] Level 1:colcon.colcon_core.package_identification:_identify(lidar_ws/Livox-SDK2) by extension 'ignore_ament_install'
[0.263s] Level 1:colcon.colcon_core.package_identification:_identify(lidar_ws/Livox-SDK2) by extensions ['colcon_pkg']
[0.263s] Level 1:colcon.colcon_core.package_identification:_identify(lidar_ws/Livox-SDK2) by extension 'colcon_pkg'
[0.263s] Level 1:colcon.colcon_core.package_identification:_identify(lidar_ws/Livox-SDK2) by extensions ['colcon_meta']
[0.264s] Level 1:colcon.colcon_core.package_identification:_identify(lidar_ws/Livox-SDK2) by extension 'colcon_meta'
[0.264s] Level 1:colcon.colcon_core.package_identification:_identify(lidar_ws/Livox-SDK2) by extensions ['ros']
[0.264s] Level 1:colcon.colcon_core.package_identification:_identify(lidar_ws/Livox-SDK2) by extension 'ros'
[0.264s] Level 1:colcon.colcon_core.package_identification:_identify(lidar_ws/Livox-SDK2) by extensions ['cmake', 'python']
[0.264s] Level 1:colcon.colcon_core.package_identification:_identify(lidar_ws/Livox-SDK2) by extension 'cmake'
[0.274s] Level 1:colcon.colcon_core.package_identification:_identify(lidar_ws/Livox-SDK2) by extension 'python'
[0.274s] DEBUG:colcon.colcon_core.package_identification:Package 'lidar_ws/Livox-SDK2' with type 'cmake' and name 'livox_sdk2'
[0.274s] Level 1:colcon.colcon_core.package_identification:_identify(lidar_ws/build) by extensions ['ignore', 'ignore_ament_install']
[0.275s] Level 1:colcon.colcon_core.package_identification:_identify(lidar_ws/build) by extension 'ignore'
[0.275s] Level 1:colcon.colcon_core.package_identification:_identify(lidar_ws/build) ignored
[0.275s] Level 1:colcon.colcon_core.package_identification:_identify(lidar_ws/install) by extensions ['ignore', 'ignore_ament_install']
[0.275s] Level 1:colcon.colcon_core.package_identification:_identify(lidar_ws/install) by extension 'ignore'
[0.275s] Level 1:colcon.colcon_core.package_identification:_identify(lidar_ws/install) ignored
[0.275s] Level 1:colcon.colcon_core.package_identification:_identify(lidar_ws/log) by extensions ['ignore', 'ignore_ament_install']
[0.275s] Level 1:colcon.colcon_core.package_identification:_identify(lidar_ws/log) by extension 'ignore'
[0.275s] Level 1:colcon.colcon_core.package_identification:_identify(lidar_ws/log) ignored
[0.275s] Level 1:colcon.colcon_core.package_identification:_identify(lidar_ws/src) by extensions ['ignore', 'ignore_ament_install']
[0.275s] Level 1:colcon.colcon_core.package_identification:_identify(lidar_ws/src) by extension 'ignore'
[0.275s] Level 1:colcon.colcon_core.package_identification:_identify(lidar_ws/src) by extension 'ignore_ament_install'
[0.275s] Level 1:colcon.colcon_core.package_identification:_identify(lidar_ws/src) by extensions ['colcon_pkg']
[0.275s] Level 1:colcon.colcon_core.package_identification:_identify(lidar_ws/src) by extension 'colcon_pkg'
[0.275s] Level 1:colcon.colcon_core.package_identification:_identify(lidar_ws/src) by extensions ['colcon_meta']
[0.275s] Level 1:colcon.colcon_core.package_identification:_identify(lidar_ws/src) by extension 'colcon_meta'
[0.275s] Level 1:colcon.colcon_core.package_identification:_identify(lidar_ws/src) by extensions ['ros']
[0.275s] Level 1:colcon.colcon_core.package_identification:_identify(lidar_ws/src) by extension 'ros'
[0.275s] Level 1:colcon.colcon_core.package_identification:_identify(lidar_ws/src) by extensions ['cmake', 'python']
[0.275s] Level 1:colcon.colcon_core.package_identification:_identify(lidar_ws/src) by extension 'cmake'
[0.275s] Level 1:colcon.colcon_core.package_identification:_identify(lidar_ws/src) by extension 'python'
[0.275s] Level 1:colcon.colcon_core.package_identification:_identify(lidar_ws/src) by extensions ['python_setup_py']
[0.275s] Level 1:colcon.colcon_core.package_identification:_identify(lidar_ws/src) by extension 'python_setup_py'
[0.275s] Level 1:colcon.colcon_core.package_identification:_identify(lidar_ws/src/Super-LIO) by extensions ['ignore', 'ignore_ament_install']
[0.275s] Level 1:colcon.colcon_core.package_identification:_identify(lidar_ws/src/Super-LIO) by extension 'ignore'
[0.275s] Level 1:colcon.colcon_core.package_identification:_identify(lidar_ws/src/Super-LIO) by extension 'ignore_ament_install'
[0.275s] Level 1:colcon.colcon_core.package_identification:_identify(lidar_ws/src/Super-LIO) by extensions ['colcon_pkg']
[0.275s] Level 1:colcon.colcon_core.package_identification:_identify(lidar_ws/src/Super-LIO) by extension 'colcon_pkg'
[0.275s] Level 1:colcon.colcon_core.package_identification:_identify(lidar_ws/src/Super-LIO) by extensions ['colcon_meta']
[0.275s] Level 1:colcon.colcon_core.package_identification:_identify(lidar_ws/src/Super-LIO) by extension 'colcon_meta'
[0.275s] Level 1:colcon.colcon_core.package_identification:_identify(lidar_ws/src/Super-LIO) by extensions ['ros']
[0.275s] Level 1:colcon.colcon_core.package_identification:_identify(lidar_ws/src/Super-LIO) by extension 'ros'
[0.275s] Level 1:colcon.colcon_core.package_identification:_identify(lidar_ws/src/Super-LIO) by extensions ['cmake', 'python']
[0.276s] Level 1:colcon.colcon_core.package_identification:_identify(lidar_ws/src/Super-LIO) by extension 'cmake'
[0.276s] Level 1:colcon.colcon_core.package_identification:_identify(lidar_ws/src/Super-LIO) by extension 'python'
[0.276s] Level 1:colcon.colcon_core.package_identification:_identify(lidar_ws/src/Super-LIO) by extensions ['python_setup_py']
[0.276s] Level 1:colcon.colcon_core.package_identification:_identify(lidar_ws/src/Super-LIO) by extension 'python_setup_py'
[0.276s] Level 1:colcon.colcon_core.package_identification:_identify(lidar_ws/src/Super-LIO/docs) by extensions ['ignore', 'ignore_ament_install']
[0.276s] Level 1:colcon.colcon_core.package_identification:_identify(lidar_ws/src/Super-LIO/docs) by extension 'ignore'
[0.276s] Level 1:colcon.colcon_core.package_identification:_identify(lidar_ws/src/Super-LIO/docs) by extension 'ignore_ament_install'
[0.276s] Level 1:colcon.colcon_core.package_identification:_identify(lidar_ws/src/Super-LIO/docs) by extensions ['colcon_pkg']
[0.276s] Level 1:colcon.colcon_core.package_identification:_identify(lidar_ws/src/Super-LIO/docs) by extension 'colcon_pkg'
[0.276s] Level 1:colcon.colcon_core.package_identification:_identify(lidar_ws/src/Super-LIO/docs) by extensions ['colcon_meta']
[0.276s] Level 1:colcon.colcon_core.package_identification:_identify(lidar_ws/src/Super-LIO/docs) by extension 'colcon_meta'
[0.276s] Level 1:colcon.colcon_core.package_identification:_identify(lidar_ws/src/Super-LIO/docs) by extensions ['ros']
[0.276s] Level 1:colcon.colcon_core.package_identification:_identify(lidar_ws/src/Super-LIO/docs) by extension 'ros'
[0.276s] Level 1:colcon.colcon_core.package_identification:_identify(lidar_ws/src/Super-LIO/docs) by extensions ['cmake', 'python']
[0.276s] Level 1:colcon.colcon_core.package_identification:_identify(lidar_ws/src/Super-LIO/docs) by extension 'cmake'
[0.276s] Level 1:colcon.colcon_core.package_identification:_identify(lidar_ws/src/Super-LIO/docs) by extension 'python'
[0.276s] Level 1:colcon.colcon_core.package_identification:_identify(lidar_ws/src/Super-LIO/docs) by extensions ['python_setup_py']
[0.276s] Level 1:colcon.colcon_core.package_identification:_identify(lidar_ws/src/Super-LIO/docs) by extension 'python_setup_py'
[0.276s] Level 1:colcon.colcon_core.package_identification:_identify(lidar_ws/src/Super-LIO/src) by extensions ['ignore', 'ignore_ament_install']
[0.276s] Level 1:colcon.colcon_core.package_identification:_identify(lidar_ws/src/Super-LIO/src) by extension 'ignore'
[0.276s] Level 1:colcon.colcon_core.package_identification:_identify(lidar_ws/src/Super-LIO/src) by extension 'ignore_ament_install'
[0.276s] Level 1:colcon.colcon_core.package_identification:_identify(lidar_ws/src/Super-LIO/src) by extensions ['colcon_pkg']
[0.276s] Level 1:colcon.colcon_core.package_identification:_identify(lidar_ws/src/Super-LIO/src) by extension 'colcon_pkg'
[0.276s] Level 1:colcon.colcon_core.package_identification:_identify(lidar_ws/src/Super-LIO/src) by extensions ['colcon_meta']
[0.276s] Level 1:colcon.colcon_core.package_identification:_identify(lidar_ws/src/Super-LIO/src) by extension 'colcon_meta'
[0.276s] Level 1:colcon.colcon_core.package_identification:_identify(lidar_ws/src/Super-LIO/src) by extensions ['ros']
[0.276s] Level 1:colcon.colcon_core.package_identification:_identify(lidar_ws/src/Super-LIO/src) by extension 'ros'
[0.276s] Level 1:colcon.colcon_core.package_identification:_identify(lidar_ws/src/Super-LIO/src) by extensions ['cmake', 'python']
[0.276s] Level 1:colcon.colcon_core.package_identification:_identify(lidar_ws/src/Super-LIO/src) by extension 'cmake'
[0.276s] Level 1:colcon.colcon_core.package_identification:_identify(lidar_ws/src/Super-LIO/src) by extension 'python'
[0.276s] Level 1:colcon.colcon_core.package_identification:_identify(lidar_ws/src/Super-LIO/src) by extensions ['python_setup_py']
[0.276s] Level 1:colcon.colcon_core.package_identification:_identify(lidar_ws/src/Super-LIO/src) by extension 'python_setup_py'
[0.276s] Level 1:colcon.colcon_core.package_identification:_identify(lidar_ws/src/Super-LIO/src/basic) by extensions ['ignore', 'ignore_ament_install']
[0.276s] Level 1:colcon.colcon_core.package_identification:_identify(lidar_ws/src/Super-LIO/src/basic) by extension 'ignore'
[0.276s] Level 1:colcon.colcon_core.package_identification:_identify(lidar_ws/src/Super-LIO/src/basic) by extension 'ignore_ament_install'
[0.276s] Level 1:colcon.colcon_core.package_identification:_identify(lidar_ws/src/Super-LIO/src/basic) by extensions ['colcon_pkg']
[0.276s] Level 1:colcon.colcon_core.package_identification:_identify(lidar_ws/src/Super-LIO/src/basic) by extension 'colcon_pkg'
[0.276s] Level 1:colcon.colcon_core.package_identification:_identify(lidar_ws/src/Super-LIO/src/basic) by extensions ['colcon_meta']
[0.276s] Level 1:colcon.colcon_core.package_identification:_identify(lidar_ws/src/Super-LIO/src/basic) by extension 'colcon_meta'
[0.277s] Level 1:colcon.colcon_core.package_identification:_identify(lidar_ws/src/Super-LIO/src/basic) by extensions ['ros']
[0.277s] Level 1:colcon.colcon_core.package_identification:_identify(lidar_ws/src/Super-LIO/src/basic) by extension 'ros'
[0.279s] DEBUG:colcon.colcon_core.package_identification:Package 'lidar_ws/src/Super-LIO/src/basic' with type 'ros.ament_cmake' and name 'basic'
[0.279s] Level 1:colcon.colcon_core.package_identification:_identify(lidar_ws/src/Super-LIO/src/super_lio) by extensions ['ignore', 'ignore_ament_install']
[0.279s] Level 1:colcon.colcon_core.package_identification:_identify(lidar_ws/src/Super-LIO/src/super_lio) by extension 'ignore'
[0.279s] Level 1:colcon.colcon_core.package_identification:_identify(lidar_ws/src/Super-LIO/src/super_lio) by extension 'ignore_ament_install'
[0.279s] Level 1:colcon.colcon_core.package_identification:_identify(lidar_ws/src/Super-LIO/src/super_lio) by extensions ['colcon_pkg']
[0.279s] Level 1:colcon.colcon_core.package_identification:_identify(lidar_ws/src/Super-LIO/src/super_lio) by extension 'colcon_pkg'
[0.279s] Level 1:colcon.colcon_core.package_identification:_identify(lidar_ws/src/Super-LIO/src/super_lio) by extensions ['colcon_meta']
[0.279s] Level 1:colcon.colcon_core.package_identification:_identify(lidar_ws/src/Super-LIO/src/super_lio) by extension 'colcon_meta'
[0.279s] Level 1:colcon.colcon_core.package_identification:_identify(lidar_ws/src/Super-LIO/src/super_lio) by extensions ['ros']
[0.280s] Level 1:colcon.colcon_core.package_identification:_identify(lidar_ws/src/Super-LIO/src/super_lio) by extension 'ros'
[0.280s] DEBUG:colcon.colcon_core.package_identification:Package 'lidar_ws/src/Super-LIO/src/super_lio' with type 'ros.ament_cmake' and name 'super_lio'
[0.280s] Level 1:colcon.colcon_core.package_identification:_identify(lidar_ws/src/build) by extensions ['ignore', 'ignore_ament_install']
[0.280s] Level 1:colcon.colcon_core.package_identification:_identify(lidar_ws/src/build) by extension 'ignore'
[0.280s] Level 1:colcon.colcon_core.package_identification:_identify(lidar_ws/src/build) ignored
[0.281s] Level 1:colcon.colcon_core.package_identification:_identify(lidar_ws/src/install) by extensions ['ignore', 'ignore_ament_install']
[0.281s] Level 1:colcon.colcon_core.package_identification:_identify(lidar_ws/src/install) by extension 'ignore'
[0.281s] Level 1:colcon.colcon_core.package_identification:_identify(lidar_ws/src/install) ignored
[0.281s] Level 1:colcon.colcon_core.package_identification:_identify(lidar_ws/src/livox_ros_driver2) by extensions ['ignore', 'ignore_ament_install']
[0.281s] Level 1:colcon.colcon_core.package_identification:_identify(lidar_ws/src/livox_ros_driver2) by extension 'ignore'
[0.281s] Level 1:colcon.colcon_core.package_identification:_identify(lidar_ws/src/livox_ros_driver2) by extension 'ignore_ament_install'
[0.281s] Level 1:colcon.colcon_core.package_identification:_identify(lidar_ws/src/livox_ros_driver2) by extensions ['colcon_pkg']
[0.281s] Level 1:colcon.colcon_core.package_identification:_identify(lidar_ws/src/livox_ros_driver2) by extension 'colcon_pkg'
[0.281s] Level 1:colcon.colcon_core.package_identification:_identify(lidar_ws/src/livox_ros_driver2) by extensions ['colcon_meta']
[0.281s] Level 1:colcon.colcon_core.package_identification:_identify(lidar_ws/src/livox_ros_driver2) by extension 'colcon_meta'
[0.281s] Level 1:colcon.colcon_core.package_identification:_identify(lidar_ws/src/livox_ros_driver2) by extensions ['ros']
[0.281s] Level 1:colcon.colcon_core.package_identification:_identify(lidar_ws/src/livox_ros_driver2) by extension 'ros'
[0.282s] DEBUG:colcon.colcon_core.package_identification:Package 'lidar_ws/src/livox_ros_driver2' with type 'ros.ament_cmake' and name 'livox_ros_driver2'
[0.282s] Level 1:colcon.colcon_core.package_identification:_identify(lidar_ws/src/log) by extensions ['ignore', 'ignore_ament_install']
[0.282s] Level 1:colcon.colcon_core.package_identification:_identify(lidar_ws/src/log) by extension 'ignore'
[0.282s] Level 1:colcon.colcon_core.package_identification:_identify(lidar_ws/src/log) ignored
[0.282s] Level 1:colcon.colcon_core.package_identification:_identify(log) by extensions ['ignore', 'ignore_ament_install']
[0.282s] Level 1:colcon.colcon_core.package_identification:_identify(log) by extension 'ignore'
[0.282s] Level 1:colcon.colcon_core.package_identification:_identify(log) ignored
[0.282s] Level 1:colcon.colcon_core.package_identification:_identify(odin1_ws) by extensions ['ignore', 'ignore_ament_install']
[0.282s] Level 1:colcon.colcon_core.package_identification:_identify(odin1_ws) by extension 'ignore'
[0.282s] Level 1:colcon.colcon_core.package_identification:_identify(odin1_ws) by extension 'ignore_ament_install'
[0.282s] Level 1:colcon.colcon_core.package_identification:_identify(odin1_ws) by extensions ['colcon_pkg']
[0.282s] Level 1:colcon.colcon_core.package_identification:_identify(odin1_ws) by extension 'colcon_pkg'
[0.282s] Level 1:colcon.colcon_core.package_identification:_identify(odin1_ws) by extensions ['colcon_meta']
[0.282s] Level 1:colcon.colcon_core.package_identification:_identify(odin1_ws) by extension 'colcon_meta'
[0.282s] Level 1:colcon.colcon_core.package_identification:_identify(odin1_ws) by extensions ['ros']
[0.282s] Level 1:colcon.colcon_core.package_identification:_identify(odin1_ws) by extension 'ros'
[0.282s] Level 1:colcon.colcon_core.package_identification:_identify(odin1_ws) by extensions ['cmake', 'python']
[0.282s] Level 1:colcon.colcon_core.package_identification:_identify(odin1_ws) by extension 'cmake'
[0.282s] Level 1:colcon.colcon_core.package_identification:_identify(odin1_ws) by extension 'python'
[0.282s] Level 1:colcon.colcon_core.package_identification:_identify(odin1_ws) by extensions ['python_setup_py']
[0.282s] Level 1:colcon.colcon_core.package_identification:_identify(odin1_ws) by extension 'python_setup_py'
[0.283s] Level 1:colcon.colcon_core.package_identification:_identify(odin1_ws/build) by extensions ['ignore', 'ignore_ament_install']
[0.283s] Level 1:colcon.colcon_core.package_identification:_identify(odin1_ws/build) by extension 'ignore'
[0.283s] Level 1:colcon.colcon_core.package_identification:_identify(odin1_ws/build) ignored
[0.283s] Level 1:colcon.colcon_core.package_identification:_identify(odin1_ws/install) by extensions ['ignore', 'ignore_ament_install']
[0.283s] Level 1:colcon.colcon_core.package_identification:_identify(odin1_ws/install) by extension 'ignore'
[0.283s] Level 1:colcon.colcon_core.package_identification:_identify(odin1_ws/install) ignored
[0.283s] Level 1:colcon.colcon_core.package_identification:_identify(odin1_ws/log) by extensions ['ignore', 'ignore_ament_install']
[0.283s] Level 1:colcon.colcon_core.package_identification:_identify(odin1_ws/log) by extension 'ignore'
[0.283s] Level 1:colcon.colcon_core.package_identification:_identify(odin1_ws/log) ignored
[0.283s] Level 1:colcon.colcon_core.package_identification:_identify(odin1_ws/src) by extensions ['ignore', 'ignore_ament_install']
[0.283s] Level 1:colcon.colcon_core.package_identification:_identify(odin1_ws/src) by extension 'ignore'
[0.283s] Level 1:colcon.colcon_core.package_identification:_identify(odin1_ws/src) by extension 'ignore_ament_install'
[0.283s] Level 1:colcon.colcon_core.package_identification:_identify(odin1_ws/src) by extensions ['colcon_pkg']
[0.283s] Level 1:colcon.colcon_core.package_identification:_identify(odin1_ws/src) by extension 'colcon_pkg'
[0.283s] Level 1:colcon.colcon_core.package_identification:_identify(odin1_ws/src) by extensions ['colcon_meta']
[0.283s] Level 1:colcon.colcon_core.package_identification:_identify(odin1_ws/src) by extension 'colcon_meta'
[0.283s] Level 1:colcon.colcon_core.package_identification:_identify(odin1_ws/src) by extensions ['ros']
[0.283s] Level 1:colcon.colcon_core.package_identification:_identify(odin1_ws/src) by extension 'ros'
[0.283s] Level 1:colcon.colcon_core.package_identification:_identify(odin1_ws/src) by extensions ['cmake', 'python']
[0.283s] Level 1:colcon.colcon_core.package_identification:_identify(odin1_ws/src) by extension 'cmake'
[0.283s] Level 1:colcon.colcon_core.package_identification:_identify(odin1_ws/src) by extension 'python'
[0.283s] Level 1:colcon.colcon_core.package_identification:_identify(odin1_ws/src) by extensions ['python_setup_py']
[0.283s] Level 1:colcon.colcon_core.package_identification:_identify(odin1_ws/src) by extension 'python_setup_py'
[0.283s] Level 1:colcon.colcon_core.package_identification:_identify(odin1_ws/src/odin_ros_driver) by extensions ['ignore', 'ignore_ament_install']
[0.283s] Level 1:colcon.colcon_core.package_identification:_identify(odin1_ws/src/odin_ros_driver) by extension 'ignore'
[0.283s] Level 1:colcon.colcon_core.package_identification:_identify(odin1_ws/src/odin_ros_driver) by extension 'ignore_ament_install'
[0.283s] Level 1:colcon.colcon_core.package_identification:_identify(odin1_ws/src/odin_ros_driver) by extensions ['colcon_pkg']
[0.283s] Level 1:colcon.colcon_core.package_identification:_identify(odin1_ws/src/odin_ros_driver) by extension 'colcon_pkg'
[0.283s] Level 1:colcon.colcon_core.package_identification:_identify(odin1_ws/src/odin_ros_driver) by extensions ['colcon_meta']
[0.283s] Level 1:colcon.colcon_core.package_identification:_identify(odin1_ws/src/odin_ros_driver) by extension 'colcon_meta'
[0.283s] Level 1:colcon.colcon_core.package_identification:_identify(odin1_ws/src/odin_ros_driver) by extensions ['ros']
[0.283s] Level 1:colcon.colcon_core.package_identification:_identify(odin1_ws/src/odin_ros_driver) by extension 'ros'
[0.284s] DEBUG:colcon.colcon_core.package_identification:Package 'odin1_ws/src/odin_ros_driver' with type 'ros.ament_cmake' and name 'odin_ros_driver'
[0.285s] Level 1:colcon.colcon_core.package_identification:_identify(src) by extensions ['ignore', 'ignore_ament_install']
[0.285s] Level 1:colcon.colcon_core.package_identification:_identify(src) by extension 'ignore'
[0.285s] Level 1:colcon.colcon_core.package_identification:_identify(src) by extension 'ignore_ament_install'
[0.285s] Level 1:colcon.colcon_core.package_identification:_identify(src) by extensions ['colcon_pkg']
[0.285s] Level 1:colcon.colcon_core.package_identification:_identify(src) by extension 'colcon_pkg'
[0.285s] Level 1:colcon.colcon_core.package_identification:_identify(src) by extensions ['colcon_meta']
[0.285s] Level 1:colcon.colcon_core.package_identification:_identify(src) by extension 'colcon_meta'
[0.285s] Level 1:colcon.colcon_core.package_identification:_identify(src) by extensions ['ros']
[0.285s] Level 1:colcon.colcon_core.package_identification:_identify(src) by extension 'ros'
[0.285s] Level 1:colcon.colcon_core.package_identification:_identify(src) by extensions ['cmake', 'python']
[0.285s] Level 1:colcon.colcon_core.package_identification:_identify(src) by extension 'cmake'
[0.285s] Level 1:colcon.colcon_core.package_identification:_identify(src) by extension 'python'
[0.285s] Level 1:colcon.colcon_core.package_identification:_identify(src) by extensions ['python_setup_py']
[0.285s] Level 1:colcon.colcon_core.package_identification:_identify(src) by extension 'python_setup_py'
[0.285s] Level 1:colcon.colcon_core.package_identification:_identify(src/livox_ros_driver2) by extensions ['ignore', 'ignore_ament_install']
[0.285s] Level 1:colcon.colcon_core.package_identification:_identify(src/livox_ros_driver2) by extension 'ignore'
[0.285s] Level 1:colcon.colcon_core.package_identification:_identify(src/livox_ros_driver2) ignored
[0.285s] Level 1:colcon.colcon_core.package_identification:_identify(test_9_26) by extensions ['ignore', 'ignore_ament_install']
[0.285s] Level 1:colcon.colcon_core.package_identification:_identify(test_9_26) by extension 'ignore'
[0.285s] Level 1:colcon.colcon_core.package_identification:_identify(test_9_26) by extension 'ignore_ament_install'
[0.285s] Level 1:colcon.colcon_core.package_identification:_identify(test_9_26) by extensions ['colcon_pkg']
[0.285s] Level 1:colcon.colcon_core.package_identification:_identify(test_9_26) by extension 'colcon_pkg'
[0.285s] Level 1:colcon.colcon_core.package_identification:_identify(test_9_26) by extensions ['colcon_meta']
[0.285s] Level 1:colcon.colcon_core.package_identification:_identify(test_9_26) by extension 'colcon_meta'
[0.285s] Level 1:colcon.colcon_core.package_identification:_identify(test_9_26) by extensions ['ros']
[0.285s] Level 1:colcon.colcon_core.package_identification:_identify(test_9_26) by extension 'ros'
[0.285s] Level 1:colcon.colcon_core.package_identification:_identify(test_9_26) by extensions ['cmake', 'python']
[0.285s] Level 1:colcon.colcon_core.package_identification:_identify(test_9_26) by extension 'cmake'
[0.285s] Level 1:colcon.colcon_core.package_identification:_identify(test_9_26) by extension 'python'
[0.285s] Level 1:colcon.colcon_core.package_identification:_identify(test_9_26) by extensions ['python_setup_py']
[0.285s] Level 1:colcon.colcon_core.package_identification:_identify(test_9_26) by extension 'python_setup_py'
[0.285s] Level 1:colcon.colcon_core.package_identification:_identify(test_9_26/waypoints) by extensions ['ignore', 'ignore_ament_install']
[0.285s] Level 1:colcon.colcon_core.package_identification:_identify(test_9_26/waypoints) by extension 'ignore'
[0.285s] Level 1:colcon.colcon_core.package_identification:_identify(test_9_26/waypoints) by extension 'ignore_ament_install'
[0.285s] Level 1:colcon.colcon_core.package_identification:_identify(test_9_26/waypoints) by extensions ['colcon_pkg']
[0.285s] Level 1:colcon.colcon_core.package_identification:_identify(test_9_26/waypoints) by extension 'colcon_pkg'
[0.285s] Level 1:colcon.colcon_core.package_identification:_identify(test_9_26/waypoints) by extensions ['colcon_meta']
[0.286s] Level 1:colcon.colcon_core.package_identification:_identify(test_9_26/waypoints) by extension 'colcon_meta'
[0.286s] Level 1:colcon.colcon_core.package_identification:_identify(test_9_26/waypoints) by extensions ['ros']
[0.286s] Level 1:colcon.colcon_core.package_identification:_identify(test_9_26/waypoints) by extension 'ros'
[0.286s] Level 1:colcon.colcon_core.package_identification:_identify(test_9_26/waypoints) by extensions ['cmake', 'python']
[0.286s] Level 1:colcon.colcon_core.package_identification:_identify(test_9_26/waypoints) by extension 'cmake'
[0.286s] Level 1:colcon.colcon_core.package_identification:_identify(test_9_26/waypoints) by extension 'python'
[0.286s] Level 1:colcon.colcon_core.package_identification:_identify(test_9_26/waypoints) by extensions ['python_setup_py']
[0.286s] Level 1:colcon.colcon_core.package_identification:_identify(test_9_26/waypoints) by extension 'python_setup_py'
[0.286s] Level 1:colcon.colcon_core.package_identification:_identify(test_demo) by extensions ['ignore', 'ignore_ament_install']
[0.286s] Level 1:colcon.colcon_core.package_identification:_identify(test_demo) by extension 'ignore'
[0.286s] Level 1:colcon.colcon_core.package_identification:_identify(test_demo) by extension 'ignore_ament_install'
[0.286s] Level 1:colcon.colcon_core.package_identification:_identify(test_demo) by extensions ['colcon_pkg']
[0.286s] Level 1:colcon.colcon_core.package_identification:_identify(test_demo) by extension 'colcon_pkg'
[0.286s] Level 1:colcon.colcon_core.package_identification:_identify(test_demo) by extensions ['colcon_meta']
[0.286s] Level 1:colcon.colcon_core.package_identification:_identify(test_demo) by extension 'colcon_meta'
[0.286s] Level 1:colcon.colcon_core.package_identification:_identify(test_demo) by extensions ['ros']
[0.286s] Level 1:colcon.colcon_core.package_identification:_identify(test_demo) by extension 'ros'
[0.286s] Level 1:colcon.colcon_core.package_identification:_identify(test_demo) by extensions ['cmake', 'python']
[0.286s] Level 1:colcon.colcon_core.package_identification:_identify(test_demo) by extension 'cmake'
[0.286s] Level 1:colcon.colcon_core.package_identification:_identify(test_demo) by extension 'python'
[0.286s] Level 1:colcon.colcon_core.package_identification:_identify(test_demo) by extensions ['python_setup_py']
[0.286s] Level 1:colcon.colcon_core.package_identification:_identify(test_demo) by extension 'python_setup_py'
[0.286s] Level 1:colcon.colcon_core.package_identification:_identify(test_demo/__pycache__) by extensions ['ignore', 'ignore_ament_install']
[0.286s] Level 1:colcon.colcon_core.package_identification:_identify(test_demo/__pycache__) by extension 'ignore'
[0.286s] Level 1:colcon.colcon_core.package_identification:_identify(test_demo/__pycache__) by extension 'ignore_ament_install'
[0.286s] Level 1:colcon.colcon_core.package_identification:_identify(test_demo/__pycache__) by extensions ['colcon_pkg']
[0.286s] Level 1:colcon.colcon_core.package_identification:_identify(test_demo/__pycache__) by extension 'colcon_pkg'
[0.286s] Level 1:colcon.colcon_core.package_identification:_identify(test_demo/__pycache__) by extensions ['colcon_meta']
[0.286s] Level 1:colcon.colcon_core.package_identification:_identify(test_demo/__pycache__) by extension 'colcon_meta'
[0.286s] Level 1:colcon.colcon_core.package_identification:_identify(test_demo/__pycache__) by extensions ['ros']
[0.286s] Level 1:colcon.colcon_core.package_identification:_identify(test_demo/__pycache__) by extension 'ros'
[0.286s] Level 1:colcon.colcon_core.package_identification:_identify(test_demo/__pycache__) by extensions ['cmake', 'python']
[0.286s] Level 1:colcon.colcon_core.package_identification:_identify(test_demo/__pycache__) by extension 'cmake'
[0.286s] Level 1:colcon.colcon_core.package_identification:_identify(test_demo/__pycache__) by extension 'python'
[0.286s] Level 1:colcon.colcon_core.package_identification:_identify(test_demo/__pycache__) by extensions ['python_setup_py']
[0.286s] Level 1:colcon.colcon_core.package_identification:_identify(test_demo/__pycache__) by extension 'python_setup_py'
[0.286s] Level 1:colcon.colcon_core.package_identification:_identify(utils) by extensions ['ignore', 'ignore_ament_install']
[0.286s] Level 1:colcon.colcon_core.package_identification:_identify(utils) by extension 'ignore'
[0.287s] Level 1:colcon.colcon_core.package_identification:_identify(utils) by extension 'ignore_ament_install'
[0.287s] Level 1:colcon.colcon_core.package_identification:_identify(utils) by extensions ['colcon_pkg']
[0.287s] Level 1:colcon.colcon_core.package_identification:_identify(utils) by extension 'colcon_pkg'
[0.287s] Level 1:colcon.colcon_core.package_identification:_identify(utils) by extensions ['colcon_meta']
[0.287s] Level 1:colcon.colcon_core.package_identification:_identify(utils) by extension 'colcon_meta'
[0.287s] Level 1:colcon.colcon_core.package_identification:_identify(utils) by extensions ['ros']
[0.287s] Level 1:colcon.colcon_core.package_identification:_identify(utils) by extension 'ros'
[0.287s] Level 1:colcon.colcon_core.package_identification:_identify(utils) by extensions ['cmake', 'python']
[0.287s] Level 1:colcon.colcon_core.package_identification:_identify(utils) by extension 'cmake'
[0.287s] Level 1:colcon.colcon_core.package_identification:_identify(utils) by extension 'python'
[0.287s] Level 1:colcon.colcon_core.package_identification:_identify(utils) by extensions ['python_setup_py']
[0.287s] Level 1:colcon.colcon_core.package_identification:_identify(utils) by extension 'python_setup_py'
[0.287s] Level 1:colcon.colcon_core.package_identification:_identify(utils/__pycache__) by extensions ['ignore', 'ignore_ament_install']
[0.287s] Level 1:colcon.colcon_core.package_identification:_identify(utils/__pycache__) by extension 'ignore'
[0.287s] Level 1:colcon.colcon_core.package_identification:_identify(utils/__pycache__) by extension 'ignore_ament_install'
[0.287s] Level 1:colcon.colcon_core.package_identification:_identify(utils/__pycache__) by extensions ['colcon_pkg']
[0.287s] Level 1:colcon.colcon_core.package_identification:_identify(utils/__pycache__) by extension 'colcon_pkg'
[0.287s] Level 1:colcon.colcon_core.package_identification:_identify(utils/__pycache__) by extensions ['colcon_meta']
[0.287s] Level 1:colcon.colcon_core.package_identification:_identify(utils/__pycache__) by extension 'colcon_meta'
[0.287s] Level 1:colcon.colcon_core.package_identification:_identify(utils/__pycache__) by extensions ['ros']
[0.287s] Level 1:colcon.colcon_core.package_identification:_identify(utils/__pycache__) by extension 'ros'
[0.287s] Level 1:colcon.colcon_core.package_identification:_identify(utils/__pycache__) by extensions ['cmake', 'python']
[0.287s] Level 1:colcon.colcon_core.package_identification:_identify(utils/__pycache__) by extension 'cmake'
[0.287s] Level 1:colcon.colcon_core.package_identification:_identify(utils/__pycache__) by extension 'python'
[0.287s] Level 1:colcon.colcon_core.package_identification:_identify(utils/__pycache__) by extensions ['python_setup_py']
[0.287s] Level 1:colcon.colcon_core.package_identification:_identify(utils/__pycache__) by extension 'python_setup_py'
[0.287s] Level 1:colcon.colcon_core.package_discovery:discover_packages(recursive) using defaults
[0.287s] Level 1:colcon.colcon_core.package_discovery:discover_packages(ignore) discover
[0.287s] Level 1:colcon.colcon_core.package_discovery:discover_packages(ignore) using defaults
[0.287s] Level 1:colcon.colcon_core.package_discovery:discover_packages(path) discover
[0.287s] Level 1:colcon.colcon_core.package_discovery:discover_packages(path) using defaults
[0.304s] Level 5:colcon.colcon_core.verb:set package 'basic' build argument 'cmake_args' from command line to 'None'
[0.304s] Level 5:colcon.colcon_core.verb:set package 'basic' build argument 'cmake_target' from command line to 'None'
[0.304s] Level 5:colcon.colcon_core.verb:set package 'basic' build argument 'cmake_target_skip_unavailable' from command line to 'False'
[0.304s] Level 5:colcon.colcon_core.verb:set package 'basic' build argument 'cmake_clean_cache' from command line to 'False'
[0.304s] Level 5:colcon.colcon_core.verb:set package 'basic' build argument 'cmake_clean_first' from command line to 'False'
[0.304s] Level 5:colcon.colcon_core.verb:set package 'basic' build argument 'cmake_force_configure' from command line to 'False'
[0.304s] Level 5:colcon.colcon_core.verb:set package 'basic' build argument 'ament_cmake_args' from command line to 'None'
[0.304s] Level 5:colcon.colcon_core.verb:set package 'basic' build argument 'catkin_cmake_args' from command line to 'None'
[0.304s] Level 5:colcon.colcon_core.verb:set package 'basic' build argument 'catkin_skip_building_tests' from command line to 'False'
[0.304s] DEBUG:colcon.colcon_core.verb:Building package 'basic' with the following arguments: {'ament_cmake_args': None, 'build_base': '/home/slam/r2_ws/build/basic', 'catkin_cmake_args': None, 'catkin_skip_building_tests': False, 'cmake_args': None, 'cmake_clean_cache': False, 'cmake_clean_first': False, 'cmake_force_configure': False, 'cmake_target': None, 'cmake_target_skip_unavailable': False, 'install_base': '/home/slam/r2_ws/install/basic', 'merge_install': False, 'path': '/home/slam/r2_ws/lidar_ws/src/Super-LIO/src/basic', 'symlink_install': False, 'test_result_base': None}
[0.305s] Level 5:colcon.colcon_core.verb:set package 'livox_ros_driver2' build argument 'cmake_args' from command line to 'None'
[0.305s] Level 5:colcon.colcon_core.verb:set package 'livox_ros_driver2' build argument 'cmake_target' from command line to 'None'
[0.305s] Level 5:colcon.colcon_core.verb:set package 'livox_ros_driver2' build argument 'cmake_target_skip_unavailable' from command line to 'False'
[0.305s] Level 5:colcon.colcon_core.verb:set package 'livox_ros_driver2' build argument 'cmake_clean_cache' from command line to 'False'
[0.305s] Level 5:colcon.colcon_core.verb:set package 'livox_ros_driver2' build argument 'cmake_clean_first' from command line to 'False'
[0.305s] Level 5:colcon.colcon_core.verb:set package 'livox_ros_driver2' build argument 'cmake_force_configure' from command line to 'False'
[0.305s] Level 5:colcon.colcon_core.verb:set package 'livox_ros_driver2' build argument 'ament_cmake_args' from command line to 'None'
[0.305s] Level 5:colcon.colcon_core.verb:set package 'livox_ros_driver2' build argument 'catkin_cmake_args' from command line to 'None'
[0.305s] Level 5:colcon.colcon_core.verb:set package 'livox_ros_driver2' build argument 'catkin_skip_building_tests' from command line to 'False'
[0.305s] DEBUG:colcon.colcon_core.verb:Building package 'livox_ros_driver2' with the following arguments: {'ament_cmake_args': None, 'build_base': '/home/slam/r2_ws/build/livox_ros_driver2', 'catkin_cmake_args': None, 'catkin_skip_building_tests': False, 'cmake_args': None, 'cmake_clean_cache': False, 'cmake_clean_first': False, 'cmake_force_configure': False, 'cmake_target': None, 'cmake_target_skip_unavailable': False, 'install_base': '/home/slam/r2_ws/install/livox_ros_driver2', 'merge_install': False, 'path': '/home/slam/r2_ws/lidar_ws/src/livox_ros_driver2', 'symlink_install': False, 'test_result_base': None}
[0.305s] Level 5:colcon.colcon_core.verb:set package 'livox_sdk2' build argument 'cmake_args' from command line to 'None'
[0.305s] Level 5:colcon.colcon_core.verb:set package 'livox_sdk2' build argument 'cmake_target' from command line to 'None'
[0.305s] Level 5:colcon.colcon_core.verb:set package 'livox_sdk2' build argument 'cmake_target_skip_unavailable' from command line to 'False'
[0.305s] Level 5:colcon.colcon_core.verb:set package 'livox_sdk2' build argument 'cmake_clean_cache' from command line to 'False'
[0.305s] Level 5:colcon.colcon_core.verb:set package 'livox_sdk2' build argument 'cmake_clean_first' from command line to 'False'
[0.305s] Level 5:colcon.colcon_core.verb:set package 'livox_sdk2' build argument 'cmake_force_configure' from command line to 'False'
[0.305s] Level 5:colcon.colcon_core.verb:set package 'livox_sdk2' build argument 'ament_cmake_args' from command line to 'None'
[0.305s] Level 5:colcon.colcon_core.verb:set package 'livox_sdk2' build argument 'catkin_cmake_args' from command line to 'None'
[0.305s] Level 5:colcon.colcon_core.verb:set package 'livox_sdk2' build argument 'catkin_skip_building_tests' from command line to 'False'
[0.305s] DEBUG:colcon.colcon_core.verb:Building package 'livox_sdk2' with the following arguments: {'ament_cmake_args': None, 'build_base': '/home/slam/r2_ws/build/livox_sdk2', 'catkin_cmake_args': None, 'catkin_skip_building_tests': False, 'cmake_args': None, 'cmake_clean_cache': False, 'cmake_clean_first': False, 'cmake_force_configure': False, 'cmake_target': None, 'cmake_target_skip_unavailable': False, 'install_base': '/home/slam/r2_ws/install/livox_sdk2', 'merge_install': False, 'path': '/home/slam/r2_ws/lidar_ws/Livox-SDK2', 'symlink_install': False, 'test_result_base': None}
[0.305s] Level 5:colcon.colcon_core.verb:set package 'odin_ros_driver' build argument 'cmake_args' from command line to 'None'
[0.305s] Level 5:colcon.colcon_core.verb:set package 'odin_ros_driver' build argument 'cmake_target' from command line to 'None'
[0.305s] Level 5:colcon.colcon_core.verb:set package 'odin_ros_driver' build argument 'cmake_target_skip_unavailable' from command line to 'False'
[0.305s] Level 5:colcon.colcon_core.verb:set package 'odin_ros_driver' build argument 'cmake_clean_cache' from command line to 'False'
[0.305s] Level 5:colcon.colcon_core.verb:set package 'odin_ros_driver' build argument 'cmake_clean_first' from command line to 'False'
[0.305s] Level 5:colcon.colcon_core.verb:set package 'odin_ros_driver' build argument 'cmake_force_configure' from command line to 'False'
[0.305s] Level 5:colcon.colcon_core.verb:set package 'odin_ros_driver' build argument 'ament_cmake_args' from command line to 'None'
[0.305s] Level 5:colcon.colcon_core.verb:set package 'odin_ros_driver' build argument 'catkin_cmake_args' from command line to 'None'
[0.305s] Level 5:colcon.colcon_core.verb:set package 'odin_ros_driver' build argument 'catkin_skip_building_tests' from command line to 'False'
[0.305s] DEBUG:colcon.colcon_core.verb:Building package 'odin_ros_driver' with the following arguments: {'ament_cmake_args': None, 'build_base': '/home/slam/r2_ws/build/odin_ros_driver', 'catkin_cmake_args': None, 'catkin_skip_building_tests': False, 'cmake_args': None, 'cmake_clean_cache': False, 'cmake_clean_first': False, 'cmake_force_configure': False, 'cmake_target': None, 'cmake_target_skip_unavailable': False, 'install_base': '/home/slam/r2_ws/install/odin_ros_driver', 'merge_install': False, 'path': '/home/slam/r2_ws/odin1_ws/src/odin_ros_driver', 'symlink_install': False, 'test_result_base': None}
[0.306s] Level 5:colcon.colcon_core.verb:set package 'super_lio' build argument 'cmake_args' from command line to 'None'
[0.306s] Level 5:colcon.colcon_core.verb:set package 'super_lio' build argument 'cmake_target' from command line to 'None'
[0.306s] Level 5:colcon.colcon_core.verb:set package 'super_lio' build argument 'cmake_target_skip_unavailable' from command line to 'False'
[0.306s] Level 5:colcon.colcon_core.verb:set package 'super_lio' build argument 'cmake_clean_cache' from command line to 'False'
[0.306s] Level 5:colcon.colcon_core.verb:set package 'super_lio' build argument 'cmake_clean_first' from command line to 'False'
[0.306s] Level 5:colcon.colcon_core.verb:set package 'super_lio' build argument 'cmake_force_configure' from command line to 'False'
[0.306s] Level 5:colcon.colcon_core.verb:set package 'super_lio' build argument 'ament_cmake_args' from command line to 'None'
[0.306s] Level 5:colcon.colcon_core.verb:set package 'super_lio' build argument 'catkin_cmake_args' from command line to 'None'
[0.306s] Level 5:colcon.colcon_core.verb:set package 'super_lio' build argument 'catkin_skip_building_tests' from command line to 'False'
[0.306s] DEBUG:colcon.colcon_core.verb:Building package 'super_lio' with the following arguments: {'ament_cmake_args': None, 'build_base': '/home/slam/r2_ws/build/super_lio', 'catkin_cmake_args': None, 'catkin_skip_building_tests': False, 'cmake_args': None, 'cmake_clean_cache': False, 'cmake_clean_first': False, 'cmake_force_configure': False, 'cmake_target': None, 'cmake_target_skip_unavailable': False, 'install_base': '/home/slam/r2_ws/install/super_lio', 'merge_install': False, 'path': '/home/slam/r2_ws/lidar_ws/src/Super-LIO/src/super_lio', 'symlink_install': False, 'test_result_base': None}
[0.306s] INFO:colcon.colcon_core.executor:Executing jobs using 'parallel' executor
[0.306s] DEBUG:colcon.colcon_parallel_executor.executor.parallel:run_until_complete
[0.307s] INFO:colcon.colcon_ros.task.ament_cmake.build:Building ROS package in '/home/slam/r2_ws/lidar_ws/src/Super-LIO/src/basic' with build type 'ament_cmake'
[0.307s] INFO:colcon.colcon_cmake.task.cmake.build:Building CMake package in '/home/slam/r2_ws/lidar_ws/src/Super-LIO/src/basic'
[0.309s] INFO:colcon.colcon_core.plugin_system:Skipping extension 'colcon_core.shell.bat': Not used on non-Windows systems
[0.309s] INFO:colcon.colcon_core.shell:Skip shell extension 'powershell' for command environment: Not usable outside of PowerShell
[0.309s] DEBUG:colcon.colcon_core.shell:Skip shell extension 'dsv' for command environment
[0.312s] INFO:colcon.colcon_ros.task.ament_cmake.build:Building ROS package in '/home/slam/r2_ws/lidar_ws/src/livox_ros_driver2' with build type 'ament_cmake'
[0.312s] INFO:colcon.colcon_cmake.task.cmake.build:Building CMake package in '/home/slam/r2_ws/lidar_ws/src/livox_ros_driver2'
[0.312s] INFO:colcon.colcon_core.shell:Skip shell extension 'powershell' for command environment: Not usable outside of PowerShell
[0.312s] DEBUG:colcon.colcon_core.shell:Skip shell extension 'dsv' for command environment
[0.314s] INFO:colcon.colcon_cmake.task.cmake.build:Building CMake package in '/home/slam/r2_ws/lidar_ws/Livox-SDK2'
[0.314s] INFO:colcon.colcon_core.shell:Skip shell extension 'powershell' for command environment: Not usable outside of PowerShell
[0.314s] DEBUG:colcon.colcon_core.shell:Skip shell extension 'dsv' for command environment
[0.316s] INFO:colcon.colcon_ros.task.ament_cmake.build:Building ROS package in '/home/slam/r2_ws/odin1_ws/src/odin_ros_driver' with build type 'ament_cmake'
[0.316s] INFO:colcon.colcon_cmake.task.cmake.build:Building CMake package in '/home/slam/r2_ws/odin1_ws/src/odin_ros_driver'
[0.316s] INFO:colcon.colcon_core.shell:Skip shell extension 'powershell' for command environment: Not usable outside of PowerShell
[0.316s] DEBUG:colcon.colcon_core.shell:Skip shell extension 'dsv' for command environment
[0.322s] DEBUG:colcon.colcon_core.event_handler.log_command:Invoking command in '/home/slam/r2_ws/build/basic': CMAKE_PREFIX_PATH=/opt/ros/humble /usr/bin/cmake /home/slam/r2_ws/lidar_ws/src/Super-LIO/src/basic -DCMAKE_INSTALL_PREFIX=/home/slam/r2_ws/install/basic
[0.324s] DEBUG:colcon.colcon_core.event_handler.log_command:Invoking command in '/home/slam/r2_ws/build/livox_ros_driver2': CMAKE_PREFIX_PATH=/opt/ros/humble /usr/bin/cmake /home/slam/r2_ws/lidar_ws/src/livox_ros_driver2 -DCMAKE_INSTALL_PREFIX=/home/slam/r2_ws/install/livox_ros_driver2
[0.325s] DEBUG:colcon.colcon_core.event_handler.log_command:Invoking command in '/home/slam/r2_ws/build/livox_sdk2': /usr/bin/cmake /home/slam/r2_ws/lidar_ws/Livox-SDK2 -DCMAKE_INSTALL_PREFIX=/home/slam/r2_ws/install/livox_sdk2
[0.328s] DEBUG:colcon.colcon_core.event_handler.log_command:Invoking command in '/home/slam/r2_ws/build/odin_ros_driver': CMAKE_PREFIX_PATH=/opt/ros/humble /usr/bin/cmake /home/slam/r2_ws/odin1_ws/src/odin_ros_driver -DCMAKE_INSTALL_PREFIX=/home/slam/r2_ws/install/odin_ros_driver
[0.648s] DEBUG:colcon.colcon_core.event_handler.log_command:Invoked command in '/home/slam/r2_ws/build/livox_sdk2' returned '0': /usr/bin/cmake /home/slam/r2_ws/lidar_ws/Livox-SDK2 -DCMAKE_INSTALL_PREFIX=/home/slam/r2_ws/install/livox_sdk2
[0.649s] DEBUG:colcon.colcon_core.event_handler.log_command:Invoking command in '/home/slam/r2_ws/build/livox_sdk2': /usr/bin/cmake --build /home/slam/r2_ws/build/livox_sdk2 -- -j10 -l10
[5.181s] DEBUG:colcon.colcon_core.event_handler.log_command:Invoked command in '/home/slam/r2_ws/build/basic' returned '0': CMAKE_PREFIX_PATH=/opt/ros/humble /usr/bin/cmake /home/slam/r2_ws/lidar_ws/src/Super-LIO/src/basic -DCMAKE_INSTALL_PREFIX=/home/slam/r2_ws/install/basic
[5.183s] DEBUG:colcon.colcon_core.event_handler.log_command:Invoking command in '/home/slam/r2_ws/build/basic': CMAKE_PREFIX_PATH=/opt/ros/humble /usr/bin/cmake --build /home/slam/r2_ws/build/basic -- -j10 -l10
[6.322s] DEBUG:colcon.colcon_core.event_handler.log_command:Invoked command in '/home/slam/r2_ws/build/livox_ros_driver2' returned '1': CMAKE_PREFIX_PATH=/opt/ros/humble /usr/bin/cmake /home/slam/r2_ws/lidar_ws/src/livox_ros_driver2 -DCMAKE_INSTALL_PREFIX=/home/slam/r2_ws/install/livox_ros_driver2
[6.350s] Level 1:colcon.colcon_core.environment:create_environment_scripts_only(livox_ros_driver2)
[6.365s] Level 1:colcon.colcon_core.environment:checking '/home/slam/r2_ws/install/livox_ros_driver2' for CMake module files
[6.370s] Level 1:colcon.colcon_core.environment:checking '/home/slam/r2_ws/install/livox_ros_driver2' for CMake config files
[6.373s] Level 1:colcon.colcon_core.environment:checking '/home/slam/r2_ws/install/livox_ros_driver2/bin'
[6.374s] Level 1:colcon.colcon_core.environment:checking '/home/slam/r2_ws/install/livox_ros_driver2/lib/pkgconfig/livox_ros_driver2.pc'
[6.376s] Level 1:colcon.colcon_core.environment:checking '/home/slam/r2_ws/install/livox_ros_driver2/lib/python3.10/site-packages'
[6.379s] Level 1:colcon.colcon_core.environment:checking '/home/slam/r2_ws/install/livox_ros_driver2/bin'
[6.382s] INFO:colcon.colcon_core.shell:Creating package script '/home/slam/r2_ws/install/livox_ros_driver2/share/livox_ros_driver2/package.ps1'
[6.391s] INFO:colcon.colcon_core.shell:Creating package descriptor '/home/slam/r2_ws/install/livox_ros_driver2/share/livox_ros_driver2/package.dsv'
[6.396s] INFO:colcon.colcon_core.shell:Creating package script '/home/slam/r2_ws/install/livox_ros_driver2/share/livox_ros_driver2/package.sh'
[6.399s] INFO:colcon.colcon_core.shell:Creating package script '/home/slam/r2_ws/install/livox_ros_driver2/share/livox_ros_driver2/package.bash'
[6.406s] INFO:colcon.colcon_core.shell:Creating package script '/home/slam/r2_ws/install/livox_ros_driver2/share/livox_ros_driver2/package.zsh'
[6.407s] Level 1:colcon.colcon_core.environment:create_file_with_runtime_dependencies(/home/slam/r2_ws/install/livox_ros_driver2/share/colcon-core/packages/livox_ros_driver2)
[17.293s] DEBUG:colcon.colcon_parallel_executor.executor.parallel:closing loop
[17.293s] DEBUG:colcon.colcon_parallel_executor.executor.parallel:loop closed
[17.293s] DEBUG:colcon.colcon_parallel_executor.executor.parallel:run_until_complete finished with '1'
[17.293s] DEBUG:colcon.colcon_core.event_reactor:joining thread
[17.314s] INFO:colcon.colcon_core.plugin_system:Skipping extension 'colcon_notification.desktop_notification.terminal_notifier': Not used on non-Darwin systems
[17.314s] INFO:colcon.colcon_core.plugin_system:Skipping extension 'colcon_notification.desktop_notification.win32': Not used on non-Windows systems
[17.314s] INFO:colcon.colcon_notification.desktop_notification:Sending desktop notification using 'notify2'
[17.338s] DEBUG:colcon.colcon_core.event_reactor:joined thread
[17.338s] INFO:colcon.colcon_core.shell:Creating prefix script '/home/slam/r2_ws/install/local_setup.ps1'
[17.340s] INFO:colcon.colcon_core.shell:Creating prefix util module '/home/slam/r2_ws/install/_local_setup_util_ps1.py'
[17.341s] INFO:colcon.colcon_core.shell:Creating prefix chain script '/home/slam/r2_ws/install/setup.ps1'
[17.342s] INFO:colcon.colcon_core.shell:Creating prefix script '/home/slam/r2_ws/install/local_setup.sh'
[17.343s] INFO:colcon.colcon_core.shell:Creating prefix util module '/home/slam/r2_ws/install/_local_setup_util_sh.py'
[17.343s] INFO:colcon.colcon_core.shell:Creating prefix chain script '/home/slam/r2_ws/install/setup.sh'
[17.344s] INFO:colcon.colcon_core.shell:Creating prefix script '/home/slam/r2_ws/install/local_setup.bash'
[17.344s] INFO:colcon.colcon_core.shell:Creating prefix chain script '/home/slam/r2_ws/install/setup.bash'
[17.345s] INFO:colcon.colcon_core.shell:Creating prefix script '/home/slam/r2_ws/install/local_setup.zsh'
[17.346s] INFO:colcon.colcon_core.shell:Creating prefix chain script '/home/slam/r2_ws/install/setup.zsh'
