[100%] Built target basic
-- Install configuration: "Release"
-- Up-to-date: /home/slam/r2_ws/lidar_ws/install/basic/lib/libbasic.so
-- Up-to-date: /home/slam/r2_ws/lidar_ws/install/basic/include
-- Up-to-date: /home/slam/r2_ws/lidar_ws/install/basic/include/basic
-- Up-to-date: /home/slam/r2_ws/lidar_ws/install/basic/include/basic/Manifold.h
-- Up-to-date: /home/slam/r2_ws/lidar_ws/install/basic/include/basic/alias.h
-- Up-to-date: /home/slam/r2_ws/lidar_ws/install/basic/include/basic/math.h
-- Up-to-date: /home/slam/r2_ws/lidar_ws/install/basic/include/basic/ds.h
-- Up-to-date: /home/slam/r2_ws/lidar_ws/install/basic/include/basic/buffer
-- Up-to-date: /home/slam/r2_ws/lidar_ws/install/basic/include/basic/buffer/LatestOnlyBuffer.hpp
-- Up-to-date: /home/slam/r2_ws/lidar_ws/install/basic/include/basic/buffer/MultiSourceLatestBuffer.hpp
-- Up-to-date: /home/slam/r2_ws/lidar_ws/install/basic/include/basic/buffer/RingBuffer.hpp
-- Up-to-date: /home/slam/r2_ws/lidar_ws/install/basic/include/basic/logs.h
-- Up-to-date: /home/slam/r2_ws/lidar_ws/install/basic/share/basic/environment/library_path.sh
-- Up-to-date: /home/slam/r2_ws/lidar_ws/install/basic/share/basic/environment/library_path.dsv
-- Up-to-date: /home/slam/r2_ws/lidar_ws/install/basic/share/ament_index/resource_index/package_run_dependencies/basic
-- Up-to-date: /home/slam/r2_ws/lidar_ws/install/basic/share/ament_index/resource_index/parent_prefix_path/basic
-- Up-to-date: /home/slam/r2_ws/lidar_ws/install/basic/share/basic/environment/ament_prefix_path.sh
-- Up-to-date: /home/slam/r2_ws/lidar_ws/install/basic/share/basic/environment/ament_prefix_path.dsv
-- Up-to-date: /home/slam/r2_ws/lidar_ws/install/basic/share/basic/environment/path.sh
-- Up-to-date: /home/slam/r2_ws/lidar_ws/install/basic/share/basic/environment/path.dsv
-- Up-to-date: /home/slam/r2_ws/lidar_ws/install/basic/share/basic/local_setup.bash
-- Up-to-date: /home/slam/r2_ws/lidar_ws/install/basic/share/basic/local_setup.sh
-- Up-to-date: /home/slam/r2_ws/lidar_ws/install/basic/share/basic/local_setup.zsh
-- Up-to-date: /home/slam/r2_ws/lidar_ws/install/basic/share/basic/local_setup.dsv
-- Installing: /home/slam/r2_ws/lidar_ws/install/basic/share/basic/package.dsv
-- Up-to-date: /home/slam/r2_ws/lidar_ws/install/basic/share/ament_index/resource_index/packages/basic
-- Up-to-date: /home/slam/r2_ws/lidar_ws/install/basic/share/basic/cmake/export_basicExport.cmake
-- Up-to-date: /home/slam/r2_ws/lidar_ws/install/basic/share/basic/cmake/export_basicExport-release.cmake
-- Up-to-date: /home/slam/r2_ws/lidar_ws/install/basic/share/basic/cmake/ament_cmake_export_targets-extras.cmake
-- Up-to-date: /home/slam/r2_ws/lidar_ws/install/basic/share/basic/cmake/ament_cmake_export_dependencies-extras.cmake
-- Up-to-date: /home/slam/r2_ws/lidar_ws/install/basic/share/basic/cmake/ament_cmake_export_include_directories-extras.cmake
-- Up-to-date: /home/slam/r2_ws/lidar_ws/install/basic/share/basic/cmake/ament_cmake_export_libraries-extras.cmake
-- Up-to-date: /home/slam/r2_ws/lidar_ws/install/basic/share/basic/cmake/basicConfig.cmake
-- Up-to-date: /home/slam/r2_ws/lidar_ws/install/basic/share/basic/cmake/basicConfig-version.cmake
-- Up-to-date: /home/slam/r2_ws/lidar_ws/install/basic/share/basic/package.xml
