[0.015s] Invoking command in '/home/slam/r2_ws/lidar_ws/build/livox_sdk2': /usr/bin/cmake --build /home/slam/r2_ws/lidar_ws/build/livox_sdk2 -- -j10 -l10
[0.116s] [ 40%] Built target livox_lidar_sdk_shared
[0.121s] [ 81%] Built target livox_lidar_sdk_static
[0.144s] [ 83%] Built target livox_lidar_ip_set
[0.154s] [ 85%] Built target livox_lidar_quick_start
[0.156s] [ 87%] Built target debug_point_cloud
[0.156s] [ 92%] Built target livox_lidar_info_get
[0.156s] [ 92%] Built target logger
[0.160s] [ 94%] Built target lidar_cmd_observer
[0.160s] [ 96%] Built target multi_lidars_upgrade
[0.163s] [100%] Built target livox_lidar_rmc_time_sync
[0.196s] Invoked command in '/home/slam/r2_ws/lidar_ws/build/livox_sdk2' returned '0': /usr/bin/cmake --build /home/slam/r2_ws/lidar_ws/build/livox_sdk2 -- -j10 -l10
[0.197s] Invoking command in '/home/slam/r2_ws/lidar_ws/build/livox_sdk2': /usr/bin/cmake --install /home/slam/r2_ws/lidar_ws/build/livox_sdk2
[0.202s] -- Install configuration: ""
[0.203s] -- Up-to-date: /home/slam/r2_ws/lidar_ws/install/livox_sdk2/lib/liblivox_lidar_sdk_static.a
[0.203s] -- Up-to-date: /home/slam/r2_ws/lidar_ws/install/livox_sdk2/include/livox_lidar_def.h
[0.203s] -- Up-to-date: /home/slam/r2_ws/lidar_ws/install/livox_sdk2/include/livox_lidar_api.h
[0.203s] -- Up-to-date: /home/slam/r2_ws/lidar_ws/install/livox_sdk2/include/livox_lidar_cfg.h
[0.203s] -- Up-to-date: /home/slam/r2_ws/lidar_ws/install/livox_sdk2/lib/liblivox_lidar_sdk_shared.so
[0.206s] Invoked command in '/home/slam/r2_ws/lidar_ws/build/livox_sdk2' returned '0': /usr/bin/cmake --install /home/slam/r2_ws/lidar_ws/build/livox_sdk2
