[0.011s] Invoking command in '/home/slam/r2_ws/build/odin_ros_driver': CMAKE_PREFIX_PATH=/opt/ros/humble /usr/bin/cmake /home/slam/r2_ws/odin1_ws/src/odin_ros_driver -DCMAKE_INSTALL_PREFIX=/home/slam/r2_ws/install/odin_ros_driver
[0.119s] -- The C compiler identification is GNU 11.4.0
[0.161s] -- The CXX compiler identification is GNU 11.4.0
[0.168s] -- Detecting C compiler ABI info
[0.219s] -- Detecting C compiler ABI info - done
[0.225s] -- Check for working C compiler: /usr/bin/cc - skipped
[0.225s] -- Detecting C compile features
[0.226s] -- Detecting C compile features - done
[0.228s] -- Detecting CXX compiler ABI info
[0.295s] -- Detecting CXX compiler ABI info - done
[0.301s] -- Check for working CXX compiler: /usr/bin/c++ - skipped
[0.301s] -- Detecting CXX compile features
[0.302s] -- Detecting CXX compile features - done
[0.302s] -- Defining ROS2
[0.302s] -- Build system: ROS2
[0.304s] -- Detected x86_64 architecture
[0.304s] -- Library directory: /home/slam/r2_ws/odin1_ws/src/odin_ros_driver/lib
[0.304s] -- Found lydHostApi library: /home/slam/r2_ws/odin1_ws/src/odin_ros_driver/lib/liblydHostApi_amd.a
[0.304s] -- Backtrace symbols enabled (-g, frame pointers, -rdynamic)
[0.308s] -- Found PkgConfig: /usr/bin/pkg-config (found version "0.29.2") 
[0.318s] -- Found OpenCV: /usr (found version "4.5.4") 
[0.336s] -- Checking for module 'eigen3'
[0.347s] --   Found eigen3, version 3.4.0
[0.379s] -- Found Eigen: /usr/include/eigen3 (Required is at least version "3.1") 
[0.379s] -- Eigen found (include: /usr/include/eigen3, version: 3.4.0)
[0.433s] -- Found Boost: /usr/lib/x86_64-linux-gnu/cmake/Boost-1.74.0/BoostConfig.cmake (found suitable version "1.74.0", minimum required is "1.65.0") found components: system filesystem date_time iostreams serialization 
[0.468s] -- Checking for module 'flann'
[0.494s] --   Found flann, version 1.9.1
[0.548s] -- Found FLANN: /usr/lib/x86_64-linux-gnu/libflann_cpp.so  
[0.548s] -- FLANN found (include: /usr/include, lib: /usr/lib/x86_64-linux-gnu/libflann_cpp.so)
[0.610s] -- Looking for pthread.h
[0.739s] -- Looking for pthread.h - found
[0.739s] -- Performing Test CMAKE_HAVE_LIBC_PTHREAD
[0.881s] -- Performing Test CMAKE_HAVE_LIBC_PTHREAD - Success
[0.882s] -- Found Threads: TRUE  
[0.889s] -- Found GLEW: /usr/lib/x86_64-linux-gnu/libGLEW.so  
[0.906s] -- Found OpenGL: /usr/lib/x86_64-linux-gnu/libOpenGL.so  found components: OpenGL GLX 
[1.212s] -- Found MPI_C: /usr/lib/x86_64-linux-gnu/libmpi.so (found version "3.1") 
[1.212s] -- Found MPI: TRUE (found version "3.1") found components: C 
[1.224s] -- Found JsonCpp: /usr/lib/x86_64-linux-gnu/libjsoncpp.so (found suitable version "1.9.5", minimum required is "0.7.0") 
[1.242s] -- Found ZLIB: /usr/lib/x86_64-linux-gnu/libz.so (found version "1.2.11") 
[1.275s] -- Found PNG: /usr/lib/x86_64-linux-gnu/libpng.so (found version "1.6.37") 
[1.313s] -- Found Eigen3: /usr/include/eigen3 (found version "3.4.0") 
[1.478s] -- Found X11: /usr/include   
[1.487s] -- Looking for XOpenDisplay in /usr/lib/x86_64-linux-gnu/libX11.so;/usr/lib/x86_64-linux-gnu/libXext.so
[1.627s] -- Looking for XOpenDisplay in /usr/lib/x86_64-linux-gnu/libX11.so;/usr/lib/x86_64-linux-gnu/libXext.so - found
[1.628s] -- Looking for gethostbyname
[1.753s] -- Looking for gethostbyname - found
[1.753s] -- Looking for connect
[1.876s] -- Looking for connect - found
[1.876s] -- Looking for remove
[1.996s] -- Looking for remove - found
[1.996s] -- Looking for shmat
[2.123s] -- Looking for shmat - found
[2.123s] -- Looking for IceConnectionNumber in ICE
[2.259s] -- Looking for IceConnectionNumber in ICE - found
[2.401s] -- Found EXPAT: /usr/lib/x86_64-linux-gnu/libexpat.so (found version "2.4.7") 
[2.408s] -- Found double-conversion: /usr/lib/x86_64-linux-gnu/libdouble-conversion.so  
[2.410s] -- Found LZ4: /usr/lib/x86_64-linux-gnu/liblz4.so (found version "1.9.3") 
[2.416s] -- Found LZMA: /usr/lib/x86_64-linux-gnu/liblzma.so (found version "5.2.5") 
[2.470s] -- Found JPEG: /usr/lib/x86_64-linux-gnu/libjpeg.so (found version "80") 
[2.487s] -- Found TIFF: /usr/lib/x86_64-linux-gnu/libtiff.so (found version "4.3.0")  
[2.491s] -- Found Freetype: /usr/lib/x86_64-linux-gnu/libfreetype.so (found version "2.11.1") 
[2.508s] -- Found utf8cpp: /usr/include/utf8cpp  
[2.647s] -- Checking for module 'libusb-1.0'
[2.676s] --   Found libusb-1.0, version 1.0.25
[2.743s] -- Found libusb: /usr/lib/x86_64-linux-gnu/libusb-1.0.so  
[2.745s] -- Found OpenNI: /usr/lib/libOpenNI.so;libusb::libusb (found version "1.5.4.0") 
[2.747s] -- OpenNI found (version: 1.5.4.0, include: /usr/include/ni, lib: /usr/lib/libOpenNI.so;libusb::libusb)
[2.869s] -- Found OpenNI2: /usr/lib/x86_64-linux-gnu/libOpenNI2.so;libusb::libusb (found version "2.2.0.33") 
[2.873s] -- OpenNI2 found (version: 2.2.0.33, include: /usr/include/openni2, lib: /usr/lib/x86_64-linux-gnu/libOpenNI2.so;libusb::libusb)
[2.875s] [0m** WARNING ** io features related to pcap will be disabled[0m
[3.167s] -- Eigen found (include: /usr/include/eigen3, version: 3.4.0)
[3.175s] -- OpenNI found (version: 1.5.4.0, include: /usr/include/ni, lib: /usr/lib/libOpenNI.so;libusb::libusb)
[3.189s] -- OpenNI2 found (version: 2.2.0.33, include: /usr/include/openni2, lib: /usr/lib/x86_64-linux-gnu/libOpenNI2.so;libusb::libusb)
[3.477s] -- Found Qhull version 8.0.2
[3.640s] -- OpenNI found (version: 1.5.4.0, include: /usr/include/ni, lib: /usr/lib/libOpenNI.so;libusb::libusb)
[3.786s] -- looking for PCL_COMMON
[3.786s] -- Found PCL_COMMON: /usr/lib/x86_64-linux-gnu/libpcl_common.so  
[3.786s] -- looking for PCL_KDTREE
[3.786s] -- Found PCL_KDTREE: /usr/lib/x86_64-linux-gnu/libpcl_kdtree.so  
[3.786s] -- looking for PCL_OCTREE
[3.787s] -- Found PCL_OCTREE: /usr/lib/x86_64-linux-gnu/libpcl_octree.so  
[3.787s] -- looking for PCL_SEARCH
[3.788s] -- Found PCL_SEARCH: /usr/lib/x86_64-linux-gnu/libpcl_search.so  
[3.788s] -- looking for PCL_SAMPLE_CONSENSUS
[3.789s] -- Found PCL_SAMPLE_CONSENSUS: /usr/lib/x86_64-linux-gnu/libpcl_sample_consensus.so  
[3.789s] -- looking for PCL_FILTERS
[3.790s] -- Found PCL_FILTERS: /usr/lib/x86_64-linux-gnu/libpcl_filters.so  
[3.791s] -- looking for PCL_2D
[3.791s] -- Found PCL_2D: /usr/include/pcl-1.12  
[3.792s] -- looking for PCL_GEOMETRY
[3.792s] -- Found PCL_GEOMETRY: /usr/include/pcl-1.12  
[3.793s] -- looking for PCL_IO
[3.794s] -- Found PCL_IO: /usr/lib/x86_64-linux-gnu/libpcl_io.so  
[3.794s] -- looking for PCL_FEATURES
[3.796s] -- Found PCL_FEATURES: /usr/lib/x86_64-linux-gnu/libpcl_features.so  
[3.796s] -- looking for PCL_ML
[3.797s] -- Found PCL_ML: /usr/lib/x86_64-linux-gnu/libpcl_ml.so  
[3.798s] -- looking for PCL_SEGMENTATION
[3.799s] -- Found PCL_SEGMENTATION: /usr/lib/x86_64-linux-gnu/libpcl_segmentation.so  
[3.799s] -- looking for PCL_VISUALIZATION
[3.801s] -- Found PCL_VISUALIZATION: /usr/lib/x86_64-linux-gnu/libpcl_visualization.so  
[3.801s] -- looking for PCL_SURFACE
[3.802s] -- Found PCL_SURFACE: /usr/lib/x86_64-linux-gnu/libpcl_surface.so  
[3.803s] -- looking for PCL_REGISTRATION
[3.804s] -- Found PCL_REGISTRATION: /usr/lib/x86_64-linux-gnu/libpcl_registration.so  
[3.804s] -- looking for PCL_KEYPOINTS
[3.805s] -- Found PCL_KEYPOINTS: /usr/lib/x86_64-linux-gnu/libpcl_keypoints.so  
[3.806s] -- looking for PCL_TRACKING
[3.807s] -- Found PCL_TRACKING: /usr/lib/x86_64-linux-gnu/libpcl_tracking.so  
[3.807s] -- looking for PCL_RECOGNITION
[3.809s] -- Found PCL_RECOGNITION: /usr/lib/x86_64-linux-gnu/libpcl_recognition.so  
[3.809s] -- looking for PCL_STEREO
[3.810s] -- Found PCL_STEREO: /usr/lib/x86_64-linux-gnu/libpcl_stereo.so  
[3.810s] -- looking for PCL_APPS
[3.811s] -- Found PCL_APPS: /usr/lib/x86_64-linux-gnu/libpcl_apps.so  
[3.812s] -- looking for PCL_IN_HAND_SCANNER
[3.813s] -- Found PCL_IN_HAND_SCANNER: /usr/include/pcl-1.12  
[3.814s] -- looking for PCL_MODELER
[3.814s] -- Found PCL_MODELER: /usr/include/pcl-1.12  
[3.815s] -- looking for PCL_POINT_CLOUD_EDITOR
[3.815s] -- Found PCL_POINT_CLOUD_EDITOR: /usr/include/pcl-1.12  
[3.816s] -- looking for PCL_OUTOFCORE
[3.817s] -- Found PCL_OUTOFCORE: /usr/lib/x86_64-linux-gnu/libpcl_outofcore.so  
[3.818s] -- looking for PCL_PEOPLE
[3.818s] -- Found PCL_PEOPLE: /usr/lib/x86_64-linux-gnu/libpcl_people.so  
[3.819s] -- Found PCL: pcl_common;pcl_kdtree;pcl_octree;pcl_search;pcl_sample_consensus;pcl_filters;pcl_io;pcl_features;pcl_ml;pcl_segmentation;pcl_visualization;pcl_surface;pcl_registration;pcl_keypoints;pcl_tracking;pcl_recognition;pcl_stereo;pcl_apps;pcl_outofcore;pcl_people;Boost::system;Boost::filesystem;Boost::date_time;Boost::iostreams;Boost::serialization;/usr/lib/libOpenNI.so;libusb::libusb;/usr/lib/x86_64-linux-gnu/libOpenNI2.so;libusb::libusb;VTK::ChartsCore;VTK::CommonColor;VTK::CommonComputationalGeometry;VTK::CommonCore;VTK::CommonDataModel;VTK::CommonExecutionModel;VTK::CommonMath;VTK::CommonMisc;VTK::CommonTransforms;VTK::FiltersCore;VTK::FiltersExtraction;VTK::FiltersGeneral;VTK::FiltersGeometry;VTK::FiltersModeling;VTK::FiltersSources;VTK::ImagingCore;VTK::ImagingSources;VTK::InteractionImage;VTK::InteractionStyle;VTK::InteractionWidgets;VTK::IOCore;VTK::IOGeometry;VTK::IOImage;VTK::IOLegacy;VTK::IOPLY;VTK::RenderingAnnotation;VTK::RenderingCore;VTK::RenderingContext2D;VTK::RenderingLOD;VTK::RenderingFreeType;VTK::ViewsCore;VTK::ViewsContext2D;VTK::RenderingOpenGL2;VTK::GUISupportQt;FLANN::FLANN;QHULL::QHULL  
[3.902s] -- Found OpenSSL: /usr/lib/x86_64-linux-gnu/libcrypto.so (found version "3.0.2")  
[3.902s] -- Checking for module 'libusb-1.0'
[3.915s] --   Found libusb-1.0, version 1.0.25
[3.956s] -- Configuring for ROS2 build
[3.957s] -- Found ament_cmake: 1.3.14 (/opt/ros/humble/share/ament_cmake/cmake)
[4.114s] -- Found Python3: /usr/bin/python3 (found version "3.10.12") found components: Interpreter 
[4.237s] -- Found rclcpp: 16.0.21 (/opt/ros/humble/share/rclcpp/cmake)
[4.298s] -- Found rosidl_generator_c: 3.1.9 (/opt/ros/humble/share/rosidl_generator_c/cmake)
[4.307s] -- Found rosidl_adapter: 3.1.9 (/opt/ros/humble/share/rosidl_adapter/cmake)
[4.320s] -- Found rosidl_generator_cpp: 3.1.9 (/opt/ros/humble/share/rosidl_generator_cpp/cmake)
[4.337s] -- Using all available rosidl_typesupport_c: rosidl_typesupport_fastrtps_c;rosidl_typesupport_introspection_c
[4.361s] -- Using all available rosidl_typesupport_cpp: rosidl_typesupport_fastrtps_cpp;rosidl_typesupport_introspection_cpp
[4.437s] -- Found rmw_implementation_cmake: 6.1.4 (/opt/ros/humble/share/rmw_implementation_cmake/cmake)
[4.438s] -- Found rmw_fastrtps_cpp: 6.2.10 (/opt/ros/humble/share/rmw_fastrtps_cpp/cmake)
[4.563s] -- Found FastRTPS: /opt/ros/humble/include  
[4.685s] -- Using RMW implementation 'rmw_fastrtps_cpp' as default
[4.792s] -- Found sensor_msgs: 4.9.2 (/opt/ros/humble/share/sensor_msgs/cmake)
[4.840s] -- Found nav_msgs: 4.9.2 (/opt/ros/humble/share/nav_msgs/cmake)
[4.887s] -- Found visualization_msgs: 4.9.2 (/opt/ros/humble/share/visualization_msgs/cmake)
[4.921s] -- Found cv_bridge: 3.2.1 (/opt/ros/humble/share/cv_bridge/cmake)
[4.930s] -- Found image_transport: 3.1.13 (/opt/ros/humble/share/image_transport/cmake)
[4.997s] -- Found pcl_conversions: 2.4.5 (/opt/ros/humble/share/pcl_conversions/cmake)
[5.037s] -- Found tf2: 0.25.23 (/opt/ros/humble/share/tf2/cmake)
[5.050s] -- Found tf2_ros: 0.25.23 (/opt/ros/humble/share/tf2_ros/cmake)
[5.226s] -- Found tf2_geometry_msgs: 0.25.23 (/opt/ros/humble/share/tf2_geometry_msgs/cmake)
[5.245s] -- Found eigen3_cmake_module: 0.1.1 (/opt/ros/humble/share/eigen3_cmake_module/cmake)
[5.248s] -- Found Eigen3: TRUE (found version "3.4.0") 
[5.248s] -- Ensuring Eigen3 include directory is part of orocos-kdl CMake target
[5.258s] -- Found rosidl_default_generators: 1.2.1 (/opt/ros/humble/share/rosidl_default_generators/cmake)
[6.067s] -- Found ament_cmake_ros: 0.10.1 (/opt/ros/humble/share/ament_cmake_ros/cmake)
[6.709s] -- Using all available rosidl_typesupport_c: rosidl_typesupport_fastrtps_c;rosidl_typesupport_introspection_c
[6.951s] -- Using all available rosidl_typesupport_cpp: rosidl_typesupport_fastrtps_cpp;rosidl_typesupport_introspection_cpp
[7.000s] -- Found PythonInterp: /usr/bin/python3 (found suitable version "3.10.12", minimum required is "3.6") 
[7.005s] -- Found python_cmake_module: 0.10.0 (/opt/ros/humble/share/python_cmake_module/cmake)
[7.072s] -- Found PythonLibs: /usr/lib/x86_64-linux-gnu/libpython3.10.so (found suitable version "3.10.12", minimum required is "3.5") 
[7.072s] -- Using PYTHON_EXECUTABLE: /usr/bin/python3
[7.073s] -- Using PYTHON_INCLUDE_DIRS: /usr/include/python3.10
[7.073s] -- Using PYTHON_LIBRARIES: /usr/lib/x86_64-linux-gnu/libpython3.10.so
[7.108s] -- Found PythonExtra: .so  
[7.344s] -- Installing launch_ROS2 directory to share/odin_ros_driver/launch
[7.355s] -- Install targets added
[7.356s] -- =======================================
[7.356s] -- Project: odin_ros_driver
[7.356s] -- ROS_VERSION: ROS2
[7.356s] -- Target platform: x86
[7.356s] -- lydHostApi library: /home/slam/r2_ws/odin1_ws/src/odin_ros_driver/lib/liblydHostApi_amd.a
[7.356s] -- libusb library: usb-1.0
[7.356s] -- =======================================
[7.356s] -- Configuring done
[7.659s] -- Generating done
[7.708s] -- Build files have been written to: /home/slam/r2_ws/build/odin_ros_driver
