[0.012s] Invoking command in '/home/slam/r2_ws/build/livox_ros_driver2': CMAKE_PREFIX_PATH=/opt/ros/humble /usr/bin/cmake /home/slam/r2_ws/lidar_ws/src/livox_ros_driver2 -DCMAKE_INSTALL_PREFIX=/home/slam/r2_ws/install/livox_ros_driver2
[0.122s] -- The C compiler identification is GNU 11.4.0
[0.169s] -- The CXX compiler identification is GNU 11.4.0
[0.174s] -- Detecting C compiler ABI info
[0.233s] -- Detecting C compiler ABI info - done
[0.239s] -- Check for working C compiler: /usr/bin/cc - skipped
[0.239s] -- Detecting C compile features
[0.240s] -- Detecting C compile features - done
[0.242s] -- Detecting CXX compiler ABI info
[0.303s] -- Detecting CXX compiler ABI info - done
[0.309s] -- Check for working CXX compiler: /usr/bin/c++ - skipped
[0.310s] -- Detecting CXX compile features
[0.310s] -- Detecting CXX compile features - done
[0.311s] -- livox_ros_driver2 version: 1.2.7
[0.312s] -- Found ament_cmake_auto: 1.3.14 (/opt/ros/humble/share/ament_cmake_auto/cmake)
[0.442s] -- Found Python3: /usr/bin/python3 (found version "3.10.12") found components: Interpreter 
[0.614s] -- Using all available rosidl_typesupport_c: rosidl_typesupport_fastrtps_c;rosidl_typesupport_introspection_c
[0.629s] -- Found rosidl_adapter: 3.1.9 (/opt/ros/humble/share/rosidl_adapter/cmake)
[0.710s] -- Using all available rosidl_typesupport_cpp: rosidl_typesupport_fastrtps_cpp;rosidl_typesupport_introspection_cpp
[0.881s] -- Found rmw_implementation_cmake: 6.1.4 (/opt/ros/humble/share/rmw_implementation_cmake/cmake)
[0.881s] -- Found rmw_fastrtps_cpp: 6.2.10 (/opt/ros/humble/share/rmw_fastrtps_cpp/cmake)
[1.065s] -- Found OpenSSL: /usr/lib/x86_64-linux-gnu/libcrypto.so (found version "3.0.2")  
[1.116s] -- Found FastRTPS: /opt/ros/humble/include  
[1.166s] -- Using RMW implementation 'rmw_fastrtps_cpp' as default
[1.183s] -- Looking for pthread.h
[1.274s] -- Looking for pthread.h - found
[1.277s] -- Performing Test CMAKE_HAVE_LIBC_PTHREAD
[1.429s] -- Performing Test CMAKE_HAVE_LIBC_PTHREAD - Success
[1.430s] -- Found Threads: TRUE  
[1.736s] -- Checking for module 'eigen3'
[1.757s] --   Found eigen3, version 3.4.0
[1.813s] -- Found Eigen: /usr/include/eigen3 (Required is at least version "3.1") 
[1.814s] -- Eigen found (include: /usr/include/eigen3, version: 3.4.0)
[1.876s] -- Checking for module 'flann'
[1.899s] --   Found flann, version 1.9.1
[1.973s] -- Found FLANN: /usr/lib/x86_64-linux-gnu/libflann_cpp.so  
[1.973s] -- FLANN found (include: /usr/include, lib: /usr/lib/x86_64-linux-gnu/libflann_cpp.so)
[3.396s] -- Checking for module 'libusb-1.0'
[3.403s] --   Found libusb-1.0, version 1.0.25
[3.427s] -- Found libusb: /usr/lib/x86_64-linux-gnu/libusb-1.0.so  
[3.428s] -- OpenNI found (version: 1.5.4.0, include: /usr/include/ni, lib: /usr/lib/libOpenNI.so;libusb::libusb)
[3.475s] -- OpenNI2 found (version: 2.2.0.33, include: /usr/include/openni2, lib: /usr/lib/x86_64-linux-gnu/libOpenNI2.so;libusb::libusb)
[3.620s] -- Eigen found (include: /usr/include/eigen3, version: 3.4.0)
[3.625s] -- OpenNI found (version: 1.5.4.0, include: /usr/include/ni, lib: /usr/lib/libOpenNI.so;libusb::libusb)
[3.633s] -- OpenNI2 found (version: 2.2.0.33, include: /usr/include/openni2, lib: /usr/lib/x86_64-linux-gnu/libOpenNI2.so;libusb::libusb)
[3.864s] -- Found Qhull version 8.0.2
[4.113s] -- OpenNI found (version: 1.5.4.0, include: /usr/include/ni, lib: /usr/lib/libOpenNI.so;libusb::libusb)
[4.260s] -- Found PCL_COMMON: /usr/lib/x86_64-linux-gnu/libpcl_common.so  
[4.261s] -- Found PCL_KDTREE: /usr/lib/x86_64-linux-gnu/libpcl_kdtree.so  
[4.262s] -- Found PCL_OCTREE: /usr/lib/x86_64-linux-gnu/libpcl_octree.so  
[4.264s] -- Found PCL_SEARCH: /usr/lib/x86_64-linux-gnu/libpcl_search.so  
[4.265s] -- Found PCL_SAMPLE_CONSENSUS: /usr/lib/x86_64-linux-gnu/libpcl_sample_consensus.so  
[4.266s] -- Found PCL_FILTERS: /usr/lib/x86_64-linux-gnu/libpcl_filters.so  
[4.267s] -- Found PCL_2D: /usr/include/pcl-1.12  
[4.268s] -- Found PCL_GEOMETRY: /usr/include/pcl-1.12  
[4.270s] -- Found PCL_IO: /usr/lib/x86_64-linux-gnu/libpcl_io.so  
[4.270s] -- Found PCL_FEATURES: /usr/lib/x86_64-linux-gnu/libpcl_features.so  
[4.272s] -- Found PCL_ML: /usr/lib/x86_64-linux-gnu/libpcl_ml.so  
[4.273s] -- Found PCL_SEGMENTATION: /usr/lib/x86_64-linux-gnu/libpcl_segmentation.so  
[4.274s] -- Found PCL_VISUALIZATION: /usr/lib/x86_64-linux-gnu/libpcl_visualization.so  
[4.276s] -- Found PCL_SURFACE: /usr/lib/x86_64-linux-gnu/libpcl_surface.so  
[4.276s] -- Found PCL_REGISTRATION: /usr/lib/x86_64-linux-gnu/libpcl_registration.so  
[4.277s] -- Found PCL_KEYPOINTS: /usr/lib/x86_64-linux-gnu/libpcl_keypoints.so  
[4.278s] -- Found PCL_TRACKING: /usr/lib/x86_64-linux-gnu/libpcl_tracking.so  
[4.280s] -- Found PCL_RECOGNITION: /usr/lib/x86_64-linux-gnu/libpcl_recognition.so  
[4.281s] -- Found PCL_STEREO: /usr/lib/x86_64-linux-gnu/libpcl_stereo.so  
[4.282s] -- Found PCL_APPS: /usr/lib/x86_64-linux-gnu/libpcl_apps.so  
[4.284s] -- Found PCL_IN_HAND_SCANNER: /usr/include/pcl-1.12  
[4.284s] -- Found PCL_MODELER: /usr/include/pcl-1.12  
[4.284s] -- Found PCL_POINT_CLOUD_EDITOR: /usr/include/pcl-1.12  
[4.286s] -- Found PCL_OUTOFCORE: /usr/lib/x86_64-linux-gnu/libpcl_outofcore.so  
[4.287s] -- Found PCL_PEOPLE: /usr/lib/x86_64-linux-gnu/libpcl_people.so  
[4.328s] -- Found PkgConfig: /usr/bin/pkg-config (found version "0.29.2") 
[4.328s] -- Checking for module 'apr-1'
[4.330s] --   No package 'apr-1' found
[4.565s] -- Found ament_cmake_ros: 0.10.1 (/opt/ros/humble/share/ament_cmake_ros/cmake)
[4.939s] -- Using all available rosidl_typesupport_c: rosidl_typesupport_fastrtps_c;rosidl_typesupport_introspection_c
[5.323s] -- Using all available rosidl_typesupport_cpp: rosidl_typesupport_fastrtps_cpp;rosidl_typesupport_introspection_cpp
[5.368s] -- Found PythonInterp: /usr/bin/python3 (found suitable version "3.10.12", minimum required is "3.6") 
[5.369s] -- Found python_cmake_module: 0.10.0 (/opt/ros/humble/share/python_cmake_module/cmake)
[5.423s] -- Found PythonLibs: /usr/lib/x86_64-linux-gnu/libpython3.10.so (found suitable version "3.10.12", minimum required is "3.5") 
[5.423s] -- Using PYTHON_EXECUTABLE: /usr/bin/python3
[5.423s] -- Using PYTHON_INCLUDE_DIRS: /usr/include/python3.10
[5.424s] -- Using PYTHON_LIBRARIES: /usr/lib/x86_64-linux-gnu/libpython3.10.so
[5.464s] -- Found PythonExtra: .so  
[5.679s] -- Found ament_lint_auto: 0.12.15 (/opt/ros/humble/share/ament_lint_auto/cmake)
[5.722s] -- Added test 'copyright' to check source files copyright and LICENSE
[5.731s] -- Added test 'cppcheck' to perform static code analysis on C / C++ code
[5.733s] -- Configured cppcheck include dirs: /home/slam/r2_ws/lidar_ws/src/livox_ros_driver2/3rdparty;/home/slam/r2_ws/lidar_ws/src/livox_ros_driver2/src
[5.733s] -- Configured cppcheck exclude dirs and/or files: 
[5.742s] -- Added test 'cpplint' to check C / C++ code against the Google style
[5.744s] -- Configured cpplint exclude dirs and/or files: 
[5.749s] -- Added test 'flake8' to check Python code syntax and style conventions
[5.750s] -- Added test 'lint_cmake' to check CMake code style
[5.756s] -- Added test 'pep257' to check Python code against some of the docstring style conventions in PEP 257
[5.764s] -- Added test 'uncrustify' to check C / C++ code style
[5.764s] -- Configured uncrustify additional arguments: 
[5.766s] -- Added test 'xmllint' to check XML markup files
[5.771s] -- Configuring done
[5.792s] [0mCMake Error: The following variables are used in this project, but they are set to NOTFOUND.
[5.792s] Please set them or make sure they are set and tested correctly in the CMake files:
[5.793s] /home/slam/r2_ws/lidar_ws/src/livox_ros_driver2/LIVOX_INTERFACES_INCLUDE_DIRECTORIES
[5.793s]    used as include directory in directory /home/slam/r2_ws/lidar_ws/src/livox_ros_driver2
[5.793s] [0m
[5.930s] -- Generating done
[5.933s] [0mCMake Generate step failed.  Build files cannot be regenerated correctly.[0m
[6.009s] Invoked command in '/home/slam/r2_ws/build/livox_ros_driver2' returned '1': CMAKE_PREFIX_PATH=/opt/ros/humble /usr/bin/cmake /home/slam/r2_ws/lidar_ws/src/livox_ros_driver2 -DCMAKE_INSTALL_PREFIX=/home/slam/r2_ws/install/livox_ros_driver2
