[0.012s] Invoking command in '/home/slam/r2_ws/lidar_ws/build/livox_sdk2': /usr/bin/cmake --build /home/slam/r2_ws/lidar_ws/build/livox_sdk2 -- -j10 -l10
[0.076s] [ 40%] Built target livox_lidar_sdk_shared
[0.083s] [ 81%] Built target livox_lidar_sdk_static
[0.102s] [ 83%] Built target multi_lidars_upgrade
[0.103s] [ 86%] Built target livox_lidar_rmc_time_sync
[0.105s] [ 89%] Built target livox_lidar_ip_set
[0.106s] [ 91%] Built target logger
[0.107s] [ 93%] Built target lidar_cmd_observer
[0.108s] [ 95%] Built target debug_point_cloud
[0.112s] [ 97%] Built target livox_lidar_quick_start
[0.115s] [100%] Built target livox_lidar_info_get
[0.125s] Invoked command in '/home/slam/r2_ws/lidar_ws/build/livox_sdk2' returned '0': /usr/bin/cmake --build /home/slam/r2_ws/lidar_ws/build/livox_sdk2 -- -j10 -l10
[0.127s] Invoking command in '/home/slam/r2_ws/lidar_ws/build/livox_sdk2': /usr/bin/cmake --install /home/slam/r2_ws/lidar_ws/build/livox_sdk2
[0.135s] -- Install configuration: ""
[0.136s] -- Up-to-date: /home/slam/r2_ws/lidar_ws/install/livox_sdk2/lib/liblivox_lidar_sdk_static.a
[0.136s] -- Up-to-date: /home/slam/r2_ws/lidar_ws/install/livox_sdk2/include/livox_lidar_def.h
[0.136s] -- Up-to-date: /home/slam/r2_ws/lidar_ws/install/livox_sdk2/include/livox_lidar_api.h
[0.136s] -- Up-to-date: /home/slam/r2_ws/lidar_ws/install/livox_sdk2/include/livox_lidar_cfg.h
[0.136s] -- Up-to-date: /home/slam/r2_ws/lidar_ws/install/livox_sdk2/lib/liblivox_lidar_sdk_shared.so
[0.139s] Invoked command in '/home/slam/r2_ws/lidar_ws/build/livox_sdk2' returned '0': /usr/bin/cmake --install /home/slam/r2_ws/lidar_ws/build/livox_sdk2
