[0.079s] DEBUG:colcon:Command line arguments: ['/home/slam/.local/bin/colcon', 'build', '--cmake-args', '-DROS_EDITION=ROS2', '-DDISTRO_ROS=humble']
[0.080s] DEBUG:colcon:Parsed command line arguments: Namespace(log_base=None, log_level=None, verb_name='build', build_base='build', install_base='install', merge_install=False, symlink_install=False, test_result_base=None, continue_on_error=False, executor='parallel', parallel_workers=10, event_handlers=None, ignore_user_meta=False, metas=['./colcon.meta'], base_paths=['.'], packages_ignore=None, packages_ignore_regex=None, paths=None, packages_up_to=None, packages_up_to_regex=None, packages_above=None, packages_above_and_dependencies=None, packages_above_depth=None, packages_select_by_dep=None, packages_skip_by_dep=None, packages_skip_up_to=None, packages_select_build_failed=False, packages_skip_build_finished=False, packages_select_test_failures=False, packages_skip_test_passed=False, packages_select=None, packages_skip=None, packages_select_regex=None, packages_skip_regex=None, packages_start=None, packages_end=None, cmake_args=['-DROS_EDITION=ROS2', '-DDISTRO_ROS=humble'], cmake_target=None, cmake_target_skip_unavailable=False, cmake_clean_cache=False, cmake_clean_first=False, cmake_force_configure=False, ament_cmake_args=None, catkin_cmake_args=None, catkin_skip_building_tests=False, verb_parser=<colcon_defaults.argument_parser.defaults.DefaultArgumentsDecorator object at 0x765578217490>, verb_extension=<colcon_core.verb.build.BuildVerb object at 0x765578216ef0>, main=<bound method BuildVerb.main of <colcon_core.verb.build.BuildVerb object at 0x765578216ef0>>)
[0.159s] Level 1:colcon.colcon_core.package_discovery:discover_packages(colcon_meta) check parameters
[0.159s] Level 1:colcon.colcon_core.package_discovery:discover_packages(recursive) check parameters
[0.159s] Level 1:colcon.colcon_core.package_discovery:discover_packages(ignore) check parameters
[0.159s] Level 1:colcon.colcon_core.package_discovery:discover_packages(path) check parameters
[0.159s] Level 1:colcon.colcon_core.package_discovery:discover_packages(colcon_meta) discover
[0.159s] Level 1:colcon.colcon_core.package_discovery:discover_packages(recursive) discover
[0.159s] INFO:colcon.colcon_core.package_discovery:Crawling recursively for packages in '/home/slam/r2_ws/lidar_ws'
[0.159s] Level 1:colcon.colcon_core.package_identification:_identify(.) by extensions ['ignore', 'ignore_ament_install']
[0.159s] Level 1:colcon.colcon_core.package_identification:_identify(.) by extension 'ignore'
[0.159s] Level 1:colcon.colcon_core.package_identification:_identify(.) by extension 'ignore_ament_install'
[0.159s] Level 1:colcon.colcon_core.package_identification:_identify(.) by extensions ['colcon_pkg']
[0.159s] Level 1:colcon.colcon_core.package_identification:_identify(.) by extension 'colcon_pkg'
[0.159s] Level 1:colcon.colcon_core.package_identification:_identify(.) by extensions ['colcon_meta']
[0.159s] Level 1:colcon.colcon_core.package_identification:_identify(.) by extension 'colcon_meta'
[0.159s] Level 1:colcon.colcon_core.package_identification:_identify(.) by extensions ['ros']
[0.159s] Level 1:colcon.colcon_core.package_identification:_identify(.) by extension 'ros'
[0.166s] Level 1:colcon.colcon_core.package_identification:_identify(.) by extensions ['cmake', 'python']
[0.166s] Level 1:colcon.colcon_core.package_identification:_identify(.) by extension 'cmake'
[0.166s] Level 1:colcon.colcon_core.package_identification:_identify(.) by extension 'python'
[0.166s] Level 1:colcon.colcon_core.package_identification:_identify(.) by extensions ['python_setup_py']
[0.166s] Level 1:colcon.colcon_core.package_identification:_identify(.) by extension 'python_setup_py'
[0.166s] Level 1:colcon.colcon_core.package_identification:_identify(Livox-SDK2) by extensions ['ignore', 'ignore_ament_install']
[0.166s] Level 1:colcon.colcon_core.package_identification:_identify(Livox-SDK2) by extension 'ignore'
[0.166s] Level 1:colcon.colcon_core.package_identification:_identify(Livox-SDK2) by extension 'ignore_ament_install'
[0.166s] Level 1:colcon.colcon_core.package_identification:_identify(Livox-SDK2) by extensions ['colcon_pkg']
[0.166s] Level 1:colcon.colcon_core.package_identification:_identify(Livox-SDK2) by extension 'colcon_pkg'
[0.166s] Level 1:colcon.colcon_core.package_identification:_identify(Livox-SDK2) by extensions ['colcon_meta']
[0.166s] Level 1:colcon.colcon_core.package_identification:_identify(Livox-SDK2) by extension 'colcon_meta'
[0.166s] Level 1:colcon.colcon_core.package_identification:_identify(Livox-SDK2) by extensions ['ros']
[0.166s] Level 1:colcon.colcon_core.package_identification:_identify(Livox-SDK2) by extension 'ros'
[0.166s] Level 1:colcon.colcon_core.package_identification:_identify(Livox-SDK2) by extensions ['cmake', 'python']
[0.166s] Level 1:colcon.colcon_core.package_identification:_identify(Livox-SDK2) by extension 'cmake'
[0.173s] Level 1:colcon.colcon_core.package_identification:_identify(Livox-SDK2) by extension 'python'
[0.173s] DEBUG:colcon.colcon_core.package_identification:Package 'Livox-SDK2' with type 'cmake' and name 'livox_sdk2'
[0.173s] Level 1:colcon.colcon_core.package_identification:_identify(build) by extensions ['ignore', 'ignore_ament_install']
[0.173s] Level 1:colcon.colcon_core.package_identification:_identify(build) by extension 'ignore'
[0.173s] Level 1:colcon.colcon_core.package_identification:_identify(build) ignored
[0.173s] Level 1:colcon.colcon_core.package_identification:_identify(install) by extensions ['ignore', 'ignore_ament_install']
[0.173s] Level 1:colcon.colcon_core.package_identification:_identify(install) by extension 'ignore'
[0.173s] Level 1:colcon.colcon_core.package_identification:_identify(install) ignored
[0.173s] Level 1:colcon.colcon_core.package_identification:_identify(log) by extensions ['ignore', 'ignore_ament_install']
[0.173s] Level 1:colcon.colcon_core.package_identification:_identify(log) by extension 'ignore'
[0.173s] Level 1:colcon.colcon_core.package_identification:_identify(log) ignored
[0.173s] Level 1:colcon.colcon_core.package_identification:_identify(src) by extensions ['ignore', 'ignore_ament_install']
[0.173s] Level 1:colcon.colcon_core.package_identification:_identify(src) by extension 'ignore'
[0.173s] Level 1:colcon.colcon_core.package_identification:_identify(src) by extension 'ignore_ament_install'
[0.173s] Level 1:colcon.colcon_core.package_identification:_identify(src) by extensions ['colcon_pkg']
[0.173s] Level 1:colcon.colcon_core.package_identification:_identify(src) by extension 'colcon_pkg'
[0.173s] Level 1:colcon.colcon_core.package_identification:_identify(src) by extensions ['colcon_meta']
[0.173s] Level 1:colcon.colcon_core.package_identification:_identify(src) by extension 'colcon_meta'
[0.174s] Level 1:colcon.colcon_core.package_identification:_identify(src) by extensions ['ros']
[0.174s] Level 1:colcon.colcon_core.package_identification:_identify(src) by extension 'ros'
[0.174s] Level 1:colcon.colcon_core.package_identification:_identify(src) by extensions ['cmake', 'python']
[0.174s] Level 1:colcon.colcon_core.package_identification:_identify(src) by extension 'cmake'
[0.174s] Level 1:colcon.colcon_core.package_identification:_identify(src) by extension 'python'
[0.174s] Level 1:colcon.colcon_core.package_identification:_identify(src) by extensions ['python_setup_py']
[0.174s] Level 1:colcon.colcon_core.package_identification:_identify(src) by extension 'python_setup_py'
[0.174s] Level 1:colcon.colcon_core.package_identification:_identify(src/Super-LIO) by extensions ['ignore', 'ignore_ament_install']
[0.174s] Level 1:colcon.colcon_core.package_identification:_identify(src/Super-LIO) by extension 'ignore'
[0.174s] Level 1:colcon.colcon_core.package_identification:_identify(src/Super-LIO) by extension 'ignore_ament_install'
[0.174s] Level 1:colcon.colcon_core.package_identification:_identify(src/Super-LIO) by extensions ['colcon_pkg']
[0.174s] Level 1:colcon.colcon_core.package_identification:_identify(src/Super-LIO) by extension 'colcon_pkg'
[0.174s] Level 1:colcon.colcon_core.package_identification:_identify(src/Super-LIO) by extensions ['colcon_meta']
[0.174s] Level 1:colcon.colcon_core.package_identification:_identify(src/Super-LIO) by extension 'colcon_meta'
[0.174s] Level 1:colcon.colcon_core.package_identification:_identify(src/Super-LIO) by extensions ['ros']
[0.174s] Level 1:colcon.colcon_core.package_identification:_identify(src/Super-LIO) by extension 'ros'
[0.174s] Level 1:colcon.colcon_core.package_identification:_identify(src/Super-LIO) by extensions ['cmake', 'python']
[0.174s] Level 1:colcon.colcon_core.package_identification:_identify(src/Super-LIO) by extension 'cmake'
[0.174s] Level 1:colcon.colcon_core.package_identification:_identify(src/Super-LIO) by extension 'python'
[0.174s] Level 1:colcon.colcon_core.package_identification:_identify(src/Super-LIO) by extensions ['python_setup_py']
[0.174s] Level 1:colcon.colcon_core.package_identification:_identify(src/Super-LIO) by extension 'python_setup_py'
[0.174s] Level 1:colcon.colcon_core.package_identification:_identify(src/Super-LIO/docs) by extensions ['ignore', 'ignore_ament_install']
[0.174s] Level 1:colcon.colcon_core.package_identification:_identify(src/Super-LIO/docs) by extension 'ignore'
[0.174s] Level 1:colcon.colcon_core.package_identification:_identify(src/Super-LIO/docs) by extension 'ignore_ament_install'
[0.174s] Level 1:colcon.colcon_core.package_identification:_identify(src/Super-LIO/docs) by extensions ['colcon_pkg']
[0.174s] Level 1:colcon.colcon_core.package_identification:_identify(src/Super-LIO/docs) by extension 'colcon_pkg'
[0.174s] Level 1:colcon.colcon_core.package_identification:_identify(src/Super-LIO/docs) by extensions ['colcon_meta']
[0.174s] Level 1:colcon.colcon_core.package_identification:_identify(src/Super-LIO/docs) by extension 'colcon_meta'
[0.174s] Level 1:colcon.colcon_core.package_identification:_identify(src/Super-LIO/docs) by extensions ['ros']
[0.174s] Level 1:colcon.colcon_core.package_identification:_identify(src/Super-LIO/docs) by extension 'ros'
[0.174s] Level 1:colcon.colcon_core.package_identification:_identify(src/Super-LIO/docs) by extensions ['cmake', 'python']
[0.174s] Level 1:colcon.colcon_core.package_identification:_identify(src/Super-LIO/docs) by extension 'cmake'
[0.174s] Level 1:colcon.colcon_core.package_identification:_identify(src/Super-LIO/docs) by extension 'python'
[0.174s] Level 1:colcon.colcon_core.package_identification:_identify(src/Super-LIO/docs) by extensions ['python_setup_py']
[0.174s] Level 1:colcon.colcon_core.package_identification:_identify(src/Super-LIO/docs) by extension 'python_setup_py'
[0.174s] Level 1:colcon.colcon_core.package_identification:_identify(src/Super-LIO/src) by extensions ['ignore', 'ignore_ament_install']
[0.174s] Level 1:colcon.colcon_core.package_identification:_identify(src/Super-LIO/src) by extension 'ignore'
[0.174s] Level 1:colcon.colcon_core.package_identification:_identify(src/Super-LIO/src) by extension 'ignore_ament_install'
[0.174s] Level 1:colcon.colcon_core.package_identification:_identify(src/Super-LIO/src) by extensions ['colcon_pkg']
[0.174s] Level 1:colcon.colcon_core.package_identification:_identify(src/Super-LIO/src) by extension 'colcon_pkg'
[0.175s] Level 1:colcon.colcon_core.package_identification:_identify(src/Super-LIO/src) by extensions ['colcon_meta']
[0.175s] Level 1:colcon.colcon_core.package_identification:_identify(src/Super-LIO/src) by extension 'colcon_meta'
[0.175s] Level 1:colcon.colcon_core.package_identification:_identify(src/Super-LIO/src) by extensions ['ros']
[0.175s] Level 1:colcon.colcon_core.package_identification:_identify(src/Super-LIO/src) by extension 'ros'
[0.175s] Level 1:colcon.colcon_core.package_identification:_identify(src/Super-LIO/src) by extensions ['cmake', 'python']
[0.175s] Level 1:colcon.colcon_core.package_identification:_identify(src/Super-LIO/src) by extension 'cmake'
[0.175s] Level 1:colcon.colcon_core.package_identification:_identify(src/Super-LIO/src) by extension 'python'
[0.175s] Level 1:colcon.colcon_core.package_identification:_identify(src/Super-LIO/src) by extensions ['python_setup_py']
[0.175s] Level 1:colcon.colcon_core.package_identification:_identify(src/Super-LIO/src) by extension 'python_setup_py'
[0.175s] Level 1:colcon.colcon_core.package_identification:_identify(src/Super-LIO/src/basic) by extensions ['ignore', 'ignore_ament_install']
[0.175s] Level 1:colcon.colcon_core.package_identification:_identify(src/Super-LIO/src/basic) by extension 'ignore'
[0.175s] Level 1:colcon.colcon_core.package_identification:_identify(src/Super-LIO/src/basic) by extension 'ignore_ament_install'
[0.175s] Level 1:colcon.colcon_core.package_identification:_identify(src/Super-LIO/src/basic) by extensions ['colcon_pkg']
[0.175s] Level 1:colcon.colcon_core.package_identification:_identify(src/Super-LIO/src/basic) by extension 'colcon_pkg'
[0.175s] Level 1:colcon.colcon_core.package_identification:_identify(src/Super-LIO/src/basic) by extensions ['colcon_meta']
[0.175s] Level 1:colcon.colcon_core.package_identification:_identify(src/Super-LIO/src/basic) by extension 'colcon_meta'
[0.175s] Level 1:colcon.colcon_core.package_identification:_identify(src/Super-LIO/src/basic) by extensions ['ros']
[0.175s] Level 1:colcon.colcon_core.package_identification:_identify(src/Super-LIO/src/basic) by extension 'ros'
[0.177s] DEBUG:colcon.colcon_core.package_identification:Package 'src/Super-LIO/src/basic' with type 'ros.ament_cmake' and name 'basic'
[0.177s] Level 1:colcon.colcon_core.package_identification:_identify(src/Super-LIO/src/super_lio) by extensions ['ignore', 'ignore_ament_install']
[0.177s] Level 1:colcon.colcon_core.package_identification:_identify(src/Super-LIO/src/super_lio) by extension 'ignore'
[0.177s] Level 1:colcon.colcon_core.package_identification:_identify(src/Super-LIO/src/super_lio) by extension 'ignore_ament_install'
[0.177s] Level 1:colcon.colcon_core.package_identification:_identify(src/Super-LIO/src/super_lio) by extensions ['colcon_pkg']
[0.177s] Level 1:colcon.colcon_core.package_identification:_identify(src/Super-LIO/src/super_lio) by extension 'colcon_pkg'
[0.177s] Level 1:colcon.colcon_core.package_identification:_identify(src/Super-LIO/src/super_lio) by extensions ['colcon_meta']
[0.177s] Level 1:colcon.colcon_core.package_identification:_identify(src/Super-LIO/src/super_lio) by extension 'colcon_meta'
[0.177s] Level 1:colcon.colcon_core.package_identification:_identify(src/Super-LIO/src/super_lio) by extensions ['ros']
[0.177s] Level 1:colcon.colcon_core.package_identification:_identify(src/Super-LIO/src/super_lio) by extension 'ros'
[0.177s] DEBUG:colcon.colcon_core.package_identification:Package 'src/Super-LIO/src/super_lio' with type 'ros.ament_cmake' and name 'super_lio'
[0.178s] Level 1:colcon.colcon_core.package_identification:_identify(src/build) by extensions ['ignore', 'ignore_ament_install']
[0.178s] Level 1:colcon.colcon_core.package_identification:_identify(src/build) by extension 'ignore'
[0.178s] Level 1:colcon.colcon_core.package_identification:_identify(src/build) ignored
[0.178s] Level 1:colcon.colcon_core.package_identification:_identify(src/install) by extensions ['ignore', 'ignore_ament_install']
[0.178s] Level 1:colcon.colcon_core.package_identification:_identify(src/install) by extension 'ignore'
[0.178s] Level 1:colcon.colcon_core.package_identification:_identify(src/install) ignored
[0.178s] Level 1:colcon.colcon_core.package_identification:_identify(src/livox_ros_driver2) by extensions ['ignore', 'ignore_ament_install']
[0.178s] Level 1:colcon.colcon_core.package_identification:_identify(src/livox_ros_driver2) by extension 'ignore'
[0.178s] Level 1:colcon.colcon_core.package_identification:_identify(src/livox_ros_driver2) by extension 'ignore_ament_install'
[0.178s] Level 1:colcon.colcon_core.package_identification:_identify(src/livox_ros_driver2) by extensions ['colcon_pkg']
[0.178s] Level 1:colcon.colcon_core.package_identification:_identify(src/livox_ros_driver2) by extension 'colcon_pkg'
[0.178s] Level 1:colcon.colcon_core.package_identification:_identify(src/livox_ros_driver2) by extensions ['colcon_meta']
[0.178s] Level 1:colcon.colcon_core.package_identification:_identify(src/livox_ros_driver2) by extension 'colcon_meta'
[0.178s] Level 1:colcon.colcon_core.package_identification:_identify(src/livox_ros_driver2) by extensions ['ros']
[0.178s] Level 1:colcon.colcon_core.package_identification:_identify(src/livox_ros_driver2) by extension 'ros'
[0.179s] DEBUG:colcon.colcon_core.package_identification:Package 'src/livox_ros_driver2' with type 'ros.ament_cmake' and name 'livox_ros_driver2'
[0.179s] Level 1:colcon.colcon_core.package_identification:_identify(src/log) by extensions ['ignore', 'ignore_ament_install']
[0.180s] Level 1:colcon.colcon_core.package_identification:_identify(src/log) by extension 'ignore'
[0.180s] Level 1:colcon.colcon_core.package_identification:_identify(src/log) ignored
[0.180s] Level 1:colcon.colcon_core.package_discovery:discover_packages(recursive) using defaults
[0.180s] Level 1:colcon.colcon_core.package_discovery:discover_packages(ignore) discover
[0.180s] Level 1:colcon.colcon_core.package_discovery:discover_packages(ignore) using defaults
[0.180s] Level 1:colcon.colcon_core.package_discovery:discover_packages(path) discover
[0.180s] Level 1:colcon.colcon_core.package_discovery:discover_packages(path) using defaults
[0.193s] Level 5:colcon.colcon_core.verb:set package 'basic' build argument 'cmake_args' from command line to '['-DROS_EDITION=ROS2', '-DDISTRO_ROS=humble']'
[0.193s] Level 5:colcon.colcon_core.verb:set package 'basic' build argument 'cmake_target' from command line to 'None'
[0.193s] Level 5:colcon.colcon_core.verb:set package 'basic' build argument 'cmake_target_skip_unavailable' from command line to 'False'
[0.193s] Level 5:colcon.colcon_core.verb:set package 'basic' build argument 'cmake_clean_cache' from command line to 'False'
[0.193s] Level 5:colcon.colcon_core.verb:set package 'basic' build argument 'cmake_clean_first' from command line to 'False'
[0.193s] Level 5:colcon.colcon_core.verb:set package 'basic' build argument 'cmake_force_configure' from command line to 'False'
[0.193s] Level 5:colcon.colcon_core.verb:set package 'basic' build argument 'ament_cmake_args' from command line to 'None'
[0.193s] Level 5:colcon.colcon_core.verb:set package 'basic' build argument 'catkin_cmake_args' from command line to 'None'
[0.193s] Level 5:colcon.colcon_core.verb:set package 'basic' build argument 'catkin_skip_building_tests' from command line to 'False'
[0.193s] DEBUG:colcon.colcon_core.verb:Building package 'basic' with the following arguments: {'ament_cmake_args': None, 'build_base': '/home/slam/r2_ws/lidar_ws/build/basic', 'catkin_cmake_args': None, 'catkin_skip_building_tests': False, 'cmake_args': ['-DROS_EDITION=ROS2', '-DDISTRO_ROS=humble'], 'cmake_clean_cache': False, 'cmake_clean_first': False, 'cmake_force_configure': False, 'cmake_target': None, 'cmake_target_skip_unavailable': False, 'install_base': '/home/slam/r2_ws/lidar_ws/install/basic', 'merge_install': False, 'path': '/home/slam/r2_ws/lidar_ws/src/Super-LIO/src/basic', 'symlink_install': False, 'test_result_base': None}
[0.193s] Level 5:colcon.colcon_core.verb:set package 'livox_ros_driver2' build argument 'cmake_args' from command line to '['-DROS_EDITION=ROS2', '-DDISTRO_ROS=humble']'
[0.193s] Level 5:colcon.colcon_core.verb:set package 'livox_ros_driver2' build argument 'cmake_target' from command line to 'None'
[0.193s] Level 5:colcon.colcon_core.verb:set package 'livox_ros_driver2' build argument 'cmake_target_skip_unavailable' from command line to 'False'
[0.193s] Level 5:colcon.colcon_core.verb:set package 'livox_ros_driver2' build argument 'cmake_clean_cache' from command line to 'False'
[0.193s] Level 5:colcon.colcon_core.verb:set package 'livox_ros_driver2' build argument 'cmake_clean_first' from command line to 'False'
[0.193s] Level 5:colcon.colcon_core.verb:set package 'livox_ros_driver2' build argument 'cmake_force_configure' from command line to 'False'
[0.193s] Level 5:colcon.colcon_core.verb:set package 'livox_ros_driver2' build argument 'ament_cmake_args' from command line to 'None'
[0.193s] Level 5:colcon.colcon_core.verb:set package 'livox_ros_driver2' build argument 'catkin_cmake_args' from command line to 'None'
[0.193s] Level 5:colcon.colcon_core.verb:set package 'livox_ros_driver2' build argument 'catkin_skip_building_tests' from command line to 'False'
[0.193s] DEBUG:colcon.colcon_core.verb:Building package 'livox_ros_driver2' with the following arguments: {'ament_cmake_args': None, 'build_base': '/home/slam/r2_ws/lidar_ws/build/livox_ros_driver2', 'catkin_cmake_args': None, 'catkin_skip_building_tests': False, 'cmake_args': ['-DROS_EDITION=ROS2', '-DDISTRO_ROS=humble'], 'cmake_clean_cache': False, 'cmake_clean_first': False, 'cmake_force_configure': False, 'cmake_target': None, 'cmake_target_skip_unavailable': False, 'install_base': '/home/slam/r2_ws/lidar_ws/install/livox_ros_driver2', 'merge_install': False, 'path': '/home/slam/r2_ws/lidar_ws/src/livox_ros_driver2', 'symlink_install': False, 'test_result_base': None}
[0.193s] Level 5:colcon.colcon_core.verb:set package 'livox_sdk2' build argument 'cmake_args' from command line to '['-DROS_EDITION=ROS2', '-DDISTRO_ROS=humble']'
[0.193s] Level 5:colcon.colcon_core.verb:set package 'livox_sdk2' build argument 'cmake_target' from command line to 'None'
[0.193s] Level 5:colcon.colcon_core.verb:set package 'livox_sdk2' build argument 'cmake_target_skip_unavailable' from command line to 'False'
[0.194s] Level 5:colcon.colcon_core.verb:set package 'livox_sdk2' build argument 'cmake_clean_cache' from command line to 'False'
[0.194s] Level 5:colcon.colcon_core.verb:set package 'livox_sdk2' build argument 'cmake_clean_first' from command line to 'False'
[0.194s] Level 5:colcon.colcon_core.verb:set package 'livox_sdk2' build argument 'cmake_force_configure' from command line to 'False'
[0.194s] Level 5:colcon.colcon_core.verb:set package 'livox_sdk2' build argument 'ament_cmake_args' from command line to 'None'
[0.194s] Level 5:colcon.colcon_core.verb:set package 'livox_sdk2' build argument 'catkin_cmake_args' from command line to 'None'
[0.194s] Level 5:colcon.colcon_core.verb:set package 'livox_sdk2' build argument 'catkin_skip_building_tests' from command line to 'False'
[0.194s] DEBUG:colcon.colcon_core.verb:Building package 'livox_sdk2' with the following arguments: {'ament_cmake_args': None, 'build_base': '/home/slam/r2_ws/lidar_ws/build/livox_sdk2', 'catkin_cmake_args': None, 'catkin_skip_building_tests': False, 'cmake_args': ['-DROS_EDITION=ROS2', '-DDISTRO_ROS=humble'], 'cmake_clean_cache': False, 'cmake_clean_first': False, 'cmake_force_configure': False, 'cmake_target': None, 'cmake_target_skip_unavailable': False, 'install_base': '/home/slam/r2_ws/lidar_ws/install/livox_sdk2', 'merge_install': False, 'path': '/home/slam/r2_ws/lidar_ws/Livox-SDK2', 'symlink_install': False, 'test_result_base': None}
[0.194s] Level 5:colcon.colcon_core.verb:set package 'super_lio' build argument 'cmake_args' from command line to '['-DROS_EDITION=ROS2', '-DDISTRO_ROS=humble']'
[0.194s] Level 5:colcon.colcon_core.verb:set package 'super_lio' build argument 'cmake_target' from command line to 'None'
[0.194s] Level 5:colcon.colcon_core.verb:set package 'super_lio' build argument 'cmake_target_skip_unavailable' from command line to 'False'
[0.194s] Level 5:colcon.colcon_core.verb:set package 'super_lio' build argument 'cmake_clean_cache' from command line to 'False'
[0.194s] Level 5:colcon.colcon_core.verb:set package 'super_lio' build argument 'cmake_clean_first' from command line to 'False'
[0.194s] Level 5:colcon.colcon_core.verb:set package 'super_lio' build argument 'cmake_force_configure' from command line to 'False'
[0.194s] Level 5:colcon.colcon_core.verb:set package 'super_lio' build argument 'ament_cmake_args' from command line to 'None'
[0.194s] Level 5:colcon.colcon_core.verb:set package 'super_lio' build argument 'catkin_cmake_args' from command line to 'None'
[0.194s] Level 5:colcon.colcon_core.verb:set package 'super_lio' build argument 'catkin_skip_building_tests' from command line to 'False'
[0.194s] DEBUG:colcon.colcon_core.verb:Building package 'super_lio' with the following arguments: {'ament_cmake_args': None, 'build_base': '/home/slam/r2_ws/lidar_ws/build/super_lio', 'catkin_cmake_args': None, 'catkin_skip_building_tests': False, 'cmake_args': ['-DROS_EDITION=ROS2', '-DDISTRO_ROS=humble'], 'cmake_clean_cache': False, 'cmake_clean_first': False, 'cmake_force_configure': False, 'cmake_target': None, 'cmake_target_skip_unavailable': False, 'install_base': '/home/slam/r2_ws/lidar_ws/install/super_lio', 'merge_install': False, 'path': '/home/slam/r2_ws/lidar_ws/src/Super-LIO/src/super_lio', 'symlink_install': False, 'test_result_base': None}
[0.194s] INFO:colcon.colcon_core.executor:Executing jobs using 'parallel' executor
[0.195s] DEBUG:colcon.colcon_parallel_executor.executor.parallel:run_until_complete
[0.195s] INFO:colcon.colcon_ros.task.ament_cmake.build:Building ROS package in '/home/slam/r2_ws/lidar_ws/src/Super-LIO/src/basic' with build type 'ament_cmake'
[0.195s] INFO:colcon.colcon_cmake.task.cmake.build:Building CMake package in '/home/slam/r2_ws/lidar_ws/src/Super-LIO/src/basic'
[0.196s] INFO:colcon.colcon_core.plugin_system:Skipping extension 'colcon_core.shell.bat': Not used on non-Windows systems
[0.196s] INFO:colcon.colcon_core.shell:Skip shell extension 'powershell' for command environment: Not usable outside of PowerShell
[0.196s] DEBUG:colcon.colcon_core.shell:Skip shell extension 'dsv' for command environment
[0.197s] WARNING:colcon.colcon_ros.prefix_path.ament:The path '/home/slam/r2_ws/lidar_ws/install/super_lio' in the environment variable AMENT_PREFIX_PATH doesn't exist
[0.197s] WARNING:colcon.colcon_ros.prefix_path.ament:The path '/home/slam/r2_ws/lidar_ws/install/livox_ros_driver2' in the environment variable AMENT_PREFIX_PATH doesn't exist
[0.197s] WARNING:colcon.colcon_ros.prefix_path.ament:The path '/home/slam/r2_ws/lidar_ws/install/basic' in the environment variable AMENT_PREFIX_PATH doesn't exist
[0.197s] WARNING:colcon.colcon_ros.prefix_path.catkin:The path '/home/slam/r2_ws/lidar_ws/install/super_lio' in the environment variable CMAKE_PREFIX_PATH doesn't exist
[0.197s] WARNING:colcon.colcon_ros.prefix_path.catkin:The path '/home/slam/r2_ws/lidar_ws/install/livox_ros_driver2' in the environment variable CMAKE_PREFIX_PATH doesn't exist
[0.197s] WARNING:colcon.colcon_ros.prefix_path.catkin:The path '/home/slam/r2_ws/lidar_ws/install/basic' in the environment variable CMAKE_PREFIX_PATH doesn't exist
[0.199s] INFO:colcon.colcon_ros.task.ament_cmake.build:Building ROS package in '/home/slam/r2_ws/lidar_ws/src/livox_ros_driver2' with build type 'ament_cmake'
[0.199s] INFO:colcon.colcon_cmake.task.cmake.build:Building CMake package in '/home/slam/r2_ws/lidar_ws/src/livox_ros_driver2'
[0.199s] INFO:colcon.colcon_core.shell:Skip shell extension 'powershell' for command environment: Not usable outside of PowerShell
[0.199s] DEBUG:colcon.colcon_core.shell:Skip shell extension 'dsv' for command environment
[0.201s] INFO:colcon.colcon_cmake.task.cmake.build:Building CMake package in '/home/slam/r2_ws/lidar_ws/Livox-SDK2'
[0.201s] INFO:colcon.colcon_core.shell:Skip shell extension 'powershell' for command environment: Not usable outside of PowerShell
[0.201s] DEBUG:colcon.colcon_core.shell:Skip shell extension 'dsv' for command environment
[0.205s] DEBUG:colcon.colcon_core.event_handler.log_command:Invoking command in '/home/slam/r2_ws/lidar_ws/build/basic': CMAKE_PREFIX_PATH=${CMAKE_PREFIX_PATH}:/opt/ros/humble /usr/bin/cmake /home/slam/r2_ws/lidar_ws/src/Super-LIO/src/basic -DROS_EDITION=ROS2 -DDISTRO_ROS=humble -DCMAKE_INSTALL_PREFIX=/home/slam/r2_ws/lidar_ws/install/basic
[0.207s] DEBUG:colcon.colcon_core.event_handler.log_command:Invoking command in '/home/slam/r2_ws/lidar_ws/build/livox_ros_driver2': CMAKE_PREFIX_PATH=${CMAKE_PREFIX_PATH}:/opt/ros/humble /usr/bin/cmake /home/slam/r2_ws/lidar_ws/src/livox_ros_driver2 -DROS_EDITION=ROS2 -DDISTRO_ROS=humble -DCMAKE_INSTALL_PREFIX=/home/slam/r2_ws/lidar_ws/install/livox_ros_driver2
[0.208s] DEBUG:colcon.colcon_core.event_handler.log_command:Invoking command in '/home/slam/r2_ws/lidar_ws/build/livox_sdk2': /usr/bin/cmake /home/slam/r2_ws/lidar_ws/Livox-SDK2 -DROS_EDITION=ROS2 -DDISTRO_ROS=humble -DCMAKE_INSTALL_PREFIX=/home/slam/r2_ws/lidar_ws/install/livox_sdk2
[0.470s] DEBUG:colcon.colcon_core.event_handler.log_command:Invoked command in '/home/slam/r2_ws/lidar_ws/build/livox_sdk2' returned '0': /usr/bin/cmake /home/slam/r2_ws/lidar_ws/Livox-SDK2 -DROS_EDITION=ROS2 -DDISTRO_ROS=humble -DCMAKE_INSTALL_PREFIX=/home/slam/r2_ws/lidar_ws/install/livox_sdk2
[0.472s] DEBUG:colcon.colcon_core.event_handler.log_command:Invoking command in '/home/slam/r2_ws/lidar_ws/build/livox_sdk2': /usr/bin/cmake --build /home/slam/r2_ws/lidar_ws/build/livox_sdk2 -- -j10 -l10
[5.809s] DEBUG:colcon.colcon_core.event_handler.log_command:Invoked command in '/home/slam/r2_ws/lidar_ws/build/basic' returned '0': CMAKE_PREFIX_PATH=${CMAKE_PREFIX_PATH}:/opt/ros/humble /usr/bin/cmake /home/slam/r2_ws/lidar_ws/src/Super-LIO/src/basic -DROS_EDITION=ROS2 -DDISTRO_ROS=humble -DCMAKE_INSTALL_PREFIX=/home/slam/r2_ws/lidar_ws/install/basic
[5.810s] DEBUG:colcon.colcon_core.event_handler.log_command:Invoking command in '/home/slam/r2_ws/lidar_ws/build/basic': CMAKE_PREFIX_PATH=${CMAKE_PREFIX_PATH}:/opt/ros/humble /usr/bin/cmake --build /home/slam/r2_ws/lidar_ws/build/basic -- -j10 -l10
[5.973s] DEBUG:colcon.colcon_core.event_handler.log_command:Invoked command in '/home/slam/r2_ws/lidar_ws/build/livox_ros_driver2' returned '0': CMAKE_PREFIX_PATH=${CMAKE_PREFIX_PATH}:/opt/ros/humble /usr/bin/cmake /home/slam/r2_ws/lidar_ws/src/livox_ros_driver2 -DROS_EDITION=ROS2 -DDISTRO_ROS=humble -DCMAKE_INSTALL_PREFIX=/home/slam/r2_ws/lidar_ws/install/livox_ros_driver2
[5.985s] DEBUG:colcon.colcon_core.event_handler.log_command:Invoking command in '/home/slam/r2_ws/lidar_ws/build/livox_ros_driver2': CMAKE_PREFIX_PATH=${CMAKE_PREFIX_PATH}:/opt/ros/humble /usr/bin/cmake --build /home/slam/r2_ws/lidar_ws/build/livox_ros_driver2 -- -j10 -l10
[18.450s] DEBUG:colcon.colcon_core.event_handler.log_command:Invoked command in '/home/slam/r2_ws/lidar_ws/build/basic' returned '0': CMAKE_PREFIX_PATH=${CMAKE_PREFIX_PATH}:/opt/ros/humble /usr/bin/cmake --build /home/slam/r2_ws/lidar_ws/build/basic -- -j10 -l10
[18.464s] DEBUG:colcon.colcon_core.event_handler.log_command:Invoking command in '/home/slam/r2_ws/lidar_ws/build/basic': CMAKE_PREFIX_PATH=${CMAKE_PREFIX_PATH}:/opt/ros/humble /usr/bin/cmake --install /home/slam/r2_ws/lidar_ws/build/basic
[18.486s] Level 1:colcon.colcon_core.environment:create_environment_scripts_only(basic)
[18.488s] Level 1:colcon.colcon_core.environment:checking '/home/slam/r2_ws/lidar_ws/install/basic' for CMake module files
[18.489s] DEBUG:colcon.colcon_core.event_handler.log_command:Invoked command in '/home/slam/r2_ws/lidar_ws/build/basic' returned '0': CMAKE_PREFIX_PATH=${CMAKE_PREFIX_PATH}:/opt/ros/humble /usr/bin/cmake --install /home/slam/r2_ws/lidar_ws/build/basic
[18.490s] Level 1:colcon.colcon_core.environment:checking '/home/slam/r2_ws/lidar_ws/install/basic' for CMake config files
[18.490s] Level 1:colcon.colcon_core.shell:create_environment_hook('basic', 'cmake_prefix_path')
[18.490s] INFO:colcon.colcon_core.shell:Creating environment hook '/home/slam/r2_ws/lidar_ws/install/basic/share/basic/hook/cmake_prefix_path.ps1'
[18.492s] INFO:colcon.colcon_core.shell:Creating environment descriptor '/home/slam/r2_ws/lidar_ws/install/basic/share/basic/hook/cmake_prefix_path.dsv'
[18.493s] INFO:colcon.colcon_core.shell:Creating environment hook '/home/slam/r2_ws/lidar_ws/install/basic/share/basic/hook/cmake_prefix_path.sh'
[18.494s] Level 1:colcon.colcon_core.environment:checking '/home/slam/r2_ws/lidar_ws/install/basic/lib'
[18.494s] Level 1:colcon.colcon_core.shell:create_environment_hook('basic', 'ld_library_path_lib')
[18.494s] INFO:colcon.colcon_core.shell:Creating environment hook '/home/slam/r2_ws/lidar_ws/install/basic/share/basic/hook/ld_library_path_lib.ps1'
[18.495s] INFO:colcon.colcon_core.shell:Creating environment descriptor '/home/slam/r2_ws/lidar_ws/install/basic/share/basic/hook/ld_library_path_lib.dsv'
[18.495s] INFO:colcon.colcon_core.shell:Creating environment hook '/home/slam/r2_ws/lidar_ws/install/basic/share/basic/hook/ld_library_path_lib.sh'
[18.495s] Level 1:colcon.colcon_core.environment:checking '/home/slam/r2_ws/lidar_ws/install/basic/bin'
[18.496s] Level 1:colcon.colcon_core.environment:checking '/home/slam/r2_ws/lidar_ws/install/basic/lib/pkgconfig/basic.pc'
[18.496s] Level 1:colcon.colcon_core.environment:checking '/home/slam/r2_ws/lidar_ws/install/basic/lib/python3.10/site-packages'
[18.497s] Level 1:colcon.colcon_core.environment:checking '/home/slam/r2_ws/lidar_ws/install/basic/bin'
[18.497s] INFO:colcon.colcon_core.shell:Creating package script '/home/slam/r2_ws/lidar_ws/install/basic/share/basic/package.ps1'
[18.498s] INFO:colcon.colcon_core.shell:Creating package descriptor '/home/slam/r2_ws/lidar_ws/install/basic/share/basic/package.dsv'
[18.499s] INFO:colcon.colcon_core.shell:Creating package script '/home/slam/r2_ws/lidar_ws/install/basic/share/basic/package.sh'
[18.500s] INFO:colcon.colcon_core.shell:Creating package script '/home/slam/r2_ws/lidar_ws/install/basic/share/basic/package.bash'
[18.500s] INFO:colcon.colcon_core.shell:Creating package script '/home/slam/r2_ws/lidar_ws/install/basic/share/basic/package.zsh'
[18.501s] Level 1:colcon.colcon_core.environment:create_file_with_runtime_dependencies(/home/slam/r2_ws/lidar_ws/install/basic/share/colcon-core/packages/basic)
[18.502s] Level 1:colcon.colcon_core.environment:create_environment_scripts_only(basic)
[18.502s] Level 1:colcon.colcon_core.environment:checking '/home/slam/r2_ws/lidar_ws/install/basic' for CMake module files
[18.502s] Level 1:colcon.colcon_core.environment:checking '/home/slam/r2_ws/lidar_ws/install/basic' for CMake config files
[18.502s] Level 1:colcon.colcon_core.shell:create_environment_hook('basic', 'cmake_prefix_path')
[18.503s] INFO:colcon.colcon_core.shell:Creating environment hook '/home/slam/r2_ws/lidar_ws/install/basic/share/basic/hook/cmake_prefix_path.ps1'
[18.503s] INFO:colcon.colcon_core.shell:Creating environment descriptor '/home/slam/r2_ws/lidar_ws/install/basic/share/basic/hook/cmake_prefix_path.dsv'
[18.504s] INFO:colcon.colcon_core.shell:Creating environment hook '/home/slam/r2_ws/lidar_ws/install/basic/share/basic/hook/cmake_prefix_path.sh'
[18.505s] Level 1:colcon.colcon_core.environment:checking '/home/slam/r2_ws/lidar_ws/install/basic/lib'
[18.505s] Level 1:colcon.colcon_core.shell:create_environment_hook('basic', 'ld_library_path_lib')
[18.505s] INFO:colcon.colcon_core.shell:Creating environment hook '/home/slam/r2_ws/lidar_ws/install/basic/share/basic/hook/ld_library_path_lib.ps1'
[18.506s] INFO:colcon.colcon_core.shell:Creating environment descriptor '/home/slam/r2_ws/lidar_ws/install/basic/share/basic/hook/ld_library_path_lib.dsv'
[18.506s] INFO:colcon.colcon_core.shell:Creating environment hook '/home/slam/r2_ws/lidar_ws/install/basic/share/basic/hook/ld_library_path_lib.sh'
[18.507s] Level 1:colcon.colcon_core.environment:checking '/home/slam/r2_ws/lidar_ws/install/basic/bin'
[18.507s] Level 1:colcon.colcon_core.environment:checking '/home/slam/r2_ws/lidar_ws/install/basic/lib/pkgconfig/basic.pc'
[18.507s] Level 1:colcon.colcon_core.environment:checking '/home/slam/r2_ws/lidar_ws/install/basic/lib/python3.10/site-packages'
[18.507s] Level 1:colcon.colcon_core.environment:checking '/home/slam/r2_ws/lidar_ws/install/basic/bin'
[18.508s] INFO:colcon.colcon_core.shell:Creating package script '/home/slam/r2_ws/lidar_ws/install/basic/share/basic/package.ps1'
[18.508s] INFO:colcon.colcon_core.shell:Creating package descriptor '/home/slam/r2_ws/lidar_ws/install/basic/share/basic/package.dsv'
[18.509s] INFO:colcon.colcon_core.shell:Creating package script '/home/slam/r2_ws/lidar_ws/install/basic/share/basic/package.sh'
[18.509s] INFO:colcon.colcon_core.shell:Creating package script '/home/slam/r2_ws/lidar_ws/install/basic/share/basic/package.bash'
[18.510s] INFO:colcon.colcon_core.shell:Creating package script '/home/slam/r2_ws/lidar_ws/install/basic/share/basic/package.zsh'
[18.510s] Level 1:colcon.colcon_core.environment:create_file_with_runtime_dependencies(/home/slam/r2_ws/lidar_ws/install/basic/share/colcon-core/packages/basic)
[19.924s] DEBUG:colcon.colcon_core.event_handler.log_command:Invoked command in '/home/slam/r2_ws/lidar_ws/build/livox_ros_driver2' returned '0': CMAKE_PREFIX_PATH=${CMAKE_PREFIX_PATH}:/opt/ros/humble /usr/bin/cmake --build /home/slam/r2_ws/lidar_ws/build/livox_ros_driver2 -- -j10 -l10
[19.924s] DEBUG:colcon.colcon_core.event_handler.log_command:Invoking command in '/home/slam/r2_ws/lidar_ws/build/livox_ros_driver2': CMAKE_PREFIX_PATH=${CMAKE_PREFIX_PATH}:/opt/ros/humble /usr/bin/cmake --install /home/slam/r2_ws/lidar_ws/build/livox_ros_driver2
[20.073s] Level 1:colcon.colcon_core.environment:create_environment_scripts_only(livox_ros_driver2)
[20.073s] Level 1:colcon.colcon_core.environment:checking '/home/slam/r2_ws/lidar_ws/install/livox_ros_driver2' for CMake module files
[20.074s] Level 1:colcon.colcon_core.environment:checking '/home/slam/r2_ws/lidar_ws/install/livox_ros_driver2' for CMake config files
[20.074s] Level 1:colcon.colcon_core.shell:create_environment_hook('livox_ros_driver2', 'cmake_prefix_path')
[20.074s] INFO:colcon.colcon_core.shell:Creating environment hook '/home/slam/r2_ws/lidar_ws/install/livox_ros_driver2/share/livox_ros_driver2/hook/cmake_prefix_path.ps1'
[20.075s] INFO:colcon.colcon_core.shell:Creating environment descriptor '/home/slam/r2_ws/lidar_ws/install/livox_ros_driver2/share/livox_ros_driver2/hook/cmake_prefix_path.dsv'
[20.075s] INFO:colcon.colcon_core.shell:Creating environment hook '/home/slam/r2_ws/lidar_ws/install/livox_ros_driver2/share/livox_ros_driver2/hook/cmake_prefix_path.sh'
[20.075s] Level 1:colcon.colcon_core.environment:checking '/home/slam/r2_ws/lidar_ws/install/livox_ros_driver2/lib'
[20.075s] Level 1:colcon.colcon_core.shell:create_environment_hook('livox_ros_driver2', 'ld_library_path_lib')
[20.076s] INFO:colcon.colcon_core.shell:Creating environment hook '/home/slam/r2_ws/lidar_ws/install/livox_ros_driver2/share/livox_ros_driver2/hook/ld_library_path_lib.ps1'
[20.076s] DEBUG:colcon.colcon_core.event_handler.log_command:Invoked command in '/home/slam/r2_ws/lidar_ws/build/livox_ros_driver2' returned '0': CMAKE_PREFIX_PATH=${CMAKE_PREFIX_PATH}:/opt/ros/humble /usr/bin/cmake --install /home/slam/r2_ws/lidar_ws/build/livox_ros_driver2
[20.076s] INFO:colcon.colcon_core.shell:Creating environment descriptor '/home/slam/r2_ws/lidar_ws/install/livox_ros_driver2/share/livox_ros_driver2/hook/ld_library_path_lib.dsv'
[20.077s] INFO:colcon.colcon_core.shell:Creating environment hook '/home/slam/r2_ws/lidar_ws/install/livox_ros_driver2/share/livox_ros_driver2/hook/ld_library_path_lib.sh'
[20.077s] Level 1:colcon.colcon_core.environment:checking '/home/slam/r2_ws/lidar_ws/install/livox_ros_driver2/bin'
[20.077s] Level 1:colcon.colcon_core.environment:checking '/home/slam/r2_ws/lidar_ws/install/livox_ros_driver2/lib/pkgconfig/livox_ros_driver2.pc'
[20.077s] Level 1:colcon.colcon_core.environment:checking '/home/slam/r2_ws/lidar_ws/install/livox_ros_driver2/lib/python3.10/site-packages'
[20.077s] Level 1:colcon.colcon_core.environment:checking '/home/slam/r2_ws/lidar_ws/install/livox_ros_driver2/bin'
[20.078s] INFO:colcon.colcon_core.shell:Creating package script '/home/slam/r2_ws/lidar_ws/install/livox_ros_driver2/share/livox_ros_driver2/package.ps1'
[20.078s] INFO:colcon.colcon_core.shell:Creating package descriptor '/home/slam/r2_ws/lidar_ws/install/livox_ros_driver2/share/livox_ros_driver2/package.dsv'
[20.078s] INFO:colcon.colcon_core.shell:Creating package script '/home/slam/r2_ws/lidar_ws/install/livox_ros_driver2/share/livox_ros_driver2/package.sh'
[20.079s] INFO:colcon.colcon_core.shell:Creating package script '/home/slam/r2_ws/lidar_ws/install/livox_ros_driver2/share/livox_ros_driver2/package.bash'
[20.079s] INFO:colcon.colcon_core.shell:Creating package script '/home/slam/r2_ws/lidar_ws/install/livox_ros_driver2/share/livox_ros_driver2/package.zsh'
[20.079s] Level 1:colcon.colcon_core.environment:create_file_with_runtime_dependencies(/home/slam/r2_ws/lidar_ws/install/livox_ros_driver2/share/colcon-core/packages/livox_ros_driver2)
[20.080s] Level 1:colcon.colcon_core.environment:create_environment_scripts_only(livox_ros_driver2)
[20.080s] Level 1:colcon.colcon_core.environment:checking '/home/slam/r2_ws/lidar_ws/install/livox_ros_driver2' for CMake module files
[20.080s] Level 1:colcon.colcon_core.environment:checking '/home/slam/r2_ws/lidar_ws/install/livox_ros_driver2' for CMake config files
[20.081s] Level 1:colcon.colcon_core.shell:create_environment_hook('livox_ros_driver2', 'cmake_prefix_path')
[20.081s] INFO:colcon.colcon_core.shell:Creating environment hook '/home/slam/r2_ws/lidar_ws/install/livox_ros_driver2/share/livox_ros_driver2/hook/cmake_prefix_path.ps1'
[20.081s] INFO:colcon.colcon_core.shell:Creating environment descriptor '/home/slam/r2_ws/lidar_ws/install/livox_ros_driver2/share/livox_ros_driver2/hook/cmake_prefix_path.dsv'
[20.082s] INFO:colcon.colcon_core.shell:Creating environment hook '/home/slam/r2_ws/lidar_ws/install/livox_ros_driver2/share/livox_ros_driver2/hook/cmake_prefix_path.sh'
[20.082s] Level 1:colcon.colcon_core.environment:checking '/home/slam/r2_ws/lidar_ws/install/livox_ros_driver2/lib'
[20.082s] Level 1:colcon.colcon_core.shell:create_environment_hook('livox_ros_driver2', 'ld_library_path_lib')
[20.082s] INFO:colcon.colcon_core.shell:Creating environment hook '/home/slam/r2_ws/lidar_ws/install/livox_ros_driver2/share/livox_ros_driver2/hook/ld_library_path_lib.ps1'
[20.083s] INFO:colcon.colcon_core.shell:Creating environment descriptor '/home/slam/r2_ws/lidar_ws/install/livox_ros_driver2/share/livox_ros_driver2/hook/ld_library_path_lib.dsv'
[20.083s] INFO:colcon.colcon_core.shell:Creating environment hook '/home/slam/r2_ws/lidar_ws/install/livox_ros_driver2/share/livox_ros_driver2/hook/ld_library_path_lib.sh'
[20.083s] Level 1:colcon.colcon_core.environment:checking '/home/slam/r2_ws/lidar_ws/install/livox_ros_driver2/bin'
[20.083s] Level 1:colcon.colcon_core.environment:checking '/home/slam/r2_ws/lidar_ws/install/livox_ros_driver2/lib/pkgconfig/livox_ros_driver2.pc'
[20.083s] Level 1:colcon.colcon_core.environment:checking '/home/slam/r2_ws/lidar_ws/install/livox_ros_driver2/lib/python3.10/site-packages'
[20.084s] Level 1:colcon.colcon_core.environment:checking '/home/slam/r2_ws/lidar_ws/install/livox_ros_driver2/bin'
[20.084s] INFO:colcon.colcon_core.shell:Creating package script '/home/slam/r2_ws/lidar_ws/install/livox_ros_driver2/share/livox_ros_driver2/package.ps1'
[20.084s] INFO:colcon.colcon_core.shell:Creating package descriptor '/home/slam/r2_ws/lidar_ws/install/livox_ros_driver2/share/livox_ros_driver2/package.dsv'
[20.085s] INFO:colcon.colcon_core.shell:Creating package script '/home/slam/r2_ws/lidar_ws/install/livox_ros_driver2/share/livox_ros_driver2/package.sh'
[20.085s] INFO:colcon.colcon_core.shell:Creating package script '/home/slam/r2_ws/lidar_ws/install/livox_ros_driver2/share/livox_ros_driver2/package.bash'
[20.085s] INFO:colcon.colcon_core.shell:Creating package script '/home/slam/r2_ws/lidar_ws/install/livox_ros_driver2/share/livox_ros_driver2/package.zsh'
[20.085s] Level 1:colcon.colcon_core.environment:create_file_with_runtime_dependencies(/home/slam/r2_ws/lidar_ws/install/livox_ros_driver2/share/colcon-core/packages/livox_ros_driver2)
[20.087s] INFO:colcon.colcon_ros.task.ament_cmake.build:Building ROS package in '/home/slam/r2_ws/lidar_ws/src/Super-LIO/src/super_lio' with build type 'ament_cmake'
[20.087s] INFO:colcon.colcon_cmake.task.cmake.build:Building CMake package in '/home/slam/r2_ws/lidar_ws/src/Super-LIO/src/super_lio'
[20.087s] INFO:colcon.colcon_core.shell:Skip shell extension 'powershell' for command environment: Not usable outside of PowerShell
[20.087s] DEBUG:colcon.colcon_core.shell:Skip shell extension 'dsv' for command environment
[20.128s] DEBUG:colcon.colcon_core.event_handler.log_command:Invoking command in '/home/slam/r2_ws/lidar_ws/build/super_lio': CMAKE_PREFIX_PATH=/home/slam/r2_ws/lidar_ws/install/livox_ros_driver2:/home/slam/r2_ws/lidar_ws/install/basic:/home/slam/r2_ws/lidar_ws/install/super_lio:/opt/ros/humble LD_LIBRARY_PATH=/home/slam/r2_ws/lidar_ws/install/livox_ros_driver2/lib:/home/slam/r2_ws/lidar_ws/install/basic/lib:/home/slam/r2_ws/lidar_ws/install/super_lio/lib:/home/slam/r2_ws/lidar_ws/install/livox_sdk2/lib:/opt/ros/humble/opt/rviz_ogre_vendor/lib:/opt/ros/humble/lib/x86_64-linux-gnu:/opt/ros/humble/lib /usr/bin/cmake /home/slam/r2_ws/lidar_ws/src/Super-LIO/src/super_lio -DROS_EDITION=ROS2 -DDISTRO_ROS=humble -DCMAKE_INSTALL_PREFIX=/home/slam/r2_ws/lidar_ws/install/super_lio
[20.583s] DEBUG:colcon.colcon_core.event_handler.log_command:Invoked command in '/home/slam/r2_ws/lidar_ws/build/livox_sdk2' returned '0': /usr/bin/cmake --build /home/slam/r2_ws/lidar_ws/build/livox_sdk2 -- -j10 -l10
[20.584s] DEBUG:colcon.colcon_core.event_handler.log_command:Invoking command in '/home/slam/r2_ws/lidar_ws/build/livox_sdk2': /usr/bin/cmake --install /home/slam/r2_ws/lidar_ws/build/livox_sdk2
[20.607s] Level 1:colcon.colcon_core.environment:create_environment_scripts_only(livox_sdk2)
[20.608s] Level 1:colcon.colcon_core.environment:checking '/home/slam/r2_ws/lidar_ws/install/livox_sdk2' for CMake module files
[20.608s] Level 1:colcon.colcon_core.environment:checking '/home/slam/r2_ws/lidar_ws/install/livox_sdk2' for CMake config files
[20.608s] DEBUG:colcon.colcon_core.event_handler.log_command:Invoked command in '/home/slam/r2_ws/lidar_ws/build/livox_sdk2' returned '0': /usr/bin/cmake --install /home/slam/r2_ws/lidar_ws/build/livox_sdk2
[20.609s] Level 1:colcon.colcon_core.environment:checking '/home/slam/r2_ws/lidar_ws/install/livox_sdk2/lib'
[20.609s] Level 1:colcon.colcon_core.shell:create_environment_hook('livox_sdk2', 'ld_library_path_lib')
[20.609s] INFO:colcon.colcon_core.shell:Creating environment hook '/home/slam/r2_ws/lidar_ws/install/livox_sdk2/share/livox_sdk2/hook/ld_library_path_lib.ps1'
[20.609s] INFO:colcon.colcon_core.shell:Creating environment descriptor '/home/slam/r2_ws/lidar_ws/install/livox_sdk2/share/livox_sdk2/hook/ld_library_path_lib.dsv'
[20.609s] INFO:colcon.colcon_core.shell:Creating environment hook '/home/slam/r2_ws/lidar_ws/install/livox_sdk2/share/livox_sdk2/hook/ld_library_path_lib.sh'
[20.609s] Level 1:colcon.colcon_core.environment:checking '/home/slam/r2_ws/lidar_ws/install/livox_sdk2/bin'
[20.610s] Level 1:colcon.colcon_core.environment:checking '/home/slam/r2_ws/lidar_ws/install/livox_sdk2/lib/pkgconfig/livox_sdk2.pc'
[20.610s] Level 1:colcon.colcon_core.environment:checking '/home/slam/r2_ws/lidar_ws/install/livox_sdk2/lib/python3.10/site-packages'
[20.610s] Level 1:colcon.colcon_core.environment:checking '/home/slam/r2_ws/lidar_ws/install/livox_sdk2/bin'
[20.610s] INFO:colcon.colcon_core.shell:Creating package script '/home/slam/r2_ws/lidar_ws/install/livox_sdk2/share/livox_sdk2/package.ps1'
[20.610s] INFO:colcon.colcon_core.shell:Creating package descriptor '/home/slam/r2_ws/lidar_ws/install/livox_sdk2/share/livox_sdk2/package.dsv'
[20.611s] INFO:colcon.colcon_core.shell:Creating package script '/home/slam/r2_ws/lidar_ws/install/livox_sdk2/share/livox_sdk2/package.sh'
[20.611s] INFO:colcon.colcon_core.shell:Creating package script '/home/slam/r2_ws/lidar_ws/install/livox_sdk2/share/livox_sdk2/package.bash'
[20.611s] INFO:colcon.colcon_core.shell:Creating package script '/home/slam/r2_ws/lidar_ws/install/livox_sdk2/share/livox_sdk2/package.zsh'
[20.611s] Level 1:colcon.colcon_core.environment:create_file_with_runtime_dependencies(/home/slam/r2_ws/lidar_ws/install/livox_sdk2/share/colcon-core/packages/livox_sdk2)
[23.894s] DEBUG:colcon.colcon_core.event_handler.log_command:Invoked command in '/home/slam/r2_ws/lidar_ws/build/super_lio' returned '0': CMAKE_PREFIX_PATH=/home/slam/r2_ws/lidar_ws/install/livox_ros_driver2:/home/slam/r2_ws/lidar_ws/install/basic:/home/slam/r2_ws/lidar_ws/install/super_lio:/opt/ros/humble LD_LIBRARY_PATH=/home/slam/r2_ws/lidar_ws/install/livox_ros_driver2/lib:/home/slam/r2_ws/lidar_ws/install/basic/lib:/home/slam/r2_ws/lidar_ws/install/super_lio/lib:/home/slam/r2_ws/lidar_ws/install/livox_sdk2/lib:/opt/ros/humble/opt/rviz_ogre_vendor/lib:/opt/ros/humble/lib/x86_64-linux-gnu:/opt/ros/humble/lib /usr/bin/cmake /home/slam/r2_ws/lidar_ws/src/Super-LIO/src/super_lio -DROS_EDITION=ROS2 -DDISTRO_ROS=humble -DCMAKE_INSTALL_PREFIX=/home/slam/r2_ws/lidar_ws/install/super_lio
[23.894s] DEBUG:colcon.colcon_core.event_handler.log_command:Invoking command in '/home/slam/r2_ws/lidar_ws/build/super_lio': CMAKE_PREFIX_PATH=/home/slam/r2_ws/lidar_ws/install/livox_ros_driver2:/home/slam/r2_ws/lidar_ws/install/basic:/home/slam/r2_ws/lidar_ws/install/super_lio:/opt/ros/humble LD_LIBRARY_PATH=/home/slam/r2_ws/lidar_ws/install/livox_ros_driver2/lib:/home/slam/r2_ws/lidar_ws/install/basic/lib:/home/slam/r2_ws/lidar_ws/install/super_lio/lib:/home/slam/r2_ws/lidar_ws/install/livox_sdk2/lib:/opt/ros/humble/opt/rviz_ogre_vendor/lib:/opt/ros/humble/lib/x86_64-linux-gnu:/opt/ros/humble/lib /usr/bin/cmake --build /home/slam/r2_ws/lidar_ws/build/super_lio -- -j10 -l10
[62.808s] DEBUG:colcon.colcon_core.event_handler.log_command:Invoked command in '/home/slam/r2_ws/lidar_ws/build/super_lio' returned '0': CMAKE_PREFIX_PATH=/home/slam/r2_ws/lidar_ws/install/livox_ros_driver2:/home/slam/r2_ws/lidar_ws/install/basic:/home/slam/r2_ws/lidar_ws/install/super_lio:/opt/ros/humble LD_LIBRARY_PATH=/home/slam/r2_ws/lidar_ws/install/livox_ros_driver2/lib:/home/slam/r2_ws/lidar_ws/install/basic/lib:/home/slam/r2_ws/lidar_ws/install/super_lio/lib:/home/slam/r2_ws/lidar_ws/install/livox_sdk2/lib:/opt/ros/humble/opt/rviz_ogre_vendor/lib:/opt/ros/humble/lib/x86_64-linux-gnu:/opt/ros/humble/lib /usr/bin/cmake --build /home/slam/r2_ws/lidar_ws/build/super_lio -- -j10 -l10
[62.809s] DEBUG:colcon.colcon_core.event_handler.log_command:Invoking command in '/home/slam/r2_ws/lidar_ws/build/super_lio': CMAKE_PREFIX_PATH=/home/slam/r2_ws/lidar_ws/install/livox_ros_driver2:/home/slam/r2_ws/lidar_ws/install/basic:/home/slam/r2_ws/lidar_ws/install/super_lio:/opt/ros/humble LD_LIBRARY_PATH=/home/slam/r2_ws/lidar_ws/install/livox_ros_driver2/lib:/home/slam/r2_ws/lidar_ws/install/basic/lib:/home/slam/r2_ws/lidar_ws/install/super_lio/lib:/home/slam/r2_ws/lidar_ws/install/livox_sdk2/lib:/opt/ros/humble/opt/rviz_ogre_vendor/lib:/opt/ros/humble/lib/x86_64-linux-gnu:/opt/ros/humble/lib /usr/bin/cmake --install /home/slam/r2_ws/lidar_ws/build/super_lio
[62.858s] Level 1:colcon.colcon_core.environment:create_environment_scripts_only(super_lio)
[62.858s] Level 1:colcon.colcon_core.environment:checking '/home/slam/r2_ws/lidar_ws/install/super_lio' for CMake module files
[62.859s] DEBUG:colcon.colcon_core.event_handler.log_command:Invoked command in '/home/slam/r2_ws/lidar_ws/build/super_lio' returned '0': CMAKE_PREFIX_PATH=/home/slam/r2_ws/lidar_ws/install/livox_ros_driver2:/home/slam/r2_ws/lidar_ws/install/basic:/home/slam/r2_ws/lidar_ws/install/super_lio:/opt/ros/humble LD_LIBRARY_PATH=/home/slam/r2_ws/lidar_ws/install/livox_ros_driver2/lib:/home/slam/r2_ws/lidar_ws/install/basic/lib:/home/slam/r2_ws/lidar_ws/install/super_lio/lib:/home/slam/r2_ws/lidar_ws/install/livox_sdk2/lib:/opt/ros/humble/opt/rviz_ogre_vendor/lib:/opt/ros/humble/lib/x86_64-linux-gnu:/opt/ros/humble/lib /usr/bin/cmake --install /home/slam/r2_ws/lidar_ws/build/super_lio
[62.859s] Level 1:colcon.colcon_core.environment:checking '/home/slam/r2_ws/lidar_ws/install/super_lio' for CMake config files
[62.859s] Level 1:colcon.colcon_core.shell:create_environment_hook('super_lio', 'cmake_prefix_path')
[62.860s] INFO:colcon.colcon_core.shell:Creating environment hook '/home/slam/r2_ws/lidar_ws/install/super_lio/share/super_lio/hook/cmake_prefix_path.ps1'
[62.860s] INFO:colcon.colcon_core.shell:Creating environment descriptor '/home/slam/r2_ws/lidar_ws/install/super_lio/share/super_lio/hook/cmake_prefix_path.dsv'
[62.860s] INFO:colcon.colcon_core.shell:Creating environment hook '/home/slam/r2_ws/lidar_ws/install/super_lio/share/super_lio/hook/cmake_prefix_path.sh'
[62.861s] Level 1:colcon.colcon_core.environment:checking '/home/slam/r2_ws/lidar_ws/install/super_lio/lib'
[62.861s] Level 1:colcon.colcon_core.shell:create_environment_hook('super_lio', 'ld_library_path_lib')
[62.861s] INFO:colcon.colcon_core.shell:Creating environment hook '/home/slam/r2_ws/lidar_ws/install/super_lio/share/super_lio/hook/ld_library_path_lib.ps1'
[62.861s] INFO:colcon.colcon_core.shell:Creating environment descriptor '/home/slam/r2_ws/lidar_ws/install/super_lio/share/super_lio/hook/ld_library_path_lib.dsv'
[62.861s] INFO:colcon.colcon_core.shell:Creating environment hook '/home/slam/r2_ws/lidar_ws/install/super_lio/share/super_lio/hook/ld_library_path_lib.sh'
[62.861s] Level 1:colcon.colcon_core.environment:checking '/home/slam/r2_ws/lidar_ws/install/super_lio/bin'
[62.861s] Level 1:colcon.colcon_core.environment:checking '/home/slam/r2_ws/lidar_ws/install/super_lio/lib/pkgconfig/super_lio.pc'
[62.861s] Level 1:colcon.colcon_core.environment:checking '/home/slam/r2_ws/lidar_ws/install/super_lio/lib/python3.10/site-packages'
[62.862s] Level 1:colcon.colcon_core.environment:checking '/home/slam/r2_ws/lidar_ws/install/super_lio/bin'
[62.862s] INFO:colcon.colcon_core.shell:Creating package script '/home/slam/r2_ws/lidar_ws/install/super_lio/share/super_lio/package.ps1'
[62.862s] INFO:colcon.colcon_core.shell:Creating package descriptor '/home/slam/r2_ws/lidar_ws/install/super_lio/share/super_lio/package.dsv'
[62.862s] INFO:colcon.colcon_core.shell:Creating package script '/home/slam/r2_ws/lidar_ws/install/super_lio/share/super_lio/package.sh'
[62.863s] INFO:colcon.colcon_core.shell:Creating package script '/home/slam/r2_ws/lidar_ws/install/super_lio/share/super_lio/package.bash'
[62.863s] INFO:colcon.colcon_core.shell:Creating package script '/home/slam/r2_ws/lidar_ws/install/super_lio/share/super_lio/package.zsh'
[62.863s] Level 1:colcon.colcon_core.environment:create_file_with_runtime_dependencies(/home/slam/r2_ws/lidar_ws/install/super_lio/share/colcon-core/packages/super_lio)
[62.863s] Level 1:colcon.colcon_core.environment:create_environment_scripts_only(super_lio)
[62.864s] Level 1:colcon.colcon_core.environment:checking '/home/slam/r2_ws/lidar_ws/install/super_lio' for CMake module files
[62.864s] Level 1:colcon.colcon_core.environment:checking '/home/slam/r2_ws/lidar_ws/install/super_lio' for CMake config files
[62.864s] Level 1:colcon.colcon_core.shell:create_environment_hook('super_lio', 'cmake_prefix_path')
[62.864s] INFO:colcon.colcon_core.shell:Creating environment hook '/home/slam/r2_ws/lidar_ws/install/super_lio/share/super_lio/hook/cmake_prefix_path.ps1'
[62.864s] INFO:colcon.colcon_core.shell:Creating environment descriptor '/home/slam/r2_ws/lidar_ws/install/super_lio/share/super_lio/hook/cmake_prefix_path.dsv'
[62.864s] INFO:colcon.colcon_core.shell:Creating environment hook '/home/slam/r2_ws/lidar_ws/install/super_lio/share/super_lio/hook/cmake_prefix_path.sh'
[62.865s] Level 1:colcon.colcon_core.environment:checking '/home/slam/r2_ws/lidar_ws/install/super_lio/lib'
[62.865s] Level 1:colcon.colcon_core.shell:create_environment_hook('super_lio', 'ld_library_path_lib')
[62.865s] INFO:colcon.colcon_core.shell:Creating environment hook '/home/slam/r2_ws/lidar_ws/install/super_lio/share/super_lio/hook/ld_library_path_lib.ps1'
[62.865s] INFO:colcon.colcon_core.shell:Creating environment descriptor '/home/slam/r2_ws/lidar_ws/install/super_lio/share/super_lio/hook/ld_library_path_lib.dsv'
[62.865s] INFO:colcon.colcon_core.shell:Creating environment hook '/home/slam/r2_ws/lidar_ws/install/super_lio/share/super_lio/hook/ld_library_path_lib.sh'
[62.866s] Level 1:colcon.colcon_core.environment:checking '/home/slam/r2_ws/lidar_ws/install/super_lio/bin'
[62.866s] Level 1:colcon.colcon_core.environment:checking '/home/slam/r2_ws/lidar_ws/install/super_lio/lib/pkgconfig/super_lio.pc'
[62.866s] Level 1:colcon.colcon_core.environment:checking '/home/slam/r2_ws/lidar_ws/install/super_lio/lib/python3.10/site-packages'
[62.866s] Level 1:colcon.colcon_core.environment:checking '/home/slam/r2_ws/lidar_ws/install/super_lio/bin'
[62.866s] INFO:colcon.colcon_core.shell:Creating package script '/home/slam/r2_ws/lidar_ws/install/super_lio/share/super_lio/package.ps1'
[62.867s] INFO:colcon.colcon_core.shell:Creating package descriptor '/home/slam/r2_ws/lidar_ws/install/super_lio/share/super_lio/package.dsv'
[62.867s] INFO:colcon.colcon_core.shell:Creating package script '/home/slam/r2_ws/lidar_ws/install/super_lio/share/super_lio/package.sh'
[62.867s] INFO:colcon.colcon_core.shell:Creating package script '/home/slam/r2_ws/lidar_ws/install/super_lio/share/super_lio/package.bash'
[62.867s] INFO:colcon.colcon_core.shell:Creating package script '/home/slam/r2_ws/lidar_ws/install/super_lio/share/super_lio/package.zsh'
[62.868s] Level 1:colcon.colcon_core.environment:create_file_with_runtime_dependencies(/home/slam/r2_ws/lidar_ws/install/super_lio/share/colcon-core/packages/super_lio)
[62.868s] DEBUG:colcon.colcon_parallel_executor.executor.parallel:closing loop
[62.868s] DEBUG:colcon.colcon_parallel_executor.executor.parallel:loop closed
[62.868s] DEBUG:colcon.colcon_parallel_executor.executor.parallel:run_until_complete finished with '0'
[62.868s] DEBUG:colcon.colcon_core.event_reactor:joining thread
[62.868s] DEBUG:colcon.colcon_core.event_reactor:joined thread
[62.868s] INFO:colcon.colcon_core.shell:Creating prefix script '/home/slam/r2_ws/lidar_ws/install/local_setup.ps1'
[62.869s] INFO:colcon.colcon_core.shell:Creating prefix util module '/home/slam/r2_ws/lidar_ws/install/_local_setup_util_ps1.py'
[62.870s] INFO:colcon.colcon_core.shell:Creating prefix chain script '/home/slam/r2_ws/lidar_ws/install/setup.ps1'
[62.870s] INFO:colcon.colcon_core.shell:Creating prefix script '/home/slam/r2_ws/lidar_ws/install/local_setup.sh'
[62.871s] INFO:colcon.colcon_core.shell:Creating prefix util module '/home/slam/r2_ws/lidar_ws/install/_local_setup_util_sh.py'
[62.871s] INFO:colcon.colcon_core.shell:Creating prefix chain script '/home/slam/r2_ws/lidar_ws/install/setup.sh'
[62.871s] INFO:colcon.colcon_core.shell:Creating prefix script '/home/slam/r2_ws/lidar_ws/install/local_setup.bash'
[62.872s] INFO:colcon.colcon_core.shell:Creating prefix chain script '/home/slam/r2_ws/lidar_ws/install/setup.bash'
[62.872s] INFO:colcon.colcon_core.shell:Creating prefix script '/home/slam/r2_ws/lidar_ws/install/local_setup.zsh'
[62.872s] INFO:colcon.colcon_core.shell:Creating prefix chain script '/home/slam/r2_ws/lidar_ws/install/setup.zsh'
